

================================================================
== Vitis HLS Report for 'sha256d_from_midstate'
================================================================
* Date:           Mon Aug  3 02:09:59 2026

* Version:        2025.2 (Build 6295257 on Nov 14 2025)
* Project:        mine
* Solution:       hls (Vitis Kernel Flow Target)
* Product family: zynquplus
* Target device:  xck26-sfvc784-2LV-c


================================================================
== Performance Estimates
================================================================
+ Timing: 
    * Summary: 
    +--------+---------+----------+------------+
    |  Clock |  Target | Estimated| Uncertainty|
    +--------+---------+----------+------------+
    |ap_clk  |  5.00 ns|  3.411 ns|     1.35 ns|
    +--------+---------+----------+------------+

+ Latency: 
    * Summary: 
    +---------+---------+----------+----------+-----+-----+---------+
    |  Latency (cycles) |  Latency (absolute) |  Interval | Pipeline|
    |   min   |   max   |    min   |    max   | min | max |   Type  |
    +---------+---------+----------+----------+-----+-----+---------+
    |      199|      199|  0.995 us|  0.995 us|  199|  199|       no|
    +---------+---------+----------+----------+-----+-----+---------+

    + Detail: 
        * Instance: 
        +----------------------------------+-----------------------+---------+---------+----------+----------+-----+-----+---------+
        |                                  |                       |  Latency (cycles) |  Latency (absolute) |  Interval | Pipeline|
        |             Instance             |         Module        |   min   |   max   |    min   |    max   | min | max |   Type  |
        +----------------------------------+-----------------------+---------+---------+----------+----------+-----+-----+---------+
        |grp_sha256_compress_words_fu_526  |sha256_compress_words  |       90|       90|  0.450 us|  0.450 us|   90|   90|       no|
        +----------------------------------+-----------------------+---------+---------+----------+----------+-----+-----+---------+

        * Loop: 
        N/A



================================================================
== Utilization Estimates
================================================================
* Summary: 
+-----------------+---------+------+--------+--------+-----+
|       Name      | BRAM_18K|  DSP |   FF   |   LUT  | URAM|
+-----------------+---------+------+--------+--------+-----+
|DSP              |        -|     -|       -|       -|    -|
|Expression       |        -|     -|       -|       -|    -|
|FIFO             |        -|     -|       -|       -|    -|
|Instance         |        1|     -|    1381|    1905|    -|
|Memory           |        -|     -|       -|       -|    -|
|Multiplexer      |        -|     -|       0|     710|    -|
|Register         |        -|     -|     709|       -|    -|
+-----------------+---------+------+--------+--------+-----+
|Total            |        1|     0|    2090|    2615|    0|
+-----------------+---------+------+--------+--------+-----+
|Available        |      288|  1248|  234240|  117120|   64|
+-----------------+---------+------+--------+--------+-----+
|Utilization (%)  |       ~0|     0|      ~0|       2|    0|
+-----------------+---------+------+--------+--------+-----+

+ Detail: 
    * Instance: 
    +----------------------------------+-----------------------+---------+----+------+------+-----+
    |             Instance             |         Module        | BRAM_18K| DSP|  FF  |  LUT | URAM|
    +----------------------------------+-----------------------+---------+----+------+------+-----+
    |grp_sha256_compress_words_fu_526  |sha256_compress_words  |        1|   0|  1381|  1905|    0|
    +----------------------------------+-----------------------+---------+----+------+------+-----+
    |Total                             |                       |        1|   0|  1381|  1905|    0|
    +----------------------------------+-----------------------+---------+----+------+------+-----+

    * DSP: 
    N/A

    * Memory: 
    N/A

    * FIFO: 
    N/A

    * Expression: 
    N/A

    * Multiplexer: 
    +------------------------------------------------------+-----+-----------+-----+-----------+
    |                         Name                         | LUT | Input Size| Bits| Total Bits|
    +------------------------------------------------------+-----+-----------+-----+-----------+
    |ap_NS_fsm                                             |  106|         21|    1|         21|
    |grp_sha256_compress_words_fu_526_block_words_read     |   14|          3|   32|         96|
    |grp_sha256_compress_words_fu_526_block_words_read_38  |   14|          3|   32|         96|
    |grp_sha256_compress_words_fu_526_block_words_read_39  |   14|          3|   32|         96|
    |grp_sha256_compress_words_fu_526_block_words_read_40  |   14|          3|   32|         96|
    |grp_sha256_compress_words_fu_526_block_words_read_41  |   14|          3|   32|         96|
    |grp_sha256_compress_words_fu_526_block_words_read_42  |   14|          3|   32|         96|
    |grp_sha256_compress_words_fu_526_block_words_read_43  |   14|          3|   32|         96|
    |grp_sha256_compress_words_fu_526_block_words_read_44  |   14|          3|   32|         96|
    |grp_sha256_compress_words_fu_526_block_words_read_45  |   14|          3|   32|         96|
    |grp_sha256_compress_words_fu_526_block_words_read_46  |   14|          3|   32|         96|
    |grp_sha256_compress_words_fu_526_state_read           |   14|          3|   32|         96|
    |grp_sha256_compress_words_fu_526_state_read_30        |   14|          3|   32|         96|
    |grp_sha256_compress_words_fu_526_state_read_31        |   14|          3|   32|         96|
    |grp_sha256_compress_words_fu_526_state_read_32        |   14|          3|   32|         96|
    |grp_sha256_compress_words_fu_526_state_read_33        |   14|          3|   32|         96|
    |grp_sha256_compress_words_fu_526_state_read_34        |   14|          3|   32|         96|
    |grp_sha256_compress_words_fu_526_state_read_35        |   14|          3|   32|         96|
    |grp_sha256_compress_words_fu_526_state_read_36        |   14|          3|   32|         96|
    |header_tail_address0_local                            |   14|          3|    5|         15|
    |header_tail_address1_local                            |   14|          3|    5|         15|
    |out_r_address0_local                                  |   81|         17|    5|         85|
    |out_r_address1_local                                  |   81|         17|    5|         85|
    |out_r_d0_local                                        |   81|         17|    8|        136|
    |out_r_d1_local                                        |   81|         17|    8|        136|
    +------------------------------------------------------+-----+-----------+-----+-----------+
    |Total                                                 |  710|        149|  613|       2221|
    +------------------------------------------------------+-----+-----------+-----+-----------+

    * Register: 
    +-----------------------------------------------+----+----+-----+-----------+
    |                      Name                     | FF | LUT| Bits| Const Bits|
    +-----------------------------------------------+----+----+-----+-----------+
    |ap_CS_fsm                                      |  20|   0|   20|          0|
    |block_words_1_reg_1167                         |  32|   0|   32|          0|
    |block_words_2_reg_1172                         |  32|   0|   32|          0|
    |block_words_3_reg_1177                         |  32|   0|   32|          0|
    |block_words_reg_1162                           |  32|   0|   32|          0|
    |empty_40_reg_1092                              |   8|   0|    8|          0|
    |empty_reg_1072                                 |   8|   0|    8|          0|
    |grp_sha256_compress_words_fu_526_ap_start_reg  |   1|   0|    1|          0|
    |p_1_reg_1082                                   |   8|   0|    8|          0|
    |p_2_reg_1087                                   |   8|   0|    8|          0|
    |p_3_reg_1077                                   |   8|   0|    8|          0|
    |p_4_reg_1097                                   |   8|   0|    8|          0|
    |p_5_reg_1102                                   |   8|   0|    8|          0|
    |p_6_reg_1107                                   |   8|   0|    8|          0|
    |s_16_reg_1182                                  |  32|   0|   32|          0|
    |s_17_reg_1187                                  |  32|   0|   32|          0|
    |s_18_reg_1192                                  |  32|   0|   32|          0|
    |s_19_reg_1197                                  |  32|   0|   32|          0|
    |s_20_reg_1202                                  |  32|   0|   32|          0|
    |s_21_reg_1207                                  |  32|   0|   32|          0|
    |s_22_reg_1212                                  |  32|   0|   32|          0|
    |s_23_reg_1217                                  |  32|   0|   32|          0|
    |trunc_ln2_reg_1222                             |   8|   0|    8|          0|
    |trunc_ln320_1_reg_1232                         |   8|   0|    8|          0|
    |trunc_ln320_2_reg_1252                         |   8|   0|    8|          0|
    |trunc_ln320_3_reg_1272                         |   8|   0|    8|          0|
    |trunc_ln320_4_reg_1292                         |   8|   0|    8|          0|
    |trunc_ln320_5_reg_1312                         |   8|   0|    8|          0|
    |trunc_ln320_6_reg_1332                         |   8|   0|    8|          0|
    |trunc_ln320_7_reg_1352                         |   8|   0|    8|          0|
    |trunc_ln321_1_reg_1237                         |   8|   0|    8|          0|
    |trunc_ln321_2_reg_1257                         |   8|   0|    8|          0|
    |trunc_ln321_3_reg_1277                         |   8|   0|    8|          0|
    |trunc_ln321_4_reg_1297                         |   8|   0|    8|          0|
    |trunc_ln321_5_reg_1317                         |   8|   0|    8|          0|
    |trunc_ln321_6_reg_1337                         |   8|   0|    8|          0|
    |trunc_ln321_7_reg_1357                         |   8|   0|    8|          0|
    |trunc_ln322_1_reg_1242                         |   8|   0|    8|          0|
    |trunc_ln322_2_reg_1262                         |   8|   0|    8|          0|
    |trunc_ln322_3_reg_1282                         |   8|   0|    8|          0|
    |trunc_ln322_4_reg_1302                         |   8|   0|    8|          0|
    |trunc_ln322_5_reg_1322                         |   8|   0|    8|          0|
    |trunc_ln322_6_reg_1342                         |   8|   0|    8|          0|
    |trunc_ln322_7_reg_1362                         |   8|   0|    8|          0|
    |trunc_ln323_1_reg_1247                         |   8|   0|    8|          0|
    |trunc_ln323_2_reg_1267                         |   8|   0|    8|          0|
    |trunc_ln323_3_reg_1287                         |   8|   0|    8|          0|
    |trunc_ln323_4_reg_1307                         |   8|   0|    8|          0|
    |trunc_ln323_5_reg_1327                         |   8|   0|    8|          0|
    |trunc_ln323_6_reg_1347                         |   8|   0|    8|          0|
    |trunc_ln323_7_reg_1367                         |   8|   0|    8|          0|
    |trunc_ln323_reg_1227                           |   8|   0|    8|          0|
    +-----------------------------------------------+----+----+-----+-----------+
    |Total                                          | 709|   0|  709|          0|
    +-----------------------------------------------+----+----+-----+-----------+



================================================================
== Interface
================================================================
* Summary: 
+----------------------+-----+-----+------------+-----------------------+--------------+
|       RTL Ports      | Dir | Bits|  Protocol  |     Source Object     |    C Type    |
+----------------------+-----+-----+------------+-----------------------+--------------+
|ap_clk                |   in|    1|  ap_ctrl_hs|  sha256d_from_midstate|  return value|
|ap_rst                |   in|    1|  ap_ctrl_hs|  sha256d_from_midstate|  return value|
|ap_start              |   in|    1|  ap_ctrl_hs|  sha256d_from_midstate|  return value|
|ap_done               |  out|    1|  ap_ctrl_hs|  sha256d_from_midstate|  return value|
|ap_idle               |  out|    1|  ap_ctrl_hs|  sha256d_from_midstate|  return value|
|ap_ready              |  out|    1|  ap_ctrl_hs|  sha256d_from_midstate|  return value|
|midstate_read         |   in|   32|     ap_none|          midstate_read|        scalar|
|midstate_read_15      |   in|   32|     ap_none|       midstate_read_15|        scalar|
|midstate_read_16      |   in|   32|     ap_none|       midstate_read_16|        scalar|
|midstate_read_17      |   in|   32|     ap_none|       midstate_read_17|        scalar|
|midstate_read_18      |   in|   32|     ap_none|       midstate_read_18|        scalar|
|midstate_read_19      |   in|   32|     ap_none|       midstate_read_19|        scalar|
|midstate_read_20      |   in|   32|     ap_none|       midstate_read_20|        scalar|
|midstate_read_21      |   in|   32|     ap_none|       midstate_read_21|        scalar|
|header_tail_address0  |  out|    5|   ap_memory|            header_tail|         array|
|header_tail_ce0       |  out|    1|   ap_memory|            header_tail|         array|
|header_tail_q0        |   in|   32|   ap_memory|            header_tail|         array|
|header_tail_address1  |  out|    5|   ap_memory|            header_tail|         array|
|header_tail_ce1       |  out|    1|   ap_memory|            header_tail|         array|
|header_tail_q1        |   in|   32|   ap_memory|            header_tail|         array|
|out_r_address0        |  out|    5|   ap_memory|                  out_r|         array|
|out_r_ce0             |  out|    1|   ap_memory|                  out_r|         array|
|out_r_we0             |  out|    1|   ap_memory|                  out_r|         array|
|out_r_d0              |  out|    8|   ap_memory|                  out_r|         array|
|out_r_address1        |  out|    5|   ap_memory|                  out_r|         array|
|out_r_ce1             |  out|    1|   ap_memory|                  out_r|         array|
|out_r_we1             |  out|    1|   ap_memory|                  out_r|         array|
|out_r_d1              |  out|    8|   ap_memory|                  out_r|         array|
+----------------------+-----+-----+------------+-----------------------+--------------+

