

================================================================
== Vitis HLS Report for 'sha256_compress_words_Pipeline_SHA256_ROUNDS'
================================================================
* Date:           Mon Aug  3 02:09:59 2026

* Version:        2025.2 (Build 6295257 on Nov 14 2025)
* Project:        mine
* Solution:       hls (Vitis Kernel Flow Target)
* Product family: zynquplus
* Target device:  xck26-sfvc784-2LV-c


================================================================
== Performance Estimates
================================================================
+ Timing: 
    * Summary: 
    +--------+---------+----------+------------+
    |  Clock |  Target | Estimated| Uncertainty|
    +--------+---------+----------+------------+
    |ap_clk  |  5.00 ns|  3.411 ns|     1.35 ns|
    +--------+---------+----------+------------+

+ Latency: 
    * Summary: 
    +---------+---------+----------+----------+-----+-----+-------------------+
    |  Latency (cycles) |  Latency (absolute) |  Interval |      Pipeline     |
    |   min   |   max   |    min   |    max   | min | max |        Type       |
    +---------+---------+----------+----------+-----+-----+-------------------+
    |       67|       67|  0.335 us|  0.335 us|    0|    0|  loop pipeline stp|
    +---------+---------+----------+----------+-----+-----+-------------------+

    + Detail: 
        * Instance: 
        N/A

        * Loop: 
        +-----------------+---------+---------+----------+-----------+-----------+------+----------+
        |                 |  Latency (cycles) | Iteration|  Initiation Interval  | Trip |          |
        |    Loop Name    |   min   |   max   |  Latency |  achieved |   target  | Count| Pipelined|
        +-----------------+---------+---------+----------+-----------+-----------+------+----------+
        |- SHA256_ROUNDS  |       65|       65|         2|          1|          1|    64|       yes|
        +-----------------+---------+---------+----------+-----------+-----------+------+----------+



================================================================
== Utilization Estimates
================================================================
* Summary: 
+-----------------+---------+------+--------+--------+-----+
|       Name      | BRAM_18K|  DSP |   FF   |   LUT  | URAM|
+-----------------+---------+------+--------+--------+-----+
|DSP              |        -|     -|       -|       -|    -|
|Expression       |        -|     -|       0|     919|    -|
|FIFO             |        -|     -|       -|       -|    -|
|Instance         |        -|     -|       0|     260|    -|
|Memory           |        1|     -|       0|       0|    -|
|Multiplexer      |        -|     -|       0|     266|    -|
|Register         |        -|     -|     845|       -|    -|
+-----------------+---------+------+--------+--------+-----+
|Total            |        1|     0|     845|    1445|    0|
+-----------------+---------+------+--------+--------+-----+
|Available        |      288|  1248|  234240|  117120|   64|
+-----------------+---------+------+--------+--------+-----+
|Utilization (%)  |       ~0|     0|      ~0|       1|    0|
+-----------------+---------+------+--------+--------+-----+

+ Detail: 
    * Instance: 
    +------------------------------+-------------------------+---------+----+---+----+-----+
    |           Instance           |          Module         | BRAM_18K| DSP| FF| LUT| URAM|
    +------------------------------+-------------------------+---------+----+---+----+-----+
    |sparsemux_33_4_32_1_1_U132    |sparsemux_33_4_32_1_1    |        0|   0|  0|  65|    0|
    |sparsemux_33_4_32_1_1_x_U133  |sparsemux_33_4_32_1_1_x  |        0|   0|  0|  65|    0|
    |sparsemux_33_4_32_1_1_x_U134  |sparsemux_33_4_32_1_1_x  |        0|   0|  0|  65|    0|
    |sparsemux_33_4_32_1_1_x_U135  |sparsemux_33_4_32_1_1_x  |        0|   0|  0|  65|    0|
    +------------------------------+-------------------------+---------+----+---+----+-----+
    |Total                         |                         |        0|   0|  0| 260|    0|
    +------------------------------+-------------------------+---------+----+---+----+-----+

    * DSP: 
    N/A

    * Memory: 
    +-------+--------------------------------------------------------------+---------+---+----+-----+------+-----+------+-------------+
    | Memory|                            Module                            | BRAM_18K| FF| LUT| URAM| Words| Bits| Banks| W*Bits*Banks|
    +-------+--------------------------------------------------------------+---------+---+----+-----+------+-----+------+-------------+
    |K_U    |sha256_compress_words_1_Pipeline_SHA256_ROUNDS_K_ROM_AUTO_1R  |        1|  0|   0|    0|    64|   32|     1|         2048|
    +-------+--------------------------------------------------------------+---------+---+----+-----+------+-----+------+-------------+
    |Total  |                                                              |        1|  0|   0|    0|    64|   32|     1|         2048|
    +-------+--------------------------------------------------------------+---------+---+----+-----+------+-----+------+-------------+

    * FIFO: 
    N/A

    * Expression: 
    +------------------------+----------+----+---+----+------------+------------+
    |      Variable Name     | Operation| DSP| FF| LUT| Bitwidth P0| Bitwidth P1|
    +------------------------+----------+----+---+----+------------+------------+
    |a_fu_1608_p2            |         +|   0|  0|  32|          32|          32|
    |add_ln133_fu_749_p2     |         +|   0|  0|  14|           7|           1|
    |add_ln159_1_fu_1201_p2  |         +|   0|  0|  32|          32|          32|
    |add_ln159_fu_1207_p2    |         +|   0|  0|  39|          32|          32|
    |add_ln173_1_fu_1476_p2  |         +|   0|  0|  32|          32|          32|
    |add_ln173_2_fu_1482_p2  |         +|   0|  0|  32|          32|          32|
    |add_ln173_fu_1470_p2    |         +|   0|  0|  32|          32|          32|
    |add_ln195_fu_1602_p2    |         +|   0|  0|  32|          32|          32|
    |e_fu_1536_p2            |         +|   0|  0|  39|          32|          32|
    |t1_fu_1488_p2           |         +|   0|  0|  32|          32|          32|
    |wt_3_fu_1213_p2         |         +|   0|  0|  32|          32|          32|
    |and_ln173_1_fu_1422_p2  |       and|   0|  0|  32|          32|          32|
    |and_ln173_fu_1416_p2    |       and|   0|  0|  32|          32|          32|
    |and_ln195_1_fu_1554_p2  |       and|   0|  0|  32|          32|          32|
    |and_ln195_fu_1548_p2    |       and|   0|  0|  32|          32|          32|
    |ap_condition_827        |       and|   0|  0|   2|           1|           1|
    |ap_condition_830        |       and|   0|  0|   2|           1|           1|
    |ap_condition_833        |       and|   0|  0|   2|           1|           1|
    |ap_condition_836        |       and|   0|  0|   2|           1|           1|
    |ap_condition_839        |       and|   0|  0|   2|           1|           1|
    |ap_condition_842        |       and|   0|  0|   2|           1|           1|
    |ap_condition_845        |       and|   0|  0|   2|           1|           1|
    |ap_condition_848        |       and|   0|  0|   2|           1|           1|
    |ap_condition_851        |       and|   0|  0|   2|           1|           1|
    |ap_condition_854        |       and|   0|  0|   2|           1|           1|
    |ap_condition_857        |       and|   0|  0|   2|           1|           1|
    |ap_condition_860        |       and|   0|  0|   2|           1|           1|
    |ap_condition_863        |       and|   0|  0|   2|           1|           1|
    |ap_condition_866        |       and|   0|  0|   2|           1|           1|
    |ap_condition_869        |       and|   0|  0|   2|           1|           1|
    |ap_condition_872        |       and|   0|  0|   2|           1|           1|
    |icmp_ln133_fu_743_p2    |      icmp|   0|  0|  15|           7|           8|
    |icmp_ln138_fu_775_p2    |      icmp|   0|  0|  10|           3|           1|
    |ap_enable_pp0           |       xor|   0|  0|   2|           1|           2|
    |xor_ln159_1_fu_1175_p2  |       xor|   0|  0|  32|          32|          32|
    |xor_ln159_2_fu_1189_p2  |       xor|   0|  0|  32|          32|          32|
    |xor_ln159_3_fu_1195_p2  |       xor|   0|  0|  32|          32|          32|
    |xor_ln159_fu_1169_p2    |       xor|   0|  0|  32|          32|          32|
    |xor_ln173_1_fu_1444_p2  |       xor|   0|  0|  32|          32|          32|
    |xor_ln173_2_fu_1458_p2  |       xor|   0|  0|  32|          32|          32|
    |xor_ln173_3_fu_1464_p2  |       xor|   0|  0|  32|          32|          32|
    |xor_ln173_fu_1410_p2    |       xor|   0|  0|  32|          32|           2|
    |xor_ln195_1_fu_1576_p2  |       xor|   0|  0|  32|          32|          32|
    |xor_ln195_2_fu_1590_p2  |       xor|   0|  0|  32|          32|          32|
    |xor_ln195_3_fu_1596_p2  |       xor|   0|  0|  32|          32|          32|
    |xor_ln195_fu_1542_p2    |       xor|   0|  0|  32|          32|          32|
    +------------------------+----------+----+---+----+------------+------------+
    |Total                   |          |   0|  0| 919|         866|         830|
    +------------------------+----------+----+---+----+------------+------------+

    * Multiplexer: 
    +-----------------------------------+----+-----------+-----+-----------+
    |                Name               | LUT| Input Size| Bits| Total Bits|
    +-----------------------------------+----+-----------+-----+-----------+
    |ap_done_int                        |   9|          2|    1|          2|
    |ap_enable_reg_pp0_iter1            |   9|          2|    1|          2|
    |ap_loop_exit_ready_pp0_iter2_reg   |   9|          2|    1|          2|
    |ap_phi_reg_pp0_iter2_wt_2_reg_521  |  14|          3|   32|         96|
    |b_fu_304                           |   9|          2|   32|         64|
    |c_fu_300                           |   9|          2|   32|         64|
    |d_1_fu_296                         |   9|          2|   32|         64|
    |d_fu_212                           |   9|          2|   32|         64|
    |f_fu_292                           |   9|          2|   32|         64|
    |g_fu_288                           |   9|          2|   32|         64|
    |h_1_fu_284                         |   9|          2|   32|         64|
    |h_fu_208                           |   9|          2|   32|         64|
    |i_fu_216                           |   9|          2|    7|         14|
    |w_10_fu_260                        |   9|          2|   32|         64|
    |w_11_fu_264                        |   9|          2|   32|         64|
    |w_12_fu_268                        |   9|          2|   32|         64|
    |w_13_fu_272                        |   9|          2|   32|         64|
    |w_14_fu_276                        |   9|          2|   32|         64|
    |w_15_fu_280                        |   9|          2|   32|         64|
    |w_1_fu_224                         |   9|          2|   32|         64|
    |w_2_fu_228                         |   9|          2|   32|         64|
    |w_3_fu_232                         |   9|          2|   32|         64|
    |w_4_fu_236                         |   9|          2|   32|         64|
    |w_5_fu_240                         |   9|          2|   32|         64|
    |w_6_fu_244                         |   9|          2|   32|         64|
    |w_7_fu_248                         |   9|          2|   32|         64|
    |w_8_fu_252                         |   9|          2|   32|         64|
    |w_9_fu_256                         |   9|          2|   32|         64|
    |w_fu_220                           |   9|          2|   32|         64|
    +-----------------------------------+----+-----------+-----+-----------+
    |Total                              | 266|         59|  810|       1652|
    +-----------------------------------+----+-----------+-----+-----------+

    * Register: 
    +-----------------------------------+----+----+-----+-----------+
    |                Name               | FF | LUT| Bits| Const Bits|
    +-----------------------------------+----+----+-----+-----------+
    |ap_CS_fsm                          |   1|   0|    1|          0|
    |ap_done_reg                        |   1|   0|    1|          0|
    |ap_enable_reg_pp0_iter1            |   1|   0|    1|          0|
    |ap_enable_reg_pp0_iter2            |   1|   0|    1|          0|
    |ap_loop_exit_ready_pp0_iter2_reg   |   1|   0|    1|          0|
    |ap_phi_reg_pp0_iter1_wt_2_reg_521  |  32|   0|   32|          0|
    |ap_phi_reg_pp0_iter2_wt_2_reg_521  |  32|   0|   32|          0|
    |b_fu_304                           |  32|   0|   32|          0|
    |c_fu_300                           |  32|   0|   32|          0|
    |d_1_fu_296                         |  32|   0|   32|          0|
    |d_fu_212                           |  32|   0|   32|          0|
    |f_fu_292                           |  32|   0|   32|          0|
    |g_fu_288                           |  32|   0|   32|          0|
    |h_1_fu_284                         |  32|   0|   32|          0|
    |h_fu_208                           |  32|   0|   32|          0|
    |i_fu_216                           |   7|   0|    7|          0|
    |icmp_ln133_reg_1839                |   1|   0|    1|          0|
    |w_10_fu_260                        |  32|   0|   32|          0|
    |w_11_fu_264                        |  32|   0|   32|          0|
    |w_12_fu_268                        |  32|   0|   32|          0|
    |w_13_fu_272                        |  32|   0|   32|          0|
    |w_14_fu_276                        |  32|   0|   32|          0|
    |w_15_fu_280                        |  32|   0|   32|          0|
    |w_1_fu_224                         |  32|   0|   32|          0|
    |w_2_fu_228                         |  32|   0|   32|          0|
    |w_3_fu_232                         |  32|   0|   32|          0|
    |w_4_fu_236                         |  32|   0|   32|          0|
    |w_5_fu_240                         |  32|   0|   32|          0|
    |w_6_fu_244                         |  32|   0|   32|          0|
    |w_7_fu_248                         |  32|   0|   32|          0|
    |w_8_fu_252                         |  32|   0|   32|          0|
    |w_9_fu_256                         |  32|   0|   32|          0|
    |w_fu_220                           |  32|   0|   32|          0|
    +-----------------------------------+----+----+-----+-----------+
    |Total                              | 845|   0|  845|          0|
    +-----------------------------------+----+----+-----+-----------+



================================================================
== Interface
================================================================
* Summary: 
+-----------------+-----+-----+------------+----------------------------------------------+--------------+
|    RTL Ports    | Dir | Bits|  Protocol  |                 Source Object                |    C Type    |
+-----------------+-----+-----+------------+----------------------------------------------+--------------+
|ap_clk           |   in|    1|  ap_ctrl_hs|  sha256_compress_words_Pipeline_SHA256_ROUNDS|  return value|
|ap_rst           |   in|    1|  ap_ctrl_hs|  sha256_compress_words_Pipeline_SHA256_ROUNDS|  return value|
|ap_start         |   in|    1|  ap_ctrl_hs|  sha256_compress_words_Pipeline_SHA256_ROUNDS|  return value|
|ap_done          |  out|    1|  ap_ctrl_hs|  sha256_compress_words_Pipeline_SHA256_ROUNDS|  return value|
|ap_idle          |  out|    1|  ap_ctrl_hs|  sha256_compress_words_Pipeline_SHA256_ROUNDS|  return value|
|ap_ready         |  out|    1|  ap_ctrl_hs|  sha256_compress_words_Pipeline_SHA256_ROUNDS|  return value|
|w_80_reload      |   in|   32|     ap_none|                                   w_80_reload|        scalar|
|w_79_reload      |   in|   32|     ap_none|                                   w_79_reload|        scalar|
|w_78_reload      |   in|   32|     ap_none|                                   w_78_reload|        scalar|
|w_77_reload      |   in|   32|     ap_none|                                   w_77_reload|        scalar|
|w_76_reload      |   in|   32|     ap_none|                                   w_76_reload|        scalar|
|w_75_reload      |   in|   32|     ap_none|                                   w_75_reload|        scalar|
|w_74_reload      |   in|   32|     ap_none|                                   w_74_reload|        scalar|
|w_73_reload      |   in|   32|     ap_none|                                   w_73_reload|        scalar|
|w_72_reload      |   in|   32|     ap_none|                                   w_72_reload|        scalar|
|w_71_reload      |   in|   32|     ap_none|                                   w_71_reload|        scalar|
|w_70_reload      |   in|   32|     ap_none|                                   w_70_reload|        scalar|
|w_69_reload      |   in|   32|     ap_none|                                   w_69_reload|        scalar|
|w_68_reload      |   in|   32|     ap_none|                                   w_68_reload|        scalar|
|w_67_reload      |   in|   32|     ap_none|                                   w_67_reload|        scalar|
|w_66_reload      |   in|   32|     ap_none|                                   w_66_reload|        scalar|
|w_reload         |   in|   32|     ap_none|                                      w_reload|        scalar|
|state_read       |   in|   32|     ap_none|                                    state_read|        scalar|
|state_read_8     |   in|   32|     ap_none|                                  state_read_8|        scalar|
|state_read_9     |   in|   32|     ap_none|                                  state_read_9|        scalar|
|state_read_10    |   in|   32|     ap_none|                                 state_read_10|        scalar|
|state_read_11    |   in|   32|     ap_none|                                 state_read_11|        scalar|
|state_read_12    |   in|   32|     ap_none|                                 state_read_12|        scalar|
|state_read_13    |   in|   32|     ap_none|                                 state_read_13|        scalar|
|state_read_14    |   in|   32|     ap_none|                                 state_read_14|        scalar|
|a_4_out          |  out|   32|      ap_vld|                                       a_4_out|       pointer|
|a_4_out_ap_vld   |  out|    1|      ap_vld|                                       a_4_out|       pointer|
|b_out            |  out|   32|      ap_vld|                                         b_out|       pointer|
|b_out_ap_vld     |  out|    1|      ap_vld|                                         b_out|       pointer|
|c_out            |  out|   32|      ap_vld|                                         c_out|       pointer|
|c_out_ap_vld     |  out|    1|      ap_vld|                                         c_out|       pointer|
|d_out            |  out|   32|      ap_vld|                                         d_out|       pointer|
|d_out_ap_vld     |  out|    1|      ap_vld|                                         d_out|       pointer|
|e_4_out          |  out|   32|      ap_vld|                                       e_4_out|       pointer|
|e_4_out_ap_vld   |  out|    1|      ap_vld|                                       e_4_out|       pointer|
|f_out            |  out|   32|      ap_vld|                                         f_out|       pointer|
|f_out_ap_vld     |  out|    1|      ap_vld|                                         f_out|       pointer|
|g_out            |  out|   32|      ap_vld|                                         g_out|       pointer|
|g_out_ap_vld     |  out|    1|      ap_vld|                                         g_out|       pointer|
|h_01_out         |  out|   32|      ap_vld|                                      h_01_out|       pointer|
|h_01_out_ap_vld  |  out|    1|      ap_vld|                                      h_01_out|       pointer|
+-----------------+-----+-----+------------+----------------------------------------------+--------------+

