

================================================================
== Vitis HLS Report for 'sha256_compress_words_1_Pipeline_LOAD_INITIAL_WORDS'
================================================================
* Date:           Mon Aug  3 02:09:59 2026

* Version:        2025.2 (Build 6295257 on Nov 14 2025)
* Project:        mine
* Solution:       hls (Vitis Kernel Flow Target)
* Product family: zynquplus
* Target device:  xck26-sfvc784-2LV-c


================================================================
== Performance Estimates
================================================================
+ Timing: 
    * Summary: 
    +--------+---------+----------+------------+
    |  Clock |  Target | Estimated| Uncertainty|
    +--------+---------+----------+------------+
    |ap_clk  |  5.00 ns|  1.643 ns|     1.35 ns|
    +--------+---------+----------+------------+

+ Latency: 
    * Summary: 
    +---------+---------+-----------+-----------+-----+-----+-------------------+
    |  Latency (cycles) |   Latency (absolute)  |  Interval |      Pipeline     |
    |   min   |   max   |    min    |    max    | min | max |        Type       |
    +---------+---------+-----------+-----------+-----+-----+-------------------+
    |       18|       18|  90.000 ns|  90.000 ns|    0|    0|  loop pipeline stp|
    +---------+---------+-----------+-----------+-----+-----+-------------------+

    + Detail: 
        * Instance: 
        N/A

        * Loop: 
        +----------------------+---------+---------+----------+-----------+-----------+------+----------+
        |                      |  Latency (cycles) | Iteration|  Initiation Interval  | Trip |          |
        |       Loop Name      |   min   |   max   |  Latency |  achieved |   target  | Count| Pipelined|
        +----------------------+---------+---------+----------+-----------+-----------+------+----------+
        |- LOAD_INITIAL_WORDS  |       16|       16|         1|          1|          1|    16|       yes|
        +----------------------+---------+---------+----------+-----------+-----------+------+----------+



================================================================
== Utilization Estimates
================================================================
* Summary: 
+-----------------+---------+------+--------+--------+-----+
|       Name      | BRAM_18K|  DSP |   FF   |   LUT  | URAM|
+-----------------+---------+------+--------+--------+-----+
|DSP              |        -|     -|       -|       -|    -|
|Expression       |        -|     -|       0|      25|    -|
|FIFO             |        -|     -|       -|       -|    -|
|Instance         |        -|     -|       0|      65|    -|
|Memory           |        -|     -|       -|       -|    -|
|Multiplexer      |        -|     -|       0|      27|    -|
|Register         |        -|     -|     519|       -|    -|
+-----------------+---------+------+--------+--------+-----+
|Total            |        0|     0|     519|     117|    0|
+-----------------+---------+------+--------+--------+-----+
|Available        |      288|  1248|  234240|  117120|   64|
+-----------------+---------+------+--------+--------+-----+
|Utilization (%)  |        0|     0|      ~0|      ~0|    0|
+-----------------+---------+------+--------+--------+-----+

+ Detail: 
    * Instance: 
    +---------------------------+-----------------------+---------+----+---+----+-----+
    |          Instance         |         Module        | BRAM_18K| DSP| FF| LUT| URAM|
    +---------------------------+-----------------------+---------+----+---+----+-----+
    |sparsemux_33_4_32_1_1_U23  |sparsemux_33_4_32_1_1  |        0|   0|  0|  65|    0|
    +---------------------------+-----------------------+---------+----+---+----+-----+
    |Total                      |                       |        0|   0|  0|  65|    0|
    +---------------------------+-----------------------+---------+----+---+----+-----+

    * DSP: 
    N/A

    * Memory: 
    N/A

    * FIFO: 
    N/A

    * Expression: 
    +----------------------+----------+----+---+----+------------+------------+
    |     Variable Name    | Operation| DSP| FF| LUT| Bitwidth P0| Bitwidth P1|
    +----------------------+----------+----+---+----+------------+------------+
    |add_ln118_fu_418_p2   |         +|   0|  0|  12|           5|           1|
    |icmp_ln118_fu_412_p2  |      icmp|   0|  0|  13|           5|           6|
    +----------------------+----------+----+---+----+------------+------------+
    |Total                 |          |   0|  0|  25|          10|           7|
    +----------------------+----------+----+---+----+------------+------------+

    * Multiplexer: 
    +----------------------+----+-----------+-----+-----------+
    |         Name         | LUT| Input Size| Bits| Total Bits|
    +----------------------+----+-----------+-----+-----------+
    |ap_done_int           |   9|          2|    1|          2|
    |ap_sig_allocacmp_i_3  |   9|          2|    5|         10|
    |i_fu_128              |   9|          2|    5|         10|
    +----------------------+----+-----------+-----+-----------+
    |Total                 |  27|          6|   11|         22|
    +----------------------+----+-----------+-----+-----------+

    * Register: 
    +-------------+----+----+-----+-----------+
    |     Name    | FF | LUT| Bits| Const Bits|
    +-------------+----+----+-----+-----------+
    |ap_CS_fsm    |   1|   0|    1|          0|
    |ap_done_reg  |   1|   0|    1|          0|
    |i_fu_128     |   5|   0|    5|          0|
    |w_10_fu_172  |  32|   0|   32|          0|
    |w_11_fu_176  |  32|   0|   32|          0|
    |w_12_fu_180  |  32|   0|   32|          0|
    |w_13_fu_184  |  32|   0|   32|          0|
    |w_14_fu_188  |  32|   0|   32|          0|
    |w_15_fu_192  |  32|   0|   32|          0|
    |w_1_fu_136   |  32|   0|   32|          0|
    |w_2_fu_140   |  32|   0|   32|          0|
    |w_3_fu_144   |  32|   0|   32|          0|
    |w_4_fu_148   |  32|   0|   32|          0|
    |w_5_fu_152   |  32|   0|   32|          0|
    |w_6_fu_156   |  32|   0|   32|          0|
    |w_7_fu_160   |  32|   0|   32|          0|
    |w_8_fu_164   |  32|   0|   32|          0|
    |w_9_fu_168   |  32|   0|   32|          0|
    |w_fu_132     |  32|   0|   32|          0|
    +-------------+----+----+-----+-----------+
    |Total        | 519|   0|  519|          0|
    +-------------+----+----+-----+-----------+



================================================================
== Interface
================================================================
* Summary: 
+--------------------+-----+-----+------------+-----------------------------------------------------+--------------+
|      RTL Ports     | Dir | Bits|  Protocol  |                    Source Object                    |    C Type    |
+--------------------+-----+-----+------------+-----------------------------------------------------+--------------+
|ap_clk              |   in|    1|  ap_ctrl_hs|  sha256_compress_words.1_Pipeline_LOAD_INITIAL_WORDS|  return value|
|ap_rst              |   in|    1|  ap_ctrl_hs|  sha256_compress_words.1_Pipeline_LOAD_INITIAL_WORDS|  return value|
|ap_start            |   in|    1|  ap_ctrl_hs|  sha256_compress_words.1_Pipeline_LOAD_INITIAL_WORDS|  return value|
|ap_done             |  out|    1|  ap_ctrl_hs|  sha256_compress_words.1_Pipeline_LOAD_INITIAL_WORDS|  return value|
|ap_idle             |  out|    1|  ap_ctrl_hs|  sha256_compress_words.1_Pipeline_LOAD_INITIAL_WORDS|  return value|
|ap_ready            |  out|    1|  ap_ctrl_hs|  sha256_compress_words.1_Pipeline_LOAD_INITIAL_WORDS|  return value|
|block_words_0_val   |   in|   32|     ap_none|                                    block_words_0_val|        scalar|
|block_words_1_val   |   in|   32|     ap_none|                                    block_words_1_val|        scalar|
|block_words_2_val   |   in|   32|     ap_none|                                    block_words_2_val|        scalar|
|block_words_3_val   |   in|   32|     ap_none|                                    block_words_3_val|        scalar|
|block_words_4_val   |   in|   32|     ap_none|                                    block_words_4_val|        scalar|
|block_words_5_val   |   in|   32|     ap_none|                                    block_words_5_val|        scalar|
|block_words_6_val   |   in|   32|     ap_none|                                    block_words_6_val|        scalar|
|block_words_7_val   |   in|   32|     ap_none|                                    block_words_7_val|        scalar|
|block_words_8_val   |   in|   32|     ap_none|                                    block_words_8_val|        scalar|
|block_words_9_val   |   in|   32|     ap_none|                                    block_words_9_val|        scalar|
|block_words_10_val  |   in|   32|     ap_none|                                   block_words_10_val|        scalar|
|block_words_11_val  |   in|   32|     ap_none|                                   block_words_11_val|        scalar|
|block_words_12_val  |   in|   32|     ap_none|                                   block_words_12_val|        scalar|
|block_words_13_val  |   in|   32|     ap_none|                                   block_words_13_val|        scalar|
|block_words_14_val  |   in|   32|     ap_none|                                   block_words_14_val|        scalar|
|block_words_15_val  |   in|   32|     ap_none|                                   block_words_15_val|        scalar|
|w_15_out            |  out|   32|      ap_vld|                                             w_15_out|       pointer|
|w_15_out_ap_vld     |  out|    1|      ap_vld|                                             w_15_out|       pointer|
|w_14_out            |  out|   32|      ap_vld|                                             w_14_out|       pointer|
|w_14_out_ap_vld     |  out|    1|      ap_vld|                                             w_14_out|       pointer|
|w_13_out            |  out|   32|      ap_vld|                                             w_13_out|       pointer|
|w_13_out_ap_vld     |  out|    1|      ap_vld|                                             w_13_out|       pointer|
|w_12_out            |  out|   32|      ap_vld|                                             w_12_out|       pointer|
|w_12_out_ap_vld     |  out|    1|      ap_vld|                                             w_12_out|       pointer|
|w_11_out            |  out|   32|      ap_vld|                                             w_11_out|       pointer|
|w_11_out_ap_vld     |  out|    1|      ap_vld|                                             w_11_out|       pointer|
|w_10_out            |  out|   32|      ap_vld|                                             w_10_out|       pointer|
|w_10_out_ap_vld     |  out|    1|      ap_vld|                                             w_10_out|       pointer|
|w_9_out             |  out|   32|      ap_vld|                                              w_9_out|       pointer|
|w_9_out_ap_vld      |  out|    1|      ap_vld|                                              w_9_out|       pointer|
|w_8_out             |  out|   32|      ap_vld|                                              w_8_out|       pointer|
|w_8_out_ap_vld      |  out|    1|      ap_vld|                                              w_8_out|       pointer|
|w_7_out             |  out|   32|      ap_vld|                                              w_7_out|       pointer|
|w_7_out_ap_vld      |  out|    1|      ap_vld|                                              w_7_out|       pointer|
|w_6_out             |  out|   32|      ap_vld|                                              w_6_out|       pointer|
|w_6_out_ap_vld      |  out|    1|      ap_vld|                                              w_6_out|       pointer|
|w_5_out             |  out|   32|      ap_vld|                                              w_5_out|       pointer|
|w_5_out_ap_vld      |  out|    1|      ap_vld|                                              w_5_out|       pointer|
|w_4_out             |  out|   32|      ap_vld|                                              w_4_out|       pointer|
|w_4_out_ap_vld      |  out|    1|      ap_vld|                                              w_4_out|       pointer|
|w_3_out             |  out|   32|      ap_vld|                                              w_3_out|       pointer|
|w_3_out_ap_vld      |  out|    1|      ap_vld|                                              w_3_out|       pointer|
|w_2_out             |  out|   32|      ap_vld|                                              w_2_out|       pointer|
|w_2_out_ap_vld      |  out|    1|      ap_vld|                                              w_2_out|       pointer|
|w_1_out             |  out|   32|      ap_vld|                                              w_1_out|       pointer|
|w_1_out_ap_vld      |  out|    1|      ap_vld|                                              w_1_out|       pointer|
|w_out               |  out|   32|      ap_vld|                                                w_out|       pointer|
|w_out_ap_vld        |  out|    1|      ap_vld|                                                w_out|       pointer|
+--------------------+-----+-----+------------+-----------------------------------------------------+--------------+

