  **** HLS Build v2025.2 6295257
INFO: [HLS 200-2005] Using work_dir /home/cse/Documents/WorkSpaces/vaddWS/hasitha_optimization/hasitha_hls_component/mine 
INFO: [HLS 200-2176] Writing Vitis IDE component file /home/cse/Documents/WorkSpaces/vaddWS/hasitha_optimization/hasitha_hls_component/mine/vitis-comp.json
INFO: [HLS 200-10] Creating and opening component '/home/cse/Documents/WorkSpaces/vaddWS/hasitha_optimization/hasitha_hls_component/mine'.
INFO: [HLS 200-1505] Using default flow_target 'vivado'
Resolution: For help on HLS 200-1505 see docs.amd.com/access/sources/dita/topic?Doc_Version=2025.2%20English&url=ug1448-hls-guidance&resourceid=200-1505.html
INFO: [HLS 200-2174] Applying component config ini file hls_config.cfg
INFO: [HLS 200-1465] Applying config ini 'syn.file=/home/cse/Documents/WorkSpaces/vaddWS/dylan-hls/mine.cpp' from hls_config.cfg(12)
INFO: [HLS 200-10] Adding design file '/home/cse/Documents/WorkSpaces/vaddWS/dylan-hls/mine.cpp' to the project
INFO: [HLS 200-1465] Applying config ini 'syn.file=/home/cse/Documents/WorkSpaces/vaddWS/baseline/sha256.cpp' from hls_config.cfg(13)
INFO: [HLS 200-10] Adding design file '/home/cse/Documents/WorkSpaces/vaddWS/baseline/sha256.cpp' to the project
INFO: [HLS 200-1465] Applying config ini 'syn.file=/home/cse/Documents/WorkSpaces/vaddWS/baseline/sha256.h' from hls_config.cfg(14)
INFO: [HLS 200-10] Adding design file '/home/cse/Documents/WorkSpaces/vaddWS/baseline/sha256.h' to the project
INFO: [HLS 200-1465] Applying config ini 'tb.file=/home/cse/Documents/WorkSpaces/vaddWS/dylan-hls/golden.dat' from hls_config.cfg(8)
INFO: [HLS 200-10] Adding test bench file '/home/cse/Documents/WorkSpaces/vaddWS/dylan-hls/golden.dat' to the project
INFO: [HLS 200-1465] Applying config ini 'tb.file=/home/cse/Documents/WorkSpaces/vaddWS/dylan-hls/mine_test.cpp' from hls_config.cfg(9)
INFO: [HLS 200-10] Adding test bench file '/home/cse/Documents/WorkSpaces/vaddWS/dylan-hls/mine_test.cpp' to the project
INFO: [HLS 200-1465] Applying config ini 'tb.file=/home/cse/Documents/WorkSpaces/vaddWS/baseline/sha256.h' from hls_config.cfg(10)
INFO: [HLS 200-10] Adding test bench file '/home/cse/Documents/WorkSpaces/vaddWS/baseline/sha256.h' to the project
INFO: [HLS 200-1465] Applying config ini 'syn.top=mine' from hls_config.cfg(7)
INFO: [HLS 200-1465] Applying config ini 'flow_target=vitis' from hls_config.cfg(4)
INFO: [HLS 200-1505] Using flow_target 'vitis'
Resolution: For help on HLS 200-1505 see docs.amd.com/access/sources/dita/topic?Doc_Version=2025.2%20English&url=ug1448-hls-guidance&resourceid=200-1505.html
INFO: [HLS 200-435] Setting 'flow_target=vitis' configuration: config_interface -m_axi_latency=64
INFO: [HLS 200-435] Setting 'flow_target=vitis' configuration: config_interface -m_axi_alignment_byte_size=64
INFO: [HLS 200-435] Setting 'flow_target=vitis' configuration: config_interface -m_axi_max_widen_bitwidth=512
INFO: [HLS 200-435] Setting 'flow_target=vitis' configuration: config_rtl -register_reset_num=3
INFO: [HLS 200-1465] Applying config ini 'part=xck26-sfvc784-2LV-c' from hls_config.cfg(1)
INFO: [HLS 200-1611] Setting target device to 'xck26-sfvc784-2LV-c'
INFO: [HLS 200-1465] Applying config ini 'clock=100MHz' from hls_config.cfg(11)
INFO: [SYN 201-201] Setting up clock 'default' with a period of 10ns.
INFO: [HLS 200-1465] Applying config ini 'package.output.format=xo' from hls_config.cfg(5)
INFO: [HLS 200-2176] Writing Vitis IDE component file /home/cse/Documents/WorkSpaces/vaddWS/hasitha_optimization/hasitha_hls_component/mine/vitis-comp.json
INFO: [HLS 200-111] Finished File checks and directory preparation: CPU user time: 1.05 seconds. CPU system time: 0.38 seconds. Elapsed time: 1.29 seconds; current allocated memory: 274.594 MB.
INFO: [HLS 200-2191] C-Synthesis will use clang-16 as the compiler
INFO: [HLS 200-10] Analyzing design file '/home/cse/Documents/WorkSpaces/vaddWS/baseline/sha256.cpp' ... 
INFO: [HLS 200-10] Analyzing design file '/home/cse/Documents/WorkSpaces/vaddWS/dylan-hls/mine.cpp' ... 
INFO: [HLS 200-111] Finished Source Code Analysis and Preprocessing: CPU user time: 0.46 seconds. CPU system time: 0.44 seconds. Elapsed time: 0.94 seconds; current allocated memory: 276.762 MB.
INFO: [HLS 200-777] Using interface defaults for 'Vitis' flow target.
INFO: [HLS 200-1995] There were 1,153 instructions in the design after the 'Compile/Link' phase of compilation. See the Design Size Report for more details (/home/cse/Documents/WorkSpaces/vaddWS/hasitha_optimization/hasitha_hls_component/mine/hls/syn/report/csynth_design_size.rpt:2)
INFO: [HLS 200-1995] There were 1,319 instructions in the design after the 'Unroll/Inline (step 1)' phase of compilation. See the Design Size Report for more details (/home/cse/Documents/WorkSpaces/vaddWS/hasitha_optimization/hasitha_hls_component/mine/hls/syn/report/csynth_design_size.rpt:2)
INFO: [HLS 200-1995] There were 1,018 instructions in the design after the 'Unroll/Inline (step 2)' phase of compilation. See the Design Size Report for more details (/home/cse/Documents/WorkSpaces/vaddWS/hasitha_optimization/hasitha_hls_component/mine/hls/syn/report/csynth_design_size.rpt:2)
INFO: [HLS 200-1995] There were 832 instructions in the design after the 'Unroll/Inline (step 3)' phase of compilation. See the Design Size Report for more details (/home/cse/Documents/WorkSpaces/vaddWS/hasitha_optimization/hasitha_hls_component/mine/hls/syn/report/csynth_design_size.rpt:2)
INFO: [HLS 200-1995] There were 830 instructions in the design after the 'Unroll/Inline (step 4)' phase of compilation. See the Design Size Report for more details (/home/cse/Documents/WorkSpaces/vaddWS/hasitha_optimization/hasitha_hls_component/mine/hls/syn/report/csynth_design_size.rpt:2)
INFO: [HLS 200-1995] There were 1,252 instructions in the design after the 'Array/Struct (step 1)' phase of compilation. See the Design Size Report for more details (/home/cse/Documents/WorkSpaces/vaddWS/hasitha_optimization/hasitha_hls_component/mine/hls/syn/report/csynth_design_size.rpt:2)
INFO: [HLS 200-1995] There were 1,084 instructions in the design after the 'Array/Struct (step 2)' phase of compilation. See the Design Size Report for more details (/home/cse/Documents/WorkSpaces/vaddWS/hasitha_optimization/hasitha_hls_component/mine/hls/syn/report/csynth_design_size.rpt:2)
INFO: [HLS 200-1995] There were 1,084 instructions in the design after the 'Array/Struct (step 3)' phase of compilation. See the Design Size Report for more details (/home/cse/Documents/WorkSpaces/vaddWS/hasitha_optimization/hasitha_hls_component/mine/hls/syn/report/csynth_design_size.rpt:2)
INFO: [HLS 200-1995] There were 1,084 instructions in the design after the 'Array/Struct (step 4)' phase of compilation. See the Design Size Report for more details (/home/cse/Documents/WorkSpaces/vaddWS/hasitha_optimization/hasitha_hls_component/mine/hls/syn/report/csynth_design_size.rpt:2)
INFO: [HLS 200-1995] There were 1,118 instructions in the design after the 'Array/Struct (step 5)' phase of compilation. See the Design Size Report for more details (/home/cse/Documents/WorkSpaces/vaddWS/hasitha_optimization/hasitha_hls_component/mine/hls/syn/report/csynth_design_size.rpt:2)
INFO: [HLS 200-1995] There were 1,118 instructions in the design after the 'Performance (step 1)' phase of compilation. See the Design Size Report for more details (/home/cse/Documents/WorkSpaces/vaddWS/hasitha_optimization/hasitha_hls_component/mine/hls/syn/report/csynth_design_size.rpt:2)
INFO: [HLS 200-1995] There were 1,093 instructions in the design after the 'Performance (step 2)' phase of compilation. See the Design Size Report for more details (/home/cse/Documents/WorkSpaces/vaddWS/hasitha_optimization/hasitha_hls_component/mine/hls/syn/report/csynth_design_size.rpt:2)
INFO: [HLS 200-1995] There were 1,390 instructions in the design after the 'Performance (step 3)' phase of compilation. See the Design Size Report for more details (/home/cse/Documents/WorkSpaces/vaddWS/hasitha_optimization/hasitha_hls_component/mine/hls/syn/report/csynth_design_size.rpt:2)
INFO: [HLS 200-1995] There were 1,186 instructions in the design after the 'Performance (step 4)' phase of compilation. See the Design Size Report for more details (/home/cse/Documents/WorkSpaces/vaddWS/hasitha_optimization/hasitha_hls_component/mine/hls/syn/report/csynth_design_size.rpt:2)
INFO: [HLS 200-1995] There were 1,197 instructions in the design after the 'HW Transforms (step 1)' phase of compilation. See the Design Size Report for more details (/home/cse/Documents/WorkSpaces/vaddWS/hasitha_optimization/hasitha_hls_component/mine/hls/syn/report/csynth_design_size.rpt:2)
INFO: [HLS 200-1995] There were 1,268 instructions in the design after the 'HW Transforms (step 2)' phase of compilation. See the Design Size Report for more details (/home/cse/Documents/WorkSpaces/vaddWS/hasitha_optimization/hasitha_hls_component/mine/hls/syn/report/csynth_design_size.rpt:2)
INFO: [HLS 214-188] Unrolling loop 'VITIS_LOOP_47_2' (dylan-hls/mine.cpp:47:22) in function 'sha256_compress_compact' partially with a factor of 2 (dylan-hls/mine.cpp:36:0)
INFO: [HLS 214-178] Inlining function 'rotr(unsigned int, int)' into 'sha256_compress_compact(unsigned int*, unsigned char const*)' (dylan-hls/mine.cpp:36:0)
INFO: [HLS 214-178] Inlining function 'compute_midstate(unsigned char const*, unsigned int*)' into 'mine(unsigned char const*, unsigned char const*, unsigned int, unsigned int, unsigned int*, int*)' (dylan-hls/mine.cpp:276:0)
INFO: [HLS 214-178] Inlining function 'hash_below_target(unsigned char const*, unsigned char const*)' into 'mine(unsigned char const*, unsigned char const*, unsigned int, unsigned int, unsigned int*, int*)' (dylan-hls/mine.cpp:276:0)
INFO: [HLS 214-178] Inlining function 'rotr(unsigned int, int)' into 'sha256_compress(unsigned int*, unsigned char const*)' (dylan-hls/mine.cpp:75:0)
INFO: [HLS 214-248] Applying array_partition to 'w': Cyclic partitioning with factor 4 on dimension 1. (dylan-hls/mine.cpp:76:14)
INFO: [HLS 214-248] Applying array_partition to 'w': Cyclic partitioning with factor 4 on dimension 1. (dylan-hls/mine.cpp:37:14)
INFO: [HLS 214-376] Pipelining loop< VITIS_LOOP_144_1> at dylan-hls/mine.cpp:144:23 due to pipeline_loops threshold
INFO: [HLS 214-376] Pipelining loop< VITIS_LOOP_150_2> at dylan-hls/mine.cpp:150:23 due to pipeline_loops threshold
INFO: [HLS 214-376] Pipelining loop< VITIS_LOOP_156_3> at dylan-hls/mine.cpp:156:23 due to pipeline_loops threshold
INFO: [HLS 214-376] Pipelining loop< VITIS_LOOP_169_4> at dylan-hls/mine.cpp:169:23 due to pipeline_loops threshold
INFO: [HLS 214-376] Pipelining loop< VITIS_LOOP_176_5> at dylan-hls/mine.cpp:176:23 due to pipeline_loops threshold
INFO: [HLS 214-376] Pipelining loop< VITIS_LOOP_180_6> at dylan-hls/mine.cpp:180:23 due to pipeline_loops threshold
INFO: [HLS 214-376] Pipelining loop< VITIS_LOOP_186_7> at dylan-hls/mine.cpp:186:23 due to pipeline_loops threshold
INFO: [HLS 214-376] Pipelining loop< VITIS_LOOP_196_8> at dylan-hls/mine.cpp:196:23 due to pipeline_loops threshold
INFO: [HLS 214-376] Pipelining loop< VITIS_LOOP_40_1> at dylan-hls/mine.cpp:40:22 due to pipeline_loops threshold
INFO: [HLS 214-376] Pipelining loop< VITIS_LOOP_47_2> at dylan-hls/mine.cpp:47:22 due to pipeline_loops threshold
INFO: [HLS 214-376] Pipelining loop< VITIS_LOOP_287_1> at dylan-hls/mine.cpp:287:23 due to pipeline_loops threshold
INFO: [HLS 214-376] Pipelining loop< VITIS_LOOP_289_2> at dylan-hls/mine.cpp:289:23 due to pipeline_loops threshold
INFO: [HLS 214-376] Pipelining loop< VITIS_LOOP_120_1> at dylan-hls/mine.cpp:120:23 due to pipeline_loops threshold
INFO: [HLS 214-376] Pipelining loop< VITIS_LOOP_124_2> at dylan-hls/mine.cpp:124:23 due to pipeline_loops threshold
INFO: [HLS 214-376] Pipelining loop< VITIS_LOOP_262_1> at dylan-hls/mine.cpp:262:23 due to pipeline_loops threshold
INFO: [HLS 214-270] Inferring pragma 'array_partition type=cyclic factor=2 dim=1' for array 'block.i' due to pipeline pragma (dylan-hls/mine.cpp:118:13)
INFO: [HLS 214-270] Inferring pragma 'array_partition type=cyclic factor=2 dim=1' for array 'block' due to pipeline pragma (dylan-hls/mine.cpp:140:13)
INFO: [HLS 214-270] Inferring pragma 'array_partition type=cyclic factor=2 dim=1' for array 'digest1' due to pipeline pragma (dylan-hls/mine.cpp:167:13)
INFO: [HLS 214-270] Inferring pragma 'array_partition type=cyclic factor=2 dim=1' for array 'h' due to pipeline pragma (dylan-hls/mine.cpp:307:17)
INFO: [HLS 214-248] Applying array_partition to 'block': Cyclic partitioning with factor 2 on dimension 1. (dylan-hls/mine.cpp:140:13)
INFO: [HLS 214-248] Applying array_partition to 'digest1': Cyclic partitioning with factor 2 on dimension 1. (dylan-hls/mine.cpp:167:13)
INFO: [HLS 214-248] Applying array_partition to 'block.i': Cyclic partitioning with factor 2 on dimension 1. (dylan-hls/mine.cpp:118:13)
INFO: [HLS 214-248] Applying array_partition to 'h': Cyclic partitioning with factor 2 on dimension 1. (dylan-hls/mine.cpp:307:17)
WARNING: [HLS 214-209] Ignoring ALLOCATION pragma, because the corresponding call is removed (dylan-hls/mine.cpp:138:1)
INFO: [HLS 214-115] Multiple burst reads of length 5 and bit width 128 has been inferred on bundle 'gmem0'. These burst requests might be further partitioned into multiple requests during RTL generation, based on max_read_burst_length or max_write_burst_length settings. (dylan-hls/mine.cpp:287:23)
INFO: [HLS 200-111] Finished Compiling Optimization and Transform: CPU user time: 2.35 seconds. CPU system time: 0.34 seconds. Elapsed time: 7.14 seconds; current allocated memory: 279.297 MB.
INFO: [HLS 200-111] Finished Checking Pragmas: CPU user time: 0 seconds. CPU system time: 0 seconds. Elapsed time: 0 seconds; current allocated memory: 279.297 MB.
INFO: [HLS 200-10] Starting code transformations ...
INFO: [HLS 200-111] Finished Standard Transforms: CPU user time: 0.03 seconds. CPU system time: 0 seconds. Elapsed time: 0.03 seconds; current allocated memory: 279.762 MB.
INFO: [HLS 200-10] Checking synthesizability ...
INFO: [HLS 200-111] Finished Checking Synthesizability: CPU user time: 0.03 seconds. CPU system time: 0 seconds. Elapsed time: 0.03 seconds; current allocated memory: 280.395 MB.
INFO: [XFORM 203-11] Balancing expressions in function 'sha256_compress_compact' (dylan-hls/mine.cpp:33:22)...13 expression(s) balanced.
INFO: [HLS 200-111] Finished Loop, function and other optimizations: CPU user time: 0.13 seconds. CPU system time: 0.01 seconds. Elapsed time: 0.15 seconds; current allocated memory: 303.594 MB.
INFO: [HLS 200-111] Finished Architecture Synthesis: CPU user time: 0.18 seconds. CPU system time: 0.05 seconds. Elapsed time: 0.22 seconds; current allocated memory: 467.273 MB.
INFO: [HLS 200-10] Starting hardware synthesis ...
INFO: [HLS 200-10] Synthesizing 'mine' ...
INFO: [HLS 200-10] ----------------------------------------------------------------
INFO: [HLS 200-42] -- Implementing module 'mine_Pipeline_VITIS_LOOP_287_1' 
INFO: [HLS 200-10] ----------------------------------------------------------------
INFO: [SCHED 204-11] Starting scheduling ...
INFO: [SCHED 204-61] Pipelining loop 'VITIS_LOOP_287_1'.
INFO: [HLS 200-1470] Pipelining result : Target II = NA, Final II = 1, Depth = 3, loop 'VITIS_LOOP_287_1'
INFO: [SCHED 204-11] Finished scheduling.
INFO: [HLS 200-111] Finished Scheduling: CPU user time: 0.04 seconds. CPU system time: 0.02 seconds. Elapsed time: 0.06 seconds; current allocated memory: 468.234 MB.
INFO: [BIND 205-100] Starting micro-architecture generation ...
INFO: [BIND 205-101] Performing variable lifetime analysis.
INFO: [BIND 205-101] Exploring resource sharing.
INFO: [BIND 205-101] Binding ...
INFO: [BIND 205-100] Finished micro-architecture generation.
INFO: [HLS 200-111] Finished Binding: CPU user time: 0.01 seconds. CPU system time: 0 seconds. Elapsed time: 0.01 seconds; current allocated memory: 468.234 MB.
INFO: [HLS 200-10] ----------------------------------------------------------------
INFO: [HLS 200-42] -- Implementing module 'mine_Pipeline_VITIS_LOOP_289_2' 
INFO: [HLS 200-10] ----------------------------------------------------------------
INFO: [SCHED 204-11] Starting scheduling ...
INFO: [SCHED 204-61] Pipelining loop 'VITIS_LOOP_289_2'.
INFO: [HLS 200-1470] Pipelining result : Target II = NA, Final II = 1, Depth = 2, loop 'VITIS_LOOP_289_2'
INFO: [SCHED 204-11] Finished scheduling.
INFO: [HLS 200-111] Finished Scheduling: CPU user time: 0.01 seconds. CPU system time: 0 seconds. Elapsed time: 0.02 seconds; current allocated memory: 468.234 MB.
INFO: [BIND 205-100] Starting micro-architecture generation ...
INFO: [BIND 205-101] Performing variable lifetime analysis.
INFO: [BIND 205-101] Exploring resource sharing.
INFO: [BIND 205-101] Binding ...
INFO: [BIND 205-100] Finished micro-architecture generation.
INFO: [HLS 200-111] Finished Binding: CPU user time: 0.01 seconds. CPU system time: 0 seconds. Elapsed time: 0.01 seconds; current allocated memory: 468.234 MB.
INFO: [HLS 200-10] ----------------------------------------------------------------
INFO: [HLS 200-42] -- Implementing module 'mine_Pipeline_VITIS_LOOP_120_1' 
INFO: [HLS 200-10] ----------------------------------------------------------------
INFO: [SCHED 204-11] Starting scheduling ...
INFO: [SCHED 204-61] Pipelining loop 'VITIS_LOOP_120_1'.
INFO: [HLS 200-1470] Pipelining result : Target II = NA, Final II = 1, Depth = 2, loop 'VITIS_LOOP_120_1'
INFO: [SCHED 204-11] Finished scheduling.
INFO: [HLS 200-111] Finished Scheduling: CPU user time: 0.01 seconds. CPU system time: 0 seconds. Elapsed time: 0.01 seconds; current allocated memory: 468.234 MB.
INFO: [BIND 205-100] Starting micro-architecture generation ...
INFO: [BIND 205-101] Performing variable lifetime analysis.
INFO: [BIND 205-101] Exploring resource sharing.
INFO: [BIND 205-101] Binding ...
INFO: [BIND 205-100] Finished micro-architecture generation.
INFO: [HLS 200-111] Finished Binding: CPU user time: 0.01 seconds. CPU system time: 0 seconds. Elapsed time: 0.01 seconds; current allocated memory: 468.234 MB.
INFO: [HLS 200-10] ----------------------------------------------------------------
INFO: [HLS 200-42] -- Implementing module 'mine_Pipeline_VITIS_LOOP_124_2' 
INFO: [HLS 200-10] ----------------------------------------------------------------
INFO: [SCHED 204-11] Starting scheduling ...
INFO: [SCHED 204-61] Pipelining loop 'VITIS_LOOP_124_2'.
INFO: [HLS 200-1470] Pipelining result : Target II = NA, Final II = 1, Depth = 2, loop 'VITIS_LOOP_124_2'
INFO: [SCHED 204-11] Finished scheduling.
INFO: [HLS 200-111] Finished Scheduling: CPU user time: 0.01 seconds. CPU system time: 0.01 seconds. Elapsed time: 0.01 seconds; current allocated memory: 468.234 MB.
INFO: [BIND 205-100] Starting micro-architecture generation ...
INFO: [BIND 205-101] Performing variable lifetime analysis.
INFO: [BIND 205-101] Exploring resource sharing.
INFO: [BIND 205-101] Binding ...
INFO: [BIND 205-100] Finished micro-architecture generation.
INFO: [HLS 200-111] Finished Binding: CPU user time: 0.01 seconds. CPU system time: 0 seconds. Elapsed time: 0.01 seconds; current allocated memory: 468.234 MB.
INFO: [HLS 200-10] ----------------------------------------------------------------
INFO: [HLS 200-42] -- Implementing module 'sha256_compress_compact_Pipeline_VITIS_LOOP_40_1' 
INFO: [HLS 200-10] ----------------------------------------------------------------
INFO: [SCHED 204-11] Starting scheduling ...
INFO: [HLS 200-1457] Automatically inferring inferring RAM_1WNR storage type for array 'w_3'. Use bind_storage pragma to override this type.
INFO: [HLS 200-1457] Automatically inferring inferring RAM_1WNR storage type for array 'w'. Use bind_storage pragma to override this type.
INFO: [HLS 200-1457] Automatically inferring inferring RAM_1WNR storage type for array 'w_1'. Use bind_storage pragma to override this type.
INFO: [HLS 200-1457] Automatically inferring inferring RAM_1WNR storage type for array 'w_2'. Use bind_storage pragma to override this type.
INFO: [SCHED 204-61] Pipelining loop 'VITIS_LOOP_40_1'.
INFO: [HLS 200-1470] Pipelining result : Target II = NA, Final II = 1, Depth = 2, loop 'VITIS_LOOP_40_1'
INFO: [SCHED 204-11] Finished scheduling.
INFO: [HLS 200-111] Finished Scheduling: CPU user time: 0.02 seconds. CPU system time: 0 seconds. Elapsed time: 0.03 seconds; current allocated memory: 468.598 MB.
INFO: [BIND 205-100] Starting micro-architecture generation ...
INFO: [BIND 205-101] Performing variable lifetime analysis.
INFO: [BIND 205-101] Exploring resource sharing.
INFO: [BIND 205-101] Binding ...
INFO: [BIND 205-100] Finished micro-architecture generation.
INFO: [HLS 200-111] Finished Binding: CPU user time: 0.01 seconds. CPU system time: 0 seconds. Elapsed time: 0.01 seconds; current allocated memory: 468.598 MB.
INFO: [HLS 200-10] ----------------------------------------------------------------
INFO: [HLS 200-42] -- Implementing module 'sha256_compress_compact_Pipeline_VITIS_LOOP_47_2' 
INFO: [HLS 200-10] ----------------------------------------------------------------
INFO: [SCHED 204-11] Starting scheduling ...
INFO: [HLS 200-1457] Automatically inferring inferring RAM_1WNR storage type for array 'w_1'. Use bind_storage pragma to override this type.
INFO: [HLS 200-1457] Automatically inferring inferring RAM_1WNR storage type for array 'w'. Use bind_storage pragma to override this type.
INFO: [HLS 200-1457] Automatically inferring inferring RAM_1WNR storage type for array 'w_3'. Use bind_storage pragma to override this type.
INFO: [HLS 200-1457] Automatically inferring inferring RAM_1WNR storage type for array 'w_2'. Use bind_storage pragma to override this type.
INFO: [SCHED 204-61] Pipelining loop 'VITIS_LOOP_47_2'.
INFO: [HLS 200-2199] The II Violation in module 'sha256_compress_compact_Pipeline_VITIS_LOOP_47_2' (loop 'VITIS_LOOP_47_2'): Potential resource conflict between 'load' operation 32 bit ('w_load', dylan-hls/mine.cpp:50) on array 'w' and 'store' operation ('w_addr_2_write_ln51', dylan-hls/mine.cpp:51) of variable 'add_ln51_4', dylan-hls/mine.cpp:51 32 bit on array 'w' on common resource 'w'.
INFO: [HLS 200-2198] Existing conflicting constraints include from 'load' operation 32 bit ('w_load', dylan-hls/mine.cpp:50) on array 'w' to 'load' operation 32 bit ('w_load', dylan-hls/mine.cpp:50) on array 'w' with distance of 1 (conflict 1 of 7)
INFO: [HLS 200-2198] Existing conflicting constraints include from 'load' operation 32 bit ('w_load', dylan-hls/mine.cpp:50) on array 'w' to 'select' operation 32 bit ('x', dylan-hls/mine.cpp:50) with distance of 0 (conflict 2 of 7)
INFO: [HLS 200-2198] Existing conflicting constraints include from 'select' operation 32 bit ('x', dylan-hls/mine.cpp:50) to 'partselect' operation 15 bit ('lshr_ln33_2', dylan-hls/mine.cpp:33->dylan-hls/mine.cpp:50) with distance of 0 (conflict 3 of 7)
INFO: [HLS 200-2198] Existing conflicting constraints include from 'partselect' operation 15 bit ('lshr_ln33_2', dylan-hls/mine.cpp:33->dylan-hls/mine.cpp:50) to 'xor' operation 32 bit ('xor_ln51_3', dylan-hls/mine.cpp:51) with distance of 0 (conflict 4 of 7)
INFO: [HLS 200-2198] Existing conflicting constraints include from 'xor' operation 32 bit ('xor_ln51_3', dylan-hls/mine.cpp:51) to 'add' operation 32 bit ('add_ln51_3', dylan-hls/mine.cpp:51) with distance of 0 (conflict 5 of 7)
INFO: [HLS 200-2198] Existing conflicting constraints include from 'add' operation 32 bit ('add_ln51_3', dylan-hls/mine.cpp:51) to 'add' operation 32 bit ('add_ln51_4', dylan-hls/mine.cpp:51) with distance of 0 (conflict 6 of 7)
INFO: [HLS 200-2198] Existing conflicting constraints include from 'add' operation 32 bit ('add_ln51_4', dylan-hls/mine.cpp:51) to 'store' operation ('w_addr_2_write_ln51', dylan-hls/mine.cpp:51) of variable 'add_ln51_4', dylan-hls/mine.cpp:51 32 bit on array 'w' with distance of 0 (conflict 7 of 7)
INFO: [HLS 200-1470] Pipelining result : Target II = NA, Final II = 2, Depth = 3, loop 'VITIS_LOOP_47_2'
INFO: [SCHED 204-11] Finished scheduling.
INFO: [HLS 200-111] Finished Scheduling: CPU user time: 0.06 seconds. CPU system time: 0 seconds. Elapsed time: 0.06 seconds; current allocated memory: 469.699 MB.
INFO: [BIND 205-100] Starting micro-architecture generation ...
INFO: [BIND 205-101] Performing variable lifetime analysis.
INFO: [BIND 205-101] Exploring resource sharing.
INFO: [BIND 205-101] Binding ...
INFO: [BIND 205-100] Finished micro-architecture generation.
INFO: [HLS 200-111] Finished Binding: CPU user time: 0.02 seconds. CPU system time: 0 seconds. Elapsed time: 0.03 seconds; current allocated memory: 469.699 MB.
INFO: [HLS 200-10] ----------------------------------------------------------------
INFO: [HLS 200-42] -- Implementing module 'sha256_compress_compact_Pipeline_VITIS_LOOP_57_3' 
INFO: [HLS 200-10] ----------------------------------------------------------------
INFO: [SCHED 204-11] Starting scheduling ...
INFO: [HLS 200-1457] Automatically inferring inferring RAM_1WNR storage type for array 'w_3'. Use bind_storage pragma to override this type.
INFO: [HLS 200-1457] Automatically inferring inferring RAM_1WNR storage type for array 'w_2'. Use bind_storage pragma to override this type.
INFO: [HLS 200-1457] Automatically inferring inferring RAM_1WNR storage type for array 'w_1'. Use bind_storage pragma to override this type.
INFO: [HLS 200-1457] Automatically inferring inferring RAM_1WNR storage type for array 'w'. Use bind_storage pragma to override this type.
INFO: [SCHED 204-61] Pipelining loop 'VITIS_LOOP_57_3'.
INFO: [HLS 200-1470] Pipelining result : Target II = 1, Final II = 1, Depth = 2, loop 'VITIS_LOOP_57_3'
INFO: [SCHED 204-11] Finished scheduling.
INFO: [HLS 200-111] Finished Scheduling: CPU user time: 0.05 seconds. CPU system time: 0 seconds. Elapsed time: 0.04 seconds; current allocated memory: 470.582 MB.
INFO: [BIND 205-100] Starting micro-architecture generation ...
INFO: [BIND 205-101] Performing variable lifetime analysis.
INFO: [BIND 205-101] Exploring resource sharing.
INFO: [BIND 205-101] Binding ...
INFO: [BIND 205-100] Finished micro-architecture generation.
INFO: [HLS 200-111] Finished Binding: CPU user time: 0.02 seconds. CPU system time: 0.01 seconds. Elapsed time: 0.02 seconds; current allocated memory: 470.582 MB.
INFO: [HLS 200-10] ----------------------------------------------------------------
INFO: [HLS 200-42] -- Implementing module 'sha256_compress_compact' 
INFO: [HLS 200-10] ----------------------------------------------------------------
INFO: [SCHED 204-11] Starting scheduling ...
INFO: [SCHED 204-11] Finished scheduling.
INFO: [HLS 200-111] Finished Scheduling: CPU user time: 0.03 seconds. CPU system time: 0 seconds. Elapsed time: 0.03 seconds; current allocated memory: 471.004 MB.
INFO: [BIND 205-100] Starting micro-architecture generation ...
INFO: [BIND 205-101] Performing variable lifetime analysis.
INFO: [BIND 205-101] Exploring resource sharing.
INFO: [BIND 205-101] Binding ...
INFO: [BIND 205-100] Finished micro-architecture generation.
INFO: [HLS 200-111] Finished Binding: CPU user time: 0.01 seconds. CPU system time: 0 seconds. Elapsed time: 0.02 seconds; current allocated memory: 471.004 MB.
INFO: [HLS 200-10] ----------------------------------------------------------------
INFO: [HLS 200-42] -- Implementing module 'sha256d_from_midstate_Pipeline_VITIS_LOOP_144_1' 
INFO: [HLS 200-10] ----------------------------------------------------------------
INFO: [SCHED 204-11] Starting scheduling ...
INFO: [SCHED 204-61] Pipelining loop 'VITIS_LOOP_144_1'.
INFO: [HLS 200-1470] Pipelining result : Target II = NA, Final II = 1, Depth = 2, loop 'VITIS_LOOP_144_1'
INFO: [SCHED 204-11] Finished scheduling.
INFO: [HLS 200-111] Finished Scheduling: CPU user time: 0.02 seconds. CPU system time: 0 seconds. Elapsed time: 0.02 seconds; current allocated memory: 471.160 MB.
INFO: [BIND 205-100] Starting micro-architecture generation ...
INFO: [BIND 205-101] Performing variable lifetime analysis.
INFO: [BIND 205-101] Exploring resource sharing.
INFO: [BIND 205-101] Binding ...
INFO: [BIND 205-100] Finished micro-architecture generation.
INFO: [HLS 200-111] Finished Binding: CPU user time: 0.01 seconds. CPU system time: 0 seconds. Elapsed time: 0.01 seconds; current allocated memory: 471.160 MB.
INFO: [HLS 200-10] ----------------------------------------------------------------
INFO: [HLS 200-42] -- Implementing module 'sha256d_from_midstate_Pipeline_VITIS_LOOP_150_2' 
INFO: [HLS 200-10] ----------------------------------------------------------------
INFO: [SCHED 204-11] Starting scheduling ...
INFO: [SCHED 204-61] Pipelining loop 'VITIS_LOOP_150_2'.
INFO: [HLS 200-1470] Pipelining result : Target II = NA, Final II = 1, Depth = 2, loop 'VITIS_LOOP_150_2'
INFO: [SCHED 204-11] Finished scheduling.
INFO: [HLS 200-111] Finished Scheduling: CPU user time: 0.01 seconds. CPU system time: 0 seconds. Elapsed time: 0.02 seconds; current allocated memory: 471.461 MB.
INFO: [BIND 205-100] Starting micro-architecture generation ...
INFO: [BIND 205-101] Performing variable lifetime analysis.
INFO: [BIND 205-101] Exploring resource sharing.
INFO: [BIND 205-101] Binding ...
INFO: [BIND 205-100] Finished micro-architecture generation.
INFO: [HLS 200-111] Finished Binding: CPU user time: 0.01 seconds. CPU system time: 0 seconds. Elapsed time: 0.01 seconds; current allocated memory: 471.461 MB.
INFO: [HLS 200-10] ----------------------------------------------------------------
INFO: [HLS 200-42] -- Implementing module 'sha256d_from_midstate_Pipeline_VITIS_LOOP_156_3' 
INFO: [HLS 200-10] ----------------------------------------------------------------
INFO: [SCHED 204-11] Starting scheduling ...
INFO: [SCHED 204-61] Pipelining loop 'VITIS_LOOP_156_3'.
INFO: [HLS 200-1470] Pipelining result : Target II = NA, Final II = 1, Depth = 1, loop 'VITIS_LOOP_156_3'
INFO: [SCHED 204-11] Finished scheduling.
INFO: [HLS 200-111] Finished Scheduling: CPU user time: 0.02 seconds. CPU system time: 0.01 seconds. Elapsed time: 0.01 seconds; current allocated memory: 471.777 MB.
INFO: [BIND 205-100] Starting micro-architecture generation ...
INFO: [BIND 205-101] Performing variable lifetime analysis.
INFO: [BIND 205-101] Exploring resource sharing.
INFO: [BIND 205-101] Binding ...
INFO: [BIND 205-100] Finished micro-architecture generation.
INFO: [HLS 200-111] Finished Binding: CPU user time: 0 seconds. CPU system time: 0 seconds. Elapsed time: 0.01 seconds; current allocated memory: 471.777 MB.
INFO: [HLS 200-10] ----------------------------------------------------------------
INFO: [HLS 200-42] -- Implementing module 'sha256d_from_midstate_Pipeline_VITIS_LOOP_169_4' 
INFO: [HLS 200-10] ----------------------------------------------------------------
INFO: [SCHED 204-11] Starting scheduling ...
INFO: [SCHED 204-61] Pipelining loop 'VITIS_LOOP_169_4'.
INFO: [HLS 200-1470] Pipelining result : Target II = NA, Final II = 1, Depth = 2, loop 'VITIS_LOOP_169_4'
INFO: [SCHED 204-11] Finished scheduling.
INFO: [HLS 200-111] Finished Scheduling: CPU user time: 0.01 seconds. CPU system time: 0 seconds. Elapsed time: 0.02 seconds; current allocated memory: 472.008 MB.
INFO: [BIND 205-100] Starting micro-architecture generation ...
INFO: [BIND 205-101] Performing variable lifetime analysis.
INFO: [BIND 205-101] Exploring resource sharing.
INFO: [BIND 205-101] Binding ...
INFO: [BIND 205-100] Finished micro-architecture generation.
INFO: [HLS 200-111] Finished Binding: CPU user time: 0.01 seconds. CPU system time: 0 seconds. Elapsed time: 0.01 seconds; current allocated memory: 472.008 MB.
INFO: [HLS 200-10] ----------------------------------------------------------------
INFO: [HLS 200-42] -- Implementing module 'sha256d_from_midstate_Pipeline_VITIS_LOOP_176_5' 
INFO: [HLS 200-10] ----------------------------------------------------------------
INFO: [SCHED 204-11] Starting scheduling ...
INFO: [SCHED 204-61] Pipelining loop 'VITIS_LOOP_176_5'.
INFO: [HLS 200-1470] Pipelining result : Target II = NA, Final II = 1, Depth = 2, loop 'VITIS_LOOP_176_5'
INFO: [SCHED 204-11] Finished scheduling.
INFO: [HLS 200-111] Finished Scheduling: CPU user time: 0.02 seconds. CPU system time: 0 seconds. Elapsed time: 0.02 seconds; current allocated memory: 472.215 MB.
INFO: [BIND 205-100] Starting micro-architecture generation ...
INFO: [BIND 205-101] Performing variable lifetime analysis.
INFO: [BIND 205-101] Exploring resource sharing.
INFO: [BIND 205-101] Binding ...
INFO: [BIND 205-100] Finished micro-architecture generation.
INFO: [HLS 200-111] Finished Binding: CPU user time: 0 seconds. CPU system time: 0 seconds. Elapsed time: 0.01 seconds; current allocated memory: 472.215 MB.
INFO: [HLS 200-10] ----------------------------------------------------------------
INFO: [HLS 200-42] -- Implementing module 'sha256d_from_midstate_Pipeline_VITIS_LOOP_180_6' 
INFO: [HLS 200-10] ----------------------------------------------------------------
INFO: [SCHED 204-11] Starting scheduling ...
INFO: [SCHED 204-61] Pipelining loop 'VITIS_LOOP_180_6'.
INFO: [HLS 200-1470] Pipelining result : Target II = NA, Final II = 1, Depth = 2, loop 'VITIS_LOOP_180_6'
INFO: [SCHED 204-11] Finished scheduling.
INFO: [HLS 200-111] Finished Scheduling: CPU user time: 0.02 seconds. CPU system time: 0 seconds. Elapsed time: 0.02 seconds; current allocated memory: 472.551 MB.
INFO: [BIND 205-100] Starting micro-architecture generation ...
INFO: [BIND 205-101] Performing variable lifetime analysis.
INFO: [BIND 205-101] Exploring resource sharing.
INFO: [BIND 205-101] Binding ...
INFO: [BIND 205-100] Finished micro-architecture generation.
INFO: [HLS 200-111] Finished Binding: CPU user time: 0.01 seconds. CPU system time: 0 seconds. Elapsed time: 0.01 seconds; current allocated memory: 472.551 MB.
INFO: [HLS 200-10] ----------------------------------------------------------------
INFO: [HLS 200-42] -- Implementing module 'sha256d_from_midstate_Pipeline_VITIS_LOOP_186_7' 
INFO: [HLS 200-10] ----------------------------------------------------------------
INFO: [SCHED 204-11] Starting scheduling ...
INFO: [SCHED 204-61] Pipelining loop 'VITIS_LOOP_186_7'.
INFO: [HLS 200-1470] Pipelining result : Target II = NA, Final II = 1, Depth = 1, loop 'VITIS_LOOP_186_7'
INFO: [SCHED 204-11] Finished scheduling.
INFO: [HLS 200-111] Finished Scheduling: CPU user time: 0.02 seconds. CPU system time: 0 seconds. Elapsed time: 0.02 seconds; current allocated memory: 472.816 MB.
INFO: [BIND 205-100] Starting micro-architecture generation ...
INFO: [BIND 205-101] Performing variable lifetime analysis.
INFO: [BIND 205-101] Exploring resource sharing.
INFO: [BIND 205-101] Binding ...
INFO: [BIND 205-100] Finished micro-architecture generation.
INFO: [HLS 200-111] Finished Binding: CPU user time: 0.01 seconds. CPU system time: 0 seconds. Elapsed time: 0.01 seconds; current allocated memory: 472.816 MB.
INFO: [HLS 200-10] ----------------------------------------------------------------
INFO: [HLS 200-42] -- Implementing module 'sha256d_from_midstate_Pipeline_VITIS_LOOP_196_8' 
INFO: [HLS 200-10] ----------------------------------------------------------------
INFO: [SCHED 204-11] Starting scheduling ...
INFO: [SCHED 204-61] Pipelining loop 'VITIS_LOOP_196_8'.
INFO: [HLS 200-1470] Pipelining result : Target II = NA, Final II = 1, Depth = 2, loop 'VITIS_LOOP_196_8'
INFO: [SCHED 204-11] Finished scheduling.
INFO: [HLS 200-111] Finished Scheduling: CPU user time: 0.02 seconds. CPU system time: 0 seconds. Elapsed time: 0.02 seconds; current allocated memory: 473.043 MB.
INFO: [BIND 205-100] Starting micro-architecture generation ...
INFO: [BIND 205-101] Performing variable lifetime analysis.
INFO: [BIND 205-101] Exploring resource sharing.
INFO: [BIND 205-101] Binding ...
INFO: [BIND 205-100] Finished micro-architecture generation.
INFO: [HLS 200-111] Finished Binding: CPU user time: 0.01 seconds. CPU system time: 0.01 seconds. Elapsed time: 0.01 seconds; current allocated memory: 473.043 MB.
INFO: [HLS 200-10] ----------------------------------------------------------------
INFO: [HLS 200-42] -- Implementing module 'sha256d_from_midstate' 
INFO: [HLS 200-10] ----------------------------------------------------------------
INFO: [SCHED 204-11] Starting scheduling ...
INFO: [SCHED 204-11] Finished scheduling.
INFO: [HLS 200-111] Finished Scheduling: CPU user time: 0.02 seconds. CPU system time: 0 seconds. Elapsed time: 0.02 seconds; current allocated memory: 473.402 MB.
INFO: [BIND 205-100] Starting micro-architecture generation ...
INFO: [BIND 205-101] Performing variable lifetime analysis.
INFO: [BIND 205-101] Exploring resource sharing.
INFO: [BIND 205-101] Binding ...
INFO: [BIND 205-100] Finished micro-architecture generation.
INFO: [HLS 200-111] Finished Binding: CPU user time: 0.01 seconds. CPU system time: 0 seconds. Elapsed time: 0.01 seconds; current allocated memory: 473.402 MB.
INFO: [HLS 200-10] ----------------------------------------------------------------
INFO: [HLS 200-42] -- Implementing module 'mine_Pipeline_VITIS_LOOP_262_1' 
INFO: [HLS 200-10] ----------------------------------------------------------------
INFO: [SCHED 204-11] Starting scheduling ...
INFO: [SCHED 204-61] Pipelining loop 'VITIS_LOOP_262_1'.
INFO: [HLS 200-1470] Pipelining result : Target II = NA, Final II = 2, Depth = 2, loop 'VITIS_LOOP_262_1'
INFO: [SCHED 204-11] Finished scheduling.
INFO: [HLS 200-111] Finished Scheduling: CPU user time: 0.03 seconds. CPU system time: 0 seconds. Elapsed time: 0.03 seconds; current allocated memory: 473.785 MB.
INFO: [BIND 205-100] Starting micro-architecture generation ...
INFO: [BIND 205-101] Performing variable lifetime analysis.
INFO: [BIND 205-101] Exploring resource sharing.
INFO: [BIND 205-101] Binding ...
INFO: [BIND 205-100] Finished micro-architecture generation.
INFO: [HLS 200-111] Finished Binding: CPU user time: 0 seconds. CPU system time: 0 seconds. Elapsed time: 0.01 seconds; current allocated memory: 473.785 MB.
INFO: [HLS 200-10] ----------------------------------------------------------------
INFO: [HLS 200-42] -- Implementing module 'mine' 
INFO: [HLS 200-10] ----------------------------------------------------------------
INFO: [SCHED 204-11] Starting scheduling ...
INFO: [SCHED 204-11] Finished scheduling.
INFO: [HLS 200-111] Finished Scheduling: CPU user time: 0.03 seconds. CPU system time: 0 seconds. Elapsed time: 0.04 seconds; current allocated memory: 474.820 MB.
INFO: [BIND 205-100] Starting micro-architecture generation ...
INFO: [BIND 205-101] Performing variable lifetime analysis.
INFO: [BIND 205-101] Exploring resource sharing.
INFO: [BIND 205-101] Binding ...
INFO: [BIND 205-100] Finished micro-architecture generation.
INFO: [HLS 200-111] Finished Binding: CPU user time: 0.07 seconds. CPU system time: 0 seconds. Elapsed time: 0.07 seconds; current allocated memory: 475.129 MB.
INFO: [HLS 200-10] ----------------------------------------------------------------
INFO: [HLS 200-10] -- Generating RTL for module 'mine_Pipeline_VITIS_LOOP_287_1' 
INFO: [HLS 200-10] ----------------------------------------------------------------
INFO: [HLS 200-1030] Apply Unified Pipeline Control on module 'mine_Pipeline_VITIS_LOOP_287_1' pipeline 'VITIS_LOOP_287_1' pipeline type 'loop pipeline'
WARNING: [RTGEN 206-101] Setting dangling out port 'mine_Pipeline_VITIS_LOOP_287_1/m_axi_gmem0_0_ARVALID' to 0.
WARNING: [RTGEN 206-101] Setting dangling out port 'mine_Pipeline_VITIS_LOOP_287_1/m_axi_gmem0_0_ARADDR' to 0.
WARNING: [RTGEN 206-101] Setting dangling out port 'mine_Pipeline_VITIS_LOOP_287_1/m_axi_gmem0_0_ARID' to 0.
WARNING: [RTGEN 206-101] Setting dangling out port 'mine_Pipeline_VITIS_LOOP_287_1/m_axi_gmem0_0_ARLEN' to 0.
WARNING: [RTGEN 206-101] Setting dangling out port 'mine_Pipeline_VITIS_LOOP_287_1/m_axi_gmem0_0_ARSIZE' to 0.
WARNING: [RTGEN 206-101] Setting dangling out port 'mine_Pipeline_VITIS_LOOP_287_1/m_axi_gmem0_0_ARBURST' to 0.
WARNING: [RTGEN 206-101] Setting dangling out port 'mine_Pipeline_VITIS_LOOP_287_1/m_axi_gmem0_0_ARLOCK' to 0.
WARNING: [RTGEN 206-101] Setting dangling out port 'mine_Pipeline_VITIS_LOOP_287_1/m_axi_gmem0_0_ARCACHE' to 0.
WARNING: [RTGEN 206-101] Setting dangling out port 'mine_Pipeline_VITIS_LOOP_287_1/m_axi_gmem0_0_ARPROT' to 0.
WARNING: [RTGEN 206-101] Setting dangling out port 'mine_Pipeline_VITIS_LOOP_287_1/m_axi_gmem0_0_ARQOS' to 0.
WARNING: [RTGEN 206-101] Setting dangling out port 'mine_Pipeline_VITIS_LOOP_287_1/m_axi_gmem0_0_ARREGION' to 0.
WARNING: [RTGEN 206-101] Setting dangling out port 'mine_Pipeline_VITIS_LOOP_287_1/m_axi_gmem0_0_ARUSER' to 0.
INFO: [RTGEN 206-100] Finished creating RTL model for 'mine_Pipeline_VITIS_LOOP_287_1'.
INFO: [HLS 200-111] Finished Creating RTL model: CPU user time: 0.08 seconds. CPU system time: 0.01 seconds. Elapsed time: 0.08 seconds; current allocated memory: 475.695 MB.
INFO: [HLS 200-10] ----------------------------------------------------------------
INFO: [HLS 200-10] -- Generating RTL for module 'mine_Pipeline_VITIS_LOOP_289_2' 
INFO: [HLS 200-10] ----------------------------------------------------------------
INFO: [HLS 200-1030] Apply Unified Pipeline Control on module 'mine_Pipeline_VITIS_LOOP_289_2' pipeline 'VITIS_LOOP_289_2' pipeline type 'loop pipeline'
INFO: [RTGEN 206-100] Finished creating RTL model for 'mine_Pipeline_VITIS_LOOP_289_2'.
INFO: [HLS 200-111] Finished Creating RTL model: CPU user time: 0.04 seconds. CPU system time: 0 seconds. Elapsed time: 0.05 seconds; current allocated memory: 476.543 MB.
INFO: [HLS 200-10] ----------------------------------------------------------------
INFO: [HLS 200-10] -- Generating RTL for module 'mine_Pipeline_VITIS_LOOP_120_1' 
INFO: [HLS 200-10] ----------------------------------------------------------------
INFO: [HLS 200-1030] Apply Unified Pipeline Control on module 'mine_Pipeline_VITIS_LOOP_120_1' pipeline 'VITIS_LOOP_120_1' pipeline type 'loop pipeline'
INFO: [RTGEN 206-100] Finished creating RTL model for 'mine_Pipeline_VITIS_LOOP_120_1'.
INFO: [HLS 200-111] Finished Creating RTL model: CPU user time: 0.04 seconds. CPU system time: 0 seconds. Elapsed time: 0.04 seconds; current allocated memory: 477.266 MB.
INFO: [HLS 200-10] ----------------------------------------------------------------
INFO: [HLS 200-10] -- Generating RTL for module 'mine_Pipeline_VITIS_LOOP_124_2' 
INFO: [HLS 200-10] ----------------------------------------------------------------
INFO: [HLS 200-1030] Apply Unified Pipeline Control on module 'mine_Pipeline_VITIS_LOOP_124_2' pipeline 'VITIS_LOOP_124_2' pipeline type 'loop pipeline'
INFO: [RTGEN 206-100] Finished creating RTL model for 'mine_Pipeline_VITIS_LOOP_124_2'.
INFO: [HLS 200-111] Finished Creating RTL model: CPU user time: 0.03 seconds. CPU system time: 0.01 seconds. Elapsed time: 0.04 seconds; current allocated memory: 477.883 MB.
INFO: [HLS 200-10] ----------------------------------------------------------------
INFO: [HLS 200-10] -- Generating RTL for module 'sha256_compress_compact_Pipeline_VITIS_LOOP_40_1' 
INFO: [HLS 200-10] ----------------------------------------------------------------
INFO: [HLS 200-1030] Apply Unified Pipeline Control on module 'sha256_compress_compact_Pipeline_VITIS_LOOP_40_1' pipeline 'VITIS_LOOP_40_1' pipeline type 'loop pipeline'
INFO: [RTGEN 206-100] Finished creating RTL model for 'sha256_compress_compact_Pipeline_VITIS_LOOP_40_1'.
INFO: [HLS 200-111] Finished Creating RTL model: CPU user time: 0.04 seconds. CPU system time: 0 seconds. Elapsed time: 0.05 seconds; current allocated memory: 478.926 MB.
INFO: [HLS 200-10] ----------------------------------------------------------------
INFO: [HLS 200-10] -- Generating RTL for module 'sha256_compress_compact_Pipeline_VITIS_LOOP_47_2' 
INFO: [HLS 200-10] ----------------------------------------------------------------
INFO: [HLS 200-1030] Apply Unified Pipeline Control on module 'sha256_compress_compact_Pipeline_VITIS_LOOP_47_2' pipeline 'VITIS_LOOP_47_2' pipeline type 'loop pipeline'
INFO: [RTGEN 206-100] Finished creating RTL model for 'sha256_compress_compact_Pipeline_VITIS_LOOP_47_2'.
INFO: [HLS 200-111] Finished Creating RTL model: CPU user time: 0.06 seconds. CPU system time: 0.01 seconds. Elapsed time: 0.06 seconds; current allocated memory: 480.910 MB.
INFO: [HLS 200-10] ----------------------------------------------------------------
INFO: [HLS 200-10] -- Generating RTL for module 'sha256_compress_compact_Pipeline_VITIS_LOOP_57_3' 
INFO: [HLS 200-10] ----------------------------------------------------------------
INFO: [HLS 200-1030] Apply Unified Pipeline Control on module 'sha256_compress_compact_Pipeline_VITIS_LOOP_57_3' pipeline 'VITIS_LOOP_57_3' pipeline type 'loop pipeline'
INFO: [RTGEN 206-100] Generating core module 'sparsemux_9_2_32_1_1': 1 instance(s).
INFO: [RTGEN 206-100] Finished creating RTL model for 'sha256_compress_compact_Pipeline_VITIS_LOOP_57_3'.
INFO: [RTMG 210-279] Implementing memory 'mine_sha256_compress_compact_Pipeline_VITIS_LOOP_57_3_K_ROM_AUTO_1R' using auto ROMs.
INFO: [HLS 200-111] Finished Creating RTL model: CPU user time: 0.08 seconds. CPU system time: 0.02 seconds. Elapsed time: 0.1 seconds; current allocated memory: 483.832 MB.
INFO: [HLS 200-10] ----------------------------------------------------------------
INFO: [HLS 200-10] -- Generating RTL for module 'sha256_compress_compact' 
INFO: [HLS 200-10] ----------------------------------------------------------------
INFO: [RTGEN 206-100] Finished creating RTL model for 'sha256_compress_compact'.
INFO: [HLS 200-2167] Implementing memory 'mine_sha256_compress_compact_w_RAM_1WNR_AUTO_1R1W' using auto RAMs with 2 copies to ensure enough ports to satisfy II or latency constraints.
INFO: [RTMG 210-278] Implementing memory 'mine_sha256_compress_compact_w_1_RAM_1WNR_AUTO_1R1W' using auto RAMs.
INFO: [HLS 200-111] Finished Creating RTL model: CPU user time: 0.07 seconds. CPU system time: 0 seconds. Elapsed time: 0.08 seconds; current allocated memory: 487.676 MB.
INFO: [HLS 200-10] ----------------------------------------------------------------
INFO: [HLS 200-10] -- Generating RTL for module 'sha256d_from_midstate_Pipeline_VITIS_LOOP_144_1' 
INFO: [HLS 200-10] ----------------------------------------------------------------
INFO: [HLS 200-1030] Apply Unified Pipeline Control on module 'sha256d_from_midstate_Pipeline_VITIS_LOOP_144_1' pipeline 'VITIS_LOOP_144_1' pipeline type 'loop pipeline'
INFO: [RTGEN 206-100] Finished creating RTL model for 'sha256d_from_midstate_Pipeline_VITIS_LOOP_144_1'.
INFO: [HLS 200-111] Finished Creating RTL model: CPU user time: 0.04 seconds. CPU system time: 0.01 seconds. Elapsed time: 0.05 seconds; current allocated memory: 489.195 MB.
INFO: [HLS 200-10] ----------------------------------------------------------------
INFO: [HLS 200-10] -- Generating RTL for module 'sha256d_from_midstate_Pipeline_VITIS_LOOP_150_2' 
INFO: [HLS 200-10] ----------------------------------------------------------------
INFO: [HLS 200-1030] Apply Unified Pipeline Control on module 'sha256d_from_midstate_Pipeline_VITIS_LOOP_150_2' pipeline 'VITIS_LOOP_150_2' pipeline type 'loop pipeline'
INFO: [RTGEN 206-100] Finished creating RTL model for 'sha256d_from_midstate_Pipeline_VITIS_LOOP_150_2'.
INFO: [HLS 200-111] Finished Creating RTL model: CPU user time: 0.03 seconds. CPU system time: 0 seconds. Elapsed time: 0.04 seconds; current allocated memory: 489.840 MB.
INFO: [HLS 200-10] ----------------------------------------------------------------
INFO: [HLS 200-10] -- Generating RTL for module 'sha256d_from_midstate_Pipeline_VITIS_LOOP_156_3' 
INFO: [HLS 200-10] ----------------------------------------------------------------
INFO: [RTGEN 206-100] Finished creating RTL model for 'sha256d_from_midstate_Pipeline_VITIS_LOOP_156_3'.
INFO: [HLS 200-111] Finished Creating RTL model: CPU user time: 0.04 seconds. CPU system time: 0.01 seconds. Elapsed time: 0.04 seconds; current allocated memory: 490.672 MB.
INFO: [HLS 200-10] ----------------------------------------------------------------
INFO: [HLS 200-10] -- Generating RTL for module 'sha256d_from_midstate_Pipeline_VITIS_LOOP_169_4' 
INFO: [HLS 200-10] ----------------------------------------------------------------
INFO: [HLS 200-1030] Apply Unified Pipeline Control on module 'sha256d_from_midstate_Pipeline_VITIS_LOOP_169_4' pipeline 'VITIS_LOOP_169_4' pipeline type 'loop pipeline'
INFO: [RTGEN 206-100] Finished creating RTL model for 'sha256d_from_midstate_Pipeline_VITIS_LOOP_169_4'.
INFO: [HLS 200-111] Finished Creating RTL model: CPU user time: 0.04 seconds. CPU system time: 0 seconds. Elapsed time: 0.05 seconds; current allocated memory: 491.391 MB.
INFO: [HLS 200-10] ----------------------------------------------------------------
INFO: [HLS 200-10] -- Generating RTL for module 'sha256d_from_midstate_Pipeline_VITIS_LOOP_176_5' 
INFO: [HLS 200-10] ----------------------------------------------------------------
INFO: [HLS 200-1030] Apply Unified Pipeline Control on module 'sha256d_from_midstate_Pipeline_VITIS_LOOP_176_5' pipeline 'VITIS_LOOP_176_5' pipeline type 'loop pipeline'
INFO: [RTGEN 206-100] Finished creating RTL model for 'sha256d_from_midstate_Pipeline_VITIS_LOOP_176_5'.
INFO: [RTMG 210-279] Implementing memory 'mine_sha256d_from_midstate_Pipeline_VITIS_LOOP_176_5_H0_ROM_AUTO_1R' using auto ROMs.
INFO: [HLS 200-111] Finished Creating RTL model: CPU user time: 0.04 seconds. CPU system time: 0 seconds. Elapsed time: 0.05 seconds; current allocated memory: 492.406 MB.
INFO: [HLS 200-10] ----------------------------------------------------------------
INFO: [HLS 200-10] -- Generating RTL for module 'sha256d_from_midstate_Pipeline_VITIS_LOOP_180_6' 
INFO: [HLS 200-10] ----------------------------------------------------------------
INFO: [HLS 200-1030] Apply Unified Pipeline Control on module 'sha256d_from_midstate_Pipeline_VITIS_LOOP_180_6' pipeline 'VITIS_LOOP_180_6' pipeline type 'loop pipeline'
INFO: [RTGEN 206-100] Finished creating RTL model for 'sha256d_from_midstate_Pipeline_VITIS_LOOP_180_6'.
INFO: [HLS 200-111] Finished Creating RTL model: CPU user time: 0.04 seconds. CPU system time: 0.01 seconds. Elapsed time: 0.04 seconds; current allocated memory: 493.066 MB.
INFO: [HLS 200-10] ----------------------------------------------------------------
INFO: [HLS 200-10] -- Generating RTL for module 'sha256d_from_midstate_Pipeline_VITIS_LOOP_186_7' 
INFO: [HLS 200-10] ----------------------------------------------------------------
INFO: [RTGEN 206-100] Finished creating RTL model for 'sha256d_from_midstate_Pipeline_VITIS_LOOP_186_7'.
INFO: [HLS 200-111] Finished Creating RTL model: CPU user time: 0.03 seconds. CPU system time: 0 seconds. Elapsed time: 0.03 seconds; current allocated memory: 493.992 MB.
INFO: [HLS 200-10] ----------------------------------------------------------------
INFO: [HLS 200-10] -- Generating RTL for module 'sha256d_from_midstate_Pipeline_VITIS_LOOP_196_8' 
INFO: [HLS 200-10] ----------------------------------------------------------------
INFO: [HLS 200-1030] Apply Unified Pipeline Control on module 'sha256d_from_midstate_Pipeline_VITIS_LOOP_196_8' pipeline 'VITIS_LOOP_196_8' pipeline type 'loop pipeline'
INFO: [RTGEN 206-100] Finished creating RTL model for 'sha256d_from_midstate_Pipeline_VITIS_LOOP_196_8'.
INFO: [HLS 200-111] Finished Creating RTL model: CPU user time: 0.02 seconds. CPU system time: 0.01 seconds. Elapsed time: 0.03 seconds; current allocated memory: 494.691 MB.
INFO: [HLS 200-10] ----------------------------------------------------------------
INFO: [HLS 200-10] -- Generating RTL for module 'sha256d_from_midstate' 
INFO: [HLS 200-10] ----------------------------------------------------------------
INFO: [RTGEN 206-100] Finished creating RTL model for 'sha256d_from_midstate'.
INFO: [RTMG 210-278] Implementing memory 'mine_sha256d_from_midstate_block_RAM_AUTO_1R1W' using auto RAMs.
INFO: [RTMG 210-278] Implementing memory 'mine_sha256d_from_midstate_s_RAM_AUTO_1R1W' using auto RAMs.
INFO: [RTMG 210-278] Implementing memory 'mine_sha256d_from_midstate_digest1_RAM_AUTO_1R1W' using auto RAMs.
INFO: [HLS 200-111] Finished Creating RTL model: CPU user time: 0.05 seconds. CPU system time: 0.01 seconds. Elapsed time: 0.05 seconds; current allocated memory: 496.566 MB.
INFO: [HLS 200-10] ----------------------------------------------------------------
INFO: [HLS 200-10] -- Generating RTL for module 'mine_Pipeline_VITIS_LOOP_262_1' 
INFO: [HLS 200-10] ----------------------------------------------------------------
INFO: [RTGEN 206-100] Finished creating RTL model for 'mine_Pipeline_VITIS_LOOP_262_1'.
INFO: [HLS 200-111] Finished Creating RTL model: CPU user time: 0.04 seconds. CPU system time: 0 seconds. Elapsed time: 0.05 seconds; current allocated memory: 497.836 MB.
INFO: [HLS 200-10] ----------------------------------------------------------------
INFO: [HLS 200-10] -- Generating RTL for module 'mine' 
INFO: [HLS 200-10] ----------------------------------------------------------------
WARNING: [RTGEN 206-101] Design contains AXI ports. Reset is fixed to synchronous and active low.
INFO: [RTGEN 206-500] Setting interface mode on port 'mine/gmem0' to 'm_axi'.
INFO: [RTGEN 206-500] Setting interface mode on port 'mine/gmem1' to 'm_axi'.
INFO: [RTGEN 206-500] Setting interface mode on port 'mine/gmem2' to 'm_axi'.
INFO: [RTGEN 206-500] Setting interface mode on port 'mine/header' to 's_axilite & ap_none'.
INFO: [RTGEN 206-500] Setting interface mode on port 'mine/target' to 's_axilite & ap_none'.
INFO: [RTGEN 206-500] Setting interface mode on port 'mine/nonce_start' to 's_axilite & ap_none'.
INFO: [RTGEN 206-500] Setting interface mode on port 'mine/nonce_count' to 's_axilite & ap_none'.
INFO: [RTGEN 206-500] Setting interface mode on port 'mine/found_nonce' to 's_axilite & ap_none'.
INFO: [RTGEN 206-500] Setting interface mode on port 'mine/found' to 's_axilite & ap_none'.
INFO: [RTGEN 206-500] Setting interface mode on function 'mine' to 's_axilite & ap_ctrl_chain'.
INFO: [RTGEN 206-100] Bundling port 'header', 'target', 'nonce_start', 'nonce_count', 'found_nonce', 'found' and 'return' to AXI-Lite port control.
INFO: [RTGEN 206-100] Finished creating RTL model for 'mine'.
INFO: [RTMG 210-278] Implementing memory 'mine_hdr_RAM_AUTO_1R1W' using auto RAMs.
INFO: [RTMG 210-278] Implementing memory 'mine_tgt_RAM_AUTO_1R1W' using auto RAMs.
INFO: [RTMG 210-278] Implementing memory 'mine_midstate_RAM_AUTO_1R1W' using auto RAMs.
INFO: [RTMG 210-278] Implementing memory 'mine_h_RAM_AUTO_1R1W' using auto RAMs.
INFO: [HLS 200-111] Finished Creating RTL model: CPU user time: 0.11 seconds. CPU system time: 0 seconds. Elapsed time: 0.12 seconds; current allocated memory: 504.375 MB.
INFO: [HLS 200-111] Finished Generating all RTL models: CPU user time: 0.27 seconds. CPU system time: 0.04 seconds. Elapsed time: 0.32 seconds; current allocated memory: 508.902 MB.
INFO: [HLS 200-1603] Design has inferred MAXI bursts and missed bursts, see Vitis HLS GUI synthesis summary report for detailed information.
INFO: [HLS 200-2225] Wrote inferred directives to file /home/cse/Documents/WorkSpaces/vaddWS/hasitha_optimization/hasitha_hls_component/mine/hls/syn/inferred_directives.ini
INFO: [HLS 200-111] Finished Updating report files: CPU user time: 0.71 seconds. CPU system time: 0.05 seconds. Elapsed time: 0.76 seconds; current allocated memory: 519.320 MB.
INFO: [VHDL 208-304] Generating VHDL RTL for mine.
INFO: [VLOG 209-307] Generating Verilog RTL for mine.
INFO: [HLS 200-790] **** Loop Constraint Status: All loop constraints were NOT satisfied.
INFO: [HLS 200-789] **** Estimated Fmax: 136.99 MHz
INFO: [HLS 200-112] Total CPU user time: 6.88 seconds. Total CPU system time: 1.47 seconds. Total elapsed time: 12.77 seconds; peak allocated memory: 519.320 MB.
INFO: [v++ 60-791] Total elapsed time: 0h 0m 16s
