  **** HLS Build v2025.2 6295257
INFO: [HLS 200-2005] Using work_dir /home/cse/Documents/WorkSpaces/vaddWS/hasitha_optimization/hasitha_hls_component/mine 
INFO: [HLS 200-2176] Writing Vitis IDE component file /home/cse/Documents/WorkSpaces/vaddWS/hasitha_optimization/hasitha_hls_component/mine/vitis-comp.json
INFO: [HLS 200-10] Creating and opening component '/home/cse/Documents/WorkSpaces/vaddWS/hasitha_optimization/hasitha_hls_component/mine'.
INFO: [HLS 200-1505] Using default flow_target 'vivado'
Resolution: For help on HLS 200-1505 see docs.amd.com/access/sources/dita/topic?Doc_Version=2025.2%20English&url=ug1448-hls-guidance&resourceid=200-1505.html
INFO: [HLS 200-2174] Applying component config ini file hls_config.cfg
INFO: [HLS 200-1465] Applying config ini 'syn.file=/home/cse/Documents/WorkSpaces/vaddWS/dylan-hls/mine.cpp' from hls_config.cfg(12)
INFO: [HLS 200-10] Adding design file '/home/cse/Documents/WorkSpaces/vaddWS/dylan-hls/mine.cpp' to the project
INFO: [HLS 200-1465] Applying config ini 'tb.file=/home/cse/Documents/WorkSpaces/vaddWS/dylan-hls/golden.dat' from hls_config.cfg(8)
INFO: [HLS 200-10] Adding test bench file '/home/cse/Documents/WorkSpaces/vaddWS/dylan-hls/golden.dat' to the project
INFO: [HLS 200-1465] Applying config ini 'tb.file=/home/cse/Documents/WorkSpaces/vaddWS/dylan-hls/mine_test.cpp' from hls_config.cfg(9)
INFO: [HLS 200-10] Adding test bench file '/home/cse/Documents/WorkSpaces/vaddWS/dylan-hls/mine_test.cpp' to the project
INFO: [HLS 200-1465] Applying config ini 'tb.file=/home/cse/Documents/WorkSpaces/vaddWS/baseline/sha256.h' from hls_config.cfg(10)
INFO: [HLS 200-10] Adding test bench file '/home/cse/Documents/WorkSpaces/vaddWS/baseline/sha256.h' to the project
INFO: [HLS 200-1465] Applying config ini 'syn.top=mine' from hls_config.cfg(7)
INFO: [HLS 200-1465] Applying config ini 'flow_target=vitis' from hls_config.cfg(4)
INFO: [HLS 200-1505] Using flow_target 'vitis'
Resolution: For help on HLS 200-1505 see docs.amd.com/access/sources/dita/topic?Doc_Version=2025.2%20English&url=ug1448-hls-guidance&resourceid=200-1505.html
INFO: [HLS 200-435] Setting 'flow_target=vitis' configuration: config_interface -m_axi_latency=64
INFO: [HLS 200-435] Setting 'flow_target=vitis' configuration: config_interface -m_axi_alignment_byte_size=64
INFO: [HLS 200-435] Setting 'flow_target=vitis' configuration: config_interface -m_axi_max_widen_bitwidth=512
INFO: [HLS 200-435] Setting 'flow_target=vitis' configuration: config_rtl -register_reset_num=3
INFO: [HLS 200-1465] Applying config ini 'part=xck26-sfvc784-2LV-c' from hls_config.cfg(1)
INFO: [HLS 200-1611] Setting target device to 'xck26-sfvc784-2LV-c'
INFO: [HLS 200-1465] Applying config ini 'clock=200MHz' from hls_config.cfg(11)
INFO: [SYN 201-201] Setting up clock 'default' with a period of 5ns.
INFO: [HLS 200-1465] Applying config ini 'package.output.format=xo' from hls_config.cfg(5)
INFO: [HLS 200-2176] Writing Vitis IDE component file /home/cse/Documents/WorkSpaces/vaddWS/hasitha_optimization/hasitha_hls_component/mine/vitis-comp.json
INFO: [SIM 211-2] *************** CSIM start ***************
INFO: [HLS 200-2191] C-Simulation will use clang-16 as the compiler
INFO: [HLS 200-2036] Building debug C Simulation binaries
   Compiling ../../../../../../dylan-hls/mine_test.cpp in debug mode
   Generating csim.exe
ld.lld: error: undefined symbol: sha256d_80(unsigned int const*, unsigned char*)
>>> referenced by mine_test.cpp:93 (../../../../../../dylan-hls/mine_test.cpp:93)
>>>               obj/mine_test.o:(main)
>>> did you mean: sha256d_80(unsigned char const*, unsigned char*)
>>> defined in: obj/mine.o

ld.lld: error: undefined symbol: mine(unsigned int const*, unsigned int const*, unsigned int, unsigned int, unsigned int*, int*)
>>> referenced by mine_test.cpp:143 (../../../../../../dylan-hls/mine_test.cpp:143)
>>>               obj/mine_test.o:(main)
>>> did you mean: mine(unsigned char const*, unsigned char const*, unsigned int, unsigned int, unsigned int*, int*)
>>> defined in: obj/mine.o
clang++: error: linker command failed with exit code 1 (use -v to see invocation)
make: *** [Makefile.rules:333: csim.exe] Error 1
ERROR: [SIM 211-100] 'csim_design' failed: compilation error(s).
INFO: [SIM 211-3] *************** CSIM finish ***************
ERROR: CSIM Failed
INFO: [HLS 200-112] Total CPU user time: 1.02 seconds. Total CPU system time: 0.42 seconds. Total elapsed time: 1.39 seconds; peak allocated memory: 274.707 MB.
