  **** HLS Build v2025.2 6295257
INFO: [HLS 200-2005] Using work_dir /home/cse/Documents/WorkSpaces/vaddWS/hasitha_optimization/hasitha_hls_component/mine 
INFO: [HLS 200-2176] Writing Vitis IDE component file /home/cse/Documents/WorkSpaces/vaddWS/hasitha_optimization/hasitha_hls_component/mine/vitis-comp.json
INFO: [HLS 200-10] Creating and opening component '/home/cse/Documents/WorkSpaces/vaddWS/hasitha_optimization/hasitha_hls_component/mine'.
INFO: [HLS 200-1505] Using default flow_target 'vivado'
Resolution: For help on HLS 200-1505 see docs.amd.com/access/sources/dita/topic?Doc_Version=2025.2%20English&url=ug1448-hls-guidance&resourceid=200-1505.html
INFO: [HLS 200-2174] Applying component config ini file hls_config.cfg
INFO: [HLS 200-1465] Applying config ini 'syn.file=/home/cse/Documents/WorkSpaces/vaddWS/dylan-hls/mine.cpp' from hls_config.cfg(12)
INFO: [HLS 200-10] Adding design file '/home/cse/Documents/WorkSpaces/vaddWS/dylan-hls/mine.cpp' to the project
INFO: [HLS 200-1465] Applying config ini 'syn.file=/home/cse/Documents/WorkSpaces/vaddWS/baseline/sha256.cpp' from hls_config.cfg(13)
INFO: [HLS 200-10] Adding design file '/home/cse/Documents/WorkSpaces/vaddWS/baseline/sha256.cpp' to the project
INFO: [HLS 200-1465] Applying config ini 'syn.file=/home/cse/Documents/WorkSpaces/vaddWS/baseline/sha256.h' from hls_config.cfg(14)
INFO: [HLS 200-10] Adding design file '/home/cse/Documents/WorkSpaces/vaddWS/baseline/sha256.h' to the project
INFO: [HLS 200-1465] Applying config ini 'tb.file=/home/cse/Documents/WorkSpaces/vaddWS/dylan-hls/golden.dat' from hls_config.cfg(8)
INFO: [HLS 200-10] Adding test bench file '/home/cse/Documents/WorkSpaces/vaddWS/dylan-hls/golden.dat' to the project
INFO: [HLS 200-1465] Applying config ini 'tb.file=/home/cse/Documents/WorkSpaces/vaddWS/dylan-hls/mine_test.cpp' from hls_config.cfg(9)
INFO: [HLS 200-10] Adding test bench file '/home/cse/Documents/WorkSpaces/vaddWS/dylan-hls/mine_test.cpp' to the project
INFO: [HLS 200-1465] Applying config ini 'tb.file=/home/cse/Documents/WorkSpaces/vaddWS/baseline/sha256.h' from hls_config.cfg(10)
INFO: [HLS 200-10] Adding test bench file '/home/cse/Documents/WorkSpaces/vaddWS/baseline/sha256.h' to the project
INFO: [HLS 200-1465] Applying config ini 'syn.top=mine' from hls_config.cfg(7)
INFO: [HLS 200-1465] Applying config ini 'flow_target=vitis' from hls_config.cfg(4)
INFO: [HLS 200-1505] Using flow_target 'vitis'
Resolution: For help on HLS 200-1505 see docs.amd.com/access/sources/dita/topic?Doc_Version=2025.2%20English&url=ug1448-hls-guidance&resourceid=200-1505.html
INFO: [HLS 200-435] Setting 'flow_target=vitis' configuration: config_interface -m_axi_latency=64
INFO: [HLS 200-435] Setting 'flow_target=vitis' configuration: config_interface -m_axi_alignment_byte_size=64
INFO: [HLS 200-435] Setting 'flow_target=vitis' configuration: config_interface -m_axi_max_widen_bitwidth=512
INFO: [HLS 200-435] Setting 'flow_target=vitis' configuration: config_rtl -register_reset_num=3
INFO: [HLS 200-1465] Applying config ini 'part=xck26-sfvc784-2LV-c' from hls_config.cfg(1)
INFO: [HLS 200-1611] Setting target device to 'xck26-sfvc784-2LV-c'
INFO: [HLS 200-1465] Applying config ini 'clock=100MHz' from hls_config.cfg(11)
INFO: [SYN 201-201] Setting up clock 'default' with a period of 10ns.
INFO: [HLS 200-1465] Applying config ini 'package.output.format=xo' from hls_config.cfg(5)
INFO: [HLS 200-2176] Writing Vitis IDE component file /home/cse/Documents/WorkSpaces/vaddWS/hasitha_optimization/hasitha_hls_component/mine/vitis-comp.json
INFO: [HLS 200-111] Finished File checks and directory preparation: CPU user time: 1 seconds. CPU system time: 0.36 seconds. Elapsed time: 1.25 seconds; current allocated memory: 274.598 MB.
INFO: [HLS 200-2191] C-Synthesis will use clang-16 as the compiler
INFO: [HLS 200-10] Analyzing design file '/home/cse/Documents/WorkSpaces/vaddWS/baseline/sha256.cpp' ... 
INFO: [HLS 200-10] Analyzing design file '/home/cse/Documents/WorkSpaces/vaddWS/dylan-hls/mine.cpp' ... 
INFO: [HLS 200-111] Finished Source Code Analysis and Preprocessing: CPU user time: 0.42 seconds. CPU system time: 0.41 seconds. Elapsed time: 0.82 seconds; current allocated memory: 276.766 MB.
INFO: [HLS 200-777] Using interface defaults for 'Vitis' flow target.
INFO: [HLS 200-1995] There were 1,153 instructions in the design after the 'Compile/Link' phase of compilation. See the Design Size Report for more details (/home/cse/Documents/WorkSpaces/vaddWS/hasitha_optimization/hasitha_hls_component/mine/hls/syn/report/csynth_design_size.rpt:2)
INFO: [HLS 200-1995] There were 1,112 instructions in the design after the 'Unroll/Inline (step 1)' phase of compilation. See the Design Size Report for more details (/home/cse/Documents/WorkSpaces/vaddWS/hasitha_optimization/hasitha_hls_component/mine/hls/syn/report/csynth_design_size.rpt:2)
INFO: [HLS 200-1995] There were 871 instructions in the design after the 'Unroll/Inline (step 2)' phase of compilation. See the Design Size Report for more details (/home/cse/Documents/WorkSpaces/vaddWS/hasitha_optimization/hasitha_hls_component/mine/hls/syn/report/csynth_design_size.rpt:2)
INFO: [HLS 200-1995] There were 733 instructions in the design after the 'Unroll/Inline (step 3)' phase of compilation. See the Design Size Report for more details (/home/cse/Documents/WorkSpaces/vaddWS/hasitha_optimization/hasitha_hls_component/mine/hls/syn/report/csynth_design_size.rpt:2)
INFO: [HLS 200-1995] There were 731 instructions in the design after the 'Unroll/Inline (step 4)' phase of compilation. See the Design Size Report for more details (/home/cse/Documents/WorkSpaces/vaddWS/hasitha_optimization/hasitha_hls_component/mine/hls/syn/report/csynth_design_size.rpt:2)
INFO: [HLS 200-1995] There were 1,069 instructions in the design after the 'Array/Struct (step 1)' phase of compilation. See the Design Size Report for more details (/home/cse/Documents/WorkSpaces/vaddWS/hasitha_optimization/hasitha_hls_component/mine/hls/syn/report/csynth_design_size.rpt:2)
INFO: [HLS 200-1995] There were 1,015 instructions in the design after the 'Array/Struct (step 2)' phase of compilation. See the Design Size Report for more details (/home/cse/Documents/WorkSpaces/vaddWS/hasitha_optimization/hasitha_hls_component/mine/hls/syn/report/csynth_design_size.rpt:2)
INFO: [HLS 200-1995] There were 1,015 instructions in the design after the 'Array/Struct (step 3)' phase of compilation. See the Design Size Report for more details (/home/cse/Documents/WorkSpaces/vaddWS/hasitha_optimization/hasitha_hls_component/mine/hls/syn/report/csynth_design_size.rpt:2)
INFO: [HLS 200-1995] There were 1,015 instructions in the design after the 'Array/Struct (step 4)' phase of compilation. See the Design Size Report for more details (/home/cse/Documents/WorkSpaces/vaddWS/hasitha_optimization/hasitha_hls_component/mine/hls/syn/report/csynth_design_size.rpt:2)
INFO: [HLS 200-1995] There were 1,055 instructions in the design after the 'Array/Struct (step 5)' phase of compilation. See the Design Size Report for more details (/home/cse/Documents/WorkSpaces/vaddWS/hasitha_optimization/hasitha_hls_component/mine/hls/syn/report/csynth_design_size.rpt:2)
INFO: [HLS 200-1995] There were 1,055 instructions in the design after the 'Performance (step 1)' phase of compilation. See the Design Size Report for more details (/home/cse/Documents/WorkSpaces/vaddWS/hasitha_optimization/hasitha_hls_component/mine/hls/syn/report/csynth_design_size.rpt:2)
INFO: [HLS 200-1995] There were 8,906 instructions in the design after the 'Performance (step 2)' phase of compilation. See the Design Size Report for more details (/home/cse/Documents/WorkSpaces/vaddWS/hasitha_optimization/hasitha_hls_component/mine/hls/syn/report/csynth_design_size.rpt:2)
INFO: [HLS 200-1995] There were 8,909 instructions in the design after the 'Performance (step 3)' phase of compilation. See the Design Size Report for more details (/home/cse/Documents/WorkSpaces/vaddWS/hasitha_optimization/hasitha_hls_component/mine/hls/syn/report/csynth_design_size.rpt:2)
INFO: [HLS 200-1995] There were 8,393 instructions in the design after the 'Performance (step 4)' phase of compilation. See the Design Size Report for more details (/home/cse/Documents/WorkSpaces/vaddWS/hasitha_optimization/hasitha_hls_component/mine/hls/syn/report/csynth_design_size.rpt:2)
INFO: [HLS 200-1995] There were 8,405 instructions in the design after the 'HW Transforms (step 1)' phase of compilation. See the Design Size Report for more details (/home/cse/Documents/WorkSpaces/vaddWS/hasitha_optimization/hasitha_hls_component/mine/hls/syn/report/csynth_design_size.rpt:2)
INFO: [HLS 200-1995] There were 8,362 instructions in the design after the 'HW Transforms (step 2)' phase of compilation. See the Design Size Report for more details (/home/cse/Documents/WorkSpaces/vaddWS/hasitha_optimization/hasitha_hls_component/mine/hls/syn/report/csynth_design_size.rpt:2)
INFO: [HLS 214-178] Inlining function 'rotr(unsigned int, int)' into 'sha256_compress_compact(unsigned int*, unsigned char const*)' (dylan-hls/mine.cpp:36:0)
INFO: [HLS 214-178] Inlining function 'rotr(unsigned int, int)' into 'sha256_compress(unsigned int*, unsigned char const*)' (dylan-hls/mine.cpp:74:0)
INFO: [HLS 214-178] Inlining function 'compute_midstate(unsigned char const*, unsigned int*)' into 'mine(unsigned char const*, unsigned char const*, unsigned int, unsigned int, unsigned int*, int*)' (dylan-hls/mine.cpp:275:0)
INFO: [HLS 214-178] Inlining function 'hash_below_target(unsigned char const*, unsigned char const*)' into 'mine(unsigned char const*, unsigned char const*, unsigned int, unsigned int, unsigned int*, int*)' (dylan-hls/mine.cpp:275:0)
INFO: [HLS 214-248] Applying array_partition to 'w': Cyclic partitioning with factor 4 on dimension 1. (dylan-hls/mine.cpp:37:14)
INFO: [HLS 214-248] Applying array_partition to 'w': Cyclic partitioning with factor 4 on dimension 1. (dylan-hls/mine.cpp:75:14)
INFO: [HLS 214-376] Pipelining loop< VITIS_LOOP_40_1> at dylan-hls/mine.cpp:40:22 due to pipeline_loops threshold
INFO: [HLS 214-376] Pipelining loop< VITIS_LOOP_47_2> at dylan-hls/mine.cpp:47:22 due to pipeline_loops threshold
INFO: [HLS 214-376] Pipelining loop< VITIS_LOOP_286_1> at dylan-hls/mine.cpp:286:23 due to pipeline_loops threshold
INFO: [HLS 214-376] Pipelining loop< VITIS_LOOP_288_2> at dylan-hls/mine.cpp:288:23 due to pipeline_loops threshold
INFO: [HLS 214-376] Pipelining loop< VITIS_LOOP_119_1> at dylan-hls/mine.cpp:119:23 due to pipeline_loops threshold
INFO: [HLS 214-376] Pipelining loop< VITIS_LOOP_123_2> at dylan-hls/mine.cpp:123:23 due to pipeline_loops threshold
INFO: [HLS 214-376] Pipelining loop< VITIS_LOOP_297_3> at dylan-hls/mine.cpp:297:23 due to pipeline_loops threshold
INFO: [HLS 214-291] Loop 'VITIS_LOOP_261_1' is marked as complete unroll implied by the pipeline pragma (dylan-hls/mine.cpp:261:23)
INFO: [HLS 214-291] Loop 'VITIS_LOOP_195_8' is marked as complete unroll implied by the pipeline pragma (dylan-hls/mine.cpp:195:23)
INFO: [HLS 214-291] Loop 'VITIS_LOOP_185_7' is marked as complete unroll implied by the pipeline pragma (dylan-hls/mine.cpp:185:23)
INFO: [HLS 214-291] Loop 'VITIS_LOOP_179_6' is marked as complete unroll implied by the pipeline pragma (dylan-hls/mine.cpp:179:23)
INFO: [HLS 214-291] Loop 'VITIS_LOOP_175_5' is marked as complete unroll implied by the pipeline pragma (dylan-hls/mine.cpp:175:23)
INFO: [HLS 214-291] Loop 'VITIS_LOOP_168_4' is marked as complete unroll implied by the pipeline pragma (dylan-hls/mine.cpp:168:23)
INFO: [HLS 214-291] Loop 'VITIS_LOOP_155_3' is marked as complete unroll implied by the pipeline pragma (dylan-hls/mine.cpp:155:23)
INFO: [HLS 214-291] Loop 'VITIS_LOOP_149_2' is marked as complete unroll implied by the pipeline pragma (dylan-hls/mine.cpp:149:23)
INFO: [HLS 214-291] Loop 'VITIS_LOOP_143_1' is marked as complete unroll implied by the pipeline pragma (dylan-hls/mine.cpp:143:23)
INFO: [HLS 214-291] Loop 'VITIS_LOOP_96_3' is marked as complete unroll implied by the pipeline pragma (dylan-hls/mine.cpp:96:22)
INFO: [HLS 214-291] Loop 'VITIS_LOOP_86_2' is marked as complete unroll implied by the pipeline pragma (dylan-hls/mine.cpp:86:22)
INFO: [HLS 214-291] Loop 'VITIS_LOOP_79_1' is marked as complete unroll implied by the pipeline pragma (dylan-hls/mine.cpp:79:22)
INFO: [HLS 214-186] Unrolling loop 'VITIS_LOOP_261_1' (dylan-hls/mine.cpp:261:23) in function 'mine' completely with a factor of 32 (dylan-hls/mine.cpp:275:0)
INFO: [HLS 214-186] Unrolling loop 'VITIS_LOOP_195_8' (dylan-hls/mine.cpp:195:23) in function 'sha256d_from_midstate' completely with a factor of 8 (dylan-hls/mine.cpp:134:0)
INFO: [HLS 214-186] Unrolling loop 'VITIS_LOOP_185_7' (dylan-hls/mine.cpp:185:23) in function 'sha256d_from_midstate' completely with a factor of 31 (dylan-hls/mine.cpp:134:0)
INFO: [HLS 214-186] Unrolling loop 'VITIS_LOOP_179_6' (dylan-hls/mine.cpp:179:23) in function 'sha256d_from_midstate' completely with a factor of 32 (dylan-hls/mine.cpp:134:0)
INFO: [HLS 214-186] Unrolling loop 'VITIS_LOOP_175_5' (dylan-hls/mine.cpp:175:23) in function 'sha256d_from_midstate' completely with a factor of 8 (dylan-hls/mine.cpp:134:0)
INFO: [HLS 214-186] Unrolling loop 'VITIS_LOOP_168_4' (dylan-hls/mine.cpp:168:23) in function 'sha256d_from_midstate' completely with a factor of 8 (dylan-hls/mine.cpp:134:0)
INFO: [HLS 214-186] Unrolling loop 'VITIS_LOOP_155_3' (dylan-hls/mine.cpp:155:23) in function 'sha256d_from_midstate' completely with a factor of 47 (dylan-hls/mine.cpp:134:0)
INFO: [HLS 214-186] Unrolling loop 'VITIS_LOOP_149_2' (dylan-hls/mine.cpp:149:23) in function 'sha256d_from_midstate' completely with a factor of 16 (dylan-hls/mine.cpp:134:0)
INFO: [HLS 214-186] Unrolling loop 'VITIS_LOOP_143_1' (dylan-hls/mine.cpp:143:23) in function 'sha256d_from_midstate' completely with a factor of 8 (dylan-hls/mine.cpp:134:0)
INFO: [HLS 214-186] Unrolling loop 'VITIS_LOOP_96_3' (dylan-hls/mine.cpp:96:22) in function 'sha256_compress' completely with a factor of 64 (dylan-hls/mine.cpp:74:0)
INFO: [HLS 214-186] Unrolling loop 'VITIS_LOOP_86_2' (dylan-hls/mine.cpp:86:22) in function 'sha256_compress' completely with a factor of 48 (dylan-hls/mine.cpp:74:0)
INFO: [HLS 214-186] Unrolling loop 'VITIS_LOOP_79_1' (dylan-hls/mine.cpp:79:22) in function 'sha256_compress' completely with a factor of 16 (dylan-hls/mine.cpp:74:0)
INFO: [HLS 214-449] Partitioning array 'h' dimension 1 due to constant index. (dylan-hls/mine.cpp:306:17)
INFO: [HLS 214-449] Partitioning array 'block' dimension 1 due to constant index. (dylan-hls/mine.cpp:139:13)
INFO: [HLS 214-449] Partitioning array 's' dimension 1 due to constant index. (dylan-hls/mine.cpp:140:14)
INFO: [HLS 214-449] Partitioning array 'digest1' dimension 1 due to constant index. (dylan-hls/mine.cpp:166:13)
INFO: [HLS 214-449] Partitioning array 'w_0' dimension 1 due to constant index. (dylan-hls/mine.cpp:75:14)
INFO: [HLS 214-449] Partitioning array 'w_1' dimension 1 due to constant index. (dylan-hls/mine.cpp:75:14)
INFO: [HLS 214-449] Partitioning array 'w_2' dimension 1 due to constant index. (dylan-hls/mine.cpp:75:14)
INFO: [HLS 214-449] Partitioning array 'w_3' dimension 1 due to constant index. (dylan-hls/mine.cpp:75:14)
INFO: [HLS 214-270] Inferring pragma 'array_partition type=cyclic factor=2 dim=1' for array 'block.i' due to pipeline pragma (dylan-hls/mine.cpp:117:13)
INFO: [HLS 214-248] Applying array_partition to 'w_0': Complete partitioning on dimension 1. (dylan-hls/mine.cpp:75:14)
INFO: [HLS 214-248] Applying array_partition to 'w_1': Complete partitioning on dimension 1. (dylan-hls/mine.cpp:75:14)
INFO: [HLS 214-248] Applying array_partition to 'w_2': Complete partitioning on dimension 1. (dylan-hls/mine.cpp:75:14)
INFO: [HLS 214-248] Applying array_partition to 'w_3': Complete partitioning on dimension 1. (dylan-hls/mine.cpp:75:14)
INFO: [HLS 214-248] Applying array_partition to 'block': Complete partitioning on dimension 1. (dylan-hls/mine.cpp:139:13)
INFO: [HLS 214-248] Applying array_partition to 's': Complete partitioning on dimension 1. (dylan-hls/mine.cpp:140:14)
INFO: [HLS 214-248] Applying array_partition to 'digest1': Complete partitioning on dimension 1. (dylan-hls/mine.cpp:166:13)
INFO: [HLS 214-248] Applying array_partition to 'block.i': Cyclic partitioning with factor 2 on dimension 1. (dylan-hls/mine.cpp:117:13)
INFO: [HLS 214-248] Applying array_partition to 'h': Complete partitioning on dimension 1. (dylan-hls/mine.cpp:306:17)
INFO: [HLS 214-115] Multiple burst reads of length 5 and bit width 128 has been inferred on bundle 'gmem0'. These burst requests might be further partitioned into multiple requests during RTL generation, based on max_read_burst_length or max_write_burst_length settings. (dylan-hls/mine.cpp:286:23)
INFO: [HLS 200-111] Finished Compiling Optimization and Transform: CPU user time: 3.22 seconds. CPU system time: 0.33 seconds. Elapsed time: 7.18 seconds; current allocated memory: 279.422 MB.
INFO: [HLS 200-111] Finished Checking Pragmas: CPU user time: 0 seconds. CPU system time: 0 seconds. Elapsed time: 0 seconds; current allocated memory: 279.422 MB.
INFO: [HLS 200-10] Starting code transformations ...
INFO: [HLS 200-111] Finished Standard Transforms: CPU user time: 0.17 seconds. CPU system time: 0.01 seconds. Elapsed time: 0.18 seconds; current allocated memory: 284.230 MB.
INFO: [HLS 200-10] Checking synthesizability ...
INFO: [HLS 200-111] Finished Checking Synthesizability: CPU user time: 0.65 seconds. CPU system time: 0 seconds. Elapsed time: 0.64 seconds; current allocated memory: 290.609 MB.
INFO: [XFORM 203-11] Balancing expressions in function 'sha256_compress_compact' (dylan-hls/mine.cpp:33:22)...10 expression(s) balanced.
INFO: [XFORM 203-11] Balancing expressions in function 'sha256_compress' (dylan-hls/mine.cpp:74)...538 expression(s) balanced.
INFO: [HLS 200-111] Finished Loop, function and other optimizations: CPU user time: 2.11 seconds. CPU system time: 0.01 seconds. Elapsed time: 2.13 seconds; current allocated memory: 326.719 MB.
INFO: [HLS 200-111] Finished Architecture Synthesis: CPU user time: 2.79 seconds. CPU system time: 0.04 seconds. Elapsed time: 2.83 seconds; current allocated memory: 448.332 MB.
INFO: [HLS 200-10] Starting hardware synthesis ...
INFO: [HLS 200-10] Synthesizing 'mine' ...
INFO: [HLS 200-10] ----------------------------------------------------------------
INFO: [HLS 200-42] -- Implementing module 'mine_Pipeline_VITIS_LOOP_286_1' 
INFO: [HLS 200-10] ----------------------------------------------------------------
INFO: [SCHED 204-11] Starting scheduling ...
INFO: [SCHED 204-61] Pipelining loop 'VITIS_LOOP_286_1'.
INFO: [HLS 200-1470] Pipelining result : Target II = NA, Final II = 1, Depth = 3, loop 'VITIS_LOOP_286_1'
INFO: [SCHED 204-11] Finished scheduling.
INFO: [HLS 200-111] Finished Scheduling: CPU user time: 0.04 seconds. CPU system time: 0.02 seconds. Elapsed time: 0.07 seconds; current allocated memory: 448.332 MB.
INFO: [BIND 205-100] Starting micro-architecture generation ...
INFO: [BIND 205-101] Performing variable lifetime analysis.
INFO: [BIND 205-101] Exploring resource sharing.
INFO: [BIND 205-101] Binding ...
INFO: [BIND 205-100] Finished micro-architecture generation.
INFO: [HLS 200-111] Finished Binding: CPU user time: 0.01 seconds. CPU system time: 0.01 seconds. Elapsed time: 0.01 seconds; current allocated memory: 448.332 MB.
INFO: [HLS 200-10] ----------------------------------------------------------------
INFO: [HLS 200-42] -- Implementing module 'mine_Pipeline_VITIS_LOOP_288_2' 
INFO: [HLS 200-10] ----------------------------------------------------------------
INFO: [SCHED 204-11] Starting scheduling ...
INFO: [SCHED 204-61] Pipelining loop 'VITIS_LOOP_288_2'.
INFO: [HLS 200-1470] Pipelining result : Target II = NA, Final II = 1, Depth = 2, loop 'VITIS_LOOP_288_2'
INFO: [SCHED 204-11] Finished scheduling.
INFO: [HLS 200-111] Finished Scheduling: CPU user time: 0.01 seconds. CPU system time: 0 seconds. Elapsed time: 0.02 seconds; current allocated memory: 448.332 MB.
INFO: [BIND 205-100] Starting micro-architecture generation ...
INFO: [BIND 205-101] Performing variable lifetime analysis.
INFO: [BIND 205-101] Exploring resource sharing.
INFO: [BIND 205-101] Binding ...
INFO: [BIND 205-100] Finished micro-architecture generation.
INFO: [HLS 200-111] Finished Binding: CPU user time: 0.01 seconds. CPU system time: 0 seconds. Elapsed time: 0.01 seconds; current allocated memory: 448.332 MB.
INFO: [HLS 200-10] ----------------------------------------------------------------
INFO: [HLS 200-42] -- Implementing module 'mine_Pipeline_VITIS_LOOP_119_1' 
INFO: [HLS 200-10] ----------------------------------------------------------------
INFO: [SCHED 204-11] Starting scheduling ...
INFO: [SCHED 204-61] Pipelining loop 'VITIS_LOOP_119_1'.
INFO: [HLS 200-1470] Pipelining result : Target II = NA, Final II = 1, Depth = 2, loop 'VITIS_LOOP_119_1'
INFO: [SCHED 204-11] Finished scheduling.
INFO: [HLS 200-111] Finished Scheduling: CPU user time: 0.01 seconds. CPU system time: 0 seconds. Elapsed time: 0.01 seconds; current allocated memory: 448.332 MB.
INFO: [BIND 205-100] Starting micro-architecture generation ...
INFO: [BIND 205-101] Performing variable lifetime analysis.
INFO: [BIND 205-101] Exploring resource sharing.
INFO: [BIND 205-101] Binding ...
INFO: [BIND 205-100] Finished micro-architecture generation.
INFO: [HLS 200-111] Finished Binding: CPU user time: 0.01 seconds. CPU system time: 0 seconds. Elapsed time: 0.01 seconds; current allocated memory: 448.332 MB.
INFO: [HLS 200-10] ----------------------------------------------------------------
INFO: [HLS 200-42] -- Implementing module 'mine_Pipeline_VITIS_LOOP_123_2' 
INFO: [HLS 200-10] ----------------------------------------------------------------
INFO: [SCHED 204-11] Starting scheduling ...
INFO: [SCHED 204-61] Pipelining loop 'VITIS_LOOP_123_2'.
INFO: [HLS 200-1470] Pipelining result : Target II = NA, Final II = 1, Depth = 2, loop 'VITIS_LOOP_123_2'
INFO: [SCHED 204-11] Finished scheduling.
INFO: [HLS 200-111] Finished Scheduling: CPU user time: 0.01 seconds. CPU system time: 0 seconds. Elapsed time: 0.01 seconds; current allocated memory: 448.332 MB.
INFO: [BIND 205-100] Starting micro-architecture generation ...
INFO: [BIND 205-101] Performing variable lifetime analysis.
INFO: [BIND 205-101] Exploring resource sharing.
INFO: [BIND 205-101] Binding ...
INFO: [BIND 205-100] Finished micro-architecture generation.
INFO: [HLS 200-111] Finished Binding: CPU user time: 0.01 seconds. CPU system time: 0 seconds. Elapsed time: 0.01 seconds; current allocated memory: 448.332 MB.
INFO: [HLS 200-10] ----------------------------------------------------------------
INFO: [HLS 200-42] -- Implementing module 'sha256_compress_compact_Pipeline_VITIS_LOOP_40_1' 
INFO: [HLS 200-10] ----------------------------------------------------------------
INFO: [SCHED 204-11] Starting scheduling ...
INFO: [HLS 200-1457] Automatically inferring inferring RAM_1WNR storage type for array 'w_3'. Use bind_storage pragma to override this type.
INFO: [HLS 200-1457] Automatically inferring inferring RAM_1WNR storage type for array 'w'. Use bind_storage pragma to override this type.
INFO: [HLS 200-1457] Automatically inferring inferring RAM_1WNR storage type for array 'w_1'. Use bind_storage pragma to override this type.
INFO: [HLS 200-1457] Automatically inferring inferring RAM_1WNR storage type for array 'w_2'. Use bind_storage pragma to override this type.
INFO: [SCHED 204-61] Pipelining loop 'VITIS_LOOP_40_1'.
INFO: [HLS 200-1470] Pipelining result : Target II = NA, Final II = 1, Depth = 2, loop 'VITIS_LOOP_40_1'
INFO: [SCHED 204-11] Finished scheduling.
INFO: [HLS 200-111] Finished Scheduling: CPU user time: 0.02 seconds. CPU system time: 0.01 seconds. Elapsed time: 0.02 seconds; current allocated memory: 448.332 MB.
INFO: [BIND 205-100] Starting micro-architecture generation ...
INFO: [BIND 205-101] Performing variable lifetime analysis.
INFO: [BIND 205-101] Exploring resource sharing.
INFO: [BIND 205-101] Binding ...
INFO: [BIND 205-100] Finished micro-architecture generation.
INFO: [HLS 200-111] Finished Binding: CPU user time: 0.01 seconds. CPU system time: 0 seconds. Elapsed time: 0 seconds; current allocated memory: 448.332 MB.
INFO: [HLS 200-10] ----------------------------------------------------------------
INFO: [HLS 200-42] -- Implementing module 'sha256_compress_compact_Pipeline_VITIS_LOOP_47_2' 
INFO: [HLS 200-10] ----------------------------------------------------------------
INFO: [SCHED 204-11] Starting scheduling ...
INFO: [HLS 200-1457] Automatically inferring inferring RAM_1WNR storage type for array 'w_3'. Use bind_storage pragma to override this type.
INFO: [HLS 200-1457] Automatically inferring inferring RAM_1WNR storage type for array 'w'. Use bind_storage pragma to override this type.
INFO: [HLS 200-1457] Automatically inferring inferring RAM_1WNR storage type for array 'w_1'. Use bind_storage pragma to override this type.
INFO: [HLS 200-1457] Automatically inferring inferring RAM_1WNR storage type for array 'w_2'. Use bind_storage pragma to override this type.
INFO: [SCHED 204-61] Pipelining loop 'VITIS_LOOP_47_2'.
INFO: [HLS 200-1470] Pipelining result : Target II = NA, Final II = 1, Depth = 3, loop 'VITIS_LOOP_47_2'
INFO: [SCHED 204-11] Finished scheduling.
INFO: [HLS 200-111] Finished Scheduling: CPU user time: 0.03 seconds. CPU system time: 0 seconds. Elapsed time: 0.03 seconds; current allocated memory: 448.332 MB.
INFO: [BIND 205-100] Starting micro-architecture generation ...
INFO: [BIND 205-101] Performing variable lifetime analysis.
INFO: [BIND 205-101] Exploring resource sharing.
INFO: [BIND 205-101] Binding ...
INFO: [BIND 205-100] Finished micro-architecture generation.
INFO: [HLS 200-111] Finished Binding: CPU user time: 0.02 seconds. CPU system time: 0 seconds. Elapsed time: 0.02 seconds; current allocated memory: 448.332 MB.
INFO: [HLS 200-10] ----------------------------------------------------------------
INFO: [HLS 200-42] -- Implementing module 'sha256_compress_compact_Pipeline_VITIS_LOOP_56_3' 
INFO: [HLS 200-10] ----------------------------------------------------------------
INFO: [SCHED 204-11] Starting scheduling ...
INFO: [HLS 200-1457] Automatically inferring inferring RAM_1WNR storage type for array 'w_3'. Use bind_storage pragma to override this type.
INFO: [HLS 200-1457] Automatically inferring inferring RAM_1WNR storage type for array 'w_2'. Use bind_storage pragma to override this type.
INFO: [HLS 200-1457] Automatically inferring inferring RAM_1WNR storage type for array 'w_1'. Use bind_storage pragma to override this type.
INFO: [HLS 200-1457] Automatically inferring inferring RAM_1WNR storage type for array 'w'. Use bind_storage pragma to override this type.
INFO: [SCHED 204-61] Pipelining loop 'VITIS_LOOP_56_3'.
INFO: [HLS 200-1470] Pipelining result : Target II = 1, Final II = 1, Depth = 2, loop 'VITIS_LOOP_56_3'
INFO: [SCHED 204-11] Finished scheduling.
INFO: [HLS 200-111] Finished Scheduling: CPU user time: 0.03 seconds. CPU system time: 0 seconds. Elapsed time: 0.03 seconds; current allocated memory: 448.332 MB.
INFO: [BIND 205-100] Starting micro-architecture generation ...
INFO: [BIND 205-101] Performing variable lifetime analysis.
INFO: [BIND 205-101] Exploring resource sharing.
INFO: [BIND 205-101] Binding ...
INFO: [BIND 205-100] Finished micro-architecture generation.
INFO: [HLS 200-111] Finished Binding: CPU user time: 0.02 seconds. CPU system time: 0 seconds. Elapsed time: 0.02 seconds; current allocated memory: 448.332 MB.
INFO: [HLS 200-10] ----------------------------------------------------------------
INFO: [HLS 200-42] -- Implementing module 'sha256_compress_compact' 
INFO: [HLS 200-10] ----------------------------------------------------------------
INFO: [SCHED 204-11] Starting scheduling ...
INFO: [SCHED 204-11] Finished scheduling.
INFO: [HLS 200-111] Finished Scheduling: CPU user time: 0.02 seconds. CPU system time: 0 seconds. Elapsed time: 0.02 seconds; current allocated memory: 448.332 MB.
INFO: [BIND 205-100] Starting micro-architecture generation ...
INFO: [BIND 205-101] Performing variable lifetime analysis.
INFO: [BIND 205-101] Exploring resource sharing.
INFO: [BIND 205-101] Binding ...
INFO: [BIND 205-100] Finished micro-architecture generation.
INFO: [HLS 200-111] Finished Binding: CPU user time: 0.01 seconds. CPU system time: 0 seconds. Elapsed time: 0.01 seconds; current allocated memory: 448.332 MB.
INFO: [HLS 200-10] ----------------------------------------------------------------
INFO: [HLS 200-42] -- Implementing module 'sha256_compress' 
INFO: [HLS 200-10] ----------------------------------------------------------------
INFO: [SCHED 204-11] Starting scheduling ...
INFO: [SCHED 204-61] Pipelining function 'sha256_compress'.
INFO: [HLS 200-1470] Pipelining result : Target II = NA, Final II = 1, Depth = 27, function 'sha256_compress'
INFO: [SCHED 204-11] Finished scheduling.
INFO: [HLS 200-111] Finished Scheduling: CPU user time: 3.53 seconds. CPU system time: 0.08 seconds. Elapsed time: 3.61 seconds; current allocated memory: 600.484 MB.
INFO: [BIND 205-100] Starting micro-architecture generation ...
INFO: [BIND 205-101] Performing variable lifetime analysis.
INFO: [BIND 205-101] Exploring resource sharing.
INFO: [BIND 205-101] Binding ...
INFO: [BIND 205-100] Finished micro-architecture generation.
INFO: [HLS 200-111] Finished Binding: CPU user time: 0.26 seconds. CPU system time: 0 seconds. Elapsed time: 0.27 seconds; current allocated memory: 600.484 MB.
INFO: [HLS 200-10] ----------------------------------------------------------------
INFO: [HLS 200-42] -- Implementing module 'sha256d_from_midstate' 
INFO: [HLS 200-10] ----------------------------------------------------------------
INFO: [SCHED 204-11] Starting scheduling ...
INFO: [SCHED 204-61] Pipelining function 'sha256d_from_midstate'.
WARNING: [HLS 200-448] Lower bound of II is 8 due to multiple 'load' operation 8 bit ('block', dylan-hls/mine.cpp:150) on array 'header_tail', 'load' operation 8 bit ('block', dylan-hls/mine.cpp:150) on array 'header_tail', 'load' operation 8 bit ('block', dylan-hls/mine.cpp:150) on array 'header_tail', 'load' operation 8 bit ('block', dylan-hls/mine.cpp:150) on array 'header_tail', 'load' operation 8 bit ('block', dylan-hls/mine.cpp:150) on array 'header_tail', 'load' operation 8 bit ('block', dylan-hls/mine.cpp:150) on array 'header_tail', 'load' operation 8 bit ('block', dylan-hls/mine.cpp:150) on array 'header_tail', 'load' operation 8 bit ('block', dylan-hls/mine.cpp:150) on array 'header_tail', 'load' operation 8 bit ('block', dylan-hls/mine.cpp:150) on array 'header_tail', 'load' operation 8 bit ('block', dylan-hls/mine.cpp:150) on array 'header_tail', 'load' operation 8 bit ('block', dylan-hls/mine.cpp:150) on array 'header_tail', 'load' operation 8 bit ('block', dylan-hls/mine.cpp:150) on array 'header_tail', 'load' operation 8 bit ('block', dylan-hls/mine.cpp:150) on array 'header_tail', 'load' operation 8 bit ('block', dylan-hls/mine.cpp:150) on array 'header_tail', 'load' operation 8 bit ('block', dylan-hls/mine.cpp:150) on array 'header_tail', 'load' operation 8 bit ('block', dylan-hls/mine.cpp:150) on array 'header_tail' accessing core:RAM:header_tail
INFO: [HLS 200-1470] Pipelining result : Target II = NA, Final II = 8, Depth = 65, function 'sha256d_from_midstate'
INFO: [SCHED 204-11] Finished scheduling.
INFO: [HLS 200-111] Finished Scheduling: CPU user time: 0.2 seconds. CPU system time: 0.02 seconds. Elapsed time: 0.21 seconds; current allocated memory: 600.484 MB.
INFO: [BIND 205-100] Starting micro-architecture generation ...
INFO: [BIND 205-101] Performing variable lifetime analysis.
INFO: [BIND 205-101] Exploring resource sharing.
INFO: [BIND 205-101] Binding ...
INFO: [BIND 205-100] Starting global binding ...
INFO: [BIND 205-100] Finished micro-architecture generation.
INFO: [HLS 200-111] Finished Binding: CPU user time: 0.03 seconds. CPU system time: 0 seconds. Elapsed time: 0.04 seconds; current allocated memory: 600.484 MB.
INFO: [HLS 200-10] ----------------------------------------------------------------
INFO: [HLS 200-42] -- Implementing module 'mine_Pipeline_VITIS_LOOP_297_3' 
INFO: [HLS 200-10] ----------------------------------------------------------------
INFO: [SCHED 204-11] Starting scheduling ...
INFO: [SCHED 204-61] Pipelining loop 'VITIS_LOOP_297_3'.
WARNING: [HLS 200-448] Lower bound of II is 2 due to multiple 'store' operation ('hdr_addr_write_ln301', dylan-hls/mine.cpp:301) of variable 'trunc_ln301', dylan-hls/mine.cpp:301 8 bit on array 'hdr', 'store' operation ('hdr_addr_1_write_ln302', dylan-hls/mine.cpp:302) of variable 'trunc_ln7', dylan-hls/mine.cpp:302 8 bit on array 'hdr', 'store' operation ('hdr_addr_2_write_ln303', dylan-hls/mine.cpp:303) of variable 'trunc_ln8', dylan-hls/mine.cpp:303 8 bit on array 'hdr', 'store' operation ('hdr_addr_3_write_ln304', dylan-hls/mine.cpp:304) of variable 'trunc_ln9', dylan-hls/mine.cpp:304 8 bit on array 'hdr' accessing core:RAM:hdr
WARNING: [HLS 200-875] II = 9 is infeasible due to multiple pipeline iteration latency = 65 and incompatible II = 8 of 'call' operation 256 bit ('call_ret', dylan-hls/mine.cpp:308) to 'sha256d_from_midstate'.
Resolution: For help on HLS 200-875 see docs.amd.com/access/sources/dita/topic?Doc_Version=2025.2%20English&url=ug1448-hls-guidance&resourceid=200-875.html
WARNING: [HLS 200-875] II = 10 is infeasible due to multiple pipeline iteration latency = 65 and incompatible II = 8 of 'call' operation 256 bit ('call_ret', dylan-hls/mine.cpp:308) to 'sha256d_from_midstate'.
Resolution: For help on HLS 200-875 see docs.amd.com/access/sources/dita/topic?Doc_Version=2025.2%20English&url=ug1448-hls-guidance&resourceid=200-875.html
WARNING: [HLS 200-875] II = 11 is infeasible due to multiple pipeline iteration latency = 65 and incompatible II = 8 of 'call' operation 256 bit ('call_ret', dylan-hls/mine.cpp:308) to 'sha256d_from_midstate'.
Resolution: For help on HLS 200-875 see docs.amd.com/access/sources/dita/topic?Doc_Version=2025.2%20English&url=ug1448-hls-guidance&resourceid=200-875.html
WARNING: [HLS 200-875] II = 12 is infeasible due to multiple pipeline iteration latency = 65 and incompatible II = 8 of 'call' operation 256 bit ('call_ret', dylan-hls/mine.cpp:308) to 'sha256d_from_midstate'.
Resolution: For help on HLS 200-875 see docs.amd.com/access/sources/dita/topic?Doc_Version=2025.2%20English&url=ug1448-hls-guidance&resourceid=200-875.html
WARNING: [HLS 200-875] II = 13 is infeasible due to multiple pipeline iteration latency = 65 and incompatible II = 8 of 'call' operation 256 bit ('call_ret', dylan-hls/mine.cpp:308) to 'sha256d_from_midstate'.
Resolution: For help on HLS 200-875 see docs.amd.com/access/sources/dita/topic?Doc_Version=2025.2%20English&url=ug1448-hls-guidance&resourceid=200-875.html
WARNING: [HLS 200-875] II = 14 is infeasible due to multiple pipeline iteration latency = 65 and incompatible II = 8 of 'call' operation 256 bit ('call_ret', dylan-hls/mine.cpp:308) to 'sha256d_from_midstate'.
Resolution: For help on HLS 200-875 see docs.amd.com/access/sources/dita/topic?Doc_Version=2025.2%20English&url=ug1448-hls-guidance&resourceid=200-875.html
WARNING: [HLS 200-875] II = 15 is infeasible due to multiple pipeline iteration latency = 65 and incompatible II = 8 of 'call' operation 256 bit ('call_ret', dylan-hls/mine.cpp:308) to 'sha256d_from_midstate'.
Resolution: For help on HLS 200-875 see docs.amd.com/access/sources/dita/topic?Doc_Version=2025.2%20English&url=ug1448-hls-guidance&resourceid=200-875.html
WARNING: [HLS 200-875] II = 17 is infeasible due to multiple pipeline iteration latency = 65 and incompatible II = 8 of 'call' operation 256 bit ('call_ret', dylan-hls/mine.cpp:308) to 'sha256d_from_midstate'.
Resolution: For help on HLS 200-875 see docs.amd.com/access/sources/dita/topic?Doc_Version=2025.2%20English&url=ug1448-hls-guidance&resourceid=200-875.html
WARNING: [HLS 200-875] II = 18 is infeasible due to multiple pipeline iteration latency = 65 and incompatible II = 8 of 'call' operation 256 bit ('call_ret', dylan-hls/mine.cpp:308) to 'sha256d_from_midstate'.
Resolution: For help on HLS 200-875 see docs.amd.com/access/sources/dita/topic?Doc_Version=2025.2%20English&url=ug1448-hls-guidance&resourceid=200-875.html
WARNING: [HLS 200-875] II = 19 is infeasible due to multiple pipeline iteration latency = 65 and incompatible II = 8 of 'call' operation 256 bit ('call_ret', dylan-hls/mine.cpp:308) to 'sha256d_from_midstate'.
Resolution: For help on HLS 200-875 see docs.amd.com/access/sources/dita/topic?Doc_Version=2025.2%20English&url=ug1448-hls-guidance&resourceid=200-875.html
WARNING: [HLS 200-875] II = 20 is infeasible due to multiple pipeline iteration latency = 65 and incompatible II = 8 of 'call' operation 256 bit ('call_ret', dylan-hls/mine.cpp:308) to 'sha256d_from_midstate'.
Resolution: For help on HLS 200-875 see docs.amd.com/access/sources/dita/topic?Doc_Version=2025.2%20English&url=ug1448-hls-guidance&resourceid=200-875.html
WARNING: [HLS 200-875] II = 21 is infeasible due to multiple pipeline iteration latency = 65 and incompatible II = 8 of 'call' operation 256 bit ('call_ret', dylan-hls/mine.cpp:308) to 'sha256d_from_midstate'.
Resolution: For help on HLS 200-875 see docs.amd.com/access/sources/dita/topic?Doc_Version=2025.2%20English&url=ug1448-hls-guidance&resourceid=200-875.html
WARNING: [HLS 200-875] II = 22 is infeasible due to multiple pipeline iteration latency = 65 and incompatible II = 8 of 'call' operation 256 bit ('call_ret', dylan-hls/mine.cpp:308) to 'sha256d_from_midstate'.
Resolution: For help on HLS 200-875 see docs.amd.com/access/sources/dita/topic?Doc_Version=2025.2%20English&url=ug1448-hls-guidance&resourceid=200-875.html
WARNING: [HLS 200-875] II = 23 is infeasible due to multiple pipeline iteration latency = 65 and incompatible II = 8 of 'call' operation 256 bit ('call_ret', dylan-hls/mine.cpp:308) to 'sha256d_from_midstate'.
Resolution: For help on HLS 200-875 see docs.amd.com/access/sources/dita/topic?Doc_Version=2025.2%20English&url=ug1448-hls-guidance&resourceid=200-875.html
WARNING: [HLS 200-875] II = 25 is infeasible due to multiple pipeline iteration latency = 65 and incompatible II = 8 of 'call' operation 256 bit ('call_ret', dylan-hls/mine.cpp:308) to 'sha256d_from_midstate'.
Resolution: For help on HLS 200-875 see docs.amd.com/access/sources/dita/topic?Doc_Version=2025.2%20English&url=ug1448-hls-guidance&resourceid=200-875.html
WARNING: [HLS 200-875] II = 26 is infeasible due to multiple pipeline iteration latency = 65 and incompatible II = 8 of 'call' operation 256 bit ('call_ret', dylan-hls/mine.cpp:308) to 'sha256d_from_midstate'.
Resolution: For help on HLS 200-875 see docs.amd.com/access/sources/dita/topic?Doc_Version=2025.2%20English&url=ug1448-hls-guidance&resourceid=200-875.html
WARNING: [HLS 200-875] II = 27 is infeasible due to multiple pipeline iteration latency = 65 and incompatible II = 8 of 'call' operation 256 bit ('call_ret', dylan-hls/mine.cpp:308) to 'sha256d_from_midstate'.
Resolution: For help on HLS 200-875 see docs.amd.com/access/sources/dita/topic?Doc_Version=2025.2%20English&url=ug1448-hls-guidance&resourceid=200-875.html
WARNING: [HLS 200-875] II = 28 is infeasible due to multiple pipeline iteration latency = 65 and incompatible II = 8 of 'call' operation 256 bit ('call_ret', dylan-hls/mine.cpp:308) to 'sha256d_from_midstate'.
Resolution: For help on HLS 200-875 see docs.amd.com/access/sources/dita/topic?Doc_Version=2025.2%20English&url=ug1448-hls-guidance&resourceid=200-875.html
WARNING: [HLS 200-875] II = 29 is infeasible due to multiple pipeline iteration latency = 65 and incompatible II = 8 of 'call' operation 256 bit ('call_ret', dylan-hls/mine.cpp:308) to 'sha256d_from_midstate'.
Resolution: For help on HLS 200-875 see docs.amd.com/access/sources/dita/topic?Doc_Version=2025.2%20English&url=ug1448-hls-guidance&resourceid=200-875.html
WARNING: [HLS 200-875] II = 30 is infeasible due to multiple pipeline iteration latency = 65 and incompatible II = 8 of 'call' operation 256 bit ('call_ret', dylan-hls/mine.cpp:308) to 'sha256d_from_midstate'.
Resolution: For help on HLS 200-875 see docs.amd.com/access/sources/dita/topic?Doc_Version=2025.2%20English&url=ug1448-hls-guidance&resourceid=200-875.html
WARNING: [HLS 200-875] II = 31 is infeasible due to multiple pipeline iteration latency = 65 and incompatible II = 8 of 'call' operation 256 bit ('call_ret', dylan-hls/mine.cpp:308) to 'sha256d_from_midstate'.
Resolution: For help on HLS 200-875 see docs.amd.com/access/sources/dita/topic?Doc_Version=2025.2%20English&url=ug1448-hls-guidance&resourceid=200-875.html
WARNING: [HLS 200-875] II = 33 is infeasible due to multiple pipeline iteration latency = 65 and incompatible II = 8 of 'call' operation 256 bit ('call_ret', dylan-hls/mine.cpp:308) to 'sha256d_from_midstate'.
Resolution: For help on HLS 200-875 see docs.amd.com/access/sources/dita/topic?Doc_Version=2025.2%20English&url=ug1448-hls-guidance&resourceid=200-875.html
WARNING: [HLS 200-875] II = 34 is infeasible due to multiple pipeline iteration latency = 65 and incompatible II = 8 of 'call' operation 256 bit ('call_ret', dylan-hls/mine.cpp:308) to 'sha256d_from_midstate'.
Resolution: For help on HLS 200-875 see docs.amd.com/access/sources/dita/topic?Doc_Version=2025.2%20English&url=ug1448-hls-guidance&resourceid=200-875.html
WARNING: [HLS 200-875] II = 35 is infeasible due to multiple pipeline iteration latency = 65 and incompatible II = 8 of 'call' operation 256 bit ('call_ret', dylan-hls/mine.cpp:308) to 'sha256d_from_midstate'.
Resolution: For help on HLS 200-875 see docs.amd.com/access/sources/dita/topic?Doc_Version=2025.2%20English&url=ug1448-hls-guidance&resourceid=200-875.html
WARNING: [HLS 200-875] II = 36 is infeasible due to multiple pipeline iteration latency = 65 and incompatible II = 8 of 'call' operation 256 bit ('call_ret', dylan-hls/mine.cpp:308) to 'sha256d_from_midstate'.
Resolution: For help on HLS 200-875 see docs.amd.com/access/sources/dita/topic?Doc_Version=2025.2%20English&url=ug1448-hls-guidance&resourceid=200-875.html
WARNING: [HLS 200-875] II = 37 is infeasible due to multiple pipeline iteration latency = 65 and incompatible II = 8 of 'call' operation 256 bit ('call_ret', dylan-hls/mine.cpp:308) to 'sha256d_from_midstate'.
Resolution: For help on HLS 200-875 see docs.amd.com/access/sources/dita/topic?Doc_Version=2025.2%20English&url=ug1448-hls-guidance&resourceid=200-875.html
WARNING: [HLS 200-875] II = 38 is infeasible due to multiple pipeline iteration latency = 65 and incompatible II = 8 of 'call' operation 256 bit ('call_ret', dylan-hls/mine.cpp:308) to 'sha256d_from_midstate'.
Resolution: For help on HLS 200-875 see docs.amd.com/access/sources/dita/topic?Doc_Version=2025.2%20English&url=ug1448-hls-guidance&resourceid=200-875.html
WARNING: [HLS 200-875] II = 39 is infeasible due to multiple pipeline iteration latency = 65 and incompatible II = 8 of 'call' operation 256 bit ('call_ret', dylan-hls/mine.cpp:308) to 'sha256d_from_midstate'.
Resolution: For help on HLS 200-875 see docs.amd.com/access/sources/dita/topic?Doc_Version=2025.2%20English&url=ug1448-hls-guidance&resourceid=200-875.html
WARNING: [HLS 200-885] The II Violation in module 'mine_Pipeline_VITIS_LOOP_297_3' (loop 'VITIS_LOOP_297_3'): Unable to schedule 'store' operation ('hdr_addr_2_write_ln303', dylan-hls/mine.cpp:303) of variable 'trunc_ln8', dylan-hls/mine.cpp:303 8 bit on array 'hdr' due to limited memory ports (II = 66). Please consider using a memory core with more ports or partitioning the array 'hdr'.
Resolution: For help on HLS 200-885 see docs.amd.com/access/sources/dita/topic?Doc_Version=2025.2%20English&url=ug1448-hls-guidance&resourceid=200-885.html
INFO: [HLS 200-1470] Pipelining result : Target II = NA, Final II = 67, Depth = 67, loop 'VITIS_LOOP_297_3'
INFO: [SCHED 204-11] Finished scheduling.
INFO: [HLS 200-111] Finished Scheduling: CPU user time: 0.19 seconds. CPU system time: 0 seconds. Elapsed time: 0.19 seconds; current allocated memory: 600.484 MB.
INFO: [BIND 205-100] Starting micro-architecture generation ...
INFO: [BIND 205-101] Performing variable lifetime analysis.
INFO: [BIND 205-101] Exploring resource sharing.
INFO: [BIND 205-101] Binding ...
INFO: [BIND 205-100] Finished micro-architecture generation.
INFO: [HLS 200-111] Finished Binding: CPU user time: 0.05 seconds. CPU system time: 0 seconds. Elapsed time: 0.05 seconds; current allocated memory: 600.484 MB.
INFO: [HLS 200-10] ----------------------------------------------------------------
INFO: [HLS 200-42] -- Implementing module 'mine' 
INFO: [HLS 200-10] ----------------------------------------------------------------
INFO: [SCHED 204-11] Starting scheduling ...
INFO: [SCHED 204-11] Finished scheduling.
INFO: [HLS 200-111] Finished Scheduling: CPU user time: 0.09 seconds. CPU system time: 0 seconds. Elapsed time: 0.09 seconds; current allocated memory: 600.484 MB.
INFO: [BIND 205-100] Starting micro-architecture generation ...
INFO: [BIND 205-101] Performing variable lifetime analysis.
INFO: [BIND 205-101] Exploring resource sharing.
INFO: [BIND 205-101] Binding ...
INFO: [BIND 205-100] Finished micro-architecture generation.
INFO: [HLS 200-111] Finished Binding: CPU user time: 0.06 seconds. CPU system time: 0 seconds. Elapsed time: 0.07 seconds; current allocated memory: 600.484 MB.
INFO: [HLS 200-10] ----------------------------------------------------------------
INFO: [HLS 200-10] -- Generating RTL for module 'mine_Pipeline_VITIS_LOOP_286_1' 
INFO: [HLS 200-10] ----------------------------------------------------------------
INFO: [HLS 200-1030] Apply Unified Pipeline Control on module 'mine_Pipeline_VITIS_LOOP_286_1' pipeline 'VITIS_LOOP_286_1' pipeline type 'loop pipeline'
WARNING: [RTGEN 206-101] Setting dangling out port 'mine_Pipeline_VITIS_LOOP_286_1/m_axi_gmem0_0_ARVALID' to 0.
WARNING: [RTGEN 206-101] Setting dangling out port 'mine_Pipeline_VITIS_LOOP_286_1/m_axi_gmem0_0_ARADDR' to 0.
WARNING: [RTGEN 206-101] Setting dangling out port 'mine_Pipeline_VITIS_LOOP_286_1/m_axi_gmem0_0_ARID' to 0.
WARNING: [RTGEN 206-101] Setting dangling out port 'mine_Pipeline_VITIS_LOOP_286_1/m_axi_gmem0_0_ARLEN' to 0.
WARNING: [RTGEN 206-101] Setting dangling out port 'mine_Pipeline_VITIS_LOOP_286_1/m_axi_gmem0_0_ARSIZE' to 0.
WARNING: [RTGEN 206-101] Setting dangling out port 'mine_Pipeline_VITIS_LOOP_286_1/m_axi_gmem0_0_ARBURST' to 0.
WARNING: [RTGEN 206-101] Setting dangling out port 'mine_Pipeline_VITIS_LOOP_286_1/m_axi_gmem0_0_ARLOCK' to 0.
WARNING: [RTGEN 206-101] Setting dangling out port 'mine_Pipeline_VITIS_LOOP_286_1/m_axi_gmem0_0_ARCACHE' to 0.
WARNING: [RTGEN 206-101] Setting dangling out port 'mine_Pipeline_VITIS_LOOP_286_1/m_axi_gmem0_0_ARPROT' to 0.
WARNING: [RTGEN 206-101] Setting dangling out port 'mine_Pipeline_VITIS_LOOP_286_1/m_axi_gmem0_0_ARQOS' to 0.
WARNING: [RTGEN 206-101] Setting dangling out port 'mine_Pipeline_VITIS_LOOP_286_1/m_axi_gmem0_0_ARREGION' to 0.
WARNING: [RTGEN 206-101] Setting dangling out port 'mine_Pipeline_VITIS_LOOP_286_1/m_axi_gmem0_0_ARUSER' to 0.
INFO: [RTGEN 206-100] Finished creating RTL model for 'mine_Pipeline_VITIS_LOOP_286_1'.
INFO: [HLS 200-111] Finished Creating RTL model: CPU user time: 0.08 seconds. CPU system time: 0 seconds. Elapsed time: 0.08 seconds; current allocated memory: 600.484 MB.
INFO: [HLS 200-10] ----------------------------------------------------------------
INFO: [HLS 200-10] -- Generating RTL for module 'mine_Pipeline_VITIS_LOOP_288_2' 
INFO: [HLS 200-10] ----------------------------------------------------------------
INFO: [HLS 200-1030] Apply Unified Pipeline Control on module 'mine_Pipeline_VITIS_LOOP_288_2' pipeline 'VITIS_LOOP_288_2' pipeline type 'loop pipeline'
INFO: [RTGEN 206-100] Finished creating RTL model for 'mine_Pipeline_VITIS_LOOP_288_2'.
INFO: [HLS 200-111] Finished Creating RTL model: CPU user time: 0.04 seconds. CPU system time: 0.01 seconds. Elapsed time: 0.04 seconds; current allocated memory: 600.484 MB.
INFO: [HLS 200-10] ----------------------------------------------------------------
INFO: [HLS 200-10] -- Generating RTL for module 'mine_Pipeline_VITIS_LOOP_119_1' 
INFO: [HLS 200-10] ----------------------------------------------------------------
INFO: [HLS 200-1030] Apply Unified Pipeline Control on module 'mine_Pipeline_VITIS_LOOP_119_1' pipeline 'VITIS_LOOP_119_1' pipeline type 'loop pipeline'
INFO: [RTGEN 206-100] Finished creating RTL model for 'mine_Pipeline_VITIS_LOOP_119_1'.
INFO: [RTMG 210-279] Implementing memory 'mine_mine_Pipeline_VITIS_LOOP_119_1_H0_ROM_AUTO_1R' using auto ROMs.
INFO: [HLS 200-111] Finished Creating RTL model: CPU user time: 0.02 seconds. CPU system time: 0 seconds. Elapsed time: 0.03 seconds; current allocated memory: 600.484 MB.
INFO: [HLS 200-10] ----------------------------------------------------------------
INFO: [HLS 200-10] -- Generating RTL for module 'mine_Pipeline_VITIS_LOOP_123_2' 
INFO: [HLS 200-10] ----------------------------------------------------------------
INFO: [HLS 200-1030] Apply Unified Pipeline Control on module 'mine_Pipeline_VITIS_LOOP_123_2' pipeline 'VITIS_LOOP_123_2' pipeline type 'loop pipeline'
INFO: [RTGEN 206-100] Finished creating RTL model for 'mine_Pipeline_VITIS_LOOP_123_2'.
INFO: [HLS 200-111] Finished Creating RTL model: CPU user time: 0.03 seconds. CPU system time: 0 seconds. Elapsed time: 0.03 seconds; current allocated memory: 600.484 MB.
INFO: [HLS 200-10] ----------------------------------------------------------------
INFO: [HLS 200-10] -- Generating RTL for module 'sha256_compress_compact_Pipeline_VITIS_LOOP_40_1' 
INFO: [HLS 200-10] ----------------------------------------------------------------
INFO: [HLS 200-1030] Apply Unified Pipeline Control on module 'sha256_compress_compact_Pipeline_VITIS_LOOP_40_1' pipeline 'VITIS_LOOP_40_1' pipeline type 'loop pipeline'
INFO: [RTGEN 206-100] Finished creating RTL model for 'sha256_compress_compact_Pipeline_VITIS_LOOP_40_1'.
INFO: [HLS 200-111] Finished Creating RTL model: CPU user time: 0.02 seconds. CPU system time: 0.01 seconds. Elapsed time: 0.03 seconds; current allocated memory: 600.484 MB.
INFO: [HLS 200-10] ----------------------------------------------------------------
INFO: [HLS 200-10] -- Generating RTL for module 'sha256_compress_compact_Pipeline_VITIS_LOOP_47_2' 
INFO: [HLS 200-10] ----------------------------------------------------------------
INFO: [HLS 200-1030] Apply Unified Pipeline Control on module 'sha256_compress_compact_Pipeline_VITIS_LOOP_47_2' pipeline 'VITIS_LOOP_47_2' pipeline type 'loop pipeline'
INFO: [RTGEN 206-100] Generating core module 'sparsemux_9_2_32_1_1': 4 instance(s).
INFO: [RTGEN 206-100] Finished creating RTL model for 'sha256_compress_compact_Pipeline_VITIS_LOOP_47_2'.
INFO: [HLS 200-111] Finished Creating RTL model: CPU user time: 0.04 seconds. CPU system time: 0 seconds. Elapsed time: 0.04 seconds; current allocated memory: 600.484 MB.
INFO: [HLS 200-10] ----------------------------------------------------------------
INFO: [HLS 200-10] -- Generating RTL for module 'sha256_compress_compact_Pipeline_VITIS_LOOP_56_3' 
INFO: [HLS 200-10] ----------------------------------------------------------------
INFO: [HLS 200-1030] Apply Unified Pipeline Control on module 'sha256_compress_compact_Pipeline_VITIS_LOOP_56_3' pipeline 'VITIS_LOOP_56_3' pipeline type 'loop pipeline'
INFO: [RTGEN 206-100] Generating core module 'sparsemux_9_2_32_1_1': 1 instance(s).
INFO: [RTGEN 206-100] Finished creating RTL model for 'sha256_compress_compact_Pipeline_VITIS_LOOP_56_3'.
INFO: [RTMG 210-279] Implementing memory 'mine_sha256_compress_compact_Pipeline_VITIS_LOOP_56_3_K_ROM_AUTO_1R' using auto ROMs.
INFO: [HLS 200-111] Finished Creating RTL model: CPU user time: 0.06 seconds. CPU system time: 0.01 seconds. Elapsed time: 0.07 seconds; current allocated memory: 600.484 MB.
INFO: [HLS 200-10] ----------------------------------------------------------------
INFO: [HLS 200-10] -- Generating RTL for module 'sha256_compress_compact' 
INFO: [HLS 200-10] ----------------------------------------------------------------
INFO: [RTGEN 206-100] Finished creating RTL model for 'sha256_compress_compact'.
INFO: [HLS 200-2167] Implementing memory 'mine_sha256_compress_compact_w_RAM_1WNR_AUTO_1R1W' using auto RAMs with 2 copies to ensure enough ports to satisfy II or latency constraints.
INFO: [HLS 200-111] Finished Creating RTL model: CPU user time: 0.06 seconds. CPU system time: 0.01 seconds. Elapsed time: 0.07 seconds; current allocated memory: 600.484 MB.
INFO: [HLS 200-10] ----------------------------------------------------------------
INFO: [HLS 200-10] -- Generating RTL for module 'sha256_compress' 
INFO: [HLS 200-10] ----------------------------------------------------------------
INFO: [RTGEN 206-104] Estimated max fanout for 'sha256_compress' is 27412 from HDL expression: ((1'b0 == ap_block_pp0_stage0_11001) & (1'b1 == ap_ce_reg))
INFO: [RTGEN 206-100] Finished creating RTL model for 'sha256_compress'.
INFO: [HLS 200-111] Finished Creating RTL model: CPU user time: 0.71 seconds. CPU system time: 0.01 seconds. Elapsed time: 0.72 seconds; current allocated memory: 600.484 MB.
INFO: [HLS 200-10] ----------------------------------------------------------------
INFO: [HLS 200-10] -- Generating RTL for module 'sha256d_from_midstate' 
INFO: [HLS 200-10] ----------------------------------------------------------------
INFO: [HLS 200-1030] Apply Unified Pipeline Control on module 'sha256d_from_midstate' pipeline 'sha256d_from_midstate' pipeline type 'function pipeline'
INFO: [RTGEN 206-104] Estimated max fanout for 'sha256d_from_midstate' is 28716 from HDL expression: (((1'b0 == ap_block_pp0_stage0_11001_ignoreCallOp145) & (1'b1 == ap_CS_fsm_pp0_stage0)) | ((1'b0 == ap_block_pp0_stage7_11001_ignoreCallOp144) & (1'b1 == ap_CS_fsm_pp0_stage7)) | ((1'b0 == ap_block_pp0_stage6_11001_ignoreCallOp143) & (1'b1 == ap_CS_fsm_pp0_stage6)) | ((1'b0 == ap_block_pp0_stage5_11001_ignoreCallOp142) & (1'b1 == ap_CS_fsm_pp0_stage5)) | ((1'b0 == ap_block_pp0_stage4_11001_ignoreCallOp141) & (1'b1 == ap_CS_fsm_pp0_stage4)) | ((1'b0 == ap_block_pp0_stage3_11001_ignoreCallOp140) & (1'b1 == ap_CS_fsm_pp0_stage3)) | ((1'b0 == ap_block_pp0_stage2_11001_ignoreCallOp139) & (1'b1 == ap_CS_fsm_pp0_stage2)) | ((1'b0 == ap_block_pp0_stage1_11001_ignoreCallOp138) & (1'b1 == ap_CS_fsm_pp0_stage1)))
INFO: [RTGEN 206-100] Finished creating RTL model for 'sha256d_from_midstate'.
INFO: [HLS 200-111] Finished Creating RTL model: CPU user time: 0.94 seconds. CPU system time: 0.08 seconds. Elapsed time: 1.03 seconds; current allocated memory: 621.133 MB.
INFO: [HLS 200-10] ----------------------------------------------------------------
INFO: [HLS 200-10] -- Generating RTL for module 'mine_Pipeline_VITIS_LOOP_297_3' 
INFO: [HLS 200-10] ----------------------------------------------------------------
INFO: [RTGEN 206-100] Finished creating RTL model for 'mine_Pipeline_VITIS_LOOP_297_3'.
INFO: [HLS 200-111] Finished Creating RTL model: CPU user time: 0.25 seconds. CPU system time: 0.01 seconds. Elapsed time: 0.27 seconds; current allocated memory: 621.133 MB.
INFO: [HLS 200-10] ----------------------------------------------------------------
INFO: [HLS 200-10] -- Generating RTL for module 'mine' 
INFO: [HLS 200-10] ----------------------------------------------------------------
WARNING: [RTGEN 206-101] Design contains AXI ports. Reset is fixed to synchronous and active low.
INFO: [RTGEN 206-500] Setting interface mode on port 'mine/gmem0' to 'm_axi'.
INFO: [RTGEN 206-500] Setting interface mode on port 'mine/gmem1' to 'm_axi'.
INFO: [RTGEN 206-500] Setting interface mode on port 'mine/gmem2' to 'm_axi'.
INFO: [RTGEN 206-500] Setting interface mode on port 'mine/header' to 's_axilite & ap_none'.
INFO: [RTGEN 206-500] Setting interface mode on port 'mine/target' to 's_axilite & ap_none'.
INFO: [RTGEN 206-500] Setting interface mode on port 'mine/nonce_start' to 's_axilite & ap_none'.
INFO: [RTGEN 206-500] Setting interface mode on port 'mine/nonce_count' to 's_axilite & ap_none'.
INFO: [RTGEN 206-500] Setting interface mode on port 'mine/found_nonce' to 's_axilite & ap_none'.
INFO: [RTGEN 206-500] Setting interface mode on port 'mine/found' to 's_axilite & ap_none'.
INFO: [RTGEN 206-500] Setting interface mode on function 'mine' to 's_axilite & ap_ctrl_chain'.
INFO: [RTGEN 206-100] Bundling port 'header', 'target', 'nonce_start', 'nonce_count', 'found_nonce', 'found' and 'return' to AXI-Lite port control.
INFO: [RTGEN 206-100] Finished creating RTL model for 'mine'.
INFO: [RTMG 210-278] Implementing memory 'mine_block_RAM_AUTO_1R1W' using auto RAMs.
INFO: [RTMG 210-278] Implementing memory 'mine_hdr_RAM_AUTO_1R1W' using auto RAMs.
INFO: [RTMG 210-278] Implementing memory 'mine_midstate_RAM_AUTO_1R1W' using auto RAMs.
INFO: [HLS 200-111] Finished Creating RTL model: CPU user time: 0.2 seconds. CPU system time: 0.01 seconds. Elapsed time: 0.21 seconds; current allocated memory: 621.133 MB.
INFO: [HLS 200-111] Finished Generating all RTL models: CPU user time: 0.39 seconds. CPU system time: 0.03 seconds. Elapsed time: 0.44 seconds; current allocated memory: 621.133 MB.
INFO: [HLS 200-1603] Design has inferred MAXI bursts and missed bursts, see Vitis HLS GUI synthesis summary report for detailed information.
INFO: [HLS 200-2225] Wrote inferred directives to file /home/cse/Documents/WorkSpaces/vaddWS/hasitha_optimization/hasitha_hls_component/mine/hls/syn/inferred_directives.ini
INFO: [HLS 200-111] Finished Updating report files: CPU user time: 0.68 seconds. CPU system time: 0.03 seconds. Elapsed time: 0.73 seconds; current allocated memory: 621.133 MB.
INFO: [VHDL 208-304] Generating VHDL RTL for mine.
INFO: [VLOG 209-307] Generating Verilog RTL for mine.
INFO: [HLS 200-790] **** Loop Constraint Status: All loop constraints were NOT satisfied.
INFO: [HLS 200-789] **** Estimated Fmax: 136.99 MHz
INFO: [HLS 200-112] Total CPU user time: 18.67 seconds. Total CPU system time: 1.51 seconds. Total elapsed time: 23.83 seconds; peak allocated memory: 621.133 MB.
INFO: [v++ 60-791] Total elapsed time: 0h 0m 27s
