

================================================================
== Vitis HLS Report for 'mine_Pipeline_BUILD_FIRST_BLOCK'
================================================================
* Date:           Mon Aug  3 02:09:58 2026

* Version:        2025.2 (Build 6295257 on Nov 14 2025)
* Project:        mine
* Solution:       hls (Vitis Kernel Flow Target)
* Product family: zynquplus
* Target device:  xck26-sfvc784-2LV-c


================================================================
== Performance Estimates
================================================================
+ Timing: 
    * Summary: 
    +--------+---------+----------+------------+
    |  Clock |  Target | Estimated| Uncertainty|
    +--------+---------+----------+------------+
    |ap_clk  |  5.00 ns|  1.643 ns|     1.35 ns|
    +--------+---------+----------+------------+

+ Latency: 
    * Summary: 
    +---------+---------+-----------+-----------+-----+-----+-------------------+
    |  Latency (cycles) |   Latency (absolute)  |  Interval |      Pipeline     |
    |   min   |   max   |    min    |    max    | min | max |        Type       |
    +---------+---------+-----------+-----------+-----+-----+-------------------+
    |       18|       18|  90.000 ns|  90.000 ns|    0|    0|  loop pipeline stp|
    +---------+---------+-----------+-----------+-----+-----+-------------------+

    + Detail: 
        * Instance: 
        N/A

        * Loop: 
        +---------------------+---------+---------+----------+-----------+-----------+------+----------+
        |                     |  Latency (cycles) | Iteration|  Initiation Interval  | Trip |          |
        |      Loop Name      |   min   |   max   |  Latency |  achieved |   target  | Count| Pipelined|
        +---------------------+---------+---------+----------+-----------+-----------+------+----------+
        |- BUILD_FIRST_BLOCK  |       16|       16|         2|          1|          1|    16|       yes|
        +---------------------+---------+---------+----------+-----------+-----------+------+----------+

============================================================
+ Verbose Summary: Synthesis Manager
============================================================
InlineROM: 1
ExposeGlobal: 0
============================================================
+ Verbose Summary: CDFG Model
============================================================
IsTopModel: 0
ResetActiveHigh: 1
IsCombinational: 0
IsDatapathOnly: 0
HasWiredReturn: 1
HasMFsm: 2
HasVarLatency: 1
IsPipeline: 0
IsRtlPipelined: 0
IsInstanceOverlapped: 0
IsDontTouch: 0
HasImplIP: 0
IsGatedGlobalClock: 0

+ Individual pipeline summary: 
  * Pipeline-0: initiation interval (II) = 1, depth = 2


============================================================
+ Verbose Summary: Schedule
============================================================
* Number of FSM states : 2
* Pipeline : 1
  Pipeline-0 : II = 1, D = 2, States = { 1 2 }
* Dataflow Pipeline: 0

* FSM state transitions: 
1 --> 2 
2 --> 

* FSM state operations: 

State 1 <SV = 0> <Delay = 1.64>
ST_1 : Operation 5 [1/1] (0.00ns)   --->   "%i_4 = alloca i32 1" [dylan-hls/mine.cpp:234->dylan-hls/mine.cpp:463]   --->   Operation 5 'alloca' 'i_4' <Predicate = true> <Delay = 0.00>
ST_1 : Operation 6 [1/1] (0.00ns)   --->   "%or7_i_i7 = alloca i32 1"   --->   Operation 6 'alloca' 'or7_i_i7' <Predicate = true> <Delay = 0.00>
ST_1 : Operation 7 [1/1] (0.00ns)   --->   "%or7_i_i9 = alloca i32 1"   --->   Operation 7 'alloca' 'or7_i_i9' <Predicate = true> <Delay = 0.00>
ST_1 : Operation 8 [1/1] (0.00ns)   --->   "%or7_i_i11 = alloca i32 1"   --->   Operation 8 'alloca' 'or7_i_i11' <Predicate = true> <Delay = 0.00>
ST_1 : Operation 9 [1/1] (0.00ns)   --->   "%or7_i_i13 = alloca i32 1"   --->   Operation 9 'alloca' 'or7_i_i13' <Predicate = true> <Delay = 0.00>
ST_1 : Operation 10 [1/1] (0.00ns)   --->   "%or7_i_i15 = alloca i32 1"   --->   Operation 10 'alloca' 'or7_i_i15' <Predicate = true> <Delay = 0.00>
ST_1 : Operation 11 [1/1] (0.00ns)   --->   "%or7_i_i17 = alloca i32 1"   --->   Operation 11 'alloca' 'or7_i_i17' <Predicate = true> <Delay = 0.00>
ST_1 : Operation 12 [1/1] (0.00ns)   --->   "%or7_i_i19 = alloca i32 1"   --->   Operation 12 'alloca' 'or7_i_i19' <Predicate = true> <Delay = 0.00>
ST_1 : Operation 13 [1/1] (0.00ns)   --->   "%or7_i_i21 = alloca i32 1"   --->   Operation 13 'alloca' 'or7_i_i21' <Predicate = true> <Delay = 0.00>
ST_1 : Operation 14 [1/1] (0.00ns)   --->   "%or7_i_i23 = alloca i32 1"   --->   Operation 14 'alloca' 'or7_i_i23' <Predicate = true> <Delay = 0.00>
ST_1 : Operation 15 [1/1] (0.00ns)   --->   "%or7_i_i25 = alloca i32 1"   --->   Operation 15 'alloca' 'or7_i_i25' <Predicate = true> <Delay = 0.00>
ST_1 : Operation 16 [1/1] (0.00ns)   --->   "%or7_i_i27 = alloca i32 1"   --->   Operation 16 'alloca' 'or7_i_i27' <Predicate = true> <Delay = 0.00>
ST_1 : Operation 17 [1/1] (0.00ns)   --->   "%or7_i_i29 = alloca i32 1"   --->   Operation 17 'alloca' 'or7_i_i29' <Predicate = true> <Delay = 0.00>
ST_1 : Operation 18 [1/1] (0.00ns)   --->   "%or7_i_i31 = alloca i32 1"   --->   Operation 18 'alloca' 'or7_i_i31' <Predicate = true> <Delay = 0.00>
ST_1 : Operation 19 [1/1] (0.00ns)   --->   "%or7_i_i33 = alloca i32 1"   --->   Operation 19 'alloca' 'or7_i_i33' <Predicate = true> <Delay = 0.00>
ST_1 : Operation 20 [1/1] (0.00ns)   --->   "%or7_i_i35 = alloca i32 1"   --->   Operation 20 'alloca' 'or7_i_i35' <Predicate = true> <Delay = 0.00>
ST_1 : Operation 21 [1/1] (0.00ns)   --->   "%or7_i_i37 = alloca i32 1"   --->   Operation 21 'alloca' 'or7_i_i37' <Predicate = true> <Delay = 0.00>
ST_1 : Operation 22 [1/1] (0.42ns)   --->   "%store_ln234 = store i5 0, i5 %i_4" [dylan-hls/mine.cpp:234->dylan-hls/mine.cpp:463]   --->   Operation 22 'store' 'store_ln234' <Predicate = true> <Delay = 0.42>
ST_1 : Operation 23 [1/1] (0.00ns)   --->   "%br_ln0 = br void %for.inc12.i"   --->   Operation 23 'br' 'br_ln0' <Predicate = true> <Delay = 0.00>
ST_1 : Operation 24 [1/1] (0.00ns)   --->   "%i = load i5 %i_4" [dylan-hls/mine.cpp:234->dylan-hls/mine.cpp:463]   --->   Operation 24 'load' 'i' <Predicate = true> <Delay = 0.00>
ST_1 : Operation 25 [1/1] (0.78ns)   --->   "%icmp_ln234 = icmp_eq  i5 %i, i5 16" [dylan-hls/mine.cpp:234->dylan-hls/mine.cpp:463]   --->   Operation 25 'icmp' 'icmp_ln234' <Predicate = true> <Delay = 0.78> <CoreInst = "Cmp">   --->   Core 9 'Cmp' <Latency = 0> <II = 1> <Delay = 0.78> <FuncUnit> <Opcode : 'seteq' 'setne' 'setle' 'setge' 'setlt' 'setgt'> <InPorts = 2> <OutPorts = 1>
ST_1 : Operation 26 [1/1] (0.78ns)   --->   "%add_ln234 = add i5 %i, i5 1" [dylan-hls/mine.cpp:234->dylan-hls/mine.cpp:463]   --->   Operation 26 'add' 'add_ln234' <Predicate = true> <Delay = 0.78> <CoreInst = "Adder">   --->   Core 1 'Adder' <Latency = 0> <II = 1> <Delay = 0.78> <FuncUnit> <Opcode : 'add' 'sub'> <InPorts = 2> <OutPorts = 1>
ST_1 : Operation 27 [1/1] (0.00ns)   --->   "%br_ln234 = br i1 %icmp_ln234, void %for.inc12.i.split, void %_ZL16compute_midstatePKjPj.exit.exitStub" [dylan-hls/mine.cpp:234->dylan-hls/mine.cpp:463]   --->   Operation 27 'br' 'br_ln234' <Predicate = true> <Delay = 0.00>
ST_1 : Operation 28 [1/1] (0.00ns)   --->   "%zext_ln234 = zext i5 %i" [dylan-hls/mine.cpp:234->dylan-hls/mine.cpp:463]   --->   Operation 28 'zext' 'zext_ln234' <Predicate = (!icmp_ln234)> <Delay = 0.00>
ST_1 : Operation 29 [1/1] (0.00ns)   --->   "%trunc_ln234 = trunc i5 %i" [dylan-hls/mine.cpp:234->dylan-hls/mine.cpp:463]   --->   Operation 29 'trunc' 'trunc_ln234' <Predicate = (!icmp_ln234)> <Delay = 0.00>
ST_1 : Operation 30 [1/1] (0.00ns)   --->   "%hdr_addr = getelementptr i32 %hdr, i64 0, i64 %zext_ln234" [dylan-hls/mine.cpp:236->dylan-hls/mine.cpp:463]   --->   Operation 30 'getelementptr' 'hdr_addr' <Predicate = (!icmp_ln234)> <Delay = 0.00>
ST_1 : Operation 31 [2/2] (0.67ns)   --->   "%hdr_load = load i5 %hdr_addr" [dylan-hls/mine.cpp:236->dylan-hls/mine.cpp:463]   --->   Operation 31 'load' 'hdr_load' <Predicate = (!icmp_ln234)> <Delay = 0.67> <CoreInst = "RAM">   --->   Core 82 'RAM' <Latency = 1> <II = 1> <Delay = 0.67> <Storage> <Opcode : 'load' 'store'> <Ports = 2> <Width = 32> <Depth = 20> <RAM>
ST_1 : Operation 32 [1/1] (0.79ns)   --->   "%switch_ln236 = switch i4 %trunc_ln234, void %arrayidx11.i.case.15, i4 0, void %arrayidx11.i.case.0, i4 1, void %arrayidx11.i.case.1, i4 2, void %arrayidx11.i.case.2, i4 3, void %arrayidx11.i.case.3, i4 4, void %arrayidx11.i.case.4, i4 5, void %arrayidx11.i.case.5, i4 6, void %arrayidx11.i.case.6, i4 7, void %arrayidx11.i.case.7, i4 8, void %arrayidx11.i.case.8, i4 9, void %arrayidx11.i.case.9, i4 10, void %arrayidx11.i.case.10, i4 11, void %arrayidx11.i.case.11, i4 12, void %arrayidx11.i.case.12, i4 13, void %arrayidx11.i.case.13, i4 14, void %for.inc12.i.split.arrayidx11.i.exit_crit_edge" [dylan-hls/mine.cpp:236->dylan-hls/mine.cpp:463]   --->   Operation 32 'switch' 'switch_ln236' <Predicate = (!icmp_ln234)> <Delay = 0.79>
ST_1 : Operation 33 [1/1] (0.42ns)   --->   "%store_ln234 = store i5 %add_ln234, i5 %i_4" [dylan-hls/mine.cpp:234->dylan-hls/mine.cpp:463]   --->   Operation 33 'store' 'store_ln234' <Predicate = (!icmp_ln234)> <Delay = 0.42>
ST_1 : Operation 34 [1/1] (0.00ns)   --->   "%br_ln234 = br void %for.inc12.i" [dylan-hls/mine.cpp:234->dylan-hls/mine.cpp:463]   --->   Operation 34 'br' 'br_ln234' <Predicate = (!icmp_ln234)> <Delay = 0.00>
ST_1 : Operation 76 [1/1] (0.00ns)   --->   "%or7_i_i7_load = load i32 %or7_i_i7"   --->   Operation 76 'load' 'or7_i_i7_load' <Predicate = (icmp_ln234)> <Delay = 0.00>
ST_1 : Operation 77 [1/1] (0.00ns)   --->   "%or7_i_i9_load = load i32 %or7_i_i9"   --->   Operation 77 'load' 'or7_i_i9_load' <Predicate = (icmp_ln234)> <Delay = 0.00>
ST_1 : Operation 78 [1/1] (0.00ns)   --->   "%or7_i_i11_load = load i32 %or7_i_i11"   --->   Operation 78 'load' 'or7_i_i11_load' <Predicate = (icmp_ln234)> <Delay = 0.00>
ST_1 : Operation 79 [1/1] (0.00ns)   --->   "%or7_i_i13_load = load i32 %or7_i_i13"   --->   Operation 79 'load' 'or7_i_i13_load' <Predicate = (icmp_ln234)> <Delay = 0.00>
ST_1 : Operation 80 [1/1] (0.00ns)   --->   "%or7_i_i15_load = load i32 %or7_i_i15"   --->   Operation 80 'load' 'or7_i_i15_load' <Predicate = (icmp_ln234)> <Delay = 0.00>
ST_1 : Operation 81 [1/1] (0.00ns)   --->   "%or7_i_i17_load = load i32 %or7_i_i17"   --->   Operation 81 'load' 'or7_i_i17_load' <Predicate = (icmp_ln234)> <Delay = 0.00>
ST_1 : Operation 82 [1/1] (0.00ns)   --->   "%or7_i_i19_load = load i32 %or7_i_i19"   --->   Operation 82 'load' 'or7_i_i19_load' <Predicate = (icmp_ln234)> <Delay = 0.00>
ST_1 : Operation 83 [1/1] (0.00ns)   --->   "%or7_i_i21_load = load i32 %or7_i_i21"   --->   Operation 83 'load' 'or7_i_i21_load' <Predicate = (icmp_ln234)> <Delay = 0.00>
ST_1 : Operation 84 [1/1] (0.00ns)   --->   "%or7_i_i23_load = load i32 %or7_i_i23"   --->   Operation 84 'load' 'or7_i_i23_load' <Predicate = (icmp_ln234)> <Delay = 0.00>
ST_1 : Operation 85 [1/1] (0.00ns)   --->   "%or7_i_i25_load = load i32 %or7_i_i25"   --->   Operation 85 'load' 'or7_i_i25_load' <Predicate = (icmp_ln234)> <Delay = 0.00>
ST_1 : Operation 86 [1/1] (0.00ns)   --->   "%or7_i_i27_load = load i32 %or7_i_i27"   --->   Operation 86 'load' 'or7_i_i27_load' <Predicate = (icmp_ln234)> <Delay = 0.00>
ST_1 : Operation 87 [1/1] (0.00ns)   --->   "%or7_i_i29_load = load i32 %or7_i_i29"   --->   Operation 87 'load' 'or7_i_i29_load' <Predicate = (icmp_ln234)> <Delay = 0.00>
ST_1 : Operation 88 [1/1] (0.00ns)   --->   "%or7_i_i31_load = load i32 %or7_i_i31"   --->   Operation 88 'load' 'or7_i_i31_load' <Predicate = (icmp_ln234)> <Delay = 0.00>
ST_1 : Operation 89 [1/1] (0.00ns)   --->   "%or7_i_i33_load = load i32 %or7_i_i33"   --->   Operation 89 'load' 'or7_i_i33_load' <Predicate = (icmp_ln234)> <Delay = 0.00>
ST_1 : Operation 90 [1/1] (0.00ns)   --->   "%or7_i_i35_load = load i32 %or7_i_i35"   --->   Operation 90 'load' 'or7_i_i35_load' <Predicate = (icmp_ln234)> <Delay = 0.00>
ST_1 : Operation 91 [1/1] (0.00ns)   --->   "%or7_i_i37_load = load i32 %or7_i_i37"   --->   Operation 91 'load' 'or7_i_i37_load' <Predicate = (icmp_ln234)> <Delay = 0.00>
ST_1 : Operation 92 [1/1] (0.00ns)   --->   "%write_ln0 = write void @_ssdm_op_Write.ap_auto.i32P0A, i32 %or7_i_i37_out, i32 %or7_i_i37_load"   --->   Operation 92 'write' 'write_ln0' <Predicate = (icmp_ln234)> <Delay = 0.00>
ST_1 : Operation 93 [1/1] (0.00ns)   --->   "%write_ln0 = write void @_ssdm_op_Write.ap_auto.i32P0A, i32 %or7_i_i35_out, i32 %or7_i_i35_load"   --->   Operation 93 'write' 'write_ln0' <Predicate = (icmp_ln234)> <Delay = 0.00>
ST_1 : Operation 94 [1/1] (0.00ns)   --->   "%write_ln0 = write void @_ssdm_op_Write.ap_auto.i32P0A, i32 %or7_i_i33_out, i32 %or7_i_i33_load"   --->   Operation 94 'write' 'write_ln0' <Predicate = (icmp_ln234)> <Delay = 0.00>
ST_1 : Operation 95 [1/1] (0.00ns)   --->   "%write_ln0 = write void @_ssdm_op_Write.ap_auto.i32P0A, i32 %or7_i_i31_out, i32 %or7_i_i31_load"   --->   Operation 95 'write' 'write_ln0' <Predicate = (icmp_ln234)> <Delay = 0.00>
ST_1 : Operation 96 [1/1] (0.00ns)   --->   "%write_ln0 = write void @_ssdm_op_Write.ap_auto.i32P0A, i32 %or7_i_i29_out, i32 %or7_i_i29_load"   --->   Operation 96 'write' 'write_ln0' <Predicate = (icmp_ln234)> <Delay = 0.00>
ST_1 : Operation 97 [1/1] (0.00ns)   --->   "%write_ln0 = write void @_ssdm_op_Write.ap_auto.i32P0A, i32 %or7_i_i27_out, i32 %or7_i_i27_load"   --->   Operation 97 'write' 'write_ln0' <Predicate = (icmp_ln234)> <Delay = 0.00>
ST_1 : Operation 98 [1/1] (0.00ns)   --->   "%write_ln0 = write void @_ssdm_op_Write.ap_auto.i32P0A, i32 %or7_i_i25_out, i32 %or7_i_i25_load"   --->   Operation 98 'write' 'write_ln0' <Predicate = (icmp_ln234)> <Delay = 0.00>
ST_1 : Operation 99 [1/1] (0.00ns)   --->   "%write_ln0 = write void @_ssdm_op_Write.ap_auto.i32P0A, i32 %or7_i_i23_out, i32 %or7_i_i23_load"   --->   Operation 99 'write' 'write_ln0' <Predicate = (icmp_ln234)> <Delay = 0.00>
ST_1 : Operation 100 [1/1] (0.00ns)   --->   "%write_ln0 = write void @_ssdm_op_Write.ap_auto.i32P0A, i32 %or7_i_i21_out, i32 %or7_i_i21_load"   --->   Operation 100 'write' 'write_ln0' <Predicate = (icmp_ln234)> <Delay = 0.00>
ST_1 : Operation 101 [1/1] (0.00ns)   --->   "%write_ln0 = write void @_ssdm_op_Write.ap_auto.i32P0A, i32 %or7_i_i19_out, i32 %or7_i_i19_load"   --->   Operation 101 'write' 'write_ln0' <Predicate = (icmp_ln234)> <Delay = 0.00>
ST_1 : Operation 102 [1/1] (0.00ns)   --->   "%write_ln0 = write void @_ssdm_op_Write.ap_auto.i32P0A, i32 %or7_i_i17_out, i32 %or7_i_i17_load"   --->   Operation 102 'write' 'write_ln0' <Predicate = (icmp_ln234)> <Delay = 0.00>
ST_1 : Operation 103 [1/1] (0.00ns)   --->   "%write_ln0 = write void @_ssdm_op_Write.ap_auto.i32P0A, i32 %or7_i_i15_out, i32 %or7_i_i15_load"   --->   Operation 103 'write' 'write_ln0' <Predicate = (icmp_ln234)> <Delay = 0.00>
ST_1 : Operation 104 [1/1] (0.00ns)   --->   "%write_ln0 = write void @_ssdm_op_Write.ap_auto.i32P0A, i32 %or7_i_i13_out, i32 %or7_i_i13_load"   --->   Operation 104 'write' 'write_ln0' <Predicate = (icmp_ln234)> <Delay = 0.00>
ST_1 : Operation 105 [1/1] (0.00ns)   --->   "%write_ln0 = write void @_ssdm_op_Write.ap_auto.i32P0A, i32 %or7_i_i11_out, i32 %or7_i_i11_load"   --->   Operation 105 'write' 'write_ln0' <Predicate = (icmp_ln234)> <Delay = 0.00>
ST_1 : Operation 106 [1/1] (0.00ns)   --->   "%write_ln0 = write void @_ssdm_op_Write.ap_auto.i32P0A, i32 %or7_i_i9_out, i32 %or7_i_i9_load"   --->   Operation 106 'write' 'write_ln0' <Predicate = (icmp_ln234)> <Delay = 0.00>
ST_1 : Operation 107 [1/1] (0.00ns)   --->   "%write_ln0 = write void @_ssdm_op_Write.ap_auto.i32P0A, i32 %or7_i_i7_out, i32 %or7_i_i7_load"   --->   Operation 107 'write' 'write_ln0' <Predicate = (icmp_ln234)> <Delay = 0.00>
ST_1 : Operation 108 [1/1] (0.42ns)   --->   "%ret_ln0 = ret"   --->   Operation 108 'ret' 'ret_ln0' <Predicate = (icmp_ln234)> <Delay = 0.42>

State 2 <SV = 1> <Delay = 0.67>
ST_2 : Operation 35 [1/1] (0.00ns)   --->   "%specpipeline_ln235 = specpipeline void @_ssdm_op_SpecPipeline, i32 1, i32 0, i32 0, i32 0, i32 4294967295, void @empty" [dylan-hls/mine.cpp:235->dylan-hls/mine.cpp:463]   --->   Operation 35 'specpipeline' 'specpipeline_ln235' <Predicate = true> <Delay = 0.00>
ST_2 : Operation 36 [1/1] (0.00ns)   --->   "%speclooptripcount_ln234 = speclooptripcount void @_ssdm_op_SpecLoopTripCount, i64 16, i64 16, i64 16" [dylan-hls/mine.cpp:234->dylan-hls/mine.cpp:463]   --->   Operation 36 'speclooptripcount' 'speclooptripcount_ln234' <Predicate = true> <Delay = 0.00>
ST_2 : Operation 37 [1/1] (0.00ns)   --->   "%specloopname_ln234 = specloopname void @_ssdm_op_SpecLoopName, void @empty_20" [dylan-hls/mine.cpp:234->dylan-hls/mine.cpp:463]   --->   Operation 37 'specloopname' 'specloopname_ln234' <Predicate = true> <Delay = 0.00>
ST_2 : Operation 38 [1/2] ( I:0.67ns O:0.67ns )   --->   "%hdr_load = load i5 %hdr_addr" [dylan-hls/mine.cpp:236->dylan-hls/mine.cpp:463]   --->   Operation 38 'load' 'hdr_load' <Predicate = true> <Delay = 0.67> <CoreInst = "RAM">   --->   Core 82 'RAM' <Latency = 1> <II = 1> <Delay = 0.67> <Storage> <Opcode : 'load' 'store'> <Ports = 2> <Width = 32> <Depth = 20> <RAM>
ST_2 : Operation 39 [1/1] (0.00ns)   --->   "%empty = trunc i32 %hdr_load" [dylan-hls/mine.cpp:236->dylan-hls/mine.cpp:463]   --->   Operation 39 'trunc' 'empty' <Predicate = true> <Delay = 0.00>
ST_2 : Operation 40 [1/1] (0.00ns)   --->   "%p_3 = partselect i8 @_ssdm_op_PartSelect.i8.i32.i32.i32, i32 %hdr_load, i32 24, i32 31" [dylan-hls/mine.cpp:236->dylan-hls/mine.cpp:463]   --->   Operation 40 'partselect' 'p_3' <Predicate = true> <Delay = 0.00>
ST_2 : Operation 41 [1/1] (0.00ns)   --->   "%p_1 = partselect i8 @_ssdm_op_PartSelect.i8.i32.i32.i32, i32 %hdr_load, i32 8, i32 15" [dylan-hls/mine.cpp:236->dylan-hls/mine.cpp:463]   --->   Operation 41 'partselect' 'p_1' <Predicate = true> <Delay = 0.00>
ST_2 : Operation 42 [1/1] (0.00ns)   --->   "%p_2 = partselect i8 @_ssdm_op_PartSelect.i8.i32.i32.i32, i32 %hdr_load, i32 16, i32 23" [dylan-hls/mine.cpp:236->dylan-hls/mine.cpp:463]   --->   Operation 42 'partselect' 'p_2' <Predicate = true> <Delay = 0.00>
ST_2 : Operation 43 [1/1] (0.00ns)   --->   "%tmp_s = bitconcatenate i32 @_ssdm_op_BitConcatenate.i32.i8.i8.i8.i8, i8 %empty, i8 %p_1, i8 %p_2, i8 %p_3" [dylan-hls/mine.cpp:212->dylan-hls/mine.cpp:236->dylan-hls/mine.cpp:463]   --->   Operation 43 'bitconcatenate' 'tmp_s' <Predicate = true> <Delay = 0.00>
ST_2 : Operation 44 [1/1] (0.00ns)   --->   "%store_ln212 = store i32 %tmp_s, i32 %or7_i_i7" [dylan-hls/mine.cpp:212->dylan-hls/mine.cpp:236->dylan-hls/mine.cpp:463]   --->   Operation 44 'store' 'store_ln212' <Predicate = (trunc_ln234 == 14)> <Delay = 0.00>
ST_2 : Operation 45 [1/1] (0.00ns)   --->   "%br_ln236 = br void %arrayidx11.i.exit" [dylan-hls/mine.cpp:236->dylan-hls/mine.cpp:463]   --->   Operation 45 'br' 'br_ln236' <Predicate = (trunc_ln234 == 14)> <Delay = 0.00>
ST_2 : Operation 46 [1/1] (0.00ns)   --->   "%store_ln212 = store i32 %tmp_s, i32 %or7_i_i9" [dylan-hls/mine.cpp:212->dylan-hls/mine.cpp:236->dylan-hls/mine.cpp:463]   --->   Operation 46 'store' 'store_ln212' <Predicate = (trunc_ln234 == 13)> <Delay = 0.00>
ST_2 : Operation 47 [1/1] (0.00ns)   --->   "%br_ln236 = br void %arrayidx11.i.exit" [dylan-hls/mine.cpp:236->dylan-hls/mine.cpp:463]   --->   Operation 47 'br' 'br_ln236' <Predicate = (trunc_ln234 == 13)> <Delay = 0.00>
ST_2 : Operation 48 [1/1] (0.00ns)   --->   "%store_ln212 = store i32 %tmp_s, i32 %or7_i_i11" [dylan-hls/mine.cpp:212->dylan-hls/mine.cpp:236->dylan-hls/mine.cpp:463]   --->   Operation 48 'store' 'store_ln212' <Predicate = (trunc_ln234 == 12)> <Delay = 0.00>
ST_2 : Operation 49 [1/1] (0.00ns)   --->   "%br_ln236 = br void %arrayidx11.i.exit" [dylan-hls/mine.cpp:236->dylan-hls/mine.cpp:463]   --->   Operation 49 'br' 'br_ln236' <Predicate = (trunc_ln234 == 12)> <Delay = 0.00>
ST_2 : Operation 50 [1/1] (0.00ns)   --->   "%store_ln212 = store i32 %tmp_s, i32 %or7_i_i13" [dylan-hls/mine.cpp:212->dylan-hls/mine.cpp:236->dylan-hls/mine.cpp:463]   --->   Operation 50 'store' 'store_ln212' <Predicate = (trunc_ln234 == 11)> <Delay = 0.00>
ST_2 : Operation 51 [1/1] (0.00ns)   --->   "%br_ln236 = br void %arrayidx11.i.exit" [dylan-hls/mine.cpp:236->dylan-hls/mine.cpp:463]   --->   Operation 51 'br' 'br_ln236' <Predicate = (trunc_ln234 == 11)> <Delay = 0.00>
ST_2 : Operation 52 [1/1] (0.00ns)   --->   "%store_ln212 = store i32 %tmp_s, i32 %or7_i_i15" [dylan-hls/mine.cpp:212->dylan-hls/mine.cpp:236->dylan-hls/mine.cpp:463]   --->   Operation 52 'store' 'store_ln212' <Predicate = (trunc_ln234 == 10)> <Delay = 0.00>
ST_2 : Operation 53 [1/1] (0.00ns)   --->   "%br_ln236 = br void %arrayidx11.i.exit" [dylan-hls/mine.cpp:236->dylan-hls/mine.cpp:463]   --->   Operation 53 'br' 'br_ln236' <Predicate = (trunc_ln234 == 10)> <Delay = 0.00>
ST_2 : Operation 54 [1/1] (0.00ns)   --->   "%store_ln212 = store i32 %tmp_s, i32 %or7_i_i17" [dylan-hls/mine.cpp:212->dylan-hls/mine.cpp:236->dylan-hls/mine.cpp:463]   --->   Operation 54 'store' 'store_ln212' <Predicate = (trunc_ln234 == 9)> <Delay = 0.00>
ST_2 : Operation 55 [1/1] (0.00ns)   --->   "%br_ln236 = br void %arrayidx11.i.exit" [dylan-hls/mine.cpp:236->dylan-hls/mine.cpp:463]   --->   Operation 55 'br' 'br_ln236' <Predicate = (trunc_ln234 == 9)> <Delay = 0.00>
ST_2 : Operation 56 [1/1] (0.00ns)   --->   "%store_ln212 = store i32 %tmp_s, i32 %or7_i_i19" [dylan-hls/mine.cpp:212->dylan-hls/mine.cpp:236->dylan-hls/mine.cpp:463]   --->   Operation 56 'store' 'store_ln212' <Predicate = (trunc_ln234 == 8)> <Delay = 0.00>
ST_2 : Operation 57 [1/1] (0.00ns)   --->   "%br_ln236 = br void %arrayidx11.i.exit" [dylan-hls/mine.cpp:236->dylan-hls/mine.cpp:463]   --->   Operation 57 'br' 'br_ln236' <Predicate = (trunc_ln234 == 8)> <Delay = 0.00>
ST_2 : Operation 58 [1/1] (0.00ns)   --->   "%store_ln212 = store i32 %tmp_s, i32 %or7_i_i21" [dylan-hls/mine.cpp:212->dylan-hls/mine.cpp:236->dylan-hls/mine.cpp:463]   --->   Operation 58 'store' 'store_ln212' <Predicate = (trunc_ln234 == 7)> <Delay = 0.00>
ST_2 : Operation 59 [1/1] (0.00ns)   --->   "%br_ln236 = br void %arrayidx11.i.exit" [dylan-hls/mine.cpp:236->dylan-hls/mine.cpp:463]   --->   Operation 59 'br' 'br_ln236' <Predicate = (trunc_ln234 == 7)> <Delay = 0.00>
ST_2 : Operation 60 [1/1] (0.00ns)   --->   "%store_ln212 = store i32 %tmp_s, i32 %or7_i_i23" [dylan-hls/mine.cpp:212->dylan-hls/mine.cpp:236->dylan-hls/mine.cpp:463]   --->   Operation 60 'store' 'store_ln212' <Predicate = (trunc_ln234 == 6)> <Delay = 0.00>
ST_2 : Operation 61 [1/1] (0.00ns)   --->   "%br_ln236 = br void %arrayidx11.i.exit" [dylan-hls/mine.cpp:236->dylan-hls/mine.cpp:463]   --->   Operation 61 'br' 'br_ln236' <Predicate = (trunc_ln234 == 6)> <Delay = 0.00>
ST_2 : Operation 62 [1/1] (0.00ns)   --->   "%store_ln212 = store i32 %tmp_s, i32 %or7_i_i25" [dylan-hls/mine.cpp:212->dylan-hls/mine.cpp:236->dylan-hls/mine.cpp:463]   --->   Operation 62 'store' 'store_ln212' <Predicate = (trunc_ln234 == 5)> <Delay = 0.00>
ST_2 : Operation 63 [1/1] (0.00ns)   --->   "%br_ln236 = br void %arrayidx11.i.exit" [dylan-hls/mine.cpp:236->dylan-hls/mine.cpp:463]   --->   Operation 63 'br' 'br_ln236' <Predicate = (trunc_ln234 == 5)> <Delay = 0.00>
ST_2 : Operation 64 [1/1] (0.00ns)   --->   "%store_ln212 = store i32 %tmp_s, i32 %or7_i_i27" [dylan-hls/mine.cpp:212->dylan-hls/mine.cpp:236->dylan-hls/mine.cpp:463]   --->   Operation 64 'store' 'store_ln212' <Predicate = (trunc_ln234 == 4)> <Delay = 0.00>
ST_2 : Operation 65 [1/1] (0.00ns)   --->   "%br_ln236 = br void %arrayidx11.i.exit" [dylan-hls/mine.cpp:236->dylan-hls/mine.cpp:463]   --->   Operation 65 'br' 'br_ln236' <Predicate = (trunc_ln234 == 4)> <Delay = 0.00>
ST_2 : Operation 66 [1/1] (0.00ns)   --->   "%store_ln212 = store i32 %tmp_s, i32 %or7_i_i29" [dylan-hls/mine.cpp:212->dylan-hls/mine.cpp:236->dylan-hls/mine.cpp:463]   --->   Operation 66 'store' 'store_ln212' <Predicate = (trunc_ln234 == 3)> <Delay = 0.00>
ST_2 : Operation 67 [1/1] (0.00ns)   --->   "%br_ln236 = br void %arrayidx11.i.exit" [dylan-hls/mine.cpp:236->dylan-hls/mine.cpp:463]   --->   Operation 67 'br' 'br_ln236' <Predicate = (trunc_ln234 == 3)> <Delay = 0.00>
ST_2 : Operation 68 [1/1] (0.00ns)   --->   "%store_ln212 = store i32 %tmp_s, i32 %or7_i_i31" [dylan-hls/mine.cpp:212->dylan-hls/mine.cpp:236->dylan-hls/mine.cpp:463]   --->   Operation 68 'store' 'store_ln212' <Predicate = (trunc_ln234 == 2)> <Delay = 0.00>
ST_2 : Operation 69 [1/1] (0.00ns)   --->   "%br_ln236 = br void %arrayidx11.i.exit" [dylan-hls/mine.cpp:236->dylan-hls/mine.cpp:463]   --->   Operation 69 'br' 'br_ln236' <Predicate = (trunc_ln234 == 2)> <Delay = 0.00>
ST_2 : Operation 70 [1/1] (0.00ns)   --->   "%store_ln212 = store i32 %tmp_s, i32 %or7_i_i33" [dylan-hls/mine.cpp:212->dylan-hls/mine.cpp:236->dylan-hls/mine.cpp:463]   --->   Operation 70 'store' 'store_ln212' <Predicate = (trunc_ln234 == 1)> <Delay = 0.00>
ST_2 : Operation 71 [1/1] (0.00ns)   --->   "%br_ln236 = br void %arrayidx11.i.exit" [dylan-hls/mine.cpp:236->dylan-hls/mine.cpp:463]   --->   Operation 71 'br' 'br_ln236' <Predicate = (trunc_ln234 == 1)> <Delay = 0.00>
ST_2 : Operation 72 [1/1] (0.00ns)   --->   "%store_ln212 = store i32 %tmp_s, i32 %or7_i_i35" [dylan-hls/mine.cpp:212->dylan-hls/mine.cpp:236->dylan-hls/mine.cpp:463]   --->   Operation 72 'store' 'store_ln212' <Predicate = (trunc_ln234 == 0)> <Delay = 0.00>
ST_2 : Operation 73 [1/1] (0.00ns)   --->   "%br_ln236 = br void %arrayidx11.i.exit" [dylan-hls/mine.cpp:236->dylan-hls/mine.cpp:463]   --->   Operation 73 'br' 'br_ln236' <Predicate = (trunc_ln234 == 0)> <Delay = 0.00>
ST_2 : Operation 74 [1/1] (0.00ns)   --->   "%store_ln212 = store i32 %tmp_s, i32 %or7_i_i37" [dylan-hls/mine.cpp:212->dylan-hls/mine.cpp:236->dylan-hls/mine.cpp:463]   --->   Operation 74 'store' 'store_ln212' <Predicate = (trunc_ln234 == 15)> <Delay = 0.00>
ST_2 : Operation 75 [1/1] (0.00ns)   --->   "%br_ln236 = br void %arrayidx11.i.exit" [dylan-hls/mine.cpp:236->dylan-hls/mine.cpp:463]   --->   Operation 75 'br' 'br_ln236' <Predicate = (trunc_ln234 == 15)> <Delay = 0.00>


============================================================
+ Verbose Summary: Timing violations
============================================================
Target clock period: 5.000ns, clock uncertainty: 1.350ns.

 <State 1>: 1.643ns
The critical path consists of the following:
	'store' operation ('store_ln234', dylan-hls/mine.cpp:234->dylan-hls/mine.cpp:463) of constant 0 5 bit on local variable 'i', dylan-hls/mine.cpp:234->dylan-hls/mine.cpp:463 [35]  (0.427 ns)
	'load' operation 5 bit ('i', dylan-hls/mine.cpp:234->dylan-hls/mine.cpp:463) on local variable 'i', dylan-hls/mine.cpp:234->dylan-hls/mine.cpp:463 [38]  (0.000 ns)
	'icmp' operation 1 bit ('icmp_ln234', dylan-hls/mine.cpp:234->dylan-hls/mine.cpp:463) [39]  (0.789 ns)
	'store' operation ('store_ln234', dylan-hls/mine.cpp:234->dylan-hls/mine.cpp:463) of variable 'add_ln234', dylan-hls/mine.cpp:234->dylan-hls/mine.cpp:463 5 bit on local variable 'i', dylan-hls/mine.cpp:234->dylan-hls/mine.cpp:463 [105]  (0.427 ns)

 <State 2>: 0.677ns
The critical path consists of the following:
	'load' operation 32 bit ('x', dylan-hls/mine.cpp:236->dylan-hls/mine.cpp:463) on array 'hdr' [49]  (0.677 ns)
	'store' operation ('store_ln212', dylan-hls/mine.cpp:212->dylan-hls/mine.cpp:236->dylan-hls/mine.cpp:463) of variable 'tmp_s', dylan-hls/mine.cpp:212->dylan-hls/mine.cpp:236->dylan-hls/mine.cpp:463 32 bit on local variable 'or7_i_i7' [57]  (0.000 ns)


============================================================
+ Verbose Summary: Binding
============================================================
N/A
* FSMD analyzer results:
  - Output states:
 - Input state : 
  - Chain level:
	State 1
	State 2


============================================================
+ Verbose Summary: Datapath Resource usage 
============================================================
N/A
