

================================================================
== Vitis HLS Report for 'mine_Pipeline_BUILD_FIRST_BLOCK'
================================================================
* Date:           Mon Aug  3 02:09:58 2026

* Version:        2025.2 (Build 6295257 on Nov 14 2025)
* Project:        mine
* Solution:       hls (Vitis Kernel Flow Target)
* Product family: zynquplus
* Target device:  xck26-sfvc784-2LV-c


================================================================
== Performance Estimates
================================================================
+ Timing: 
    * Summary: 
    +--------+---------+----------+------------+
    |  Clock |  Target | Estimated| Uncertainty|
    +--------+---------+----------+------------+
    |ap_clk  |  5.00 ns|  1.643 ns|     1.35 ns|
    +--------+---------+----------+------------+

+ Latency: 
    * Summary: 
    +---------+---------+-----------+-----------+-----+-----+-------------------+
    |  Latency (cycles) |   Latency (absolute)  |  Interval |      Pipeline     |
    |   min   |   max   |    min    |    max    | min | max |        Type       |
    +---------+---------+-----------+-----------+-----+-----+-------------------+
    |       18|       18|  90.000 ns|  90.000 ns|    0|    0|  loop pipeline stp|
    +---------+---------+-----------+-----------+-----+-----+-------------------+

    + Detail: 
        * Instance: 
        N/A

        * Loop: 
        +---------------------+---------+---------+----------+-----------+-----------+------+----------+
        |                     |  Latency (cycles) | Iteration|  Initiation Interval  | Trip |          |
        |      Loop Name      |   min   |   max   |  Latency |  achieved |   target  | Count| Pipelined|
        +---------------------+---------+---------+----------+-----------+-----------+------+----------+
        |- BUILD_FIRST_BLOCK  |       16|       16|         2|          1|          1|    16|       yes|
        +---------------------+---------+---------+----------+-----------+-----------+------+----------+

============================================================
+ Verbose Summary: Synthesis Manager
============================================================
InlineROM: 1
ExposeGlobal: 0
============================================================
+ Verbose Summary: CDFG Model
============================================================
IsTopModel: 0
ResetActiveHigh: 1
IsCombinational: 0
IsDatapathOnly: 0
HasWiredReturn: 1
HasMFsm: 2
HasVarLatency: 1
IsPipeline: 0
IsRtlPipelined: 0
IsInstanceOverlapped: 0
IsDontTouch: 0
HasImplIP: 0
IsGatedGlobalClock: 0

+ Individual pipeline summary: 
  * Pipeline-0: initiation interval (II) = 1, depth = 2


============================================================
+ Verbose Summary: Schedule
============================================================
* Number of FSM states : 2
* Pipeline : 1
  Pipeline-0 : II = 1, D = 2, States = { 1 2 }
* Dataflow Pipeline: 0

* FSM state transitions: 
1 --> 2 
2 --> 

* FSM state operations: 

State 1 <SV = 0> <Delay = 1.64>
ST_1 : Operation 5 [1/1] (0.00ns)   --->   "%i_4 = alloca i32 1" [dylan-hls/mine.cpp:234->dylan-hls/mine.cpp:463]   --->   Operation 5 'alloca' 'i_4' <Predicate = true> <Delay = 0.00>
ST_1 : Operation 6 [1/1] (0.00ns)   --->   "%or7_i_i7 = alloca i32 1"   --->   Operation 6 'alloca' 'or7_i_i7' <Predicate = true> <Delay = 0.00>
ST_1 : Operation 7 [1/1] (0.00ns)   --->   "%or7_i_i9 = alloca i32 1"   --->   Operation 7 'alloca' 'or7_i_i9' <Predicate = true> <Delay = 0.00>
ST_1 : Operation 8 [1/1] (0.00ns)   --->   "%or7_i_i11 = alloca i32 1"   --->   Operation 8 'alloca' 'or7_i_i11' <Predicate = true> <Delay = 0.00>
ST_1 : Operation 9 [1/1] (0.00ns)   --->   "%or7_i_i13 = alloca i32 1"   --->   Operation 9 'alloca' 'or7_i_i13' <Predicate = true> <Delay = 0.00>
ST_1 : Operation 10 [1/1] (0.00ns)   --->   "%or7_i_i15 = alloca i32 1"   --->   Operation 10 'alloca' 'or7_i_i15' <Predicate = true> <Delay = 0.00>
ST_1 : Operation 11 [1/1] (0.00ns)   --->   "%or7_i_i17 = alloca i32 1"   --->   Operation 11 'alloca' 'or7_i_i17' <Predicate = true> <Delay = 0.00>
ST_1 : Operation 12 [1/1] (0.00ns)   --->   "%or7_i_i19 = alloca i32 1"   --->   Operation 12 'alloca' 'or7_i_i19' <Predicate = true> <Delay = 0.00>
ST_1 : Operation 13 [1/1] (0.00ns)   --->   "%or7_i_i21 = alloca i32 1"   --->   Operation 13 'alloca' 'or7_i_i21' <Predicate = true> <Delay = 0.00>
ST_1 : Operation 14 [1/1] (0.00ns)   --->   "%or7_i_i23 = alloca i32 1"   --->   Operation 14 'alloca' 'or7_i_i23' <Predicate = true> <Delay = 0.00>
ST_1 : Operation 15 [1/1] (0.00ns)   --->   "%or7_i_i25 = alloca i32 1"   --->   Operation 15 'alloca' 'or7_i_i25' <Predicate = true> <Delay = 0.00>
ST_1 : Operation 16 [1/1] (0.00ns)   --->   "%or7_i_i27 = alloca i32 1"   --->   Operation 16 'alloca' 'or7_i_i27' <Predicate = true> <Delay = 0.00>
ST_1 : Operation 17 [1/1] (0.00ns)   --->   "%or7_i_i29 = alloca i32 1"   --->   Operation 17 'alloca' 'or7_i_i29' <Predicate = true> <Delay = 0.00>
ST_1 : Operation 18 [1/1] (0.00ns)   --->   "%or7_i_i31 = alloca i32 1"   --->   Operation 18 'alloca' 'or7_i_i31' <Predicate = true> <Delay = 0.00>
ST_1 : Operation 19 [1/1] (0.00ns)   --->   "%or7_i_i33 = alloca i32 1"   --->   Operation 19 'alloca' 'or7_i_i33' <Predicate = true> <Delay = 0.00>
ST_1 : Operation 20 [1/1] (0.00ns)   --->   "%or7_i_i35 = alloca i32 1"   --->   Operation 20 'alloca' 'or7_i_i35' <Predicate = true> <Delay = 0.00>
ST_1 : Operation 21 [1/1] (0.00ns)   --->   "%or7_i_i37 = alloca i32 1"   --->   Operation 21 'alloca' 'or7_i_i37' <Predicate = true> <Delay = 0.00>
ST_1 : Operation 22 [1/1] (0.42ns)   --->   "%store_ln234 = store i5 0, i5 %i_4" [dylan-hls/mine.cpp:234->dylan-hls/mine.cpp:463]   --->   Operation 22 'store' 'store_ln234' <Predicate = true> <Delay = 0.42>
ST_1 : Operation 23 [1/1] (0.00ns)   --->   "%br_ln0 = br void %for.inc12.i"   --->   Operation 23 'br' 'br_ln0' <Predicate = true> <Delay = 0.00>
ST_1 : Operation 24 [1/1] (0.00ns)   --->   "%i = load i5 %i_4" [dylan-hls/mine.cpp:234->dylan-hls/mine.cpp:463]   --->   Operation 24 'load' 'i' <Predicate = true> <Delay = 0.00>
ST_1 : Operation 25 [1/1] (0.78ns)   --->   "%icmp_ln234 = icmp_eq  i5 %i, i5 16" [dylan-hls/mine.cpp:234->dylan-hls/mine.cpp:463]   --->   Operation 25 'icmp' 'icmp_ln234' <Predicate = true> <Delay = 0.78> <CoreInst = "Cmp">   --->   Core 9 'Cmp' <Latency = 0> <II = 1> <Delay = 0.78> <FuncUnit> <Opcode : 'seteq' 'setne' 'setle' 'setge' 'setlt' 'setgt'> <InPorts = 2> <OutPorts = 1>
ST_1 : Operation 26 [1/1] (0.78ns)   --->   "%add_ln234 = add i5 %i, i5 1" [dylan-hls/mine.cpp:234->dylan-hls/mine.cpp:463]   --->   Operation 26 'add' 'add_ln234' <Predicate = true> <Delay = 0.78> <CoreInst = "Adder">   --->   Core 1 'Adder' <Latency = 0> <II = 1> <Delay = 0.78> <FuncUnit> <Opcode : 'add' 'sub'> <InPorts = 2> <OutPorts = 1>
ST_1 : Operation 27 [1/1] (0.00ns)   --->   "%br_ln234 = br i1 %icmp_ln234, void %for.inc12.i.split, void %_ZL16compute_midstatePKjPj.exit.exitStub" [dylan-hls/mine.cpp:234->dylan-hls/mine.cpp:463]   --->   Operation 27 'br' 'br_ln234' <Predicate = true> <Delay = 0.00>
ST_1 : Operation 28 [1/1] (0.00ns)   --->   "%zext_ln234 = zext i5 %i" [dylan-hls/mine.cpp:234->dylan-hls/mine.cpp:463]   --->   Operation 28 'zext' 'zext_ln234' <Predicate = (!icmp_ln234)> <Delay = 0.00>
ST_1 : Operation 29 [1/1] (0.00ns)   --->   "%trunc_ln234 = trunc i5 %i" [dylan-hls/mine.cpp:234->dylan-hls/mine.cpp:463]   --->   Operation 29 'trunc' 'trunc_ln234' <Predicate = (!icmp_ln234)> <Delay = 0.00>
ST_1 : Operation 30 [1/1] (0.00ns)   --->   "%hdr_addr = getelementptr i32 %hdr, i64 0, i64 %zext_ln234" [dylan-hls/mine.cpp:236->dylan-hls/mine.cpp:463]   --->   Operation 30 'getelementptr' 'hdr_addr' <Predicate = (!icmp_ln234)> <Delay = 0.00>
ST_1 : Operation 31 [2/2] (0.67ns)   --->   "%hdr_load = load i5 %hdr_addr" [dylan-hls/mine.cpp:236->dylan-hls/mine.cpp:463]   --->   Operation 31 'load' 'hdr_load' <Predicate = (!icmp_ln234)> <Delay = 0.67> <CoreInst = "RAM">   --->   Core 82 'RAM' <Latency = 1> <II = 1> <Delay = 0.67> <Storage> <Opcode : 'load' 'store'> <Ports = 2> <Width = 32> <Depth = 20> <RAM>
ST_1 : Operation 32 [1/1] (0.79ns)   --->   "%switch_ln236 = switch i4 %trunc_ln234, void %arrayidx11.i.case.15, i4 0, void %arrayidx11.i.case.0, i4 1, void %arrayidx11.i.case.1, i4 2, void %arrayidx11.i.case.2, i4 3, void %arrayidx11.i.case.3, i4 4, void %arrayidx11.i.case.4, i4 5, void %arrayidx11.i.case.5, i4 6, void %arrayidx11.i.case.6, i4 7, void %arrayidx11.i.case.7, i4 8, void %arrayidx11.i.case.8, i4 9, void %arrayidx11.i.case.9, i4 10, void %arrayidx11.i.case.10, i4 11, void %arrayidx11.i.case.11, i4 12, void %arrayidx11.i.case.12, i4 13, void %arrayidx11.i.case.13, i4 14, void %for.inc12.i.split.arrayidx11.i.exit_crit_edge" [dylan-hls/mine.cpp:236->dylan-hls/mine.cpp:463]   --->   Operation 32 'switch' 'switch_ln236' <Predicate = (!icmp_ln234)> <Delay = 0.79>
ST_1 : Operation 33 [1/1] (0.42ns)   --->   "%store_ln234 = store i5 %add_ln234, i5 %i_4" [dylan-hls/mine.cpp:234->dylan-hls/mine.cpp:463]   --->   Operation 33 'store' 'store_ln234' <Predicate = (!icmp_ln234)> <Delay = 0.42>
ST_1 : Operation 34 [1/1] (0.00ns)   --->   "%br_ln234 = br void %for.inc12.i" [dylan-hls/mine.cpp:234->dylan-hls/mine.cpp:463]   --->   Operation 34 'br' 'br_ln234' <Predicate = (!icmp_ln234)> <Delay = 0.00>
ST_1 : Operation 76 [1/1] (0.00ns)   --->   "%or7_i_i7_load = load i32 %or7_i_i7"   --->   Operation 76 'load' 'or7_i_i7_load' <Predicate = (icmp_ln234)> <Delay = 0.00>
ST_1 : Operation 77 [1/1] (0.00ns)   --->   "%or7_i_i9_load = load i32 %or7_i_i9"   --->   Operation 77 'load' 'or7_i_i9_load' <Predicate = (icmp_ln234)> <Delay = 0.00>
ST_1 : Operation 78 [1/1] (0.00ns)   --->   "%or7_i_i11_load = load i32 %or7_i_i11"   --->   Operation 78 'load' 'or7_i_i11_load' <Predicate = (icmp_ln234)> <Delay = 0.00>
ST_1 : Operation 79 [1/1] (0.00ns)   --->   "%or7_i_i13_load = load i32 %or7_i_i13"   --->   Operation 79 'load' 'or7_i_i13_load' <Predicate = (icmp_ln234)> <Delay = 0.00>
ST_1 : Operation 80 [1/1] (0.00ns)   --->   "%or7_i_i15_load = load i32 %or7_i_i15"   --->   Operation 80 'load' 'or7_i_i15_load' <Predicate = (icmp_ln234)> <Delay = 0.00>
ST_1 : Operation 81 [1/1] (0.00ns)   --->   "%or7_i_i17_load = load i32 %or7_i_i17"   --->   Operation 81 'load' 'or7_i_i17_load' <Predicate = (icmp_ln234)> <Delay = 0.00>
ST_1 : Operation 82 [1/1] (0.00ns)   --->   "%or7_i_i19_load = load i32 %or7_i_i19"   --->   Operation 82 'load' 'or7_i_i19_load' <Predicate = (icmp_ln234)> <Delay = 0.00>
ST_1 : Operation 83 [1/1] (0.00ns)   --->   "%or7_i_i21_load = load i32 %or7_i_i21"   --->   Operation 83 'load' 'or7_i_i21_load' <Predicate = (icmp_ln234)> <Delay = 0.00>
ST_1 : Operation 84 [1/1] (0.00ns)   --->   "%or7_i_i23_load = load i32 %or7_i_i23"   --->   Operation 84 'load' 'or7_i_i23_load' <Predicate = (icmp_ln234)> <Delay = 0.00>
ST_1 : Operation 85 [1/1] (0.00ns)   --->   "%or7_i_i25_load = load i32 %or7_i_i25"   --->   Operation 85 'load' 'or7_i_i25_load' <Predicate = (icmp_ln234)> <Delay = 0.00>
ST_1 : Operation 86 [1/1] (0.00ns)   --->   "%or7_i_i27_load = load i32 %or7_i_i27"   --->   Operation 86 'load' 'or7_i_i27_load' <Predicate = (icmp_ln234)> <Delay = 0.00>
ST_1 : Operation 87 [1/1] (0.00ns)   --->   "%or7_i_i29_load = load i32 %or7_i_i29"   --->   Operation 87 'load' 'or7_i_i29_load' <Predicate = (icmp_ln234)> <Delay = 0.00>
ST_1 : Operation 88 [1/1] (0.00ns)   --->   "%or7_i_i31_load = load i32 %or7_i_i31"   --->   Operation 88 'load' 'or7_i_i31_load' <Predicate = (icmp_ln234)> <Delay = 0.00>
ST_1 : Operation 89 [1/1] (0.00ns)   --->   "%or7_i_i33_load = load i32 %or7_i_i33"   --->   Operation 89 'load' 'or7_i_i33_load' <Predicate = (icmp_ln234)> <Delay = 0.00>
ST_1 : Operation 90 [1/1] (0.00ns)   --->   "%or7_i_i35_load = load i32 %or7_i_i35"   --->   Operation 90 'load' 'or7_i_i35_load' <Predicate = (icmp_ln234)> <Delay = 0.00>
ST_1 : Operation 91 [1/1] (0.00ns)   --->   "%or7_i_i37_load = load i32 %or7_i_i37"   --->   Operation 91 'load' 'or7_i_i37_load' <Predicate = (icmp_ln234)> <Delay = 0.00>
ST_1 : Operation 92 [1/1] (0.00ns)   --->   "%write_ln0 = write void @_ssdm_op_Write.ap_auto.i32P0A, i32 %or7_i_i37_out, i32 %or7_i_i37_load"   --->   Operation 92 'write' 'write_ln0' <Predicate = (icmp_ln234)> <Delay = 0.00>
ST_1 : Operation 93 [1/1] (0.00ns)   --->   "%write_ln0 = write void @_ssdm_op_Write.ap_auto.i32P0A, i32 %or7_i_i35_out, i32 %or7_i_i35_load"   --->   Operation 93 'write' 'write_ln0' <Predicate = (icmp_ln234)> <Delay = 0.00>
ST_1 : Operation 94 [1/1] (0.00ns)   --->   "%write_ln0 = write void @_ssdm_op_Write.ap_auto.i32P0A, i32 %or7_i_i33_out, i32 %or7_i_i33_load"   --->   Operation 94 'write' 'write_ln0' <Predicate = (icmp_ln234)> <Delay = 0.00>
ST_1 : Operation 95 [1/1] (0.00ns)   --->   "%write_ln0 = write void @_ssdm_op_Write.ap_auto.i32P0A, i32 %or7_i_i31_out, i32 %or7_i_i31_load"   --->   Operation 95 'write' 'write_ln0' <Predicate = (icmp_ln234)> <Delay = 0.00>
ST_1 : Operation 96 [1/1] (0.00ns)   --->   "%write_ln0 = write void @_ssdm_op_Write.ap_auto.i32P0A, i32 %or7_i_i29_out, i32 %or7_i_i29_load"   --->   Operation 96 'write' 'write_ln0' <Predicate = (icmp_ln234)> <Delay = 0.00>
ST_1 : Operation 97 [1/1] (0.00ns)   --->   "%write_ln0 = write void @_ssdm_op_Write.ap_auto.i32P0A, i32 %or7_i_i27_out, i32 %or7_i_i27_load"   --->   Operation 97 'write' 'write_ln0' <Predicate = (icmp_ln234)> <Delay = 0.00>
ST_1 : Operation 98 [1/1] (0.00ns)   --->   "%write_ln0 = write void @_ssdm_op_Write.ap_auto.i32P0A, i32 %or7_i_i25_out, i32 %or7_i_i25_load"   --->   Operation 98 'write' 'write_ln0' <Predicate = (icmp_ln234)> <Delay = 0.00>
ST_1 : Operation 99 [1/1] (0.00ns)   --->   "%write_ln0 = write void @_ssdm_op_Write.ap_auto.i32P0A, i32 %or7_i_i23_out, i32 %or7_i_i23_load"   --->   Operation 99 'write' 'write_ln0' <Predicate = (icmp_ln234)> <Delay = 0.00>
ST_1 : Operation 100 [1/1] (0.00ns)   --->   "%write_ln0 = write void @_ssdm_op_Write.ap_auto.i32P0A, i32 %or7_i_i21_out, i32 %or7_i_i21_load"   --->   Operation 100 'write' 'write_ln0' <Predicate = (icmp_ln234)> <Delay = 0.00>
ST_1 : Operation 101 [1/1] (0.00ns)   --->   "%write_ln0 = write void @_ssdm_op_Write.ap_auto.i32P0A, i32 %or7_i_i19_out, i32 %or7_i_i19_load"   --->   Operation 101 'write' 'write_ln0' <Predicate = (icmp_ln234)> <Delay = 0.00>
ST_1 : Operation 102 [1/1] (0.00ns)   --->   "%write_ln0 = write void @_ssdm_op_Write.ap_auto.i32P0A, i32 %or7_i_i17_out, i32 %or7_i_i17_load"   --->   Operation 102 'write' 'write_ln0' <Predicate = (icmp_ln234)> <Delay = 0.00>
ST_1 : Operation 103 [1/1] (0.00ns)   --->   "%write_ln0 = write void @_ssdm_op_Write.ap_auto.i32P0A, i32 %or7_i_i15_out, i32 %or7_i_i15_load"   --->   Operation 103 'write' 'write_ln0' <Predicate = (icmp_ln234)> <Delay = 0.00>
ST_1 : Operation 104 [1/1] (0.00ns)   --->   "%write_ln0 = write void @_ssdm_op_Write.ap_auto.i32P0A, i32 %or7_i_i13_out, i32 %or7_i_i13_load"   --->   Operation 104 'write' 'write_ln0' <Predicate = (icmp_ln234)> <Delay = 0.00>
ST_1 : Operation 105 [1/1] (0.00ns)   --->   "%write_ln0 = write void @_ssdm_op_Write.ap_auto.i32P0A, i32 %or7_i_i11_out, i32 %or7_i_i11_load"   --->   Operation 105 'write' 'write_ln0' <Predicate = (icmp_ln234)> <Delay = 0.00>
ST_1 : Operation 106 [1/1] (0.00ns)   --->   "%write_ln0 = write void @_ssdm_op_Write.ap_auto.i32P0A, i32 %or7_i_i9_out, i32 %or7_i_i9_load"   --->   Operation 106 'write' 'write_ln0' <Predicate = (icmp_ln234)> <Delay = 0.00>
ST_1 : Operation 107 [1/1] (0.00ns)   --->   "%write_ln0 = write void @_ssdm_op_Write.ap_auto.i32P0A, i32 %or7_i_i7_out, i32 %or7_i_i7_load"   --->   Operation 107 'write' 'write_ln0' <Predicate = (icmp_ln234)> <Delay = 0.00>
ST_1 : Operation 108 [1/1] (0.42ns)   --->   "%ret_ln0 = ret"   --->   Operation 108 'ret' 'ret_ln0' <Predicate = (icmp_ln234)> <Delay = 0.42>

State 2 <SV = 1> <Delay = 0.67>
ST_2 : Operation 35 [1/1] (0.00ns)   --->   "%specpipeline_ln235 = specpipeline void @_ssdm_op_SpecPipeline, i32 1, i32 0, i32 0, i32 0, i32 4294967295, void @empty" [dylan-hls/mine.cpp:235->dylan-hls/mine.cpp:463]   --->   Operation 35 'specpipeline' 'specpipeline_ln235' <Predicate = true> <Delay = 0.00>
ST_2 : Operation 36 [1/1] (0.00ns)   --->   "%speclooptripcount_ln234 = speclooptripcount void @_ssdm_op_SpecLoopTripCount, i64 16, i64 16, i64 16" [dylan-hls/mine.cpp:234->dylan-hls/mine.cpp:463]   --->   Operation 36 'speclooptripcount' 'speclooptripcount_ln234' <Predicate = true> <Delay = 0.00>
ST_2 : Operation 37 [1/1] (0.00ns)   --->   "%specloopname_ln234 = specloopname void @_ssdm_op_SpecLoopName, void @empty_20" [dylan-hls/mine.cpp:234->dylan-hls/mine.cpp:463]   --->   Operation 37 'specloopname' 'specloopname_ln234' <Predicate = true> <Delay = 0.00>
ST_2 : Operation 38 [1/2] ( I:0.67ns O:0.67ns )   --->   "%hdr_load = load i5 %hdr_addr" [dylan-hls/mine.cpp:236->dylan-hls/mine.cpp:463]   --->   Operation 38 'load' 'hdr_load' <Predicate = true> <Delay = 0.67> <CoreInst = "RAM">   --->   Core 82 'RAM' <Latency = 1> <II = 1> <Delay = 0.67> <Storage> <Opcode : 'load' 'store'> <Ports = 2> <Width = 32> <Depth = 20> <RAM>
ST_2 : Operation 39 [1/1] (0.00ns)   --->   "%empty = trunc i32 %hdr_load" [dylan-hls/mine.cpp:236->dylan-hls/mine.cpp:463]   --->   Operation 39 'trunc' 'empty' <Predicate = true> <Delay = 0.00>
ST_2 : Operation 40 [1/1] (0.00ns)   --->   "%p_3 = partselect i8 @_ssdm_op_PartSelect.i8.i32.i32.i32, i32 %hdr_load, i32 24, i32 31" [dylan-hls/mine.cpp:236->dylan-hls/mine.cpp:463]   --->   Operation 40 'partselect' 'p_3' <Predicate = true> <Delay = 0.00>
ST_2 : Operation 41 [1/1] (0.00ns)   --->   "%p_1 = partselect i8 @_ssdm_op_PartSelect.i8.i32.i32.i32, i32 %hdr_load, i32 8, i32 15" [dylan-hls/mine.cpp:236->dylan-hls/mine.cpp:463]   --->   Operation 41 'partselect' 'p_1' <Predicate = true> <Delay = 0.00>
ST_2 : Operation 42 [1/1] (0.00ns)   --->   "%p_2 = partselect i8 @_ssdm_op_PartSelect.i8.i32.i32.i32, i32 %hdr_load, i32 16, i32 23" [dylan-hls/mine.cpp:236->dylan-hls/mine.cpp:463]   --->   Operation 42 'partselect' 'p_2' <Predicate = true> <Delay = 0.00>
ST_2 : Operation 43 [1/1] (0.00ns)   --->   "%tmp_s = bitconcatenate i32 @_ssdm_op_BitConcatenate.i32.i8.i8.i8.i8, i8 %empty, i8 %p_1, i8 %p_2, i8 %p_3" [dylan-hls/mine.cpp:212->dylan-hls/mine.cpp:236->dylan-hls/mine.cpp:463]   --->   Operation 43 'bitconcatenate' 'tmp_s' <Predicate = true> <Delay = 0.00>
ST_2 : Operation 44 [1/1] (0.00ns)   --->   "%store_ln212 = store i32 %tmp_s, i32 %or7_i_i7" [dylan-hls/mine.cpp:212->dylan-hls/mine.cpp:236->dylan-hls/mine.cpp:463]   --->   Operation 44 'store' 'store_ln212' <Predicate = (trunc_ln234 == 14)> <Delay = 0.00>
ST_2 : Operation 45 [1/1] (0.00ns)   --->   "%br_ln236 = br void %arrayidx11.i.exit" [dylan-hls/mine.cpp:236->dylan-hls/mine.cpp:463]   --->   Operation 45 'br' 'br_ln236' <Predicate = (trunc_ln234 == 14)> <Delay = 0.00>
ST_2 : Operation 46 [1/1] (0.00ns)   --->   "%store_ln212 = store i32 %tmp_s, i32 %or7_i_i9" [dylan-hls/mine.cpp:212->dylan-hls/mine.cpp:236->dylan-hls/mine.cpp:463]   --->   Operation 46 'store' 'store_ln212' <Predicate = (trunc_ln234 == 13)> <Delay = 0.00>
ST_2 : Operation 47 [1/1] (0.00ns)   --->   "%br_ln236 = br void %arrayidx11.i.exit" [dylan-hls/mine.cpp:236->dylan-hls/mine.cpp:463]   --->   Operation 47 'br' 'br_ln236' <Predicate = (trunc_ln234 == 13)> <Delay = 0.00>
ST_2 : Operation 48 [1/1] (0.00ns)   --->   "%store_ln212 = store i32 %tmp_s, i32 %or7_i_i11" [dylan-hls/mine.cpp:212->dylan-hls/mine.cpp:236->dylan-hls/mine.cpp:463]   --->   Operation 48 'store' 'store_ln212' <Predicate = (trunc_ln234 == 12)> <Delay = 0.00>
ST_2 : Operation 49 [1/1] (0.00ns)   --->   "%br_ln236 = br void %arrayidx11.i.exit" [dylan-hls/mine.cpp:236->dylan-hls/mine.cpp:463]   --->   Operation 49 'br' 'br_ln236' <Predicate = (trunc_ln234 == 12)> <Delay = 0.00>
ST_2 : Operation 50 [1/1] (0.00ns)   --->   "%store_ln212 = store i32 %tmp_s, i32 %or7_i_i13" [dylan-hls/mine.cpp:212->dylan-hls/mine.cpp:236->dylan-hls/mine.cpp:463]   --->   Operation 50 'store' 'store_ln212' <Predicate = (trunc_ln234 == 11)> <Delay = 0.00>
ST_2 : Operation 51 [1/1] (0.00ns)   --->   "%br_ln236 = br void %arrayidx11.i.exit" [dylan-hls/mine.cpp:236->dylan-hls/mine.cpp:463]   --->   Operation 51 'br' 'br_ln236' <Predicate = (trunc_ln234 == 11)> <Delay = 0.00>
ST_2 : Operation 52 [1/1] (0.00ns)   --->   "%store_ln212 = store i32 %tmp_s, i32 %or7_i_i15" [dylan-hls/mine.cpp:212->dylan-hls/mine.cpp:236->dylan-hls/mine.cpp:463]   --->   Operation 52 'store' 'store_ln212' <Predicate = (trunc_ln234 == 10)> <Delay = 0.00>
ST_2 : Operation 53 [1/1] (0.00ns)   --->   "%br_ln236 = br void %arrayidx11.i.exit" [dylan-hls/mine.cpp:236->dylan-hls/mine.cpp:463]   --->   Operation 53 'br' 'br_ln236' <Predicate = (trunc_ln234 == 10)> <Delay = 0.00>
ST_2 : Operation 54 [1/1] (0.00ns)   --->   "%store_ln212 = store i32 %tmp_s, i32 %or7_i_i17" [dylan-hls/mine.cpp:212->dylan-hls/mine.cpp:236->dylan-hls/mine.cpp:463]   --->   Operation 54 'store' 'store_ln212' <Predicate = (trunc_ln234 == 9)> <Delay = 0.00>
ST_2 : Operation 55 [1/1] (0.00ns)   --->   "%br_ln236 = br void %arrayidx11.i.exit" [dylan-hls/mine.cpp:236->dylan-hls/mine.cpp:463]   --->   Operation 55 'br' 'br_ln236' <Predicate = (trunc_ln234 == 9)> <Delay = 0.00>
ST_2 : Operation 56 [1/1] (0.00ns)   --->   "%store_ln212 = store i32 %tmp_s, i32 %or7_i_i19" [dylan-hls/mine.cpp:212->dylan-hls/mine.cpp:236->dylan-hls/mine.cpp:463]   --->   Operation 56 'store' 'store_ln212' <Predicate = (trunc_ln234 == 8)> <Delay = 0.00>
ST_2 : Operation 57 [1/1] (0.00ns)   --->   "%br_ln236 = br void %arrayidx11.i.exit" [dylan-hls/mine.cpp:236->dylan-hls/mine.cpp:463]   --->   Operation 57 'br' 'br_ln236' <Predicate = (trunc_ln234 == 8)> <Delay = 0.00>
ST_2 : Operation 58 [1/1] (0.00ns)   --->   "%store_ln212 = store i32 %tmp_s, i32 %or7_i_i21" [dylan-hls/mine.cpp:212->dylan-hls/mine.cpp:236->dylan-hls/mine.cpp:463]   --->   Operation 58 'store' 'store_ln212' <Predicate = (trunc_ln234 == 7)> <Delay = 0.00>
ST_2 : Operation 59 [1/1] (0.00ns)   --->   "%br_ln236 = br void %arrayidx11.i.exit" [dylan-hls/mine.cpp:236->dylan-hls/mine.cpp:463]   --->   Operation 59 'br' 'br_ln236' <Predicate = (trunc_ln234 == 7)> <Delay = 0.00>
ST_2 : Operation 60 [1/1] (0.00ns)   --->   "%store_ln212 = store i32 %tmp_s, i32 %or7_i_i23" [dylan-hls/mine.cpp:212->dylan-hls/mine.cpp:236->dylan-hls/mine.cpp:463]   --->   Operation 60 'store' 'store_ln212' <Predicate = (trunc_ln234 == 6)> <Delay = 0.00>
ST_2 : Operation 61 [1/1] (0.00ns)   --->   "%br_ln236 = br void %arrayidx11.i.exit" [dylan-hls/mine.cpp:236->dylan-hls/mine.cpp:463]   --->   Operation 61 'br' 'br_ln236' <Predicate = (trunc_ln234 == 6)> <Delay = 0.00>
ST_2 : Operation 62 [1/1] (0.00ns)   --->   "%store_ln212 = store i32 %tmp_s, i32 %or7_i_i25" [dylan-hls/mine.cpp:212->dylan-hls/mine.cpp:236->dylan-hls/mine.cpp:463]   --->   Operation 62 'store' 'store_ln212' <Predicate = (trunc_ln234 == 5)> <Delay = 0.00>
ST_2 : Operation 63 [1/1] (0.00ns)   --->   "%br_ln236 = br void %arrayidx11.i.exit" [dylan-hls/mine.cpp:236->dylan-hls/mine.cpp:463]   --->   Operation 63 'br' 'br_ln236' <Predicate = (trunc_ln234 == 5)> <Delay = 0.00>
ST_2 : Operation 64 [1/1] (0.00ns)   --->   "%store_ln212 = store i32 %tmp_s, i32 %or7_i_i27" [dylan-hls/mine.cpp:212->dylan-hls/mine.cpp:236->dylan-hls/mine.cpp:463]   --->   Operation 64 'store' 'store_ln212' <Predicate = (trunc_ln234 == 4)> <Delay = 0.00>
ST_2 : Operation 65 [1/1] (0.00ns)   --->   "%br_ln236 = br void %arrayidx11.i.exit" [dylan-hls/mine.cpp:236->dylan-hls/mine.cpp:463]   --->   Operation 65 'br' 'br_ln236' <Predicate = (trunc_ln234 == 4)> <Delay = 0.00>
ST_2 : Operation 66 [1/1] (0.00ns)   --->   "%store_ln212 = store i32 %tmp_s, i32 %or7_i_i29" [dylan-hls/mine.cpp:212->dylan-hls/mine.cpp:236->dylan-hls/mine.cpp:463]   --->   Operation 66 'store' 'store_ln212' <Predicate = (trunc_ln234 == 3)> <Delay = 0.00>
ST_2 : Operation 67 [1/1] (0.00ns)   --->   "%br_ln236 = br void %arrayidx11.i.exit" [dylan-hls/mine.cpp:236->dylan-hls/mine.cpp:463]   --->   Operation 67 'br' 'br_ln236' <Predicate = (trunc_ln234 == 3)> <Delay = 0.00>
ST_2 : Operation 68 [1/1] (0.00ns)   --->   "%store_ln212 = store i32 %tmp_s, i32 %or7_i_i31" [dylan-hls/mine.cpp:212->dylan-hls/mine.cpp:236->dylan-hls/mine.cpp:463]   --->   Operation 68 'store' 'store_ln212' <Predicate = (trunc_ln234 == 2)> <Delay = 0.00>
ST_2 : Operation 69 [1/1] (0.00ns)   --->   "%br_ln236 = br void %arrayidx11.i.exit" [dylan-hls/mine.cpp:236->dylan-hls/mine.cpp:463]   --->   Operation 69 'br' 'br_ln236' <Predicate = (trunc_ln234 == 2)> <Delay = 0.00>
ST_2 : Operation 70 [1/1] (0.00ns)   --->   "%store_ln212 = store i32 %tmp_s, i32 %or7_i_i33" [dylan-hls/mine.cpp:212->dylan-hls/mine.cpp:236->dylan-hls/mine.cpp:463]   --->   Operation 70 'store' 'store_ln212' <Predicate = (trunc_ln234 == 1)> <Delay = 0.00>
ST_2 : Operation 71 [1/1] (0.00ns)   --->   "%br_ln236 = br void %arrayidx11.i.exit" [dylan-hls/mine.cpp:236->dylan-hls/mine.cpp:463]   --->   Operation 71 'br' 'br_ln236' <Predicate = (trunc_ln234 == 1)> <Delay = 0.00>
ST_2 : Operation 72 [1/1] (0.00ns)   --->   "%store_ln212 = store i32 %tmp_s, i32 %or7_i_i35" [dylan-hls/mine.cpp:212->dylan-hls/mine.cpp:236->dylan-hls/mine.cpp:463]   --->   Operation 72 'store' 'store_ln212' <Predicate = (trunc_ln234 == 0)> <Delay = 0.00>
ST_2 : Operation 73 [1/1] (0.00ns)   --->   "%br_ln236 = br void %arrayidx11.i.exit" [dylan-hls/mine.cpp:236->dylan-hls/mine.cpp:463]   --->   Operation 73 'br' 'br_ln236' <Predicate = (trunc_ln234 == 0)> <Delay = 0.00>
ST_2 : Operation 74 [1/1] (0.00ns)   --->   "%store_ln212 = store i32 %tmp_s, i32 %or7_i_i37" [dylan-hls/mine.cpp:212->dylan-hls/mine.cpp:236->dylan-hls/mine.cpp:463]   --->   Operation 74 'store' 'store_ln212' <Predicate = (trunc_ln234 == 15)> <Delay = 0.00>
ST_2 : Operation 75 [1/1] (0.00ns)   --->   "%br_ln236 = br void %arrayidx11.i.exit" [dylan-hls/mine.cpp:236->dylan-hls/mine.cpp:463]   --->   Operation 75 'br' 'br_ln236' <Predicate = (trunc_ln234 == 15)> <Delay = 0.00>


============================================================
+ Verbose Summary: Binding
============================================================
STG Binding: 
---------------- STG Properties BEGIN ----------------
- Is combinational: 0
- Is one-state seq: 0
- Is datapath-only: 0
- Is pipelined: 0
- Is top level: 0
Port [ Return ] is wired: 1; IO mode=ap_ctrl_hs:ce=0
Port [ hdr]:  wired=1; compound=1; hidden=0; nouse=0; global=0; static=0; extern=0; dir=0; type=1; pingpong=0; private_global=0; MemPort=[13]; IO mode=ap_memory:ce=0
Port [ or7_i_i37_out]:  wired=1; compound=0; hidden=0; nouse=0; global=0; static=0; extern=0; dir=1; type=0; pingpong=0; private_global=0; IO mode=ap_vld:ce=0
Port [ or7_i_i35_out]:  wired=1; compound=0; hidden=0; nouse=0; global=0; static=0; extern=0; dir=1; type=0; pingpong=0; private_global=0; IO mode=ap_vld:ce=0
Port [ or7_i_i33_out]:  wired=1; compound=0; hidden=0; nouse=0; global=0; static=0; extern=0; dir=1; type=0; pingpong=0; private_global=0; IO mode=ap_vld:ce=0
Port [ or7_i_i31_out]:  wired=1; compound=0; hidden=0; nouse=0; global=0; static=0; extern=0; dir=1; type=0; pingpong=0; private_global=0; IO mode=ap_vld:ce=0
Port [ or7_i_i29_out]:  wired=1; compound=0; hidden=0; nouse=0; global=0; static=0; extern=0; dir=1; type=0; pingpong=0; private_global=0; IO mode=ap_vld:ce=0
Port [ or7_i_i27_out]:  wired=1; compound=0; hidden=0; nouse=0; global=0; static=0; extern=0; dir=1; type=0; pingpong=0; private_global=0; IO mode=ap_vld:ce=0
Port [ or7_i_i25_out]:  wired=1; compound=0; hidden=0; nouse=0; global=0; static=0; extern=0; dir=1; type=0; pingpong=0; private_global=0; IO mode=ap_vld:ce=0
Port [ or7_i_i23_out]:  wired=1; compound=0; hidden=0; nouse=0; global=0; static=0; extern=0; dir=1; type=0; pingpong=0; private_global=0; IO mode=ap_vld:ce=0
Port [ or7_i_i21_out]:  wired=1; compound=0; hidden=0; nouse=0; global=0; static=0; extern=0; dir=1; type=0; pingpong=0; private_global=0; IO mode=ap_vld:ce=0
Port [ or7_i_i19_out]:  wired=1; compound=0; hidden=0; nouse=0; global=0; static=0; extern=0; dir=1; type=0; pingpong=0; private_global=0; IO mode=ap_vld:ce=0
Port [ or7_i_i17_out]:  wired=1; compound=0; hidden=0; nouse=0; global=0; static=0; extern=0; dir=1; type=0; pingpong=0; private_global=0; IO mode=ap_vld:ce=0
Port [ or7_i_i15_out]:  wired=1; compound=0; hidden=0; nouse=0; global=0; static=0; extern=0; dir=1; type=0; pingpong=0; private_global=0; IO mode=ap_vld:ce=0
Port [ or7_i_i13_out]:  wired=1; compound=0; hidden=0; nouse=0; global=0; static=0; extern=0; dir=1; type=0; pingpong=0; private_global=0; IO mode=ap_vld:ce=0
Port [ or7_i_i11_out]:  wired=1; compound=0; hidden=0; nouse=0; global=0; static=0; extern=0; dir=1; type=0; pingpong=0; private_global=0; IO mode=ap_vld:ce=0
Port [ or7_i_i9_out]:  wired=1; compound=0; hidden=0; nouse=0; global=0; static=0; extern=0; dir=1; type=0; pingpong=0; private_global=0; IO mode=ap_vld:ce=0
Port [ or7_i_i7_out]:  wired=1; compound=0; hidden=0; nouse=0; global=0; static=0; extern=0; dir=1; type=0; pingpong=0; private_global=0; IO mode=ap_vld:ce=0
---------------- STG Properties END ------------------

---------------- Datapath Model BEGIN ----------------

<LifeTime>
<method=bitvector/>
i_4                     (alloca           ) [ 010]
or7_i_i7                (alloca           ) [ 011]
or7_i_i9                (alloca           ) [ 011]
or7_i_i11               (alloca           ) [ 011]
or7_i_i13               (alloca           ) [ 011]
or7_i_i15               (alloca           ) [ 011]
or7_i_i17               (alloca           ) [ 011]
or7_i_i19               (alloca           ) [ 011]
or7_i_i21               (alloca           ) [ 011]
or7_i_i23               (alloca           ) [ 011]
or7_i_i25               (alloca           ) [ 011]
or7_i_i27               (alloca           ) [ 011]
or7_i_i29               (alloca           ) [ 011]
or7_i_i31               (alloca           ) [ 011]
or7_i_i33               (alloca           ) [ 011]
or7_i_i35               (alloca           ) [ 011]
or7_i_i37               (alloca           ) [ 011]
store_ln234             (store            ) [ 000]
br_ln0                  (br               ) [ 000]
i                       (load             ) [ 000]
icmp_ln234              (icmp             ) [ 010]
add_ln234               (add              ) [ 000]
br_ln234                (br               ) [ 000]
zext_ln234              (zext             ) [ 000]
trunc_ln234             (trunc            ) [ 011]
hdr_addr                (getelementptr    ) [ 011]
switch_ln236            (switch           ) [ 000]
store_ln234             (store            ) [ 000]
br_ln234                (br               ) [ 000]
specpipeline_ln235      (specpipeline     ) [ 000]
speclooptripcount_ln234 (speclooptripcount) [ 000]
specloopname_ln234      (specloopname     ) [ 000]
hdr_load                (load             ) [ 000]
empty                   (trunc            ) [ 000]
p_3                     (partselect       ) [ 000]
p_1                     (partselect       ) [ 000]
p_2                     (partselect       ) [ 000]
tmp_s                   (bitconcatenate   ) [ 000]
store_ln212             (store            ) [ 000]
br_ln236                (br               ) [ 000]
store_ln212             (store            ) [ 000]
br_ln236                (br               ) [ 000]
store_ln212             (store            ) [ 000]
br_ln236                (br               ) [ 000]
store_ln212             (store            ) [ 000]
br_ln236                (br               ) [ 000]
store_ln212             (store            ) [ 000]
br_ln236                (br               ) [ 000]
store_ln212             (store            ) [ 000]
br_ln236                (br               ) [ 000]
store_ln212             (store            ) [ 000]
br_ln236                (br               ) [ 000]
store_ln212             (store            ) [ 000]
br_ln236                (br               ) [ 000]
store_ln212             (store            ) [ 000]
br_ln236                (br               ) [ 000]
store_ln212             (store            ) [ 000]
br_ln236                (br               ) [ 000]
store_ln212             (store            ) [ 000]
br_ln236                (br               ) [ 000]
store_ln212             (store            ) [ 000]
br_ln236                (br               ) [ 000]
store_ln212             (store            ) [ 000]
br_ln236                (br               ) [ 000]
store_ln212             (store            ) [ 000]
br_ln236                (br               ) [ 000]
store_ln212             (store            ) [ 000]
br_ln236                (br               ) [ 000]
store_ln212             (store            ) [ 000]
br_ln236                (br               ) [ 000]
or7_i_i7_load           (load             ) [ 000]
or7_i_i9_load           (load             ) [ 000]
or7_i_i11_load          (load             ) [ 000]
or7_i_i13_load          (load             ) [ 000]
or7_i_i15_load          (load             ) [ 000]
or7_i_i17_load          (load             ) [ 000]
or7_i_i19_load          (load             ) [ 000]
or7_i_i21_load          (load             ) [ 000]
or7_i_i23_load          (load             ) [ 000]
or7_i_i25_load          (load             ) [ 000]
or7_i_i27_load          (load             ) [ 000]
or7_i_i29_load          (load             ) [ 000]
or7_i_i31_load          (load             ) [ 000]
or7_i_i33_load          (load             ) [ 000]
or7_i_i35_load          (load             ) [ 000]
or7_i_i37_load          (load             ) [ 000]
write_ln0               (write            ) [ 000]
write_ln0               (write            ) [ 000]
write_ln0               (write            ) [ 000]
write_ln0               (write            ) [ 000]
write_ln0               (write            ) [ 000]
write_ln0               (write            ) [ 000]
write_ln0               (write            ) [ 000]
write_ln0               (write            ) [ 000]
write_ln0               (write            ) [ 000]
write_ln0               (write            ) [ 000]
write_ln0               (write            ) [ 000]
write_ln0               (write            ) [ 000]
write_ln0               (write            ) [ 000]
write_ln0               (write            ) [ 000]
write_ln0               (write            ) [ 000]
write_ln0               (write            ) [ 000]
ret_ln0                 (ret              ) [ 000]
</LifeTime>

<model>

<comp_list>
<comp id="0" class="1000" name="hdr">
<pin_list>
<pin id="1" dir="1" index="0" bw="1" slack="0"/>
</pin_list>
<bind>
<StgValue><ssdm name="hdr"/><MemPortTyVec>1 3 </MemPortTyVec>
</StgValue>
</bind>
</comp>

<comp id="2" class="1000" name="or7_i_i37_out">
<pin_list>
<pin id="3" dir="1" index="0" bw="1" slack="0"/>
</pin_list>
<bind>
<StgValue><ssdm name="or7_i_i37_out"/></StgValue>
</bind>
</comp>

<comp id="4" class="1000" name="or7_i_i35_out">
<pin_list>
<pin id="5" dir="1" index="0" bw="1" slack="0"/>
</pin_list>
<bind>
<StgValue><ssdm name="or7_i_i35_out"/></StgValue>
</bind>
</comp>

<comp id="6" class="1000" name="or7_i_i33_out">
<pin_list>
<pin id="7" dir="1" index="0" bw="1" slack="0"/>
</pin_list>
<bind>
<StgValue><ssdm name="or7_i_i33_out"/></StgValue>
</bind>
</comp>

<comp id="8" class="1000" name="or7_i_i31_out">
<pin_list>
<pin id="9" dir="1" index="0" bw="1" slack="0"/>
</pin_list>
<bind>
<StgValue><ssdm name="or7_i_i31_out"/></StgValue>
</bind>
</comp>

<comp id="10" class="1000" name="or7_i_i29_out">
<pin_list>
<pin id="11" dir="1" index="0" bw="1" slack="0"/>
</pin_list>
<bind>
<StgValue><ssdm name="or7_i_i29_out"/></StgValue>
</bind>
</comp>

<comp id="12" class="1000" name="or7_i_i27_out">
<pin_list>
<pin id="13" dir="1" index="0" bw="1" slack="0"/>
</pin_list>
<bind>
<StgValue><ssdm name="or7_i_i27_out"/></StgValue>
</bind>
</comp>

<comp id="14" class="1000" name="or7_i_i25_out">
<pin_list>
<pin id="15" dir="1" index="0" bw="1" slack="0"/>
</pin_list>
<bind>
<StgValue><ssdm name="or7_i_i25_out"/></StgValue>
</bind>
</comp>

<comp id="16" class="1000" name="or7_i_i23_out">
<pin_list>
<pin id="17" dir="1" index="0" bw="1" slack="0"/>
</pin_list>
<bind>
<StgValue><ssdm name="or7_i_i23_out"/></StgValue>
</bind>
</comp>

<comp id="18" class="1000" name="or7_i_i21_out">
<pin_list>
<pin id="19" dir="1" index="0" bw="1" slack="0"/>
</pin_list>
<bind>
<StgValue><ssdm name="or7_i_i21_out"/></StgValue>
</bind>
</comp>

<comp id="20" class="1000" name="or7_i_i19_out">
<pin_list>
<pin id="21" dir="1" index="0" bw="1" slack="0"/>
</pin_list>
<bind>
<StgValue><ssdm name="or7_i_i19_out"/></StgValue>
</bind>
</comp>

<comp id="22" class="1000" name="or7_i_i17_out">
<pin_list>
<pin id="23" dir="1" index="0" bw="1" slack="0"/>
</pin_list>
<bind>
<StgValue><ssdm name="or7_i_i17_out"/></StgValue>
</bind>
</comp>

<comp id="24" class="1000" name="or7_i_i15_out">
<pin_list>
<pin id="25" dir="1" index="0" bw="1" slack="0"/>
</pin_list>
<bind>
<StgValue><ssdm name="or7_i_i15_out"/></StgValue>
</bind>
</comp>

<comp id="26" class="1000" name="or7_i_i13_out">
<pin_list>
<pin id="27" dir="1" index="0" bw="1" slack="0"/>
</pin_list>
<bind>
<StgValue><ssdm name="or7_i_i13_out"/></StgValue>
</bind>
</comp>

<comp id="28" class="1000" name="or7_i_i11_out">
<pin_list>
<pin id="29" dir="1" index="0" bw="1" slack="0"/>
</pin_list>
<bind>
<StgValue><ssdm name="or7_i_i11_out"/></StgValue>
</bind>
</comp>

<comp id="30" class="1000" name="or7_i_i9_out">
<pin_list>
<pin id="31" dir="1" index="0" bw="1" slack="0"/>
</pin_list>
<bind>
<StgValue><ssdm name="or7_i_i9_out"/></StgValue>
</bind>
</comp>

<comp id="32" class="1000" name="or7_i_i7_out">
<pin_list>
<pin id="33" dir="1" index="0" bw="1" slack="0"/>
</pin_list>
<bind>
<StgValue><ssdm name="or7_i_i7_out"/></StgValue>
</bind>
</comp>

<comp id="34" class="1001" name="const_34">
<pin_list>
<pin id="35" dir="1" index="0" bw="1" slack="0"/>
</pin_list>
<bind>
<StgValue><ssdm name=""/></StgValue>
</bind>
</comp>

<comp id="36" class="1001" name="const_36">
<pin_list>
<pin id="37" dir="1" index="0" bw="1" slack="0"/>
</pin_list>
<bind>
<StgValue><ssdm name=""/></StgValue>
</bind>
</comp>

<comp id="38" class="1001" name="const_38">
<pin_list>
<pin id="39" dir="1" index="0" bw="1" slack="0"/>
</pin_list>
<bind>
<StgValue><ssdm name=""/></StgValue>
</bind>
</comp>

<comp id="40" class="1001" name="const_40">
<pin_list>
<pin id="41" dir="1" index="0" bw="1" slack="0"/>
</pin_list>
<bind>
<StgValue><ssdm name=""/></StgValue>
</bind>
</comp>

<comp id="42" class="1001" name="const_42">
<pin_list>
<pin id="43" dir="1" index="0" bw="1" slack="0"/>
</pin_list>
<bind>
<StgValue><ssdm name=""/></StgValue>
</bind>
</comp>

<comp id="44" class="1001" name="const_44">
<pin_list>
<pin id="45" dir="1" index="0" bw="1" slack="0"/>
</pin_list>
<bind>
<StgValue><ssdm name=""/></StgValue>
</bind>
</comp>

<comp id="46" class="1001" name="const_46">
<pin_list>
<pin id="47" dir="1" index="0" bw="1" slack="0"/>
</pin_list>
<bind>
<StgValue><ssdm name=""/></StgValue>
</bind>
</comp>

<comp id="48" class="1001" name="const_48">
<pin_list>
<pin id="49" dir="1" index="0" bw="1" slack="0"/>
</pin_list>
<bind>
<StgValue><ssdm name=""/></StgValue>
</bind>
</comp>

<comp id="50" class="1001" name="const_50">
<pin_list>
<pin id="51" dir="1" index="0" bw="1" slack="0"/>
</pin_list>
<bind>
<StgValue><ssdm name=""/></StgValue>
</bind>
</comp>

<comp id="52" class="1001" name="const_52">
<pin_list>
<pin id="53" dir="1" index="0" bw="1" slack="0"/>
</pin_list>
<bind>
<StgValue><ssdm name=""/></StgValue>
</bind>
</comp>

<comp id="54" class="1001" name="const_54">
<pin_list>
<pin id="55" dir="1" index="0" bw="1" slack="0"/>
</pin_list>
<bind>
<StgValue><ssdm name=""/></StgValue>
</bind>
</comp>

<comp id="56" class="1001" name="const_56">
<pin_list>
<pin id="57" dir="1" index="0" bw="1" slack="0"/>
</pin_list>
<bind>
<StgValue><ssdm name=""/></StgValue>
</bind>
</comp>

<comp id="58" class="1001" name="const_58">
<pin_list>
<pin id="59" dir="1" index="0" bw="1" slack="0"/>
</pin_list>
<bind>
<StgValue><ssdm name=""/></StgValue>
</bind>
</comp>

<comp id="60" class="1001" name="const_60">
<pin_list>
<pin id="61" dir="1" index="0" bw="1" slack="0"/>
</pin_list>
<bind>
<StgValue><ssdm name=""/></StgValue>
</bind>
</comp>

<comp id="62" class="1001" name="const_62">
<pin_list>
<pin id="63" dir="1" index="0" bw="1" slack="0"/>
</pin_list>
<bind>
<StgValue><ssdm name=""/></StgValue>
</bind>
</comp>

<comp id="64" class="1001" name="const_64">
<pin_list>
<pin id="65" dir="1" index="0" bw="1" slack="0"/>
</pin_list>
<bind>
<StgValue><ssdm name=""/></StgValue>
</bind>
</comp>

<comp id="66" class="1001" name="const_66">
<pin_list>
<pin id="67" dir="1" index="0" bw="1" slack="0"/>
</pin_list>
<bind>
<StgValue><ssdm name=""/></StgValue>
</bind>
</comp>

<comp id="68" class="1001" name="const_68">
<pin_list>
<pin id="69" dir="1" index="0" bw="1" slack="0"/>
</pin_list>
<bind>
<StgValue><ssdm name=""/></StgValue>
</bind>
</comp>

<comp id="70" class="1001" name="const_70">
<pin_list>
<pin id="71" dir="1" index="0" bw="1" slack="0"/>
</pin_list>
<bind>
<StgValue><ssdm name=""/></StgValue>
</bind>
</comp>

<comp id="72" class="1001" name="const_72">
<pin_list>
<pin id="73" dir="1" index="0" bw="1" slack="0"/>
</pin_list>
<bind>
<StgValue><ssdm name=""/></StgValue>
</bind>
</comp>

<comp id="74" class="1001" name="const_74">
<pin_list>
<pin id="75" dir="1" index="0" bw="1" slack="2147483647"/>
</pin_list>
<bind>
<StgValue><ssdm name="_ssdm_op_SpecPipeline"/></StgValue>
</bind>
</comp>

<comp id="76" class="1001" name="const_76">
<pin_list>
<pin id="77" dir="1" index="0" bw="1" slack="2147483647"/>
</pin_list>
<bind>
<StgValue><ssdm name=""/></StgValue>
</bind>
</comp>

<comp id="78" class="1001" name="const_78">
<pin_list>
<pin id="79" dir="1" index="0" bw="1" slack="2147483647"/>
</pin_list>
<bind>
<StgValue><ssdm name=""/></StgValue>
</bind>
</comp>

<comp id="80" class="1001" name="const_80">
<pin_list>
<pin id="81" dir="1" index="0" bw="1" slack="2147483647"/>
</pin_list>
<bind>
<StgValue><ssdm name="empty"/></StgValue>
</bind>
</comp>

<comp id="82" class="1001" name="const_82">
<pin_list>
<pin id="83" dir="1" index="0" bw="1" slack="2147483647"/>
</pin_list>
<bind>
<StgValue><ssdm name="_ssdm_op_SpecLoopTripCount"/></StgValue>
</bind>
</comp>

<comp id="84" class="1001" name="const_84">
<pin_list>
<pin id="85" dir="1" index="0" bw="1" slack="2147483647"/>
</pin_list>
<bind>
<StgValue><ssdm name=""/></StgValue>
</bind>
</comp>

<comp id="86" class="1001" name="const_86">
<pin_list>
<pin id="87" dir="1" index="0" bw="1" slack="2147483647"/>
</pin_list>
<bind>
<StgValue><ssdm name="_ssdm_op_SpecLoopName"/></StgValue>
</bind>
</comp>

<comp id="88" class="1001" name="const_88">
<pin_list>
<pin id="89" dir="1" index="0" bw="1" slack="2147483647"/>
</pin_list>
<bind>
<StgValue><ssdm name="empty_20"/></StgValue>
</bind>
</comp>

<comp id="90" class="1001" name="const_90">
<pin_list>
<pin id="91" dir="1" index="0" bw="1" slack="0"/>
</pin_list>
<bind>
<StgValue><ssdm name="_ssdm_op_PartSelect.i8.i32.i32.i32"/></StgValue>
</bind>
</comp>

<comp id="92" class="1001" name="const_92">
<pin_list>
<pin id="93" dir="1" index="0" bw="1" slack="0"/>
</pin_list>
<bind>
<StgValue><ssdm name=""/></StgValue>
</bind>
</comp>

<comp id="94" class="1001" name="const_94">
<pin_list>
<pin id="95" dir="1" index="0" bw="1" slack="0"/>
</pin_list>
<bind>
<StgValue><ssdm name=""/></StgValue>
</bind>
</comp>

<comp id="96" class="1001" name="const_96">
<pin_list>
<pin id="97" dir="1" index="0" bw="1" slack="0"/>
</pin_list>
<bind>
<StgValue><ssdm name=""/></StgValue>
</bind>
</comp>

<comp id="98" class="1001" name="const_98">
<pin_list>
<pin id="99" dir="1" index="0" bw="1" slack="0"/>
</pin_list>
<bind>
<StgValue><ssdm name=""/></StgValue>
</bind>
</comp>

<comp id="100" class="1001" name="const_100">
<pin_list>
<pin id="101" dir="1" index="0" bw="1" slack="0"/>
</pin_list>
<bind>
<StgValue><ssdm name=""/></StgValue>
</bind>
</comp>

<comp id="102" class="1001" name="const_102">
<pin_list>
<pin id="103" dir="1" index="0" bw="1" slack="0"/>
</pin_list>
<bind>
<StgValue><ssdm name=""/></StgValue>
</bind>
</comp>

<comp id="104" class="1001" name="const_104">
<pin_list>
<pin id="105" dir="1" index="0" bw="1" slack="0"/>
</pin_list>
<bind>
<StgValue><ssdm name="_ssdm_op_BitConcatenate.i32.i8.i8.i8.i8"/></StgValue>
</bind>
</comp>

<comp id="106" class="1001" name="const_106">
<pin_list>
<pin id="107" dir="1" index="0" bw="1" slack="0"/>
</pin_list>
<bind>
<StgValue><ssdm name="_ssdm_op_Write.ap_auto.i32P0A"/></StgValue>
</bind>
</comp>

<comp id="108" class="1004" name="i_4_fu_108">
<pin_list>
<pin id="109" dir="0" index="0" bw="1" slack="0"/>
<pin id="110" dir="1" index="1" bw="5" slack="0"/>
</pin_list>
<bind>
<opcode="alloca(26) " fcode="alloca"/>
<opset="i_4/1 "/>
</bind>
</comp>

<comp id="112" class="1004" name="or7_i_i7_fu_112">
<pin_list>
<pin id="113" dir="0" index="0" bw="1" slack="0"/>
<pin id="114" dir="1" index="1" bw="32" slack="0"/>
</pin_list>
<bind>
<opcode="alloca(26) " fcode="alloca"/>
<opset="or7_i_i7/1 "/>
</bind>
</comp>

<comp id="116" class="1004" name="or7_i_i9_fu_116">
<pin_list>
<pin id="117" dir="0" index="0" bw="1" slack="0"/>
<pin id="118" dir="1" index="1" bw="32" slack="0"/>
</pin_list>
<bind>
<opcode="alloca(26) " fcode="alloca"/>
<opset="or7_i_i9/1 "/>
</bind>
</comp>

<comp id="120" class="1004" name="or7_i_i11_fu_120">
<pin_list>
<pin id="121" dir="0" index="0" bw="1" slack="0"/>
<pin id="122" dir="1" index="1" bw="32" slack="0"/>
</pin_list>
<bind>
<opcode="alloca(26) " fcode="alloca"/>
<opset="or7_i_i11/1 "/>
</bind>
</comp>

<comp id="124" class="1004" name="or7_i_i13_fu_124">
<pin_list>
<pin id="125" dir="0" index="0" bw="1" slack="0"/>
<pin id="126" dir="1" index="1" bw="32" slack="0"/>
</pin_list>
<bind>
<opcode="alloca(26) " fcode="alloca"/>
<opset="or7_i_i13/1 "/>
</bind>
</comp>

<comp id="128" class="1004" name="or7_i_i15_fu_128">
<pin_list>
<pin id="129" dir="0" index="0" bw="1" slack="0"/>
<pin id="130" dir="1" index="1" bw="32" slack="0"/>
</pin_list>
<bind>
<opcode="alloca(26) " fcode="alloca"/>
<opset="or7_i_i15/1 "/>
</bind>
</comp>

<comp id="132" class="1004" name="or7_i_i17_fu_132">
<pin_list>
<pin id="133" dir="0" index="0" bw="1" slack="0"/>
<pin id="134" dir="1" index="1" bw="32" slack="0"/>
</pin_list>
<bind>
<opcode="alloca(26) " fcode="alloca"/>
<opset="or7_i_i17/1 "/>
</bind>
</comp>

<comp id="136" class="1004" name="or7_i_i19_fu_136">
<pin_list>
<pin id="137" dir="0" index="0" bw="1" slack="0"/>
<pin id="138" dir="1" index="1" bw="32" slack="0"/>
</pin_list>
<bind>
<opcode="alloca(26) " fcode="alloca"/>
<opset="or7_i_i19/1 "/>
</bind>
</comp>

<comp id="140" class="1004" name="or7_i_i21_fu_140">
<pin_list>
<pin id="141" dir="0" index="0" bw="1" slack="0"/>
<pin id="142" dir="1" index="1" bw="32" slack="0"/>
</pin_list>
<bind>
<opcode="alloca(26) " fcode="alloca"/>
<opset="or7_i_i21/1 "/>
</bind>
</comp>

<comp id="144" class="1004" name="or7_i_i23_fu_144">
<pin_list>
<pin id="145" dir="0" index="0" bw="1" slack="0"/>
<pin id="146" dir="1" index="1" bw="32" slack="0"/>
</pin_list>
<bind>
<opcode="alloca(26) " fcode="alloca"/>
<opset="or7_i_i23/1 "/>
</bind>
</comp>

<comp id="148" class="1004" name="or7_i_i25_fu_148">
<pin_list>
<pin id="149" dir="0" index="0" bw="1" slack="0"/>
<pin id="150" dir="1" index="1" bw="32" slack="0"/>
</pin_list>
<bind>
<opcode="alloca(26) " fcode="alloca"/>
<opset="or7_i_i25/1 "/>
</bind>
</comp>

<comp id="152" class="1004" name="or7_i_i27_fu_152">
<pin_list>
<pin id="153" dir="0" index="0" bw="1" slack="0"/>
<pin id="154" dir="1" index="1" bw="32" slack="0"/>
</pin_list>
<bind>
<opcode="alloca(26) " fcode="alloca"/>
<opset="or7_i_i27/1 "/>
</bind>
</comp>

<comp id="156" class="1004" name="or7_i_i29_fu_156">
<pin_list>
<pin id="157" dir="0" index="0" bw="1" slack="0"/>
<pin id="158" dir="1" index="1" bw="32" slack="0"/>
</pin_list>
<bind>
<opcode="alloca(26) " fcode="alloca"/>
<opset="or7_i_i29/1 "/>
</bind>
</comp>

<comp id="160" class="1004" name="or7_i_i31_fu_160">
<pin_list>
<pin id="161" dir="0" index="0" bw="1" slack="0"/>
<pin id="162" dir="1" index="1" bw="32" slack="0"/>
</pin_list>
<bind>
<opcode="alloca(26) " fcode="alloca"/>
<opset="or7_i_i31/1 "/>
</bind>
</comp>

<comp id="164" class="1004" name="or7_i_i33_fu_164">
<pin_list>
<pin id="165" dir="0" index="0" bw="1" slack="0"/>
<pin id="166" dir="1" index="1" bw="32" slack="0"/>
</pin_list>
<bind>
<opcode="alloca(26) " fcode="alloca"/>
<opset="or7_i_i33/1 "/>
</bind>
</comp>

<comp id="168" class="1004" name="or7_i_i35_fu_168">
<pin_list>
<pin id="169" dir="0" index="0" bw="1" slack="0"/>
<pin id="170" dir="1" index="1" bw="32" slack="0"/>
</pin_list>
<bind>
<opcode="alloca(26) " fcode="alloca"/>
<opset="or7_i_i35/1 "/>
</bind>
</comp>

<comp id="172" class="1004" name="or7_i_i37_fu_172">
<pin_list>
<pin id="173" dir="0" index="0" bw="1" slack="0"/>
<pin id="174" dir="1" index="1" bw="32" slack="0"/>
</pin_list>
<bind>
<opcode="alloca(26) " fcode="alloca"/>
<opset="or7_i_i37/1 "/>
</bind>
</comp>

<comp id="176" class="1004" name="write_ln0_write_fu_176">
<pin_list>
<pin id="177" dir="0" index="0" bw="0" slack="0"/>
<pin id="178" dir="0" index="1" bw="32" slack="0"/>
<pin id="179" dir="0" index="2" bw="32" slack="0"/>
<pin id="180" dir="1" index="3" bw="0" slack="2147483647"/>
</pin_list>
<bind>
<opcode="write(1151) " fcode="write"/>
<opset="write_ln0/1 "/>
</bind>
</comp>

<comp id="183" class="1004" name="write_ln0_write_fu_183">
<pin_list>
<pin id="184" dir="0" index="0" bw="0" slack="0"/>
<pin id="185" dir="0" index="1" bw="32" slack="0"/>
<pin id="186" dir="0" index="2" bw="32" slack="0"/>
<pin id="187" dir="1" index="3" bw="0" slack="2147483647"/>
</pin_list>
<bind>
<opcode="write(1151) " fcode="write"/>
<opset="write_ln0/1 "/>
</bind>
</comp>

<comp id="190" class="1004" name="write_ln0_write_fu_190">
<pin_list>
<pin id="191" dir="0" index="0" bw="0" slack="0"/>
<pin id="192" dir="0" index="1" bw="32" slack="0"/>
<pin id="193" dir="0" index="2" bw="32" slack="0"/>
<pin id="194" dir="1" index="3" bw="0" slack="2147483647"/>
</pin_list>
<bind>
<opcode="write(1151) " fcode="write"/>
<opset="write_ln0/1 "/>
</bind>
</comp>

<comp id="197" class="1004" name="write_ln0_write_fu_197">
<pin_list>
<pin id="198" dir="0" index="0" bw="0" slack="0"/>
<pin id="199" dir="0" index="1" bw="32" slack="0"/>
<pin id="200" dir="0" index="2" bw="32" slack="0"/>
<pin id="201" dir="1" index="3" bw="0" slack="2147483647"/>
</pin_list>
<bind>
<opcode="write(1151) " fcode="write"/>
<opset="write_ln0/1 "/>
</bind>
</comp>

<comp id="204" class="1004" name="write_ln0_write_fu_204">
<pin_list>
<pin id="205" dir="0" index="0" bw="0" slack="0"/>
<pin id="206" dir="0" index="1" bw="32" slack="0"/>
<pin id="207" dir="0" index="2" bw="32" slack="0"/>
<pin id="208" dir="1" index="3" bw="0" slack="2147483647"/>
</pin_list>
<bind>
<opcode="write(1151) " fcode="write"/>
<opset="write_ln0/1 "/>
</bind>
</comp>

<comp id="211" class="1004" name="write_ln0_write_fu_211">
<pin_list>
<pin id="212" dir="0" index="0" bw="0" slack="0"/>
<pin id="213" dir="0" index="1" bw="32" slack="0"/>
<pin id="214" dir="0" index="2" bw="32" slack="0"/>
<pin id="215" dir="1" index="3" bw="0" slack="2147483647"/>
</pin_list>
<bind>
<opcode="write(1151) " fcode="write"/>
<opset="write_ln0/1 "/>
</bind>
</comp>

<comp id="218" class="1004" name="write_ln0_write_fu_218">
<pin_list>
<pin id="219" dir="0" index="0" bw="0" slack="0"/>
<pin id="220" dir="0" index="1" bw="32" slack="0"/>
<pin id="221" dir="0" index="2" bw="32" slack="0"/>
<pin id="222" dir="1" index="3" bw="0" slack="2147483647"/>
</pin_list>
<bind>
<opcode="write(1151) " fcode="write"/>
<opset="write_ln0/1 "/>
</bind>
</comp>

<comp id="225" class="1004" name="write_ln0_write_fu_225">
<pin_list>
<pin id="226" dir="0" index="0" bw="0" slack="0"/>
<pin id="227" dir="0" index="1" bw="32" slack="0"/>
<pin id="228" dir="0" index="2" bw="32" slack="0"/>
<pin id="229" dir="1" index="3" bw="0" slack="2147483647"/>
</pin_list>
<bind>
<opcode="write(1151) " fcode="write"/>
<opset="write_ln0/1 "/>
</bind>
</comp>

<comp id="232" class="1004" name="write_ln0_write_fu_232">
<pin_list>
<pin id="233" dir="0" index="0" bw="0" slack="0"/>
<pin id="234" dir="0" index="1" bw="32" slack="0"/>
<pin id="235" dir="0" index="2" bw="32" slack="0"/>
<pin id="236" dir="1" index="3" bw="0" slack="2147483647"/>
</pin_list>
<bind>
<opcode="write(1151) " fcode="write"/>
<opset="write_ln0/1 "/>
</bind>
</comp>

<comp id="239" class="1004" name="write_ln0_write_fu_239">
<pin_list>
<pin id="240" dir="0" index="0" bw="0" slack="0"/>
<pin id="241" dir="0" index="1" bw="32" slack="0"/>
<pin id="242" dir="0" index="2" bw="32" slack="0"/>
<pin id="243" dir="1" index="3" bw="0" slack="2147483647"/>
</pin_list>
<bind>
<opcode="write(1151) " fcode="write"/>
<opset="write_ln0/1 "/>
</bind>
</comp>

<comp id="246" class="1004" name="write_ln0_write_fu_246">
<pin_list>
<pin id="247" dir="0" index="0" bw="0" slack="0"/>
<pin id="248" dir="0" index="1" bw="32" slack="0"/>
<pin id="249" dir="0" index="2" bw="32" slack="0"/>
<pin id="250" dir="1" index="3" bw="0" slack="2147483647"/>
</pin_list>
<bind>
<opcode="write(1151) " fcode="write"/>
<opset="write_ln0/1 "/>
</bind>
</comp>

<comp id="253" class="1004" name="write_ln0_write_fu_253">
<pin_list>
<pin id="254" dir="0" index="0" bw="0" slack="0"/>
<pin id="255" dir="0" index="1" bw="32" slack="0"/>
<pin id="256" dir="0" index="2" bw="32" slack="0"/>
<pin id="257" dir="1" index="3" bw="0" slack="2147483647"/>
</pin_list>
<bind>
<opcode="write(1151) " fcode="write"/>
<opset="write_ln0/1 "/>
</bind>
</comp>

<comp id="260" class="1004" name="write_ln0_write_fu_260">
<pin_list>
<pin id="261" dir="0" index="0" bw="0" slack="0"/>
<pin id="262" dir="0" index="1" bw="32" slack="0"/>
<pin id="263" dir="0" index="2" bw="32" slack="0"/>
<pin id="264" dir="1" index="3" bw="0" slack="2147483647"/>
</pin_list>
<bind>
<opcode="write(1151) " fcode="write"/>
<opset="write_ln0/1 "/>
</bind>
</comp>

<comp id="267" class="1004" name="write_ln0_write_fu_267">
<pin_list>
<pin id="268" dir="0" index="0" bw="0" slack="0"/>
<pin id="269" dir="0" index="1" bw="32" slack="0"/>
<pin id="270" dir="0" index="2" bw="32" slack="0"/>
<pin id="271" dir="1" index="3" bw="0" slack="2147483647"/>
</pin_list>
<bind>
<opcode="write(1151) " fcode="write"/>
<opset="write_ln0/1 "/>
</bind>
</comp>

<comp id="274" class="1004" name="write_ln0_write_fu_274">
<pin_list>
<pin id="275" dir="0" index="0" bw="0" slack="0"/>
<pin id="276" dir="0" index="1" bw="32" slack="0"/>
<pin id="277" dir="0" index="2" bw="32" slack="0"/>
<pin id="278" dir="1" index="3" bw="0" slack="2147483647"/>
</pin_list>
<bind>
<opcode="write(1151) " fcode="write"/>
<opset="write_ln0/1 "/>
</bind>
</comp>

<comp id="281" class="1004" name="write_ln0_write_fu_281">
<pin_list>
<pin id="282" dir="0" index="0" bw="0" slack="0"/>
<pin id="283" dir="0" index="1" bw="32" slack="0"/>
<pin id="284" dir="0" index="2" bw="32" slack="0"/>
<pin id="285" dir="1" index="3" bw="0" slack="2147483647"/>
</pin_list>
<bind>
<opcode="write(1151) " fcode="write"/>
<opset="write_ln0/1 "/>
</bind>
</comp>

<comp id="288" class="1004" name="hdr_addr_gep_fu_288">
<pin_list>
<pin id="289" dir="0" index="0" bw="32" slack="0"/>
<pin id="290" dir="0" index="1" bw="1" slack="0"/>
<pin id="291" dir="0" index="2" bw="5" slack="0"/>
<pin id="292" dir="1" index="3" bw="5" slack="0"/>
</pin_list>
<bind>
<opcode="getelementptr(29) " fcode="getelementptr"/>
<opset="hdr_addr/1 "/>
</bind>
</comp>

<comp id="295" class="1004" name="grp_access_fu_295">
<pin_list>
<pin id="296" dir="0" index="0" bw="5" slack="0"/>
<pin id="297" dir="0" index="1" bw="32" slack="2147483647"/>
<pin id="298" dir="0" index="2" bw="0" slack="2147483647"/>
<pin id="299" dir="1" index="3" bw="32" slack="0"/>
</pin_list>
<bind>
<opcode="load(27) " fcode="load"/>
<opset="hdr_load/1 "/>
</bind>
</comp>

<comp id="301" class="1004" name="store_ln234_store_fu_301">
<pin_list>
<pin id="302" dir="0" index="0" bw="1" slack="0"/>
<pin id="303" dir="0" index="1" bw="5" slack="0"/>
<pin id="304" dir="1" index="2" bw="0" slack="2147483647"/>
</pin_list>
<bind>
<opcode="store(28) " fcode="store"/>
<opset="store_ln234/1 "/>
</bind>
</comp>

<comp id="306" class="1004" name="i_load_fu_306">
<pin_list>
<pin id="307" dir="0" index="0" bw="5" slack="0"/>
<pin id="308" dir="1" index="1" bw="5" slack="0"/>
</pin_list>
<bind>
<opcode="load(27) " fcode="load"/>
<opset="i/1 "/>
</bind>
</comp>

<comp id="309" class="1004" name="icmp_ln234_fu_309">
<pin_list>
<pin id="310" dir="0" index="0" bw="5" slack="0"/>
<pin id="311" dir="0" index="1" bw="5" slack="0"/>
<pin id="312" dir="1" index="2" bw="1" slack="2147483647"/>
</pin_list>
<bind>
<opcode="icmp(45) " fcode="icmp"/>
<opset="icmp_ln234/1 "/>
</bind>
</comp>

<comp id="315" class="1004" name="add_ln234_fu_315">
<pin_list>
<pin id="316" dir="0" index="0" bw="5" slack="0"/>
<pin id="317" dir="0" index="1" bw="1" slack="0"/>
<pin id="318" dir="1" index="2" bw="5" slack="0"/>
</pin_list>
<bind>
<opcode="add(8) " fcode="add"/>
<opset="add_ln234/1 "/>
</bind>
</comp>

<comp id="321" class="1004" name="zext_ln234_fu_321">
<pin_list>
<pin id="322" dir="0" index="0" bw="5" slack="0"/>
<pin id="323" dir="1" index="1" bw="64" slack="0"/>
</pin_list>
<bind>
<opcode="zext(34) " fcode="zext"/>
<opset="zext_ln234/1 "/>
</bind>
</comp>

<comp id="326" class="1004" name="trunc_ln234_fu_326">
<pin_list>
<pin id="327" dir="0" index="0" bw="5" slack="0"/>
<pin id="328" dir="1" index="1" bw="4" slack="0"/>
</pin_list>
<bind>
<opcode="trunc(33) " fcode="trunc"/>
<opset="trunc_ln234/1 "/>
</bind>
</comp>

<comp id="330" class="1004" name="switch_ln236_fu_330">
<pin_list>
<pin id="331" dir="0" index="0" bw="4" slack="0"/>
<pin id="332" dir="0" index="1" bw="1" slack="0"/>
<pin id="333" dir="0" index="2" bw="1" slack="0"/>
<pin id="334" dir="0" index="3" bw="3" slack="0"/>
<pin id="335" dir="0" index="4" bw="3" slack="0"/>
<pin id="336" dir="0" index="5" bw="4" slack="0"/>
<pin id="337" dir="0" index="6" bw="4" slack="0"/>
<pin id="338" dir="0" index="7" bw="4" slack="0"/>
<pin id="339" dir="0" index="8" bw="4" slack="0"/>
<pin id="340" dir="0" index="9" bw="4" slack="0"/>
<pin id="341" dir="0" index="10" bw="4" slack="0"/>
<pin id="342" dir="0" index="11" bw="4" slack="0"/>
<pin id="343" dir="0" index="12" bw="4" slack="0"/>
<pin id="344" dir="0" index="13" bw="3" slack="0"/>
<pin id="345" dir="0" index="14" bw="3" slack="0"/>
<pin id="346" dir="0" index="15" bw="2" slack="0"/>
<pin id="347" dir="1" index="16" bw="0" slack="2147483647"/>
</pin_list>
<bind>
<opcode="switch(3) " fcode="switch"/>
<opset="switch_ln236/1 "/>
</bind>
</comp>

<comp id="364" class="1004" name="store_ln234_store_fu_364">
<pin_list>
<pin id="365" dir="0" index="0" bw="5" slack="0"/>
<pin id="366" dir="0" index="1" bw="5" slack="0"/>
<pin id="367" dir="1" index="2" bw="0" slack="2147483647"/>
</pin_list>
<bind>
<opcode="store(28) " fcode="store"/>
<opset="store_ln234/1 "/>
</bind>
</comp>

<comp id="369" class="1004" name="empty_fu_369">
<pin_list>
<pin id="370" dir="0" index="0" bw="32" slack="0"/>
<pin id="371" dir="1" index="1" bw="8" slack="0"/>
</pin_list>
<bind>
<opcode="trunc(33) " fcode="trunc"/>
<opset="empty/2 "/>
</bind>
</comp>

<comp id="373" class="1004" name="p_3_fu_373">
<pin_list>
<pin id="374" dir="0" index="0" bw="8" slack="0"/>
<pin id="375" dir="0" index="1" bw="32" slack="0"/>
<pin id="376" dir="0" index="2" bw="6" slack="0"/>
<pin id="377" dir="0" index="3" bw="6" slack="0"/>
<pin id="378" dir="1" index="4" bw="8" slack="0"/>
</pin_list>
<bind>
<opcode="partselect(1002) " fcode="partselect"/>
<opset="p_3/2 "/>
</bind>
</comp>

<comp id="383" class="1004" name="p_1_fu_383">
<pin_list>
<pin id="384" dir="0" index="0" bw="8" slack="0"/>
<pin id="385" dir="0" index="1" bw="32" slack="0"/>
<pin id="386" dir="0" index="2" bw="5" slack="0"/>
<pin id="387" dir="0" index="3" bw="5" slack="0"/>
<pin id="388" dir="1" index="4" bw="8" slack="0"/>
</pin_list>
<bind>
<opcode="partselect(1002) " fcode="partselect"/>
<opset="p_1/2 "/>
</bind>
</comp>

<comp id="393" class="1004" name="p_2_fu_393">
<pin_list>
<pin id="394" dir="0" index="0" bw="8" slack="0"/>
<pin id="395" dir="0" index="1" bw="32" slack="0"/>
<pin id="396" dir="0" index="2" bw="6" slack="0"/>
<pin id="397" dir="0" index="3" bw="6" slack="0"/>
<pin id="398" dir="1" index="4" bw="8" slack="0"/>
</pin_list>
<bind>
<opcode="partselect(1002) " fcode="partselect"/>
<opset="p_2/2 "/>
</bind>
</comp>

<comp id="403" class="1004" name="tmp_s_fu_403">
<pin_list>
<pin id="404" dir="0" index="0" bw="32" slack="0"/>
<pin id="405" dir="0" index="1" bw="8" slack="0"/>
<pin id="406" dir="0" index="2" bw="8" slack="0"/>
<pin id="407" dir="0" index="3" bw="8" slack="0"/>
<pin id="408" dir="0" index="4" bw="8" slack="0"/>
<pin id="409" dir="1" index="5" bw="32" slack="0"/>
</pin_list>
<bind>
<opcode="bitconcatenate(1004) " fcode="bitconcatenate"/>
<opset="tmp_s/2 "/>
</bind>
</comp>

<comp id="415" class="1004" name="store_ln212_store_fu_415">
<pin_list>
<pin id="416" dir="0" index="0" bw="32" slack="0"/>
<pin id="417" dir="0" index="1" bw="32" slack="1"/>
<pin id="418" dir="1" index="2" bw="0" slack="2147483647"/>
</pin_list>
<bind>
<opcode="store(28) " fcode="store"/>
<opset="store_ln212/2 "/>
</bind>
</comp>

<comp id="420" class="1004" name="store_ln212_store_fu_420">
<pin_list>
<pin id="421" dir="0" index="0" bw="32" slack="0"/>
<pin id="422" dir="0" index="1" bw="32" slack="1"/>
<pin id="423" dir="1" index="2" bw="0" slack="2147483647"/>
</pin_list>
<bind>
<opcode="store(28) " fcode="store"/>
<opset="store_ln212/2 "/>
</bind>
</comp>

<comp id="425" class="1004" name="store_ln212_store_fu_425">
<pin_list>
<pin id="426" dir="0" index="0" bw="32" slack="0"/>
<pin id="427" dir="0" index="1" bw="32" slack="1"/>
<pin id="428" dir="1" index="2" bw="0" slack="2147483647"/>
</pin_list>
<bind>
<opcode="store(28) " fcode="store"/>
<opset="store_ln212/2 "/>
</bind>
</comp>

<comp id="430" class="1004" name="store_ln212_store_fu_430">
<pin_list>
<pin id="431" dir="0" index="0" bw="32" slack="0"/>
<pin id="432" dir="0" index="1" bw="32" slack="1"/>
<pin id="433" dir="1" index="2" bw="0" slack="2147483647"/>
</pin_list>
<bind>
<opcode="store(28) " fcode="store"/>
<opset="store_ln212/2 "/>
</bind>
</comp>

<comp id="435" class="1004" name="store_ln212_store_fu_435">
<pin_list>
<pin id="436" dir="0" index="0" bw="32" slack="0"/>
<pin id="437" dir="0" index="1" bw="32" slack="1"/>
<pin id="438" dir="1" index="2" bw="0" slack="2147483647"/>
</pin_list>
<bind>
<opcode="store(28) " fcode="store"/>
<opset="store_ln212/2 "/>
</bind>
</comp>

<comp id="440" class="1004" name="store_ln212_store_fu_440">
<pin_list>
<pin id="441" dir="0" index="0" bw="32" slack="0"/>
<pin id="442" dir="0" index="1" bw="32" slack="1"/>
<pin id="443" dir="1" index="2" bw="0" slack="2147483647"/>
</pin_list>
<bind>
<opcode="store(28) " fcode="store"/>
<opset="store_ln212/2 "/>
</bind>
</comp>

<comp id="445" class="1004" name="store_ln212_store_fu_445">
<pin_list>
<pin id="446" dir="0" index="0" bw="32" slack="0"/>
<pin id="447" dir="0" index="1" bw="32" slack="1"/>
<pin id="448" dir="1" index="2" bw="0" slack="2147483647"/>
</pin_list>
<bind>
<opcode="store(28) " fcode="store"/>
<opset="store_ln212/2 "/>
</bind>
</comp>

<comp id="450" class="1004" name="store_ln212_store_fu_450">
<pin_list>
<pin id="451" dir="0" index="0" bw="32" slack="0"/>
<pin id="452" dir="0" index="1" bw="32" slack="1"/>
<pin id="453" dir="1" index="2" bw="0" slack="2147483647"/>
</pin_list>
<bind>
<opcode="store(28) " fcode="store"/>
<opset="store_ln212/2 "/>
</bind>
</comp>

<comp id="455" class="1004" name="store_ln212_store_fu_455">
<pin_list>
<pin id="456" dir="0" index="0" bw="32" slack="0"/>
<pin id="457" dir="0" index="1" bw="32" slack="1"/>
<pin id="458" dir="1" index="2" bw="0" slack="2147483647"/>
</pin_list>
<bind>
<opcode="store(28) " fcode="store"/>
<opset="store_ln212/2 "/>
</bind>
</comp>

<comp id="460" class="1004" name="store_ln212_store_fu_460">
<pin_list>
<pin id="461" dir="0" index="0" bw="32" slack="0"/>
<pin id="462" dir="0" index="1" bw="32" slack="1"/>
<pin id="463" dir="1" index="2" bw="0" slack="2147483647"/>
</pin_list>
<bind>
<opcode="store(28) " fcode="store"/>
<opset="store_ln212/2 "/>
</bind>
</comp>

<comp id="465" class="1004" name="store_ln212_store_fu_465">
<pin_list>
<pin id="466" dir="0" index="0" bw="32" slack="0"/>
<pin id="467" dir="0" index="1" bw="32" slack="1"/>
<pin id="468" dir="1" index="2" bw="0" slack="2147483647"/>
</pin_list>
<bind>
<opcode="store(28) " fcode="store"/>
<opset="store_ln212/2 "/>
</bind>
</comp>

<comp id="470" class="1004" name="store_ln212_store_fu_470">
<pin_list>
<pin id="471" dir="0" index="0" bw="32" slack="0"/>
<pin id="472" dir="0" index="1" bw="32" slack="1"/>
<pin id="473" dir="1" index="2" bw="0" slack="2147483647"/>
</pin_list>
<bind>
<opcode="store(28) " fcode="store"/>
<opset="store_ln212/2 "/>
</bind>
</comp>

<comp id="475" class="1004" name="store_ln212_store_fu_475">
<pin_list>
<pin id="476" dir="0" index="0" bw="32" slack="0"/>
<pin id="477" dir="0" index="1" bw="32" slack="1"/>
<pin id="478" dir="1" index="2" bw="0" slack="2147483647"/>
</pin_list>
<bind>
<opcode="store(28) " fcode="store"/>
<opset="store_ln212/2 "/>
</bind>
</comp>

<comp id="480" class="1004" name="store_ln212_store_fu_480">
<pin_list>
<pin id="481" dir="0" index="0" bw="32" slack="0"/>
<pin id="482" dir="0" index="1" bw="32" slack="1"/>
<pin id="483" dir="1" index="2" bw="0" slack="2147483647"/>
</pin_list>
<bind>
<opcode="store(28) " fcode="store"/>
<opset="store_ln212/2 "/>
</bind>
</comp>

<comp id="485" class="1004" name="store_ln212_store_fu_485">
<pin_list>
<pin id="486" dir="0" index="0" bw="32" slack="0"/>
<pin id="487" dir="0" index="1" bw="32" slack="1"/>
<pin id="488" dir="1" index="2" bw="0" slack="2147483647"/>
</pin_list>
<bind>
<opcode="store(28) " fcode="store"/>
<opset="store_ln212/2 "/>
</bind>
</comp>

<comp id="490" class="1004" name="store_ln212_store_fu_490">
<pin_list>
<pin id="491" dir="0" index="0" bw="32" slack="0"/>
<pin id="492" dir="0" index="1" bw="32" slack="1"/>
<pin id="493" dir="1" index="2" bw="0" slack="2147483647"/>
</pin_list>
<bind>
<opcode="store(28) " fcode="store"/>
<opset="store_ln212/2 "/>
</bind>
</comp>

<comp id="495" class="1004" name="or7_i_i7_load_load_fu_495">
<pin_list>
<pin id="496" dir="0" index="0" bw="32" slack="0"/>
<pin id="497" dir="1" index="1" bw="32" slack="0"/>
</pin_list>
<bind>
<opcode="load(27) " fcode="load"/>
<opset="or7_i_i7_load/1 "/>
</bind>
</comp>

<comp id="499" class="1004" name="or7_i_i9_load_load_fu_499">
<pin_list>
<pin id="500" dir="0" index="0" bw="32" slack="0"/>
<pin id="501" dir="1" index="1" bw="32" slack="0"/>
</pin_list>
<bind>
<opcode="load(27) " fcode="load"/>
<opset="or7_i_i9_load/1 "/>
</bind>
</comp>

<comp id="503" class="1004" name="or7_i_i11_load_load_fu_503">
<pin_list>
<pin id="504" dir="0" index="0" bw="32" slack="0"/>
<pin id="505" dir="1" index="1" bw="32" slack="0"/>
</pin_list>
<bind>
<opcode="load(27) " fcode="load"/>
<opset="or7_i_i11_load/1 "/>
</bind>
</comp>

<comp id="507" class="1004" name="or7_i_i13_load_load_fu_507">
<pin_list>
<pin id="508" dir="0" index="0" bw="32" slack="0"/>
<pin id="509" dir="1" index="1" bw="32" slack="0"/>
</pin_list>
<bind>
<opcode="load(27) " fcode="load"/>
<opset="or7_i_i13_load/1 "/>
</bind>
</comp>

<comp id="511" class="1004" name="or7_i_i15_load_load_fu_511">
<pin_list>
<pin id="512" dir="0" index="0" bw="32" slack="0"/>
<pin id="513" dir="1" index="1" bw="32" slack="0"/>
</pin_list>
<bind>
<opcode="load(27) " fcode="load"/>
<opset="or7_i_i15_load/1 "/>
</bind>
</comp>

<comp id="515" class="1004" name="or7_i_i17_load_load_fu_515">
<pin_list>
<pin id="516" dir="0" index="0" bw="32" slack="0"/>
<pin id="517" dir="1" index="1" bw="32" slack="0"/>
</pin_list>
<bind>
<opcode="load(27) " fcode="load"/>
<opset="or7_i_i17_load/1 "/>
</bind>
</comp>

<comp id="519" class="1004" name="or7_i_i19_load_load_fu_519">
<pin_list>
<pin id="520" dir="0" index="0" bw="32" slack="0"/>
<pin id="521" dir="1" index="1" bw="32" slack="0"/>
</pin_list>
<bind>
<opcode="load(27) " fcode="load"/>
<opset="or7_i_i19_load/1 "/>
</bind>
</comp>

<comp id="523" class="1004" name="or7_i_i21_load_load_fu_523">
<pin_list>
<pin id="524" dir="0" index="0" bw="32" slack="0"/>
<pin id="525" dir="1" index="1" bw="32" slack="0"/>
</pin_list>
<bind>
<opcode="load(27) " fcode="load"/>
<opset="or7_i_i21_load/1 "/>
</bind>
</comp>

<comp id="527" class="1004" name="or7_i_i23_load_load_fu_527">
<pin_list>
<pin id="528" dir="0" index="0" bw="32" slack="0"/>
<pin id="529" dir="1" index="1" bw="32" slack="0"/>
</pin_list>
<bind>
<opcode="load(27) " fcode="load"/>
<opset="or7_i_i23_load/1 "/>
</bind>
</comp>

<comp id="531" class="1004" name="or7_i_i25_load_load_fu_531">
<pin_list>
<pin id="532" dir="0" index="0" bw="32" slack="0"/>
<pin id="533" dir="1" index="1" bw="32" slack="0"/>
</pin_list>
<bind>
<opcode="load(27) " fcode="load"/>
<opset="or7_i_i25_load/1 "/>
</bind>
</comp>

<comp id="535" class="1004" name="or7_i_i27_load_load_fu_535">
<pin_list>
<pin id="536" dir="0" index="0" bw="32" slack="0"/>
<pin id="537" dir="1" index="1" bw="32" slack="0"/>
</pin_list>
<bind>
<opcode="load(27) " fcode="load"/>
<opset="or7_i_i27_load/1 "/>
</bind>
</comp>

<comp id="539" class="1004" name="or7_i_i29_load_load_fu_539">
<pin_list>
<pin id="540" dir="0" index="0" bw="32" slack="0"/>
<pin id="541" dir="1" index="1" bw="32" slack="0"/>
</pin_list>
<bind>
<opcode="load(27) " fcode="load"/>
<opset="or7_i_i29_load/1 "/>
</bind>
</comp>

<comp id="543" class="1004" name="or7_i_i31_load_load_fu_543">
<pin_list>
<pin id="544" dir="0" index="0" bw="32" slack="0"/>
<pin id="545" dir="1" index="1" bw="32" slack="0"/>
</pin_list>
<bind>
<opcode="load(27) " fcode="load"/>
<opset="or7_i_i31_load/1 "/>
</bind>
</comp>

<comp id="547" class="1004" name="or7_i_i33_load_load_fu_547">
<pin_list>
<pin id="548" dir="0" index="0" bw="32" slack="0"/>
<pin id="549" dir="1" index="1" bw="32" slack="0"/>
</pin_list>
<bind>
<opcode="load(27) " fcode="load"/>
<opset="or7_i_i33_load/1 "/>
</bind>
</comp>

<comp id="551" class="1004" name="or7_i_i35_load_load_fu_551">
<pin_list>
<pin id="552" dir="0" index="0" bw="32" slack="0"/>
<pin id="553" dir="1" index="1" bw="32" slack="0"/>
</pin_list>
<bind>
<opcode="load(27) " fcode="load"/>
<opset="or7_i_i35_load/1 "/>
</bind>
</comp>

<comp id="555" class="1004" name="or7_i_i37_load_load_fu_555">
<pin_list>
<pin id="556" dir="0" index="0" bw="32" slack="0"/>
<pin id="557" dir="1" index="1" bw="32" slack="0"/>
</pin_list>
<bind>
<opcode="load(27) " fcode="load"/>
<opset="or7_i_i37_load/1 "/>
</bind>
</comp>

<comp id="559" class="1005" name="i_4_reg_559">
<pin_list>
<pin id="560" dir="0" index="0" bw="5" slack="0"/>
<pin id="561" dir="1" index="1" bw="5" slack="0"/>
</pin_list>
<bind>
<opset="i_4 "/>
</bind>
</comp>

<comp id="566" class="1005" name="or7_i_i7_reg_566">
<pin_list>
<pin id="567" dir="0" index="0" bw="32" slack="0"/>
<pin id="568" dir="1" index="1" bw="32" slack="0"/>
</pin_list>
<bind>
<opset="or7_i_i7 "/>
</bind>
</comp>

<comp id="572" class="1005" name="or7_i_i9_reg_572">
<pin_list>
<pin id="573" dir="0" index="0" bw="32" slack="0"/>
<pin id="574" dir="1" index="1" bw="32" slack="0"/>
</pin_list>
<bind>
<opset="or7_i_i9 "/>
</bind>
</comp>

<comp id="578" class="1005" name="or7_i_i11_reg_578">
<pin_list>
<pin id="579" dir="0" index="0" bw="32" slack="0"/>
<pin id="580" dir="1" index="1" bw="32" slack="0"/>
</pin_list>
<bind>
<opset="or7_i_i11 "/>
</bind>
</comp>

<comp id="584" class="1005" name="or7_i_i13_reg_584">
<pin_list>
<pin id="585" dir="0" index="0" bw="32" slack="0"/>
<pin id="586" dir="1" index="1" bw="32" slack="0"/>
</pin_list>
<bind>
<opset="or7_i_i13 "/>
</bind>
</comp>

<comp id="590" class="1005" name="or7_i_i15_reg_590">
<pin_list>
<pin id="591" dir="0" index="0" bw="32" slack="0"/>
<pin id="592" dir="1" index="1" bw="32" slack="0"/>
</pin_list>
<bind>
<opset="or7_i_i15 "/>
</bind>
</comp>

<comp id="596" class="1005" name="or7_i_i17_reg_596">
<pin_list>
<pin id="597" dir="0" index="0" bw="32" slack="0"/>
<pin id="598" dir="1" index="1" bw="32" slack="0"/>
</pin_list>
<bind>
<opset="or7_i_i17 "/>
</bind>
</comp>

<comp id="602" class="1005" name="or7_i_i19_reg_602">
<pin_list>
<pin id="603" dir="0" index="0" bw="32" slack="0"/>
<pin id="604" dir="1" index="1" bw="32" slack="0"/>
</pin_list>
<bind>
<opset="or7_i_i19 "/>
</bind>
</comp>

<comp id="608" class="1005" name="or7_i_i21_reg_608">
<pin_list>
<pin id="609" dir="0" index="0" bw="32" slack="0"/>
<pin id="610" dir="1" index="1" bw="32" slack="0"/>
</pin_list>
<bind>
<opset="or7_i_i21 "/>
</bind>
</comp>

<comp id="614" class="1005" name="or7_i_i23_reg_614">
<pin_list>
<pin id="615" dir="0" index="0" bw="32" slack="0"/>
<pin id="616" dir="1" index="1" bw="32" slack="0"/>
</pin_list>
<bind>
<opset="or7_i_i23 "/>
</bind>
</comp>

<comp id="620" class="1005" name="or7_i_i25_reg_620">
<pin_list>
<pin id="621" dir="0" index="0" bw="32" slack="0"/>
<pin id="622" dir="1" index="1" bw="32" slack="0"/>
</pin_list>
<bind>
<opset="or7_i_i25 "/>
</bind>
</comp>

<comp id="626" class="1005" name="or7_i_i27_reg_626">
<pin_list>
<pin id="627" dir="0" index="0" bw="32" slack="0"/>
<pin id="628" dir="1" index="1" bw="32" slack="0"/>
</pin_list>
<bind>
<opset="or7_i_i27 "/>
</bind>
</comp>

<comp id="632" class="1005" name="or7_i_i29_reg_632">
<pin_list>
<pin id="633" dir="0" index="0" bw="32" slack="0"/>
<pin id="634" dir="1" index="1" bw="32" slack="0"/>
</pin_list>
<bind>
<opset="or7_i_i29 "/>
</bind>
</comp>

<comp id="638" class="1005" name="or7_i_i31_reg_638">
<pin_list>
<pin id="639" dir="0" index="0" bw="32" slack="0"/>
<pin id="640" dir="1" index="1" bw="32" slack="0"/>
</pin_list>
<bind>
<opset="or7_i_i31 "/>
</bind>
</comp>

<comp id="644" class="1005" name="or7_i_i33_reg_644">
<pin_list>
<pin id="645" dir="0" index="0" bw="32" slack="0"/>
<pin id="646" dir="1" index="1" bw="32" slack="0"/>
</pin_list>
<bind>
<opset="or7_i_i33 "/>
</bind>
</comp>

<comp id="650" class="1005" name="or7_i_i35_reg_650">
<pin_list>
<pin id="651" dir="0" index="0" bw="32" slack="0"/>
<pin id="652" dir="1" index="1" bw="32" slack="0"/>
</pin_list>
<bind>
<opset="or7_i_i35 "/>
</bind>
</comp>

<comp id="656" class="1005" name="or7_i_i37_reg_656">
<pin_list>
<pin id="657" dir="0" index="0" bw="32" slack="0"/>
<pin id="658" dir="1" index="1" bw="32" slack="0"/>
</pin_list>
<bind>
<opset="or7_i_i37 "/>
</bind>
</comp>

<comp id="665" class="1005" name="trunc_ln234_reg_665">
<pin_list>
<pin id="666" dir="0" index="0" bw="4" slack="1"/>
<pin id="667" dir="1" index="1" bw="4" slack="2147483647"/>
</pin_list>
<bind>
<opset="trunc_ln234 "/>
</bind>
</comp>

<comp id="669" class="1005" name="hdr_addr_reg_669">
<pin_list>
<pin id="670" dir="0" index="0" bw="5" slack="1"/>
<pin id="671" dir="1" index="1" bw="5" slack="1"/>
</pin_list>
<bind>
<opset="hdr_addr "/>
</bind>
</comp>

</comp_list>

<net_list>
<net id="111"><net_src comp="34" pin="0"/><net_sink comp="108" pin=0"/></net>

<net id="115"><net_src comp="34" pin="0"/><net_sink comp="112" pin=0"/></net>

<net id="119"><net_src comp="34" pin="0"/><net_sink comp="116" pin=0"/></net>

<net id="123"><net_src comp="34" pin="0"/><net_sink comp="120" pin=0"/></net>

<net id="127"><net_src comp="34" pin="0"/><net_sink comp="124" pin=0"/></net>

<net id="131"><net_src comp="34" pin="0"/><net_sink comp="128" pin=0"/></net>

<net id="135"><net_src comp="34" pin="0"/><net_sink comp="132" pin=0"/></net>

<net id="139"><net_src comp="34" pin="0"/><net_sink comp="136" pin=0"/></net>

<net id="143"><net_src comp="34" pin="0"/><net_sink comp="140" pin=0"/></net>

<net id="147"><net_src comp="34" pin="0"/><net_sink comp="144" pin=0"/></net>

<net id="151"><net_src comp="34" pin="0"/><net_sink comp="148" pin=0"/></net>

<net id="155"><net_src comp="34" pin="0"/><net_sink comp="152" pin=0"/></net>

<net id="159"><net_src comp="34" pin="0"/><net_sink comp="156" pin=0"/></net>

<net id="163"><net_src comp="34" pin="0"/><net_sink comp="160" pin=0"/></net>

<net id="167"><net_src comp="34" pin="0"/><net_sink comp="164" pin=0"/></net>

<net id="171"><net_src comp="34" pin="0"/><net_sink comp="168" pin=0"/></net>

<net id="175"><net_src comp="34" pin="0"/><net_sink comp="172" pin=0"/></net>

<net id="181"><net_src comp="106" pin="0"/><net_sink comp="176" pin=0"/></net>

<net id="182"><net_src comp="2" pin="0"/><net_sink comp="176" pin=1"/></net>

<net id="188"><net_src comp="106" pin="0"/><net_sink comp="183" pin=0"/></net>

<net id="189"><net_src comp="4" pin="0"/><net_sink comp="183" pin=1"/></net>

<net id="195"><net_src comp="106" pin="0"/><net_sink comp="190" pin=0"/></net>

<net id="196"><net_src comp="6" pin="0"/><net_sink comp="190" pin=1"/></net>

<net id="202"><net_src comp="106" pin="0"/><net_sink comp="197" pin=0"/></net>

<net id="203"><net_src comp="8" pin="0"/><net_sink comp="197" pin=1"/></net>

<net id="209"><net_src comp="106" pin="0"/><net_sink comp="204" pin=0"/></net>

<net id="210"><net_src comp="10" pin="0"/><net_sink comp="204" pin=1"/></net>

<net id="216"><net_src comp="106" pin="0"/><net_sink comp="211" pin=0"/></net>

<net id="217"><net_src comp="12" pin="0"/><net_sink comp="211" pin=1"/></net>

<net id="223"><net_src comp="106" pin="0"/><net_sink comp="218" pin=0"/></net>

<net id="224"><net_src comp="14" pin="0"/><net_sink comp="218" pin=1"/></net>

<net id="230"><net_src comp="106" pin="0"/><net_sink comp="225" pin=0"/></net>

<net id="231"><net_src comp="16" pin="0"/><net_sink comp="225" pin=1"/></net>

<net id="237"><net_src comp="106" pin="0"/><net_sink comp="232" pin=0"/></net>

<net id="238"><net_src comp="18" pin="0"/><net_sink comp="232" pin=1"/></net>

<net id="244"><net_src comp="106" pin="0"/><net_sink comp="239" pin=0"/></net>

<net id="245"><net_src comp="20" pin="0"/><net_sink comp="239" pin=1"/></net>

<net id="251"><net_src comp="106" pin="0"/><net_sink comp="246" pin=0"/></net>

<net id="252"><net_src comp="22" pin="0"/><net_sink comp="246" pin=1"/></net>

<net id="258"><net_src comp="106" pin="0"/><net_sink comp="253" pin=0"/></net>

<net id="259"><net_src comp="24" pin="0"/><net_sink comp="253" pin=1"/></net>

<net id="265"><net_src comp="106" pin="0"/><net_sink comp="260" pin=0"/></net>

<net id="266"><net_src comp="26" pin="0"/><net_sink comp="260" pin=1"/></net>

<net id="272"><net_src comp="106" pin="0"/><net_sink comp="267" pin=0"/></net>

<net id="273"><net_src comp="28" pin="0"/><net_sink comp="267" pin=1"/></net>

<net id="279"><net_src comp="106" pin="0"/><net_sink comp="274" pin=0"/></net>

<net id="280"><net_src comp="30" pin="0"/><net_sink comp="274" pin=1"/></net>

<net id="286"><net_src comp="106" pin="0"/><net_sink comp="281" pin=0"/></net>

<net id="287"><net_src comp="32" pin="0"/><net_sink comp="281" pin=1"/></net>

<net id="293"><net_src comp="0" pin="0"/><net_sink comp="288" pin=0"/></net>

<net id="294"><net_src comp="42" pin="0"/><net_sink comp="288" pin=1"/></net>

<net id="300"><net_src comp="288" pin="3"/><net_sink comp="295" pin=0"/></net>

<net id="305"><net_src comp="36" pin="0"/><net_sink comp="301" pin=0"/></net>

<net id="313"><net_src comp="306" pin="1"/><net_sink comp="309" pin=0"/></net>

<net id="314"><net_src comp="38" pin="0"/><net_sink comp="309" pin=1"/></net>

<net id="319"><net_src comp="306" pin="1"/><net_sink comp="315" pin=0"/></net>

<net id="320"><net_src comp="40" pin="0"/><net_sink comp="315" pin=1"/></net>

<net id="324"><net_src comp="306" pin="1"/><net_sink comp="321" pin=0"/></net>

<net id="325"><net_src comp="321" pin="1"/><net_sink comp="288" pin=2"/></net>

<net id="329"><net_src comp="306" pin="1"/><net_sink comp="326" pin=0"/></net>

<net id="348"><net_src comp="326" pin="1"/><net_sink comp="330" pin=0"/></net>

<net id="349"><net_src comp="44" pin="0"/><net_sink comp="330" pin=1"/></net>

<net id="350"><net_src comp="46" pin="0"/><net_sink comp="330" pin=2"/></net>

<net id="351"><net_src comp="48" pin="0"/><net_sink comp="330" pin=3"/></net>

<net id="352"><net_src comp="50" pin="0"/><net_sink comp="330" pin=4"/></net>

<net id="353"><net_src comp="52" pin="0"/><net_sink comp="330" pin=5"/></net>

<net id="354"><net_src comp="54" pin="0"/><net_sink comp="330" pin=6"/></net>

<net id="355"><net_src comp="56" pin="0"/><net_sink comp="330" pin=7"/></net>

<net id="356"><net_src comp="58" pin="0"/><net_sink comp="330" pin=8"/></net>

<net id="357"><net_src comp="60" pin="0"/><net_sink comp="330" pin=9"/></net>

<net id="358"><net_src comp="62" pin="0"/><net_sink comp="330" pin=10"/></net>

<net id="359"><net_src comp="64" pin="0"/><net_sink comp="330" pin=11"/></net>

<net id="360"><net_src comp="66" pin="0"/><net_sink comp="330" pin=12"/></net>

<net id="361"><net_src comp="68" pin="0"/><net_sink comp="330" pin=13"/></net>

<net id="362"><net_src comp="70" pin="0"/><net_sink comp="330" pin=14"/></net>

<net id="363"><net_src comp="72" pin="0"/><net_sink comp="330" pin=15"/></net>

<net id="368"><net_src comp="315" pin="2"/><net_sink comp="364" pin=0"/></net>

<net id="372"><net_src comp="295" pin="3"/><net_sink comp="369" pin=0"/></net>

<net id="379"><net_src comp="90" pin="0"/><net_sink comp="373" pin=0"/></net>

<net id="380"><net_src comp="295" pin="3"/><net_sink comp="373" pin=1"/></net>

<net id="381"><net_src comp="92" pin="0"/><net_sink comp="373" pin=2"/></net>

<net id="382"><net_src comp="94" pin="0"/><net_sink comp="373" pin=3"/></net>

<net id="389"><net_src comp="90" pin="0"/><net_sink comp="383" pin=0"/></net>

<net id="390"><net_src comp="295" pin="3"/><net_sink comp="383" pin=1"/></net>

<net id="391"><net_src comp="96" pin="0"/><net_sink comp="383" pin=2"/></net>

<net id="392"><net_src comp="98" pin="0"/><net_sink comp="383" pin=3"/></net>

<net id="399"><net_src comp="90" pin="0"/><net_sink comp="393" pin=0"/></net>

<net id="400"><net_src comp="295" pin="3"/><net_sink comp="393" pin=1"/></net>

<net id="401"><net_src comp="100" pin="0"/><net_sink comp="393" pin=2"/></net>

<net id="402"><net_src comp="102" pin="0"/><net_sink comp="393" pin=3"/></net>

<net id="410"><net_src comp="104" pin="0"/><net_sink comp="403" pin=0"/></net>

<net id="411"><net_src comp="369" pin="1"/><net_sink comp="403" pin=1"/></net>

<net id="412"><net_src comp="383" pin="4"/><net_sink comp="403" pin=2"/></net>

<net id="413"><net_src comp="393" pin="4"/><net_sink comp="403" pin=3"/></net>

<net id="414"><net_src comp="373" pin="4"/><net_sink comp="403" pin=4"/></net>

<net id="419"><net_src comp="403" pin="5"/><net_sink comp="415" pin=0"/></net>

<net id="424"><net_src comp="403" pin="5"/><net_sink comp="420" pin=0"/></net>

<net id="429"><net_src comp="403" pin="5"/><net_sink comp="425" pin=0"/></net>

<net id="434"><net_src comp="403" pin="5"/><net_sink comp="430" pin=0"/></net>

<net id="439"><net_src comp="403" pin="5"/><net_sink comp="435" pin=0"/></net>

<net id="444"><net_src comp="403" pin="5"/><net_sink comp="440" pin=0"/></net>

<net id="449"><net_src comp="403" pin="5"/><net_sink comp="445" pin=0"/></net>

<net id="454"><net_src comp="403" pin="5"/><net_sink comp="450" pin=0"/></net>

<net id="459"><net_src comp="403" pin="5"/><net_sink comp="455" pin=0"/></net>

<net id="464"><net_src comp="403" pin="5"/><net_sink comp="460" pin=0"/></net>

<net id="469"><net_src comp="403" pin="5"/><net_sink comp="465" pin=0"/></net>

<net id="474"><net_src comp="403" pin="5"/><net_sink comp="470" pin=0"/></net>

<net id="479"><net_src comp="403" pin="5"/><net_sink comp="475" pin=0"/></net>

<net id="484"><net_src comp="403" pin="5"/><net_sink comp="480" pin=0"/></net>

<net id="489"><net_src comp="403" pin="5"/><net_sink comp="485" pin=0"/></net>

<net id="494"><net_src comp="403" pin="5"/><net_sink comp="490" pin=0"/></net>

<net id="498"><net_src comp="495" pin="1"/><net_sink comp="281" pin=2"/></net>

<net id="502"><net_src comp="499" pin="1"/><net_sink comp="274" pin=2"/></net>

<net id="506"><net_src comp="503" pin="1"/><net_sink comp="267" pin=2"/></net>

<net id="510"><net_src comp="507" pin="1"/><net_sink comp="260" pin=2"/></net>

<net id="514"><net_src comp="511" pin="1"/><net_sink comp="253" pin=2"/></net>

<net id="518"><net_src comp="515" pin="1"/><net_sink comp="246" pin=2"/></net>

<net id="522"><net_src comp="519" pin="1"/><net_sink comp="239" pin=2"/></net>

<net id="526"><net_src comp="523" pin="1"/><net_sink comp="232" pin=2"/></net>

<net id="530"><net_src comp="527" pin="1"/><net_sink comp="225" pin=2"/></net>

<net id="534"><net_src comp="531" pin="1"/><net_sink comp="218" pin=2"/></net>

<net id="538"><net_src comp="535" pin="1"/><net_sink comp="211" pin=2"/></net>

<net id="542"><net_src comp="539" pin="1"/><net_sink comp="204" pin=2"/></net>

<net id="546"><net_src comp="543" pin="1"/><net_sink comp="197" pin=2"/></net>

<net id="550"><net_src comp="547" pin="1"/><net_sink comp="190" pin=2"/></net>

<net id="554"><net_src comp="551" pin="1"/><net_sink comp="183" pin=2"/></net>

<net id="558"><net_src comp="555" pin="1"/><net_sink comp="176" pin=2"/></net>

<net id="562"><net_src comp="108" pin="1"/><net_sink comp="559" pin=0"/></net>

<net id="563"><net_src comp="559" pin="1"/><net_sink comp="301" pin=1"/></net>

<net id="564"><net_src comp="559" pin="1"/><net_sink comp="306" pin=0"/></net>

<net id="565"><net_src comp="559" pin="1"/><net_sink comp="364" pin=1"/></net>

<net id="569"><net_src comp="112" pin="1"/><net_sink comp="566" pin=0"/></net>

<net id="570"><net_src comp="566" pin="1"/><net_sink comp="415" pin=1"/></net>

<net id="571"><net_src comp="566" pin="1"/><net_sink comp="495" pin=0"/></net>

<net id="575"><net_src comp="116" pin="1"/><net_sink comp="572" pin=0"/></net>

<net id="576"><net_src comp="572" pin="1"/><net_sink comp="420" pin=1"/></net>

<net id="577"><net_src comp="572" pin="1"/><net_sink comp="499" pin=0"/></net>

<net id="581"><net_src comp="120" pin="1"/><net_sink comp="578" pin=0"/></net>

<net id="582"><net_src comp="578" pin="1"/><net_sink comp="425" pin=1"/></net>

<net id="583"><net_src comp="578" pin="1"/><net_sink comp="503" pin=0"/></net>

<net id="587"><net_src comp="124" pin="1"/><net_sink comp="584" pin=0"/></net>

<net id="588"><net_src comp="584" pin="1"/><net_sink comp="430" pin=1"/></net>

<net id="589"><net_src comp="584" pin="1"/><net_sink comp="507" pin=0"/></net>

<net id="593"><net_src comp="128" pin="1"/><net_sink comp="590" pin=0"/></net>

<net id="594"><net_src comp="590" pin="1"/><net_sink comp="435" pin=1"/></net>

<net id="595"><net_src comp="590" pin="1"/><net_sink comp="511" pin=0"/></net>

<net id="599"><net_src comp="132" pin="1"/><net_sink comp="596" pin=0"/></net>

<net id="600"><net_src comp="596" pin="1"/><net_sink comp="440" pin=1"/></net>

<net id="601"><net_src comp="596" pin="1"/><net_sink comp="515" pin=0"/></net>

<net id="605"><net_src comp="136" pin="1"/><net_sink comp="602" pin=0"/></net>

<net id="606"><net_src comp="602" pin="1"/><net_sink comp="445" pin=1"/></net>

<net id="607"><net_src comp="602" pin="1"/><net_sink comp="519" pin=0"/></net>

<net id="611"><net_src comp="140" pin="1"/><net_sink comp="608" pin=0"/></net>

<net id="612"><net_src comp="608" pin="1"/><net_sink comp="450" pin=1"/></net>

<net id="613"><net_src comp="608" pin="1"/><net_sink comp="523" pin=0"/></net>

<net id="617"><net_src comp="144" pin="1"/><net_sink comp="614" pin=0"/></net>

<net id="618"><net_src comp="614" pin="1"/><net_sink comp="455" pin=1"/></net>

<net id="619"><net_src comp="614" pin="1"/><net_sink comp="527" pin=0"/></net>

<net id="623"><net_src comp="148" pin="1"/><net_sink comp="620" pin=0"/></net>

<net id="624"><net_src comp="620" pin="1"/><net_sink comp="460" pin=1"/></net>

<net id="625"><net_src comp="620" pin="1"/><net_sink comp="531" pin=0"/></net>

<net id="629"><net_src comp="152" pin="1"/><net_sink comp="626" pin=0"/></net>

<net id="630"><net_src comp="626" pin="1"/><net_sink comp="465" pin=1"/></net>

<net id="631"><net_src comp="626" pin="1"/><net_sink comp="535" pin=0"/></net>

<net id="635"><net_src comp="156" pin="1"/><net_sink comp="632" pin=0"/></net>

<net id="636"><net_src comp="632" pin="1"/><net_sink comp="470" pin=1"/></net>

<net id="637"><net_src comp="632" pin="1"/><net_sink comp="539" pin=0"/></net>

<net id="641"><net_src comp="160" pin="1"/><net_sink comp="638" pin=0"/></net>

<net id="642"><net_src comp="638" pin="1"/><net_sink comp="475" pin=1"/></net>

<net id="643"><net_src comp="638" pin="1"/><net_sink comp="543" pin=0"/></net>

<net id="647"><net_src comp="164" pin="1"/><net_sink comp="644" pin=0"/></net>

<net id="648"><net_src comp="644" pin="1"/><net_sink comp="480" pin=1"/></net>

<net id="649"><net_src comp="644" pin="1"/><net_sink comp="547" pin=0"/></net>

<net id="653"><net_src comp="168" pin="1"/><net_sink comp="650" pin=0"/></net>

<net id="654"><net_src comp="650" pin="1"/><net_sink comp="485" pin=1"/></net>

<net id="655"><net_src comp="650" pin="1"/><net_sink comp="551" pin=0"/></net>

<net id="659"><net_src comp="172" pin="1"/><net_sink comp="656" pin=0"/></net>

<net id="660"><net_src comp="656" pin="1"/><net_sink comp="490" pin=1"/></net>

<net id="661"><net_src comp="656" pin="1"/><net_sink comp="555" pin=0"/></net>

<net id="668"><net_src comp="326" pin="1"/><net_sink comp="665" pin=0"/></net>

<net id="672"><net_src comp="288" pin="3"/><net_sink comp="669" pin=0"/></net>

<net id="673"><net_src comp="669" pin="1"/><net_sink comp="295" pin=0"/></net>

</net_list>

</model> 
---------------- Datapath Model END ------------------

* FSMD analyzer results:
  - Output states:
	Port: or7_i_i37_out | {1 }
	Port: or7_i_i35_out | {1 }
	Port: or7_i_i33_out | {1 }
	Port: or7_i_i31_out | {1 }
	Port: or7_i_i29_out | {1 }
	Port: or7_i_i27_out | {1 }
	Port: or7_i_i25_out | {1 }
	Port: or7_i_i23_out | {1 }
	Port: or7_i_i21_out | {1 }
	Port: or7_i_i19_out | {1 }
	Port: or7_i_i17_out | {1 }
	Port: or7_i_i15_out | {1 }
	Port: or7_i_i13_out | {1 }
	Port: or7_i_i11_out | {1 }
	Port: or7_i_i9_out | {1 }
	Port: or7_i_i7_out | {1 }
 - Input state : 
	Port: mine_Pipeline_BUILD_FIRST_BLOCK : hdr | {1 2 }
  - Chain level:
	State 1
		store_ln234 : 1
		i : 1
		icmp_ln234 : 2
		add_ln234 : 2
		br_ln234 : 3
		zext_ln234 : 2
		trunc_ln234 : 2
		hdr_addr : 3
		hdr_load : 4
		switch_ln236 : 3
		store_ln234 : 3
		or7_i_i7_load : 1
		or7_i_i9_load : 1
		or7_i_i11_load : 1
		or7_i_i13_load : 1
		or7_i_i15_load : 1
		or7_i_i17_load : 1
		or7_i_i19_load : 1
		or7_i_i21_load : 1
		or7_i_i23_load : 1
		or7_i_i25_load : 1
		or7_i_i27_load : 1
		or7_i_i29_load : 1
		or7_i_i31_load : 1
		or7_i_i33_load : 1
		or7_i_i35_load : 1
		or7_i_i37_load : 1
		write_ln0 : 2
		write_ln0 : 2
		write_ln0 : 2
		write_ln0 : 2
		write_ln0 : 2
		write_ln0 : 2
		write_ln0 : 2
		write_ln0 : 2
		write_ln0 : 2
		write_ln0 : 2
		write_ln0 : 2
		write_ln0 : 2
		write_ln0 : 2
		write_ln0 : 2
		write_ln0 : 2
		write_ln0 : 2
	State 2
		empty : 1
		p_3 : 1
		p_1 : 1
		p_2 : 1
		tmp_s : 2
		store_ln212 : 3
		store_ln212 : 3
		store_ln212 : 3
		store_ln212 : 3
		store_ln212 : 3
		store_ln212 : 3
		store_ln212 : 3
		store_ln212 : 3
		store_ln212 : 3
		store_ln212 : 3
		store_ln212 : 3
		store_ln212 : 3
		store_ln212 : 3
		store_ln212 : 3
		store_ln212 : 3
		store_ln212 : 3


============================================================
+ Verbose Summary: Datapath Resource usage 
============================================================

* Functional unit list:
|----------|------------------------|---------|---------|
| Operation|     Functional Unit    |    FF   |   LUT   |
|----------|------------------------|---------|---------|
|   icmp   |    icmp_ln234_fu_309   |    0    |    12   |
|----------|------------------------|---------|---------|
|    add   |    add_ln234_fu_315    |    0    |    12   |
|----------|------------------------|---------|---------|
|          | write_ln0_write_fu_176 |    0    |    0    |
|          | write_ln0_write_fu_183 |    0    |    0    |
|          | write_ln0_write_fu_190 |    0    |    0    |
|          | write_ln0_write_fu_197 |    0    |    0    |
|          | write_ln0_write_fu_204 |    0    |    0    |
|          | write_ln0_write_fu_211 |    0    |    0    |
|          | write_ln0_write_fu_218 |    0    |    0    |
|   write  | write_ln0_write_fu_225 |    0    |    0    |
|          | write_ln0_write_fu_232 |    0    |    0    |
|          | write_ln0_write_fu_239 |    0    |    0    |
|          | write_ln0_write_fu_246 |    0    |    0    |
|          | write_ln0_write_fu_253 |    0    |    0    |
|          | write_ln0_write_fu_260 |    0    |    0    |
|          | write_ln0_write_fu_267 |    0    |    0    |
|          | write_ln0_write_fu_274 |    0    |    0    |
|          | write_ln0_write_fu_281 |    0    |    0    |
|----------|------------------------|---------|---------|
|   zext   |    zext_ln234_fu_321   |    0    |    0    |
|----------|------------------------|---------|---------|
|   trunc  |   trunc_ln234_fu_326   |    0    |    0    |
|          |      empty_fu_369      |    0    |    0    |
|----------|------------------------|---------|---------|
|  switch  |   switch_ln236_fu_330  |    0    |    0    |
|----------|------------------------|---------|---------|
|          |       p_3_fu_373       |    0    |    0    |
|partselect|       p_1_fu_383       |    0    |    0    |
|          |       p_2_fu_393       |    0    |    0    |
|----------|------------------------|---------|---------|
|bitconcatenate|      tmp_s_fu_403      |    0    |    0    |
|----------|------------------------|---------|---------|
|   Total  |                        |    0    |    24   |
|----------|------------------------|---------|---------|

Memories:
N/A

* Register list:
+-------------------+--------+
|                   |   FF   |
+-------------------+--------+
|  hdr_addr_reg_669 |    5   |
|    i_4_reg_559    |    5   |
| or7_i_i11_reg_578 |   32   |
| or7_i_i13_reg_584 |   32   |
| or7_i_i15_reg_590 |   32   |
| or7_i_i17_reg_596 |   32   |
| or7_i_i19_reg_602 |   32   |
| or7_i_i21_reg_608 |   32   |
| or7_i_i23_reg_614 |   32   |
| or7_i_i25_reg_620 |   32   |
| or7_i_i27_reg_626 |   32   |
| or7_i_i29_reg_632 |   32   |
| or7_i_i31_reg_638 |   32   |
| or7_i_i33_reg_644 |   32   |
| or7_i_i35_reg_650 |   32   |
| or7_i_i37_reg_656 |   32   |
|  or7_i_i7_reg_566 |   32   |
|  or7_i_i9_reg_572 |   32   |
|trunc_ln234_reg_665|    4   |
+-------------------+--------+
|       Total       |   526  |
+-------------------+--------+

* Multiplexer (MUX) list: 
|-------------------|------|------|------|--------||---------||---------||---------|
|        Comp       |  Pin | Size |  BW  | S x BW ||  Delay  ||    FF   ||   LUT   |
|-------------------|------|------|------|--------||---------||---------||---------|
| grp_access_fu_295 |  p0  |   2  |   5  |   10   ||    0    ||    9    |
|-------------------|------|------|------|--------||---------||---------||---------|
|       Total       |      |      |      |   10   ||  0.427  ||    0    ||    9    |
|-------------------|------|------|------|--------||---------||---------||---------|



* Summary:
+-----------+--------+--------+--------+
|           |  Delay |   FF   |   LUT  |
+-----------+--------+--------+--------+
|  Function |    -   |    0   |   24   |
|   Memory  |    -   |    -   |    -   |
|Multiplexer|    0   |    0   |    9   |
|  Register |    -   |   526  |    -   |
+-----------+--------+--------+--------+
|   Total   |    0   |   526  |   33   |
+-----------+--------+--------+--------+
