

================================================================
== Vitis HLS Report for 'mine_Pipeline_VITIS_LOOP_448_1'
================================================================
* Date:           Mon Aug  3 02:09:58 2026

* Version:        2025.2 (Build 6295257 on Nov 14 2025)
* Project:        mine
* Solution:       hls (Vitis Kernel Flow Target)
* Product family: zynquplus
* Target device:  xck26-sfvc784-2LV-c


================================================================
== Performance Estimates
================================================================
+ Timing: 
    * Summary: 
    +--------+---------+----------+------------+
    |  Clock |  Target | Estimated| Uncertainty|
    +--------+---------+----------+------------+
    |ap_clk  |  5.00 ns|  3.650 ns|     1.35 ns|
    +--------+---------+----------+------------+

+ Latency: 
    * Summary: 
    +---------+---------+----------+----------+-----+-----+-------------------+
    |  Latency (cycles) |  Latency (absolute) |  Interval |      Pipeline     |
    |   min   |   max   |    min   |    max   | min | max |        Type       |
    +---------+---------+----------+----------+-----+-----+-------------------+
    |       23|       23|  0.115 us|  0.115 us|    0|    0|  loop pipeline stp|
    +---------+---------+----------+----------+-----+-----+-------------------+

    + Detail: 
        * Instance: 
        N/A

        * Loop: 
        +--------------------+---------+---------+----------+-----------+-----------+------+----------+
        |                    |  Latency (cycles) | Iteration|  Initiation Interval  | Trip |          |
        |      Loop Name     |   min   |   max   |  Latency |  achieved |   target  | Count| Pipelined|
        +--------------------+---------+---------+----------+-----------+-----------+------+----------+
        |- VITIS_LOOP_448_1  |       21|       21|         3|          1|          1|    20|       yes|
        +--------------------+---------+---------+----------+-----------+-----------+------+----------+

============================================================
+ Verbose Summary: Synthesis Manager
============================================================
InlineROM: 1
ExposeGlobal: 0
============================================================
+ Verbose Summary: CDFG Model
============================================================
IsTopModel: 0
ResetActiveHigh: 1
IsCombinational: 0
IsDatapathOnly: 0
HasWiredReturn: 1
HasMFsm: 2
HasVarLatency: 1
IsPipeline: 0
IsRtlPipelined: 0
IsInstanceOverlapped: 0
IsDontTouch: 0
HasImplIP: 0
IsGatedGlobalClock: 0

+ Individual pipeline summary: 
  * Pipeline-0: initiation interval (II) = 1, depth = 3


============================================================
+ Verbose Summary: Schedule
============================================================
* Number of FSM states : 3
* Pipeline : 1
  Pipeline-0 : II = 1, D = 3, States = { 1 2 3 }
* Dataflow Pipeline: 0

* FSM state transitions: 
1 --> 2 
2 --> 3 
3 --> 

* FSM state operations: 

State 1 <SV = 0> <Delay = 1.64>
ST_1 : Operation 6 [1/1] (0.00ns)   --->   "%shiftreg6 = alloca i32 1"   --->   Operation 6 'alloca' 'shiftreg6' <Predicate = true> <Delay = 0.00>
ST_1 : Operation 7 [1/1] (0.00ns)   --->   "%i = alloca i32 1" [dylan-hls/mine.cpp:448]   --->   Operation 7 'alloca' 'i' <Predicate = true> <Delay = 0.00>
ST_1 : Operation 8 [1/1] (0.00ns)   --->   "%sext_ln448_read = read i60 @_ssdm_op_Read.ap_auto.i60, i60 %sext_ln448"   --->   Operation 8 'read' 'sext_ln448_read' <Predicate = true> <Delay = 0.00>
ST_1 : Operation 9 [1/1] (0.00ns)   --->   "%sext_ln448_cast = sext i60 %sext_ln448_read"   --->   Operation 9 'sext' 'sext_ln448_cast' <Predicate = true> <Delay = 0.00>
ST_1 : Operation 10 [1/1] (0.00ns)   --->   "%specinterface_ln0 = specinterface void @_ssdm_op_SpecInterface, i128 %gmem0, void @empty_17, i32 0, i32 0, void @empty, i32 64, i32 5, void @empty_0, void @empty_1, void @empty, i32 16, i32 16, i32 16, i32 16, void @empty, void @empty, i32 4294967295, i32 0, i32 0, i32 16"   --->   Operation 10 'specinterface' 'specinterface_ln0' <Predicate = true> <Delay = 0.00>
ST_1 : Operation 11 [1/1] (0.42ns)   --->   "%store_ln448 = store i5 0, i5 %i" [dylan-hls/mine.cpp:448]   --->   Operation 11 'store' 'store_ln448' <Predicate = true> <Delay = 0.42>
ST_1 : Operation 12 [1/1] (0.42ns)   --->   "%store_ln0 = store i96 0, i96 %shiftreg6"   --->   Operation 12 'store' 'store_ln0' <Predicate = true> <Delay = 0.42>
ST_1 : Operation 13 [1/1] (0.00ns)   --->   "%br_ln0 = br void %for.inc"   --->   Operation 13 'br' 'br_ln0' <Predicate = true> <Delay = 0.00>
ST_1 : Operation 14 [1/1] (0.00ns)   --->   "%i_4 = load i5 %i" [dylan-hls/mine.cpp:448]   --->   Operation 14 'load' 'i_4' <Predicate = true> <Delay = 0.00>
ST_1 : Operation 15 [1/1] (0.00ns)   --->   "%specbitsmap_ln0 = specbitsmap void @_ssdm_op_SpecBitsMap, i128 %gmem0"   --->   Operation 15 'specbitsmap' 'specbitsmap_ln0' <Predicate = true> <Delay = 0.00>
ST_1 : Operation 16 [1/1] (0.78ns)   --->   "%icmp_ln448 = icmp_eq  i5 %i_4, i5 20" [dylan-hls/mine.cpp:448]   --->   Operation 16 'icmp' 'icmp_ln448' <Predicate = true> <Delay = 0.78> <CoreInst = "Cmp">   --->   Core 9 'Cmp' <Latency = 0> <II = 1> <Delay = 0.78> <FuncUnit> <Opcode : 'seteq' 'setne' 'setle' 'setge' 'setlt' 'setgt'> <InPorts = 2> <OutPorts = 1>
ST_1 : Operation 17 [1/1] (0.78ns)   --->   "%add_ln448 = add i5 %i_4, i5 1" [dylan-hls/mine.cpp:448]   --->   Operation 17 'add' 'add_ln448' <Predicate = true> <Delay = 0.78> <CoreInst = "Adder">   --->   Core 1 'Adder' <Latency = 0> <II = 1> <Delay = 0.78> <FuncUnit> <Opcode : 'add' 'sub'> <InPorts = 2> <OutPorts = 1>
ST_1 : Operation 18 [1/1] (0.00ns)   --->   "%br_ln448 = br i1 %icmp_ln448, void %for.inc.split, void %for.end.exitStub" [dylan-hls/mine.cpp:448]   --->   Operation 18 'br' 'br_ln448' <Predicate = true> <Delay = 0.00>
ST_1 : Operation 19 [1/1] (0.00ns)   --->   "%trunc_ln448 = trunc i5 %i_4" [dylan-hls/mine.cpp:448]   --->   Operation 19 'trunc' 'trunc_ln448' <Predicate = (!icmp_ln448)> <Delay = 0.00>
ST_1 : Operation 20 [1/1] (0.54ns)   --->   "%icmp_ln450 = icmp_eq  i2 %trunc_ln448, i2 0" [dylan-hls/mine.cpp:450]   --->   Operation 20 'icmp' 'icmp_ln450' <Predicate = (!icmp_ln448)> <Delay = 0.54> <CoreInst = "Cmp">   --->   Core 9 'Cmp' <Latency = 0> <II = 1> <Delay = 0.54> <FuncUnit> <Opcode : 'seteq' 'setne' 'setle' 'setge' 'setlt' 'setgt'> <InPorts = 2> <OutPorts = 1>
ST_1 : Operation 21 [1/1] (0.42ns)   --->   "%br_ln450 = br i1 %icmp_ln450, void %for.inc.split._crit_edge, void" [dylan-hls/mine.cpp:450]   --->   Operation 21 'br' 'br_ln450' <Predicate = (!icmp_ln448)> <Delay = 0.42>
ST_1 : Operation 22 [1/1] (0.42ns)   --->   "%store_ln448 = store i5 %add_ln448, i5 %i" [dylan-hls/mine.cpp:448]   --->   Operation 22 'store' 'store_ln448' <Predicate = (!icmp_ln448)> <Delay = 0.42>

State 2 <SV = 1> <Delay = 3.65>
ST_2 : Operation 23 [1/1] (0.00ns)   --->   "%gmem0_addr = getelementptr i128 %gmem0, i64 %sext_ln448_cast" [dylan-hls/mine.cpp:448]   --->   Operation 23 'getelementptr' 'gmem0_addr' <Predicate = (!icmp_ln448)> <Delay = 0.00>
ST_2 : Operation 24 [1/1] ( I:3.65ns O:3.65ns )   --->   "%gmem0_addr_read = read i128 @_ssdm_op_Read.m_axi.i128.p1i128, i128 %gmem0_addr" [dylan-hls/mine.cpp:450]   --->   Operation 24 'read' 'gmem0_addr_read' <Predicate = (!icmp_ln448 & icmp_ln450)> <Delay = 3.65> <CoreInst = "m_axi">   --->   Core 119 'm_axi' <Latency = 3> <II = 1> <Delay = 1.00> <Adapter> <Opcode : 'readrequnaligned' 'writerequnaligned' 'read' 'write' 'readreq' 'writereq' 'writeresp'>
ST_2 : Operation 39 [1/1] (0.42ns)   --->   "%ret_ln0 = ret"   --->   Operation 39 'ret' 'ret_ln0' <Predicate = (icmp_ln448)> <Delay = 0.42>

State 3 <SV = 2> <Delay = 1.10>
ST_3 : Operation 25 [1/1] (0.00ns)   --->   "%shiftreg6_load = load i96 %shiftreg6" [dylan-hls/mine.cpp:448]   --->   Operation 25 'load' 'shiftreg6_load' <Predicate = (!icmp_ln448)> <Delay = 0.00>
ST_3 : Operation 26 [1/1] (0.00ns)   --->   "%zext_ln448 = zext i96 %shiftreg6_load" [dylan-hls/mine.cpp:448]   --->   Operation 26 'zext' 'zext_ln448' <Predicate = (!icmp_ln448)> <Delay = 0.00>
ST_3 : Operation 27 [1/1] (0.00ns)   --->   "%zext_ln448_1 = zext i5 %i_4" [dylan-hls/mine.cpp:448]   --->   Operation 27 'zext' 'zext_ln448_1' <Predicate = (!icmp_ln448)> <Delay = 0.00>
ST_3 : Operation 28 [1/1] (0.00ns)   --->   "%specpipeline_ln449 = specpipeline void @_ssdm_op_SpecPipeline, i32 1, i32 0, i32 0, i32 0, i32 4294967295, void @empty" [dylan-hls/mine.cpp:449]   --->   Operation 28 'specpipeline' 'specpipeline_ln449' <Predicate = (!icmp_ln448)> <Delay = 0.00>
ST_3 : Operation 29 [1/1] (0.00ns)   --->   "%speclooptripcount_ln448 = speclooptripcount void @_ssdm_op_SpecLoopTripCount, i64 20, i64 20, i64 20" [dylan-hls/mine.cpp:448]   --->   Operation 29 'speclooptripcount' 'speclooptripcount_ln448' <Predicate = (!icmp_ln448)> <Delay = 0.00>
ST_3 : Operation 30 [1/1] (0.00ns)   --->   "%specloopname_ln448 = specloopname void @_ssdm_op_SpecLoopName, void @empty_22" [dylan-hls/mine.cpp:448]   --->   Operation 30 'specloopname' 'specloopname_ln448' <Predicate = (!icmp_ln448)> <Delay = 0.00>
ST_3 : Operation 31 [1/1] (0.42ns)   --->   "%br_ln450 = br void %for.inc.split._crit_edge" [dylan-hls/mine.cpp:450]   --->   Operation 31 'br' 'br_ln450' <Predicate = (!icmp_ln448 & icmp_ln450)> <Delay = 0.42>
ST_3 : Operation 32 [1/1] (0.00ns)   --->   "%empty = phi i128 %gmem0_addr_read, void, i128 %zext_ln448, void %for.inc.split" [dylan-hls/mine.cpp:450]   --->   Operation 32 'phi' 'empty' <Predicate = true> <Delay = 0.00>
ST_3 : Operation 33 [1/1] (0.00ns)   --->   "%trunc_ln450 = trunc i128 %empty" [dylan-hls/mine.cpp:450]   --->   Operation 33 'trunc' 'trunc_ln450' <Predicate = true> <Delay = 0.00>
ST_3 : Operation 34 [1/1] (0.00ns)   --->   "%trunc_ln450_1 = partselect i96 @_ssdm_op_PartSelect.i96.i128.i32.i32, i128 %empty, i32 32, i32 127" [dylan-hls/mine.cpp:450]   --->   Operation 34 'partselect' 'trunc_ln450_1' <Predicate = true> <Delay = 0.00>
ST_3 : Operation 35 [1/1] (0.00ns)   --->   "%hdr_addr = getelementptr i32 %hdr, i64 0, i64 %zext_ln448_1" [dylan-hls/mine.cpp:450]   --->   Operation 35 'getelementptr' 'hdr_addr' <Predicate = true> <Delay = 0.00>
ST_3 : Operation 36 [1/1] ( I:0.67ns O:0.67ns )   --->   "%store_ln450 = store i32 %trunc_ln450, i5 %hdr_addr" [dylan-hls/mine.cpp:450]   --->   Operation 36 'store' 'store_ln450' <Predicate = true> <Delay = 0.67> <CoreInst = "RAM">   --->   Core 82 'RAM' <Latency = 1> <II = 1> <Delay = 0.67> <Storage> <Opcode : 'load' 'store'> <Ports = 2> <Width = 32> <Depth = 20> <RAM>
ST_3 : Operation 37 [1/1] (0.42ns)   --->   "%store_ln450 = store i96 %trunc_ln450_1, i96 %shiftreg6" [dylan-hls/mine.cpp:450]   --->   Operation 37 'store' 'store_ln450' <Predicate = true> <Delay = 0.42>
ST_3 : Operation 38 [1/1] (0.00ns)   --->   "%br_ln448 = br void %for.inc" [dylan-hls/mine.cpp:448]   --->   Operation 38 'br' 'br_ln448' <Predicate = true> <Delay = 0.00>


============================================================
+ Verbose Summary: Binding
============================================================
STG Binding: 
---------------- STG Properties BEGIN ----------------
- Is combinational: 0
- Is one-state seq: 0
- Is datapath-only: 0
- Is pipelined: 0
- Is top level: 0
Port [ Return ] is wired: 1; IO mode=ap_ctrl_hs:ce=0
Port [ gmem0]:  wired=1; compound=1; hidden=0; nouse=0; global=0; static=0; extern=0; dir=0; type=4; pingpong=0; private_global=0; IO mode=m_axi:ce=0
Port [ hdr]:  wired=1; compound=1; hidden=0; nouse=0; global=0; static=0; extern=0; dir=1; type=1; pingpong=0; private_global=0; MemPort=[03]; IO mode=ap_memory:ce=0
Port [ sext_ln448]:  wired=1; compound=0; hidden=0; nouse=0; global=0; static=0; extern=0; dir=0; type=0; pingpong=0; private_global=0; IO mode=ap_none:ce=0
---------------- STG Properties END ------------------

---------------- Datapath Model BEGIN ----------------

<LifeTime>
<method=bitvector/>
shiftreg6               (alloca           ) [ 0111]
i                       (alloca           ) [ 0100]
sext_ln448_read         (read             ) [ 0000]
sext_ln448_cast         (sext             ) [ 0110]
specinterface_ln0       (specinterface    ) [ 0000]
store_ln448             (store            ) [ 0000]
store_ln0               (store            ) [ 0000]
br_ln0                  (br               ) [ 0000]
i_4                     (load             ) [ 0111]
specbitsmap_ln0         (specbitsmap      ) [ 0000]
icmp_ln448              (icmp             ) [ 0111]
add_ln448               (add              ) [ 0000]
br_ln448                (br               ) [ 0000]
trunc_ln448             (trunc            ) [ 0000]
icmp_ln450              (icmp             ) [ 0111]
br_ln450                (br               ) [ 0111]
store_ln448             (store            ) [ 0000]
gmem0_addr              (getelementptr    ) [ 0000]
gmem0_addr_read         (read             ) [ 0101]
shiftreg6_load          (load             ) [ 0000]
zext_ln448              (zext             ) [ 0000]
zext_ln448_1            (zext             ) [ 0000]
specpipeline_ln449      (specpipeline     ) [ 0000]
speclooptripcount_ln448 (speclooptripcount) [ 0000]
specloopname_ln448      (specloopname     ) [ 0000]
br_ln450                (br               ) [ 0000]
empty                   (phi              ) [ 0101]
trunc_ln450             (trunc            ) [ 0000]
trunc_ln450_1           (partselect       ) [ 0000]
hdr_addr                (getelementptr    ) [ 0000]
store_ln450             (store            ) [ 0000]
store_ln450             (store            ) [ 0000]
br_ln448                (br               ) [ 0000]
ret_ln0                 (ret              ) [ 0000]
</LifeTime>

<model>

<comp_list>
<comp id="0" class="1000" name="gmem0">
<pin_list>
<pin id="1" dir="1" index="0" bw="1" slack="0"/>
</pin_list>
<bind>
<StgValue><ssdm name="gmem0"/><MemPortTyVec>0 </MemPortTyVec>
</StgValue>
</bind>
</comp>

<comp id="2" class="1000" name="hdr">
<pin_list>
<pin id="3" dir="1" index="0" bw="1" slack="0"/>
</pin_list>
<bind>
<StgValue><ssdm name="hdr"/><MemPortTyVec>0 3 </MemPortTyVec>
</StgValue>
</bind>
</comp>

<comp id="4" class="1000" name="sext_ln448">
<pin_list>
<pin id="5" dir="1" index="0" bw="1" slack="0"/>
</pin_list>
<bind>
<StgValue><ssdm name="sext_ln448"/></StgValue>
</bind>
</comp>

<comp id="6" class="1001" name="const_6">
<pin_list>
<pin id="7" dir="1" index="0" bw="1" slack="0"/>
</pin_list>
<bind>
<StgValue><ssdm name=""/></StgValue>
</bind>
</comp>

<comp id="8" class="1001" name="const_8">
<pin_list>
<pin id="9" dir="1" index="0" bw="1" slack="0"/>
</pin_list>
<bind>
<StgValue><ssdm name="_ssdm_op_Read.ap_auto.i60"/></StgValue>
</bind>
</comp>

<comp id="10" class="1001" name="const_10">
<pin_list>
<pin id="11" dir="1" index="0" bw="1" slack="2147483647"/>
</pin_list>
<bind>
<StgValue><ssdm name="_ssdm_op_SpecInterface"/></StgValue>
</bind>
</comp>

<comp id="12" class="1001" name="const_12">
<pin_list>
<pin id="13" dir="1" index="0" bw="1" slack="2147483647"/>
</pin_list>
<bind>
<StgValue><ssdm name="empty_17"/></StgValue>
</bind>
</comp>

<comp id="14" class="1001" name="const_14">
<pin_list>
<pin id="15" dir="1" index="0" bw="1" slack="2147483647"/>
</pin_list>
<bind>
<StgValue><ssdm name=""/></StgValue>
</bind>
</comp>

<comp id="16" class="1001" name="const_16">
<pin_list>
<pin id="17" dir="1" index="0" bw="1" slack="2147483647"/>
</pin_list>
<bind>
<StgValue><ssdm name="empty"/></StgValue>
</bind>
</comp>

<comp id="18" class="1001" name="const_18">
<pin_list>
<pin id="19" dir="1" index="0" bw="1" slack="2147483647"/>
</pin_list>
<bind>
<StgValue><ssdm name=""/></StgValue>
</bind>
</comp>

<comp id="20" class="1001" name="const_20">
<pin_list>
<pin id="21" dir="1" index="0" bw="1" slack="2147483647"/>
</pin_list>
<bind>
<StgValue><ssdm name=""/></StgValue>
</bind>
</comp>

<comp id="22" class="1001" name="const_22">
<pin_list>
<pin id="23" dir="1" index="0" bw="1" slack="2147483647"/>
</pin_list>
<bind>
<StgValue><ssdm name="empty_0"/></StgValue>
</bind>
</comp>

<comp id="24" class="1001" name="const_24">
<pin_list>
<pin id="25" dir="1" index="0" bw="1" slack="2147483647"/>
</pin_list>
<bind>
<StgValue><ssdm name="empty_1"/></StgValue>
</bind>
</comp>

<comp id="26" class="1001" name="const_26">
<pin_list>
<pin id="27" dir="1" index="0" bw="1" slack="2147483647"/>
</pin_list>
<bind>
<StgValue><ssdm name=""/></StgValue>
</bind>
</comp>

<comp id="28" class="1001" name="const_28">
<pin_list>
<pin id="29" dir="1" index="0" bw="1" slack="2147483647"/>
</pin_list>
<bind>
<StgValue><ssdm name=""/></StgValue>
</bind>
</comp>

<comp id="30" class="1001" name="const_30">
<pin_list>
<pin id="31" dir="1" index="0" bw="1" slack="0"/>
</pin_list>
<bind>
<StgValue><ssdm name=""/></StgValue>
</bind>
</comp>

<comp id="32" class="1001" name="const_32">
<pin_list>
<pin id="33" dir="1" index="0" bw="1" slack="0"/>
</pin_list>
<bind>
<StgValue><ssdm name=""/></StgValue>
</bind>
</comp>

<comp id="34" class="1001" name="const_34">
<pin_list>
<pin id="35" dir="1" index="0" bw="1" slack="2147483647"/>
</pin_list>
<bind>
<StgValue><ssdm name="_ssdm_op_SpecBitsMap"/></StgValue>
</bind>
</comp>

<comp id="36" class="1001" name="const_36">
<pin_list>
<pin id="37" dir="1" index="0" bw="1" slack="0"/>
</pin_list>
<bind>
<StgValue><ssdm name=""/></StgValue>
</bind>
</comp>

<comp id="38" class="1001" name="const_38">
<pin_list>
<pin id="39" dir="1" index="0" bw="1" slack="0"/>
</pin_list>
<bind>
<StgValue><ssdm name=""/></StgValue>
</bind>
</comp>

<comp id="40" class="1001" name="const_40">
<pin_list>
<pin id="41" dir="1" index="0" bw="1" slack="0"/>
</pin_list>
<bind>
<StgValue><ssdm name=""/></StgValue>
</bind>
</comp>

<comp id="42" class="1001" name="const_42">
<pin_list>
<pin id="43" dir="1" index="0" bw="1" slack="0"/>
</pin_list>
<bind>
<StgValue><ssdm name="_ssdm_op_Read.m_axi.i128.p1i128"/></StgValue>
</bind>
</comp>

<comp id="44" class="1001" name="const_44">
<pin_list>
<pin id="45" dir="1" index="0" bw="1" slack="2147483647"/>
</pin_list>
<bind>
<StgValue><ssdm name="_ssdm_op_SpecPipeline"/></StgValue>
</bind>
</comp>

<comp id="46" class="1001" name="const_46">
<pin_list>
<pin id="47" dir="1" index="0" bw="1" slack="2147483647"/>
</pin_list>
<bind>
<StgValue><ssdm name="_ssdm_op_SpecLoopTripCount"/></StgValue>
</bind>
</comp>

<comp id="48" class="1001" name="const_48">
<pin_list>
<pin id="49" dir="1" index="0" bw="1" slack="2147483647"/>
</pin_list>
<bind>
<StgValue><ssdm name=""/></StgValue>
</bind>
</comp>

<comp id="50" class="1001" name="const_50">
<pin_list>
<pin id="51" dir="1" index="0" bw="1" slack="2147483647"/>
</pin_list>
<bind>
<StgValue><ssdm name="_ssdm_op_SpecLoopName"/></StgValue>
</bind>
</comp>

<comp id="52" class="1001" name="const_52">
<pin_list>
<pin id="53" dir="1" index="0" bw="1" slack="2147483647"/>
</pin_list>
<bind>
<StgValue><ssdm name="empty_22"/></StgValue>
</bind>
</comp>

<comp id="54" class="1001" name="const_54">
<pin_list>
<pin id="55" dir="1" index="0" bw="1" slack="0"/>
</pin_list>
<bind>
<StgValue><ssdm name="_ssdm_op_PartSelect.i96.i128.i32.i32"/></StgValue>
</bind>
</comp>

<comp id="56" class="1001" name="const_56">
<pin_list>
<pin id="57" dir="1" index="0" bw="1" slack="0"/>
</pin_list>
<bind>
<StgValue><ssdm name=""/></StgValue>
</bind>
</comp>

<comp id="58" class="1001" name="const_58">
<pin_list>
<pin id="59" dir="1" index="0" bw="1" slack="0"/>
</pin_list>
<bind>
<StgValue><ssdm name=""/></StgValue>
</bind>
</comp>

<comp id="60" class="1001" name="const_60">
<pin_list>
<pin id="61" dir="1" index="0" bw="1" slack="0"/>
</pin_list>
<bind>
<StgValue><ssdm name=""/></StgValue>
</bind>
</comp>

<comp id="62" class="1004" name="shiftreg6_fu_62">
<pin_list>
<pin id="63" dir="0" index="0" bw="1" slack="0"/>
<pin id="64" dir="1" index="1" bw="96" slack="0"/>
</pin_list>
<bind>
<opcode="alloca(26) " fcode="alloca"/>
<opset="shiftreg6/1 "/>
</bind>
</comp>

<comp id="66" class="1004" name="i_fu_66">
<pin_list>
<pin id="67" dir="0" index="0" bw="1" slack="0"/>
<pin id="68" dir="1" index="1" bw="5" slack="0"/>
</pin_list>
<bind>
<opcode="alloca(26) " fcode="alloca"/>
<opset="i/1 "/>
</bind>
</comp>

<comp id="70" class="1004" name="sext_ln448_read_read_fu_70">
<pin_list>
<pin id="71" dir="0" index="0" bw="60" slack="0"/>
<pin id="72" dir="0" index="1" bw="60" slack="0"/>
<pin id="73" dir="1" index="2" bw="60" slack="0"/>
</pin_list>
<bind>
<opcode="read(1150) " fcode="read"/>
<opset="sext_ln448_read/1 "/>
</bind>
</comp>

<comp id="76" class="1004" name="hdr_addr_gep_fu_76">
<pin_list>
<pin id="77" dir="0" index="0" bw="32" slack="0"/>
<pin id="78" dir="0" index="1" bw="1" slack="0"/>
<pin id="79" dir="0" index="2" bw="5" slack="0"/>
<pin id="80" dir="1" index="3" bw="5" slack="0"/>
</pin_list>
<bind>
<opcode="getelementptr(29) " fcode="getelementptr"/>
<opset="hdr_addr/3 "/>
</bind>
</comp>

<comp id="83" class="1004" name="store_ln450_access_fu_83">
<pin_list>
<pin id="84" dir="0" index="0" bw="5" slack="0"/>
<pin id="85" dir="0" index="1" bw="32" slack="0"/>
<pin id="86" dir="0" index="2" bw="0" slack="2147483647"/>
<pin id="87" dir="1" index="3" bw="32" slack="2147483647"/>
</pin_list>
<bind>
<opcode="store(28) " fcode="store"/>
<opset="store_ln450/3 "/>
</bind>
</comp>

<comp id="89" class="1004" name="gmem0_addr_read_read_fu_89">
<pin_list>
<pin id="90" dir="0" index="0" bw="128" slack="0"/>
<pin id="91" dir="0" index="1" bw="128" slack="0"/>
<pin id="92" dir="1" index="2" bw="128" slack="1"/>
</pin_list>
<bind>
<opcode="read(1150) " fcode="read"/>
<opset="gmem0_addr_read/2 "/>
</bind>
</comp>

<comp id="94" class="1005" name="empty_reg_94">
<pin_list>
<pin id="95" dir="0" index="0" bw="128" slack="2147483647"/>
<pin id="96" dir="1" index="1" bw="128" slack="2147483647"/>
</pin_list>
<bind>
<opset="empty (phireg) "/>
</bind>
</comp>

<comp id="97" class="1004" name="empty_phi_fu_97">
<pin_list>
<pin id="98" dir="0" index="0" bw="128" slack="1"/>
<pin id="99" dir="0" index="1" bw="0" slack="2147483647"/>
<pin id="100" dir="0" index="2" bw="96" slack="0"/>
<pin id="101" dir="0" index="3" bw="0" slack="2147483647"/>
<pin id="102" dir="1" index="4" bw="128" slack="0"/>
</pin_list>
<bind>
<opcode="phi(47) " fcode="phi"/>
<opset="empty/3 "/>
</bind>
</comp>

<comp id="103" class="1004" name="sext_ln448_cast_fu_103">
<pin_list>
<pin id="104" dir="0" index="0" bw="60" slack="0"/>
<pin id="105" dir="1" index="1" bw="64" slack="1"/>
</pin_list>
<bind>
<opcode="sext(35) " fcode="sext"/>
<opset="sext_ln448_cast/1 "/>
</bind>
</comp>

<comp id="107" class="1004" name="store_ln448_store_fu_107">
<pin_list>
<pin id="108" dir="0" index="0" bw="1" slack="0"/>
<pin id="109" dir="0" index="1" bw="5" slack="0"/>
<pin id="110" dir="1" index="2" bw="0" slack="2147483647"/>
</pin_list>
<bind>
<opcode="store(28) " fcode="store"/>
<opset="store_ln448/1 "/>
</bind>
</comp>

<comp id="112" class="1004" name="store_ln0_store_fu_112">
<pin_list>
<pin id="113" dir="0" index="0" bw="1" slack="0"/>
<pin id="114" dir="0" index="1" bw="96" slack="0"/>
<pin id="115" dir="1" index="2" bw="0" slack="2147483647"/>
</pin_list>
<bind>
<opcode="store(28) " fcode="store"/>
<opset="store_ln0/1 "/>
</bind>
</comp>

<comp id="117" class="1004" name="i_4_load_fu_117">
<pin_list>
<pin id="118" dir="0" index="0" bw="5" slack="0"/>
<pin id="119" dir="1" index="1" bw="5" slack="0"/>
</pin_list>
<bind>
<opcode="load(27) " fcode="load"/>
<opset="i_4/1 "/>
</bind>
</comp>

<comp id="120" class="1004" name="icmp_ln448_fu_120">
<pin_list>
<pin id="121" dir="0" index="0" bw="5" slack="0"/>
<pin id="122" dir="0" index="1" bw="5" slack="0"/>
<pin id="123" dir="1" index="2" bw="1" slack="1"/>
</pin_list>
<bind>
<opcode="icmp(45) " fcode="icmp"/>
<opset="icmp_ln448/1 "/>
</bind>
</comp>

<comp id="126" class="1004" name="add_ln448_fu_126">
<pin_list>
<pin id="127" dir="0" index="0" bw="5" slack="0"/>
<pin id="128" dir="0" index="1" bw="1" slack="0"/>
<pin id="129" dir="1" index="2" bw="5" slack="0"/>
</pin_list>
<bind>
<opcode="add(8) " fcode="add"/>
<opset="add_ln448/1 "/>
</bind>
</comp>

<comp id="132" class="1004" name="trunc_ln448_fu_132">
<pin_list>
<pin id="133" dir="0" index="0" bw="5" slack="0"/>
<pin id="134" dir="1" index="1" bw="2" slack="0"/>
</pin_list>
<bind>
<opcode="trunc(33) " fcode="trunc"/>
<opset="trunc_ln448/1 "/>
</bind>
</comp>

<comp id="136" class="1004" name="icmp_ln450_fu_136">
<pin_list>
<pin id="137" dir="0" index="0" bw="2" slack="0"/>
<pin id="138" dir="0" index="1" bw="1" slack="0"/>
<pin id="139" dir="1" index="2" bw="1" slack="1"/>
</pin_list>
<bind>
<opcode="icmp(45) " fcode="icmp"/>
<opset="icmp_ln450/1 "/>
</bind>
</comp>

<comp id="142" class="1004" name="store_ln448_store_fu_142">
<pin_list>
<pin id="143" dir="0" index="0" bw="5" slack="0"/>
<pin id="144" dir="0" index="1" bw="5" slack="0"/>
<pin id="145" dir="1" index="2" bw="0" slack="2147483647"/>
</pin_list>
<bind>
<opcode="store(28) " fcode="store"/>
<opset="store_ln448/1 "/>
</bind>
</comp>

<comp id="147" class="1004" name="gmem0_addr_fu_147">
<pin_list>
<pin id="148" dir="0" index="0" bw="128" slack="0"/>
<pin id="149" dir="0" index="1" bw="60" slack="1"/>
<pin id="150" dir="1" index="2" bw="128" slack="0"/>
</pin_list>
<bind>
<opcode="getelementptr(29) " fcode="getelementptr"/>
<opset="gmem0_addr/2 "/>
</bind>
</comp>

<comp id="153" class="1004" name="shiftreg6_load_load_fu_153">
<pin_list>
<pin id="154" dir="0" index="0" bw="96" slack="2"/>
<pin id="155" dir="1" index="1" bw="96" slack="0"/>
</pin_list>
<bind>
<opcode="load(27) " fcode="load"/>
<opset="shiftreg6_load/3 "/>
</bind>
</comp>

<comp id="156" class="1004" name="zext_ln448_fu_156">
<pin_list>
<pin id="157" dir="0" index="0" bw="96" slack="0"/>
<pin id="158" dir="1" index="1" bw="128" slack="0"/>
</pin_list>
<bind>
<opcode="zext(34) " fcode="zext"/>
<opset="zext_ln448/3 "/>
</bind>
</comp>

<comp id="161" class="1004" name="zext_ln448_1_fu_161">
<pin_list>
<pin id="162" dir="0" index="0" bw="5" slack="2"/>
<pin id="163" dir="1" index="1" bw="64" slack="0"/>
</pin_list>
<bind>
<opcode="zext(34) " fcode="zext"/>
<opset="zext_ln448_1/3 "/>
</bind>
</comp>

<comp id="165" class="1004" name="trunc_ln450_fu_165">
<pin_list>
<pin id="166" dir="0" index="0" bw="128" slack="0"/>
<pin id="167" dir="1" index="1" bw="32" slack="0"/>
</pin_list>
<bind>
<opcode="trunc(33) " fcode="trunc"/>
<opset="trunc_ln450/3 "/>
</bind>
</comp>

<comp id="170" class="1004" name="trunc_ln450_1_fu_170">
<pin_list>
<pin id="171" dir="0" index="0" bw="96" slack="0"/>
<pin id="172" dir="0" index="1" bw="128" slack="0"/>
<pin id="173" dir="0" index="2" bw="7" slack="0"/>
<pin id="174" dir="0" index="3" bw="8" slack="0"/>
<pin id="175" dir="1" index="4" bw="96" slack="0"/>
</pin_list>
<bind>
<opcode="partselect(1002) " fcode="partselect"/>
<opset="trunc_ln450_1/3 "/>
</bind>
</comp>

<comp id="180" class="1004" name="store_ln450_store_fu_180">
<pin_list>
<pin id="181" dir="0" index="0" bw="96" slack="0"/>
<pin id="182" dir="0" index="1" bw="96" slack="2"/>
<pin id="183" dir="1" index="2" bw="0" slack="2147483647"/>
</pin_list>
<bind>
<opcode="store(28) " fcode="store"/>
<opset="store_ln450/3 "/>
</bind>
</comp>

<comp id="185" class="1005" name="shiftreg6_reg_185">
<pin_list>
<pin id="186" dir="0" index="0" bw="96" slack="0"/>
<pin id="187" dir="1" index="1" bw="96" slack="0"/>
</pin_list>
<bind>
<opset="shiftreg6 "/>
</bind>
</comp>

<comp id="192" class="1005" name="i_reg_192">
<pin_list>
<pin id="193" dir="0" index="0" bw="5" slack="0"/>
<pin id="194" dir="1" index="1" bw="5" slack="0"/>
</pin_list>
<bind>
<opset="i "/>
</bind>
</comp>

<comp id="199" class="1005" name="sext_ln448_cast_reg_199">
<pin_list>
<pin id="200" dir="0" index="0" bw="64" slack="1"/>
<pin id="201" dir="1" index="1" bw="64" slack="1"/>
</pin_list>
<bind>
<opset="sext_ln448_cast "/>
</bind>
</comp>

<comp id="204" class="1005" name="i_4_reg_204">
<pin_list>
<pin id="205" dir="0" index="0" bw="5" slack="2"/>
<pin id="206" dir="1" index="1" bw="5" slack="2"/>
</pin_list>
<bind>
<opset="i_4 "/>
</bind>
</comp>

<comp id="209" class="1005" name="icmp_ln448_reg_209">
<pin_list>
<pin id="210" dir="0" index="0" bw="1" slack="1"/>
<pin id="211" dir="1" index="1" bw="1" slack="2147483647"/>
</pin_list>
<bind>
<opset="icmp_ln448 "/>
</bind>
</comp>

<comp id="213" class="1005" name="icmp_ln450_reg_213">
<pin_list>
<pin id="214" dir="0" index="0" bw="1" slack="1"/>
<pin id="215" dir="1" index="1" bw="1" slack="2147483647"/>
</pin_list>
<bind>
<opset="icmp_ln450 "/>
</bind>
</comp>

<comp id="217" class="1005" name="gmem0_addr_read_reg_217">
<pin_list>
<pin id="218" dir="0" index="0" bw="128" slack="1"/>
<pin id="219" dir="1" index="1" bw="128" slack="1"/>
</pin_list>
<bind>
<opset="gmem0_addr_read "/>
</bind>
</comp>

</comp_list>

<net_list>
<net id="65"><net_src comp="6" pin="0"/><net_sink comp="62" pin=0"/></net>

<net id="69"><net_src comp="6" pin="0"/><net_sink comp="66" pin=0"/></net>

<net id="74"><net_src comp="8" pin="0"/><net_sink comp="70" pin=0"/></net>

<net id="75"><net_src comp="4" pin="0"/><net_sink comp="70" pin=1"/></net>

<net id="81"><net_src comp="2" pin="0"/><net_sink comp="76" pin=0"/></net>

<net id="82"><net_src comp="60" pin="0"/><net_sink comp="76" pin=1"/></net>

<net id="88"><net_src comp="76" pin="3"/><net_sink comp="83" pin=0"/></net>

<net id="93"><net_src comp="42" pin="0"/><net_sink comp="89" pin=0"/></net>

<net id="106"><net_src comp="70" pin="2"/><net_sink comp="103" pin=0"/></net>

<net id="111"><net_src comp="30" pin="0"/><net_sink comp="107" pin=0"/></net>

<net id="116"><net_src comp="32" pin="0"/><net_sink comp="112" pin=0"/></net>

<net id="124"><net_src comp="117" pin="1"/><net_sink comp="120" pin=0"/></net>

<net id="125"><net_src comp="36" pin="0"/><net_sink comp="120" pin=1"/></net>

<net id="130"><net_src comp="117" pin="1"/><net_sink comp="126" pin=0"/></net>

<net id="131"><net_src comp="38" pin="0"/><net_sink comp="126" pin=1"/></net>

<net id="135"><net_src comp="117" pin="1"/><net_sink comp="132" pin=0"/></net>

<net id="140"><net_src comp="132" pin="1"/><net_sink comp="136" pin=0"/></net>

<net id="141"><net_src comp="40" pin="0"/><net_sink comp="136" pin=1"/></net>

<net id="146"><net_src comp="126" pin="2"/><net_sink comp="142" pin=0"/></net>

<net id="151"><net_src comp="0" pin="0"/><net_sink comp="147" pin=0"/></net>

<net id="152"><net_src comp="147" pin="2"/><net_sink comp="89" pin=1"/></net>

<net id="159"><net_src comp="153" pin="1"/><net_sink comp="156" pin=0"/></net>

<net id="160"><net_src comp="156" pin="1"/><net_sink comp="97" pin=2"/></net>

<net id="164"><net_src comp="161" pin="1"/><net_sink comp="76" pin=2"/></net>

<net id="168"><net_src comp="97" pin="4"/><net_sink comp="165" pin=0"/></net>

<net id="169"><net_src comp="165" pin="1"/><net_sink comp="83" pin=1"/></net>

<net id="176"><net_src comp="54" pin="0"/><net_sink comp="170" pin=0"/></net>

<net id="177"><net_src comp="97" pin="4"/><net_sink comp="170" pin=1"/></net>

<net id="178"><net_src comp="56" pin="0"/><net_sink comp="170" pin=2"/></net>

<net id="179"><net_src comp="58" pin="0"/><net_sink comp="170" pin=3"/></net>

<net id="184"><net_src comp="170" pin="4"/><net_sink comp="180" pin=0"/></net>

<net id="188"><net_src comp="62" pin="1"/><net_sink comp="185" pin=0"/></net>

<net id="189"><net_src comp="185" pin="1"/><net_sink comp="112" pin=1"/></net>

<net id="190"><net_src comp="185" pin="1"/><net_sink comp="153" pin=0"/></net>

<net id="191"><net_src comp="185" pin="1"/><net_sink comp="180" pin=1"/></net>

<net id="195"><net_src comp="66" pin="1"/><net_sink comp="192" pin=0"/></net>

<net id="196"><net_src comp="192" pin="1"/><net_sink comp="107" pin=1"/></net>

<net id="197"><net_src comp="192" pin="1"/><net_sink comp="117" pin=0"/></net>

<net id="198"><net_src comp="192" pin="1"/><net_sink comp="142" pin=1"/></net>

<net id="202"><net_src comp="103" pin="1"/><net_sink comp="199" pin=0"/></net>

<net id="203"><net_src comp="199" pin="1"/><net_sink comp="147" pin=1"/></net>

<net id="207"><net_src comp="117" pin="1"/><net_sink comp="204" pin=0"/></net>

<net id="208"><net_src comp="204" pin="1"/><net_sink comp="161" pin=0"/></net>

<net id="212"><net_src comp="120" pin="2"/><net_sink comp="209" pin=0"/></net>

<net id="216"><net_src comp="136" pin="2"/><net_sink comp="213" pin=0"/></net>

<net id="220"><net_src comp="89" pin="2"/><net_sink comp="217" pin=0"/></net>

<net id="221"><net_src comp="217" pin="1"/><net_sink comp="97" pin=0"/></net>

</net_list>

</model> 
---------------- Datapath Model END ------------------

* FSMD analyzer results:
  - Output states:
	Port: hdr | {3 }
 - Input state : 
	Port: mine_Pipeline_VITIS_LOOP_448_1 : gmem0 | {2 }
	Port: mine_Pipeline_VITIS_LOOP_448_1 : sext_ln448 | {1 }
  - Chain level:
	State 1
		store_ln448 : 1
		store_ln0 : 1
		i_4 : 1
		icmp_ln448 : 2
		add_ln448 : 2
		br_ln448 : 3
		trunc_ln448 : 2
		icmp_ln450 : 3
		br_ln450 : 4
		store_ln448 : 3
	State 2
		gmem0_addr_read : 1
	State 3
		zext_ln448 : 1
		empty : 2
		trunc_ln450 : 3
		trunc_ln450_1 : 3
		hdr_addr : 1
		store_ln450 : 4
		store_ln450 : 4


============================================================
+ Verbose Summary: Datapath Resource usage 
============================================================

* Functional unit list:
|----------|----------------------------|---------|---------|
| Operation|       Functional Unit      |    FF   |   LUT   |
|----------|----------------------------|---------|---------|
|   icmp   |      icmp_ln448_fu_120     |    0    |    12   |
|          |      icmp_ln450_fu_136     |    0    |    9    |
|----------|----------------------------|---------|---------|
|    add   |      add_ln448_fu_126      |    0    |    12   |
|----------|----------------------------|---------|---------|
|   read   | sext_ln448_read_read_fu_70 |    0    |    0    |
|          | gmem0_addr_read_read_fu_89 |    0    |    0    |
|----------|----------------------------|---------|---------|
|   sext   |   sext_ln448_cast_fu_103   |    0    |    0    |
|----------|----------------------------|---------|---------|
|   trunc  |     trunc_ln448_fu_132     |    0    |    0    |
|          |     trunc_ln450_fu_165     |    0    |    0    |
|----------|----------------------------|---------|---------|
|   zext   |      zext_ln448_fu_156     |    0    |    0    |
|          |     zext_ln448_1_fu_161    |    0    |    0    |
|----------|----------------------------|---------|---------|
|partselect|    trunc_ln450_1_fu_170    |    0    |    0    |
|----------|----------------------------|---------|---------|
|   Total  |                            |    0    |    33   |
|----------|----------------------------|---------|---------|

Memories:
N/A

* Register list:
+-----------------------+--------+
|                       |   FF   |
+-----------------------+--------+
|      empty_reg_94     |   128  |
|gmem0_addr_read_reg_217|   128  |
|      i_4_reg_204      |    5   |
|       i_reg_192       |    5   |
|   icmp_ln448_reg_209  |    1   |
|   icmp_ln450_reg_213  |    1   |
|sext_ln448_cast_reg_199|   64   |
|   shiftreg6_reg_185   |   96   |
+-----------------------+--------+
|         Total         |   428  |
+-----------------------+--------+

* Multiplexer (MUX) list: 
|--------|------|------|------|--------|
|  Comp  |  Pin | Size |  BW  | S x BW |
|--------|------|------|------|--------|
|  Total |      |      |      |    0   |
|--------|------|------|------|--------|



* Summary:
+-----------+--------+--------+
|           |   FF   |   LUT  |
+-----------+--------+--------+
|  Function |    0   |   33   |
|   Memory  |    -   |    -   |
|Multiplexer|    -   |    -   |
|  Register |   428  |    -   |
+-----------+--------+--------+
|   Total   |   428  |   33   |
+-----------+--------+--------+
