

================================================================
== Vitis HLS Report for 'mine_Pipeline_COMPARE_HASH'
================================================================
* Date:           Mon Aug  3 02:09:58 2026

* Version:        2025.2 (Build 6295257 on Nov 14 2025)
* Project:        mine
* Solution:       hls (Vitis Kernel Flow Target)
* Product family: zynquplus
* Target device:  xck26-sfvc784-2LV-c


================================================================
== Performance Estimates
================================================================
+ Timing: 
    * Summary: 
    +--------+---------+----------+------------+
    |  Clock |  Target | Estimated| Uncertainty|
    +--------+---------+----------+------------+
    |ap_clk  |  5.00 ns|  3.257 ns|     1.35 ns|
    +--------+---------+----------+------------+

+ Latency: 
    * Summary: 
    +---------+---------+-----------+----------+-----+-----+-------------------+
    |  Latency (cycles) |  Latency (absolute)  |  Interval |      Pipeline     |
    |   min   |   max   |    min    |    max   | min | max |        Type       |
    +---------+---------+-----------+----------+-----+-----+-------------------+
    |        3|       67|  15.000 ns|  0.335 us|    0|    0|  loop pipeline stp|
    +---------+---------+-----------+----------+-----+-----+-------------------+

    + Detail: 
        * Instance: 
        N/A

        * Loop: 
        +----------------+---------+---------+----------+-----------+-----------+--------+----------+
        |                |  Latency (cycles) | Iteration|  Initiation Interval  |  Trip  |          |
        |    Loop Name   |   min   |   max   |  Latency |  achieved |   target  |  Count | Pipelined|
        +----------------+---------+---------+----------+-----------+-----------+--------+----------+
        |- COMPARE_HASH  |        1|       65|         2|          2|          1|  0 ~ 32|       yes|
        +----------------+---------+---------+----------+-----------+-----------+--------+----------+

============================================================
+ Verbose Summary: Synthesis Manager
============================================================
InlineROM: 1
ExposeGlobal: 0
============================================================
+ Verbose Summary: CDFG Model
============================================================
IsTopModel: 0
ResetActiveHigh: 1
IsCombinational: 0
IsDatapathOnly: 0
HasWiredReturn: 1
HasMFsm: 2
HasVarLatency: 1
IsPipeline: 0
IsRtlPipelined: 0
IsInstanceOverlapped: 0
IsDontTouch: 0
HasImplIP: 0
IsGatedGlobalClock: 0

+ Individual pipeline summary: 
  * Pipeline-0: initiation interval (II) = 2, depth = 2


============================================================
+ Verbose Summary: Schedule
============================================================
* Number of FSM states : 2
* Pipeline : 1
  Pipeline-0 : II = 2, D = 2, States = { 1 2 }
* Dataflow Pipeline: 0

* FSM state transitions: 
1 --> 2 
2 --> 

* FSM state operations: 

State 1 <SV = 0> <Delay = 1.63>
ST_1 : Operation 5 [1/1] (0.00ns)   --->   "%i = alloca i32 1" [dylan-hls/mine.cpp:410->dylan-hls/mine.cpp:481]   --->   Operation 5 'alloca' 'i' <Predicate = true> <Delay = 0.00>
ST_1 : Operation 6 [1/1] (0.42ns)   --->   "%store_ln410 = store i6 0, i6 %i" [dylan-hls/mine.cpp:410->dylan-hls/mine.cpp:481]   --->   Operation 6 'store' 'store_ln410' <Predicate = true> <Delay = 0.42>
ST_1 : Operation 7 [1/1] (0.00ns)   --->   "%br_ln0 = br void %for.body.i"   --->   Operation 7 'br' 'br_ln0' <Predicate = true> <Delay = 0.00>
ST_1 : Operation 8 [1/1] (0.00ns)   --->   "%i_5 = load i6 %i" [dylan-hls/mine.cpp:410->dylan-hls/mine.cpp:481]   --->   Operation 8 'load' 'i_5' <Predicate = true> <Delay = 0.00>
ST_1 : Operation 9 [1/1] (0.78ns)   --->   "%icmp_ln410 = icmp_eq  i6 %i_5, i6 32" [dylan-hls/mine.cpp:410->dylan-hls/mine.cpp:481]   --->   Operation 9 'icmp' 'icmp_ln410' <Predicate = true> <Delay = 0.78> <CoreInst = "Cmp">   --->   Core 9 'Cmp' <Latency = 0> <II = 1> <Delay = 0.78> <FuncUnit> <Opcode : 'seteq' 'setne' 'setle' 'setge' 'setlt' 'setgt'> <InPorts = 2> <OutPorts = 1>
ST_1 : Operation 10 [1/1] (0.78ns)   --->   "%add_ln410 = add i6 %i_5, i6 1" [dylan-hls/mine.cpp:410->dylan-hls/mine.cpp:481]   --->   Operation 10 'add' 'add_ln410' <Predicate = true> <Delay = 0.78> <CoreInst = "Adder">   --->   Core 1 'Adder' <Latency = 0> <II = 1> <Delay = 0.78> <FuncUnit> <Opcode : 'add' 'sub'> <InPorts = 2> <OutPorts = 1>
ST_1 : Operation 11 [1/1] (0.42ns)   --->   "%br_ln410 = br i1 %icmp_ln410, void %for.body.i.split, void %cleanup15.i.split" [dylan-hls/mine.cpp:410->dylan-hls/mine.cpp:481]   --->   Operation 11 'br' 'br_ln410' <Predicate = true> <Delay = 0.42>
ST_1 : Operation 12 [1/1] (0.00ns)   --->   "%trunc_ln410 = trunc i6 %i_5" [dylan-hls/mine.cpp:410->dylan-hls/mine.cpp:481]   --->   Operation 12 'trunc' 'trunc_ln410' <Predicate = (!icmp_ln410)> <Delay = 0.00>
ST_1 : Operation 13 [1/1] (0.19ns)   --->   "%xor_ln411 = xor i5 %trunc_ln410, i5 31" [dylan-hls/mine.cpp:411->dylan-hls/mine.cpp:481]   --->   Operation 13 'xor' 'xor_ln411' <Predicate = (!icmp_ln410)> <Delay = 0.19> <CoreInst = "LogicGate">   --->   Core 74 'LogicGate' <Latency = 0> <II = 1> <Delay = 0.19> <FuncUnit> <Opcode : 'and' 'or' 'xor'> <InPorts = 2> <OutPorts = 1>
ST_1 : Operation 14 [1/1] (0.00ns)   --->   "%zext_ln411 = zext i5 %xor_ln411" [dylan-hls/mine.cpp:411->dylan-hls/mine.cpp:481]   --->   Operation 14 'zext' 'zext_ln411' <Predicate = (!icmp_ln410)> <Delay = 0.00>
ST_1 : Operation 15 [1/1] (0.00ns)   --->   "%h_addr = getelementptr i8 %h, i64 0, i64 %zext_ln411" [dylan-hls/mine.cpp:411->dylan-hls/mine.cpp:481]   --->   Operation 15 'getelementptr' 'h_addr' <Predicate = (!icmp_ln410)> <Delay = 0.00>
ST_1 : Operation 16 [2/2] (0.67ns)   --->   "%hb = load i5 %h_addr" [dylan-hls/mine.cpp:411->dylan-hls/mine.cpp:481]   --->   Operation 16 'load' 'hb' <Predicate = (!icmp_ln410)> <Delay = 0.67> <CoreInst = "RAM">   --->   Core 82 'RAM' <Latency = 1> <II = 1> <Delay = 0.67> <Storage> <Opcode : 'load' 'store'> <Ports = 2> <Width = 8> <Depth = 32> <RAM>
ST_1 : Operation 17 [1/1] (0.00ns)   --->   "%word_index = partselect i3 @_ssdm_op_PartSelect.i3.i6.i32.i32, i6 %i_5, i32 2, i32 4" [dylan-hls/mine.cpp:413->dylan-hls/mine.cpp:481]   --->   Operation 17 'partselect' 'word_index' <Predicate = (!icmp_ln410)> <Delay = 0.00>
ST_1 : Operation 18 [1/1] (0.00ns)   --->   "%zext_ln417 = zext i3 %word_index" [dylan-hls/mine.cpp:417->dylan-hls/mine.cpp:481]   --->   Operation 18 'zext' 'zext_ln417' <Predicate = (!icmp_ln410)> <Delay = 0.00>
ST_1 : Operation 19 [1/1] (0.00ns)   --->   "%tgt_addr = getelementptr i32 %tgt, i64 0, i64 %zext_ln417" [dylan-hls/mine.cpp:417->dylan-hls/mine.cpp:481]   --->   Operation 19 'getelementptr' 'tgt_addr' <Predicate = (!icmp_ln410)> <Delay = 0.00>
ST_1 : Operation 20 [2/2] (0.67ns)   --->   "%tgt_load = load i3 %tgt_addr" [dylan-hls/mine.cpp:417->dylan-hls/mine.cpp:481]   --->   Operation 20 'load' 'tgt_load' <Predicate = (!icmp_ln410)> <Delay = 0.67> <CoreInst = "RAM">   --->   Core 82 'RAM' <Latency = 1> <II = 1> <Delay = 0.67> <Storage> <Opcode : 'load' 'store'> <Ports = 2> <Width = 32> <Depth = 8> <RAM>
ST_1 : Operation 21 [1/1] (0.00ns)   --->   "%trunc_ln417 = trunc i6 %i_5" [dylan-hls/mine.cpp:417->dylan-hls/mine.cpp:481]   --->   Operation 21 'trunc' 'trunc_ln417' <Predicate = (!icmp_ln410)> <Delay = 0.00>

State 2 <SV = 1> <Delay = 3.25>
ST_2 : Operation 22 [1/1] (0.00ns)   --->   "%specpipeline_ln410 = specpipeline void @_ssdm_op_SpecPipeline, i32 4294967295, i32 0, i32 0, i32 0, i32 4294967295, void @empty" [dylan-hls/mine.cpp:410->dylan-hls/mine.cpp:481]   --->   Operation 22 'specpipeline' 'specpipeline_ln410' <Predicate = (!icmp_ln410)> <Delay = 0.00>
ST_2 : Operation 23 [1/1] (0.00ns)   --->   "%speclooptripcount_ln410 = speclooptripcount void @_ssdm_op_SpecLoopTripCount, i64 0, i64 32, i64 16" [dylan-hls/mine.cpp:410->dylan-hls/mine.cpp:481]   --->   Operation 23 'speclooptripcount' 'speclooptripcount_ln410' <Predicate = (!icmp_ln410)> <Delay = 0.00>
ST_2 : Operation 24 [1/1] (0.00ns)   --->   "%specloopname_ln410 = specloopname void @_ssdm_op_SpecLoopName, void @empty_10" [dylan-hls/mine.cpp:410->dylan-hls/mine.cpp:481]   --->   Operation 24 'specloopname' 'specloopname_ln410' <Predicate = (!icmp_ln410)> <Delay = 0.00>
ST_2 : Operation 25 [1/2] ( I:0.67ns O:0.67ns )   --->   "%hb = load i5 %h_addr" [dylan-hls/mine.cpp:411->dylan-hls/mine.cpp:481]   --->   Operation 25 'load' 'hb' <Predicate = (!icmp_ln410)> <Delay = 0.67> <CoreInst = "RAM">   --->   Core 82 'RAM' <Latency = 1> <II = 1> <Delay = 0.67> <Storage> <Opcode : 'load' 'store'> <Ports = 2> <Width = 8> <Depth = 32> <RAM>
ST_2 : Operation 26 [1/2] ( I:0.67ns O:0.67ns )   --->   "%tgt_load = load i3 %tgt_addr" [dylan-hls/mine.cpp:417->dylan-hls/mine.cpp:481]   --->   Operation 26 'load' 'tgt_load' <Predicate = (!icmp_ln410)> <Delay = 0.67> <CoreInst = "RAM">   --->   Core 82 'RAM' <Latency = 1> <II = 1> <Delay = 0.67> <Storage> <Opcode : 'load' 'store'> <Ports = 2> <Width = 32> <Depth = 8> <RAM>
ST_2 : Operation 27 [1/1] (0.00ns)   --->   "%shl_ln = bitconcatenate i5 @_ssdm_op_BitConcatenate.i5.i2.i3, i2 %trunc_ln417, i3 0" [dylan-hls/mine.cpp:417->dylan-hls/mine.cpp:481]   --->   Operation 27 'bitconcatenate' 'shl_ln' <Predicate = (!icmp_ln410)> <Delay = 0.00>
ST_2 : Operation 28 [1/1] (0.00ns)   --->   "%zext_ln417_1 = zext i5 %shl_ln" [dylan-hls/mine.cpp:417->dylan-hls/mine.cpp:481]   --->   Operation 28 'zext' 'zext_ln417_1' <Predicate = (!icmp_ln410)> <Delay = 0.00>
ST_2 : Operation 29 [1/1] (1.38ns)   --->   "%lshr_ln417 = lshr i32 %tgt_load, i32 %zext_ln417_1" [dylan-hls/mine.cpp:417->dylan-hls/mine.cpp:481]   --->   Operation 29 'lshr' 'lshr_ln417' <Predicate = (!icmp_ln410)> <Delay = 1.38> <CoreInst = "Shifter">   --->   Core 75 'Shifter' <Latency = 0> <II = 1> <Delay = 1.38> <FuncUnit> <Opcode : 'shl' 'lshr' 'ashr'> <InPorts = 2> <OutPorts = 1>
ST_2 : Operation 30 [1/1] (0.00ns)   --->   "%tb = trunc i32 %lshr_ln417" [dylan-hls/mine.cpp:417->dylan-hls/mine.cpp:481]   --->   Operation 30 'trunc' 'tb' <Predicate = (!icmp_ln410)> <Delay = 0.00>
ST_2 : Operation 31 [1/1] (0.76ns)   --->   "%icmp_ln420 = icmp_ult  i8 %hb, i8 %tb" [dylan-hls/mine.cpp:420->dylan-hls/mine.cpp:481]   --->   Operation 31 'icmp' 'icmp_ln420' <Predicate = (!icmp_ln410)> <Delay = 0.76> <CoreInst = "Cmp">   --->   Core 9 'Cmp' <Latency = 0> <II = 1> <Delay = 0.76> <FuncUnit> <Opcode : 'seteq' 'setne' 'setle' 'setge' 'setlt' 'setgt'> <InPorts = 2> <OutPorts = 1>
ST_2 : Operation 32 [1/1] (0.42ns)   --->   "%br_ln420 = br i1 %icmp_ln420, void %if.end.i, void %cleanup15.i.split" [dylan-hls/mine.cpp:420->dylan-hls/mine.cpp:481]   --->   Operation 32 'br' 'br_ln420' <Predicate = (!icmp_ln410)> <Delay = 0.42>
ST_2 : Operation 33 [1/1] (0.76ns)   --->   "%icmp_ln424 = icmp_ugt  i8 %hb, i8 %tb" [dylan-hls/mine.cpp:424->dylan-hls/mine.cpp:481]   --->   Operation 33 'icmp' 'icmp_ln424' <Predicate = (!icmp_ln410 & !icmp_ln420)> <Delay = 0.76> <CoreInst = "Cmp">   --->   Core 9 'Cmp' <Latency = 0> <II = 1> <Delay = 0.76> <FuncUnit> <Opcode : 'seteq' 'setne' 'setle' 'setge' 'setlt' 'setgt'> <InPorts = 2> <OutPorts = 1>
ST_2 : Operation 34 [1/1] (0.42ns)   --->   "%br_ln424 = br i1 %icmp_ln424, void %for.cond.i, void %cleanup15.i.split" [dylan-hls/mine.cpp:424->dylan-hls/mine.cpp:481]   --->   Operation 34 'br' 'br_ln424' <Predicate = (!icmp_ln410 & !icmp_ln420)> <Delay = 0.42>
ST_2 : Operation 35 [1/1] (0.42ns)   --->   "%store_ln410 = store i6 %add_ln410, i6 %i" [dylan-hls/mine.cpp:410->dylan-hls/mine.cpp:481]   --->   Operation 35 'store' 'store_ln410' <Predicate = (!icmp_ln410 & !icmp_ln420 & !icmp_ln424)> <Delay = 0.42>
ST_2 : Operation 36 [1/1] (0.00ns)   --->   "%br_ln410 = br void %for.body.i" [dylan-hls/mine.cpp:410->dylan-hls/mine.cpp:481]   --->   Operation 36 'br' 'br_ln410' <Predicate = (!icmp_ln410 & !icmp_ln420 & !icmp_ln424)> <Delay = 0.00>
ST_2 : Operation 37 [1/1] (0.00ns)   --->   "%retval_1_i35_ce = phi i1 0, void %for.body.i, i1 1, void %for.body.i.split, i1 0, void %if.end.i"   --->   Operation 37 'phi' 'retval_1_i35_ce' <Predicate = (icmp_ln424) | (icmp_ln420) | (icmp_ln410)> <Delay = 0.00>
ST_2 : Operation 38 [1/1] (0.00ns)   --->   "%cleanup_dest_slot_1_i_ce = phi i1 0, void %for.body.i, i1 1, void %for.body.i.split, i1 1, void %if.end.i"   --->   Operation 38 'phi' 'cleanup_dest_slot_1_i_ce' <Predicate = (icmp_ln424) | (icmp_ln420) | (icmp_ln410)> <Delay = 0.00>
ST_2 : Operation 39 [1/1] (0.00ns)   --->   "%write_ln0 = write void @_ssdm_op_Write.ap_auto.i1P0A, i1 %retval_1_i35_ce_out, i1 %retval_1_i35_ce"   --->   Operation 39 'write' 'write_ln0' <Predicate = (icmp_ln424) | (icmp_ln420) | (icmp_ln410)> <Delay = 0.00>
ST_2 : Operation 40 [1/1] (0.00ns)   --->   "%write_ln0 = write void @_ssdm_op_Write.ap_auto.i1P0A, i1 %cleanup_dest_slot_1_i_ce_out, i1 %cleanup_dest_slot_1_i_ce"   --->   Operation 40 'write' 'write_ln0' <Predicate = (icmp_ln424) | (icmp_ln420) | (icmp_ln410)> <Delay = 0.00>
ST_2 : Operation 41 [1/1] (0.42ns)   --->   "%ret_ln0 = ret"   --->   Operation 41 'ret' 'ret_ln0' <Predicate = (icmp_ln424) | (icmp_ln420) | (icmp_ln410)> <Delay = 0.42>


============================================================
+ Verbose Summary: Timing violations
============================================================
Target clock period: 5.000ns, clock uncertainty: 1.350ns.

 <State 1>: 1.635ns
The critical path consists of the following:
	'store' operation ('store_ln410', dylan-hls/mine.cpp:410->dylan-hls/mine.cpp:481) of constant 0 6 bit on local variable 'i', dylan-hls/mine.cpp:410->dylan-hls/mine.cpp:481 [6]  (0.427 ns)
	'load' operation 6 bit ('i', dylan-hls/mine.cpp:410->dylan-hls/mine.cpp:481) on local variable 'i', dylan-hls/mine.cpp:410->dylan-hls/mine.cpp:481 [9]  (0.000 ns)
	'icmp' operation 1 bit ('icmp_ln410', dylan-hls/mine.cpp:410->dylan-hls/mine.cpp:481) [10]  (0.781 ns)
	multiplexor before 'phi' operation 1 bit ('retval_1_i35_ce') [40]  (0.427 ns)
	'br' operation ('br_ln410', dylan-hls/mine.cpp:410->dylan-hls/mine.cpp:481) [12]  (0.427 ns)

 <State 2>: 3.257ns
The critical path consists of the following:
	'load' operation 32 bit ('tgt_load', dylan-hls/mine.cpp:417->dylan-hls/mine.cpp:481) on array 'tgt' [25]  (0.677 ns)
	'lshr' operation 32 bit ('lshr_ln417', dylan-hls/mine.cpp:417->dylan-hls/mine.cpp:481) [29]  (1.388 ns)
	'icmp' operation 1 bit ('icmp_ln420', dylan-hls/mine.cpp:420->dylan-hls/mine.cpp:481) [31]  (0.765 ns)
	multiplexor before 'phi' operation 1 bit ('retval_1_i35_ce') [40]  (0.427 ns)
	'br' operation ('br_ln424', dylan-hls/mine.cpp:424->dylan-hls/mine.cpp:481) [35]  (0.427 ns)


============================================================
+ Verbose Summary: Binding
============================================================
N/A
* FSMD analyzer results:
  - Output states:
 - Input state : 
  - Chain level:
	State 1
	State 2


============================================================
+ Verbose Summary: Datapath Resource usage 
============================================================
N/A
