

================================================================
== Vitis HLS Report for 'mine_Pipeline_COMPARE_HASH'
================================================================
* Date:           Mon Aug  3 02:09:59 2026

* Version:        2025.2 (Build 6295257 on Nov 14 2025)
* Project:        mine
* Solution:       hls (Vitis Kernel Flow Target)
* Product family: zynquplus
* Target device:  xck26-sfvc784-2LV-c


================================================================
== Performance Estimates
================================================================
+ Timing: 
    * Summary: 
    +--------+---------+----------+------------+
    |  Clock |  Target | Estimated| Uncertainty|
    +--------+---------+----------+------------+
    |ap_clk  |  5.00 ns|  3.257 ns|     1.35 ns|
    +--------+---------+----------+------------+

+ Latency: 
    * Summary: 
    +---------+---------+-----------+----------+-----+-----+-------------------+
    |  Latency (cycles) |  Latency (absolute)  |  Interval |      Pipeline     |
    |   min   |   max   |    min    |    max   | min | max |        Type       |
    +---------+---------+-----------+----------+-----+-----+-------------------+
    |        3|       67|  15.000 ns|  0.335 us|    0|    0|  loop pipeline stp|
    +---------+---------+-----------+----------+-----+-----+-------------------+

    + Detail: 
        * Instance: 
        N/A

        * Loop: 
        +----------------+---------+---------+----------+-----------+-----------+--------+----------+
        |                |  Latency (cycles) | Iteration|  Initiation Interval  |  Trip  |          |
        |    Loop Name   |   min   |   max   |  Latency |  achieved |   target  |  Count | Pipelined|
        +----------------+---------+---------+----------+-----------+-----------+--------+----------+
        |- COMPARE_HASH  |        1|       65|         2|          2|          1|  0 ~ 32|       yes|
        +----------------+---------+---------+----------+-----------+-----------+--------+----------+



================================================================
== Utilization Estimates
================================================================
* Summary: 
+-----------------+---------+------+--------+--------+-----+
|       Name      | BRAM_18K|  DSP |   FF   |   LUT  | URAM|
+-----------------+---------+------+--------+--------+-----+
|DSP              |        -|     -|       -|       -|    -|
|Expression       |        -|     -|       0|     158|    -|
|FIFO             |        -|     -|       -|       -|    -|
|Instance         |        -|     -|       -|       -|    -|
|Memory           |        -|     -|       -|       -|    -|
|Multiplexer      |        -|     -|       0|      41|    -|
|Register         |        -|     -|      20|       -|    -|
+-----------------+---------+------+--------+--------+-----+
|Total            |        0|     0|      20|     199|    0|
+-----------------+---------+------+--------+--------+-----+
|Available        |      288|  1248|  234240|  117120|   64|
+-----------------+---------+------+--------+--------+-----+
|Utilization (%)  |        0|     0|      ~0|      ~0|    0|
+-----------------+---------+------+--------+--------+-----+

+ Detail: 
    * Instance: 
    N/A

    * DSP: 
    N/A

    * Memory: 
    N/A

    * FIFO: 
    N/A

    * Expression: 
    +----------------------+----------+----+---+----+------------+------------+
    |     Variable Name    | Operation| DSP| FF| LUT| Bitwidth P0| Bitwidth P1|
    +----------------------+----------+----+---+----+------------+------------+
    |add_ln410_fu_146_p2   |         +|   0|  0|  13|           6|           1|
    |icmp_ln410_fu_140_p2  |      icmp|   0|  0|  14|           6|           7|
    |icmp_ln420_fu_207_p2  |      icmp|   0|  0|  15|           8|           8|
    |icmp_ln424_fu_213_p2  |      icmp|   0|  0|  15|           8|           8|
    |lshr_ln417_fu_197_p2  |      lshr|   0|  0|  96|          32|          32|
    |xor_ln411_fu_156_p2   |       xor|   0|  0|   5|           5|           2|
    +----------------------+----------+----+---+----+------------+------------+
    |Total                 |          |   0|  0| 158|          65|          58|
    +----------------------+----------+----+---+----+------------+------------+

    * Multiplexer: 
    +----------------------+----+-----------+-----+-----------+
    |         Name         | LUT| Input Size| Bits| Total Bits|
    +----------------------+----+-----------+-----+-----------+
    |ap_NS_fsm             |  14|          3|    1|          3|
    |ap_done_int           |   9|          2|    1|          2|
    |ap_sig_allocacmp_i_5  |   9|          2|    6|         12|
    |i_fu_56               |   9|          2|    6|         12|
    +----------------------+----+-----------+-----+-----------+
    |Total                 |  41|          9|   14|         29|
    +----------------------+----+-----------+-----+-----------+

    * Register: 
    +----------------------------------+---+----+-----+-----------+
    |               Name               | FF| LUT| Bits| Const Bits|
    +----------------------------------+---+----+-----+-----------+
    |add_ln410_reg_234                 |  6|   0|    6|          0|
    |ap_CS_fsm                         |  2|   0|    2|          0|
    |ap_done_reg                       |  1|   0|    1|          0|
    |cleanup_dest_slot_1_i_ce_reg_116  |  1|   0|    1|          0|
    |i_fu_56                           |  6|   0|    6|          0|
    |icmp_ln410_reg_230                |  1|   0|    1|          0|
    |retval_1_i35_ce_reg_100           |  1|   0|    1|          0|
    |trunc_ln417_reg_249               |  2|   0|    2|          0|
    +----------------------------------+---+----+-----+-----------+
    |Total                             | 20|   0|   20|          0|
    +----------------------------------+---+----+-----+-----------+



================================================================
== Interface
================================================================
* Summary: 
+-------------------------------------+-----+-----+------------+------------------------------+--------------+
|              RTL Ports              | Dir | Bits|  Protocol  |         Source Object        |    C Type    |
+-------------------------------------+-----+-----+------------+------------------------------+--------------+
|ap_clk                               |   in|    1|  ap_ctrl_hs|    mine_Pipeline_COMPARE_HASH|  return value|
|ap_rst                               |   in|    1|  ap_ctrl_hs|    mine_Pipeline_COMPARE_HASH|  return value|
|ap_start                             |   in|    1|  ap_ctrl_hs|    mine_Pipeline_COMPARE_HASH|  return value|
|ap_done                              |  out|    1|  ap_ctrl_hs|    mine_Pipeline_COMPARE_HASH|  return value|
|ap_idle                              |  out|    1|  ap_ctrl_hs|    mine_Pipeline_COMPARE_HASH|  return value|
|ap_ready                             |  out|    1|  ap_ctrl_hs|    mine_Pipeline_COMPARE_HASH|  return value|
|h_address0                           |  out|    5|   ap_memory|                             h|         array|
|h_ce0                                |  out|    1|   ap_memory|                             h|         array|
|h_q0                                 |   in|    8|   ap_memory|                             h|         array|
|tgt_address0                         |  out|    3|   ap_memory|                           tgt|         array|
|tgt_ce0                              |  out|    1|   ap_memory|                           tgt|         array|
|tgt_q0                               |   in|   32|   ap_memory|                           tgt|         array|
|retval_1_i35_ce_out                  |  out|    1|      ap_vld|           retval_1_i35_ce_out|       pointer|
|retval_1_i35_ce_out_ap_vld           |  out|    1|      ap_vld|           retval_1_i35_ce_out|       pointer|
|cleanup_dest_slot_1_i_ce_out         |  out|    1|      ap_vld|  cleanup_dest_slot_1_i_ce_out|       pointer|
|cleanup_dest_slot_1_i_ce_out_ap_vld  |  out|    1|      ap_vld|  cleanup_dest_slot_1_i_ce_out|       pointer|
+-------------------------------------+-----+-----+------------+------------------------------+--------------+

============================================================
+ Verbose Summary: Synthesis Manager
============================================================
InlineROM: 1
ExposeGlobal: 0
============================================================
+ Verbose Summary: CDFG Model
============================================================
IsTopModel: 0
ResetActiveHigh: 1
IsCombinational: 2
IsDatapathOnly: 2
HasWiredReturn: 1
HasMFsm: 2
HasVarLatency: 1
IsPipeline: 0
IsRtlPipelined: 0
IsInstanceOverlapped: 0
IsDontTouch: 0
HasImplIP: 0
IsGatedGlobalClock: 0

+ Individual pipeline summary: 
  * Pipeline-0: initiation interval (II) = 2, depth = 2


============================================================
+ Verbose Summary: Schedule
============================================================
* Number of FSM states : 2
* Pipeline : 1
  Pipeline-0 : II = 2, D = 2, States = { 1 2 }
* Dataflow Pipeline: 0

* FSM state transitions: 
1 --> 2 
2 --> 

* FSM state operations: 

State 1 <SV = 0> <Delay = 1.63>
ST_1 : Operation 5 [1/1] (0.00ns)   --->   "%i = alloca i32 1" [dylan-hls/mine.cpp:410->dylan-hls/mine.cpp:481]   --->   Operation 5 'alloca' 'i' <Predicate = true> <Delay = 0.00>
ST_1 : Operation 6 [1/1] (0.42ns)   --->   "%store_ln410 = store i6 0, i6 %i" [dylan-hls/mine.cpp:410->dylan-hls/mine.cpp:481]   --->   Operation 6 'store' 'store_ln410' <Predicate = true> <Delay = 0.42>
ST_1 : Operation 7 [1/1] (0.00ns)   --->   "%br_ln0 = br void %for.body.i"   --->   Operation 7 'br' 'br_ln0' <Predicate = true> <Delay = 0.00>
ST_1 : Operation 8 [1/1] (0.00ns)   --->   "%i_5 = load i6 %i" [dylan-hls/mine.cpp:410->dylan-hls/mine.cpp:481]   --->   Operation 8 'load' 'i_5' <Predicate = true> <Delay = 0.00>
ST_1 : Operation 9 [1/1] (0.78ns)   --->   "%icmp_ln410 = icmp_eq  i6 %i_5, i6 32" [dylan-hls/mine.cpp:410->dylan-hls/mine.cpp:481]   --->   Operation 9 'icmp' 'icmp_ln410' <Predicate = true> <Delay = 0.78> <CoreInst = "Cmp">   --->   Core 9 'Cmp' <Latency = 0> <II = 1> <Delay = 0.77> <FuncUnit> <Opcode : 'seteq' 'setne' 'setle' 'setge' 'setlt' 'setgt'> <InPorts = 2> <OutPorts = 1>
ST_1 : Operation 10 [1/1] (0.78ns)   --->   "%add_ln410 = add i6 %i_5, i6 1" [dylan-hls/mine.cpp:410->dylan-hls/mine.cpp:481]   --->   Operation 10 'add' 'add_ln410' <Predicate = true> <Delay = 0.78> <CoreInst = "Adder">   --->   Core 1 'Adder' <Latency = 0> <II = 1> <Delay = 0.78> <FuncUnit> <Opcode : 'add' 'sub'> <InPorts = 2> <OutPorts = 1>
ST_1 : Operation 11 [1/1] (0.42ns)   --->   "%br_ln410 = br i1 %icmp_ln410, void %for.body.i.split, void %cleanup15.i.split" [dylan-hls/mine.cpp:410->dylan-hls/mine.cpp:481]   --->   Operation 11 'br' 'br_ln410' <Predicate = true> <Delay = 0.42>
ST_1 : Operation 12 [1/1] (0.00ns)   --->   "%trunc_ln410 = trunc i6 %i_5" [dylan-hls/mine.cpp:410->dylan-hls/mine.cpp:481]   --->   Operation 12 'trunc' 'trunc_ln410' <Predicate = (!icmp_ln410)> <Delay = 0.00>
ST_1 : Operation 13 [1/1] (0.19ns)   --->   "%xor_ln411 = xor i5 %trunc_ln410, i5 31" [dylan-hls/mine.cpp:411->dylan-hls/mine.cpp:481]   --->   Operation 13 'xor' 'xor_ln411' <Predicate = (!icmp_ln410)> <Delay = 0.19> <CoreInst = "LogicGate">   --->   Core 74 'LogicGate' <Latency = 0> <II = 1> <Delay = 0.19> <FuncUnit> <Opcode : 'and' 'or' 'xor'> <InPorts = 2> <OutPorts = 1>
ST_1 : Operation 14 [1/1] (0.00ns)   --->   "%zext_ln411 = zext i5 %xor_ln411" [dylan-hls/mine.cpp:411->dylan-hls/mine.cpp:481]   --->   Operation 14 'zext' 'zext_ln411' <Predicate = (!icmp_ln410)> <Delay = 0.00>
ST_1 : Operation 15 [1/1] (0.00ns)   --->   "%h_addr = getelementptr i8 %h, i64 0, i64 %zext_ln411" [dylan-hls/mine.cpp:411->dylan-hls/mine.cpp:481]   --->   Operation 15 'getelementptr' 'h_addr' <Predicate = (!icmp_ln410)> <Delay = 0.00>
ST_1 : Operation 16 [2/2] (0.67ns)   --->   "%hb = load i5 %h_addr" [dylan-hls/mine.cpp:411->dylan-hls/mine.cpp:481]   --->   Operation 16 'load' 'hb' <Predicate = (!icmp_ln410)> <Delay = 0.67> <CoreInst = "RAM">   --->   Core 82 'RAM' <Latency = 1> <II = 1> <Delay = 0.67> <Storage> <Opcode : 'load' 'store'> <Ports = 2> <Width = 8> <Depth = 32> <RAM>
ST_1 : Operation 17 [1/1] (0.00ns)   --->   "%word_index = partselect i3 @_ssdm_op_PartSelect.i3.i6.i32.i32, i6 %i_5, i32 2, i32 4" [dylan-hls/mine.cpp:413->dylan-hls/mine.cpp:481]   --->   Operation 17 'partselect' 'word_index' <Predicate = (!icmp_ln410)> <Delay = 0.00>
ST_1 : Operation 18 [1/1] (0.00ns)   --->   "%zext_ln417 = zext i3 %word_index" [dylan-hls/mine.cpp:417->dylan-hls/mine.cpp:481]   --->   Operation 18 'zext' 'zext_ln417' <Predicate = (!icmp_ln410)> <Delay = 0.00>
ST_1 : Operation 19 [1/1] (0.00ns)   --->   "%tgt_addr = getelementptr i32 %tgt, i64 0, i64 %zext_ln417" [dylan-hls/mine.cpp:417->dylan-hls/mine.cpp:481]   --->   Operation 19 'getelementptr' 'tgt_addr' <Predicate = (!icmp_ln410)> <Delay = 0.00>
ST_1 : Operation 20 [2/2] (0.67ns)   --->   "%tgt_load = load i3 %tgt_addr" [dylan-hls/mine.cpp:417->dylan-hls/mine.cpp:481]   --->   Operation 20 'load' 'tgt_load' <Predicate = (!icmp_ln410)> <Delay = 0.67> <CoreInst = "RAM">   --->   Core 82 'RAM' <Latency = 1> <II = 1> <Delay = 0.67> <Storage> <Opcode : 'load' 'store'> <Ports = 2> <Width = 32> <Depth = 8> <RAM>
ST_1 : Operation 21 [1/1] (0.00ns)   --->   "%trunc_ln417 = trunc i6 %i_5" [dylan-hls/mine.cpp:417->dylan-hls/mine.cpp:481]   --->   Operation 21 'trunc' 'trunc_ln417' <Predicate = (!icmp_ln410)> <Delay = 0.00>

State 2 <SV = 1> <Delay = 3.25>
ST_2 : Operation 22 [1/1] (0.00ns)   --->   "%specpipeline_ln410 = specpipeline void @_ssdm_op_SpecPipeline, i32 4294967295, i32 0, i32 0, i32 0, i32 4294967295, void @empty" [dylan-hls/mine.cpp:410->dylan-hls/mine.cpp:481]   --->   Operation 22 'specpipeline' 'specpipeline_ln410' <Predicate = (!icmp_ln410)> <Delay = 0.00>
ST_2 : Operation 23 [1/1] (0.00ns)   --->   "%speclooptripcount_ln410 = speclooptripcount void @_ssdm_op_SpecLoopTripCount, i64 0, i64 32, i64 16" [dylan-hls/mine.cpp:410->dylan-hls/mine.cpp:481]   --->   Operation 23 'speclooptripcount' 'speclooptripcount_ln410' <Predicate = (!icmp_ln410)> <Delay = 0.00>
ST_2 : Operation 24 [1/1] (0.00ns)   --->   "%specloopname_ln410 = specloopname void @_ssdm_op_SpecLoopName, void @empty_10" [dylan-hls/mine.cpp:410->dylan-hls/mine.cpp:481]   --->   Operation 24 'specloopname' 'specloopname_ln410' <Predicate = (!icmp_ln410)> <Delay = 0.00>
ST_2 : Operation 25 [1/2] ( I:0.67ns O:0.67ns )   --->   "%hb = load i5 %h_addr" [dylan-hls/mine.cpp:411->dylan-hls/mine.cpp:481]   --->   Operation 25 'load' 'hb' <Predicate = (!icmp_ln410)> <Delay = 0.67> <CoreInst = "RAM">   --->   Core 82 'RAM' <Latency = 1> <II = 1> <Delay = 0.67> <Storage> <Opcode : 'load' 'store'> <Ports = 2> <Width = 8> <Depth = 32> <RAM>
ST_2 : Operation 26 [1/2] ( I:0.67ns O:0.67ns )   --->   "%tgt_load = load i3 %tgt_addr" [dylan-hls/mine.cpp:417->dylan-hls/mine.cpp:481]   --->   Operation 26 'load' 'tgt_load' <Predicate = (!icmp_ln410)> <Delay = 0.67> <CoreInst = "RAM">   --->   Core 82 'RAM' <Latency = 1> <II = 1> <Delay = 0.67> <Storage> <Opcode : 'load' 'store'> <Ports = 2> <Width = 32> <Depth = 8> <RAM>
ST_2 : Operation 27 [1/1] (0.00ns)   --->   "%shl_ln = bitconcatenate i5 @_ssdm_op_BitConcatenate.i5.i2.i3, i2 %trunc_ln417, i3 0" [dylan-hls/mine.cpp:417->dylan-hls/mine.cpp:481]   --->   Operation 27 'bitconcatenate' 'shl_ln' <Predicate = (!icmp_ln410)> <Delay = 0.00>
ST_2 : Operation 28 [1/1] (0.00ns)   --->   "%zext_ln417_1 = zext i5 %shl_ln" [dylan-hls/mine.cpp:417->dylan-hls/mine.cpp:481]   --->   Operation 28 'zext' 'zext_ln417_1' <Predicate = (!icmp_ln410)> <Delay = 0.00>
ST_2 : Operation 29 [1/1] (1.38ns)   --->   "%lshr_ln417 = lshr i32 %tgt_load, i32 %zext_ln417_1" [dylan-hls/mine.cpp:417->dylan-hls/mine.cpp:481]   --->   Operation 29 'lshr' 'lshr_ln417' <Predicate = (!icmp_ln410)> <Delay = 1.38> <CoreInst = "Shifter">   --->   Core 75 'Shifter' <Latency = 0> <II = 1> <Delay = 1.38> <FuncUnit> <Opcode : 'shl' 'lshr' 'ashr'> <InPorts = 2> <OutPorts = 1>
ST_2 : Operation 30 [1/1] (0.00ns)   --->   "%tb = trunc i32 %lshr_ln417" [dylan-hls/mine.cpp:417->dylan-hls/mine.cpp:481]   --->   Operation 30 'trunc' 'tb' <Predicate = (!icmp_ln410)> <Delay = 0.00>
ST_2 : Operation 31 [1/1] (0.76ns)   --->   "%icmp_ln420 = icmp_ult  i8 %hb, i8 %tb" [dylan-hls/mine.cpp:420->dylan-hls/mine.cpp:481]   --->   Operation 31 'icmp' 'icmp_ln420' <Predicate = (!icmp_ln410)> <Delay = 0.76> <CoreInst = "Cmp">   --->   Core 9 'Cmp' <Latency = 0> <II = 1> <Delay = 0.76> <FuncUnit> <Opcode : 'seteq' 'setne' 'setle' 'setge' 'setlt' 'setgt'> <InPorts = 2> <OutPorts = 1>
ST_2 : Operation 32 [1/1] (0.42ns)   --->   "%br_ln420 = br i1 %icmp_ln420, void %if.end.i, void %cleanup15.i.split" [dylan-hls/mine.cpp:420->dylan-hls/mine.cpp:481]   --->   Operation 32 'br' 'br_ln420' <Predicate = (!icmp_ln410)> <Delay = 0.42>
ST_2 : Operation 33 [1/1] (0.76ns)   --->   "%icmp_ln424 = icmp_ugt  i8 %hb, i8 %tb" [dylan-hls/mine.cpp:424->dylan-hls/mine.cpp:481]   --->   Operation 33 'icmp' 'icmp_ln424' <Predicate = (!icmp_ln410 & !icmp_ln420)> <Delay = 0.76> <CoreInst = "Cmp">   --->   Core 9 'Cmp' <Latency = 0> <II = 1> <Delay = 0.76> <FuncUnit> <Opcode : 'seteq' 'setne' 'setle' 'setge' 'setlt' 'setgt'> <InPorts = 2> <OutPorts = 1>
ST_2 : Operation 34 [1/1] (0.42ns)   --->   "%br_ln424 = br i1 %icmp_ln424, void %for.cond.i, void %cleanup15.i.split" [dylan-hls/mine.cpp:424->dylan-hls/mine.cpp:481]   --->   Operation 34 'br' 'br_ln424' <Predicate = (!icmp_ln410 & !icmp_ln420)> <Delay = 0.42>
ST_2 : Operation 35 [1/1] (0.42ns)   --->   "%store_ln410 = store i6 %add_ln410, i6 %i" [dylan-hls/mine.cpp:410->dylan-hls/mine.cpp:481]   --->   Operation 35 'store' 'store_ln410' <Predicate = (!icmp_ln410 & !icmp_ln420 & !icmp_ln424)> <Delay = 0.42>
ST_2 : Operation 36 [1/1] (0.00ns)   --->   "%br_ln410 = br void %for.body.i" [dylan-hls/mine.cpp:410->dylan-hls/mine.cpp:481]   --->   Operation 36 'br' 'br_ln410' <Predicate = (!icmp_ln410 & !icmp_ln420 & !icmp_ln424)> <Delay = 0.00>
ST_2 : Operation 37 [1/1] (0.00ns)   --->   "%retval_1_i35_ce = phi i1 0, void %for.body.i, i1 1, void %for.body.i.split, i1 0, void %if.end.i"   --->   Operation 37 'phi' 'retval_1_i35_ce' <Predicate = (icmp_ln424) | (icmp_ln420) | (icmp_ln410)> <Delay = 0.00>
ST_2 : Operation 38 [1/1] (0.00ns)   --->   "%cleanup_dest_slot_1_i_ce = phi i1 0, void %for.body.i, i1 1, void %for.body.i.split, i1 1, void %if.end.i"   --->   Operation 38 'phi' 'cleanup_dest_slot_1_i_ce' <Predicate = (icmp_ln424) | (icmp_ln420) | (icmp_ln410)> <Delay = 0.00>
ST_2 : Operation 39 [1/1] (0.00ns)   --->   "%write_ln0 = write void @_ssdm_op_Write.ap_auto.i1P0A, i1 %retval_1_i35_ce_out, i1 %retval_1_i35_ce"   --->   Operation 39 'write' 'write_ln0' <Predicate = (icmp_ln424) | (icmp_ln420) | (icmp_ln410)> <Delay = 0.00>
ST_2 : Operation 40 [1/1] (0.00ns)   --->   "%write_ln0 = write void @_ssdm_op_Write.ap_auto.i1P0A, i1 %cleanup_dest_slot_1_i_ce_out, i1 %cleanup_dest_slot_1_i_ce"   --->   Operation 40 'write' 'write_ln0' <Predicate = (icmp_ln424) | (icmp_ln420) | (icmp_ln410)> <Delay = 0.00>
ST_2 : Operation 41 [1/1] (0.42ns)   --->   "%ret_ln0 = ret"   --->   Operation 41 'ret' 'ret_ln0' <Predicate = (icmp_ln424) | (icmp_ln420) | (icmp_ln410)> <Delay = 0.42>


============================================================
+ Verbose Summary: Binding
============================================================
STG Binding: 
---------------- STG Properties BEGIN ----------------
- Is combinational: 0
- Is one-state seq: 0
- Is datapath-only: 0
- Is pipelined: 0
- Is top level: 0
Port [ Return ] is wired: 1; IO mode=ap_ctrl_hs:ce=0
Port [ h]:  wired=1; compound=1; hidden=0; nouse=0; global=0; static=0; extern=0; dir=0; type=1; pingpong=0; private_global=0; MemPort=[13]; IO mode=ap_memory:ce=0
Port [ tgt]:  wired=1; compound=1; hidden=0; nouse=0; global=0; static=0; extern=0; dir=0; type=1; pingpong=0; private_global=0; MemPort=[13]; IO mode=ap_memory:ce=0
Port [ retval_1_i35_ce_out]:  wired=1; compound=0; hidden=0; nouse=0; global=0; static=0; extern=0; dir=1; type=0; pingpong=0; private_global=0; IO mode=ap_vld:ce=0
Port [ cleanup_dest_slot_1_i_ce_out]:  wired=1; compound=0; hidden=0; nouse=0; global=0; static=0; extern=0; dir=1; type=0; pingpong=0; private_global=0; IO mode=ap_vld:ce=0
---------------- STG Properties END ------------------

---------------- Datapath Model BEGIN ----------------

<LifeTime>
<method=bitvector/>
i                        (alloca           ) [ 011]
store_ln410              (store            ) [ 000]
br_ln0                   (br               ) [ 000]
i_5                      (load             ) [ 000]
icmp_ln410               (icmp             ) [ 011]
add_ln410                (add              ) [ 001]
br_ln410                 (br               ) [ 011]
trunc_ln410              (trunc            ) [ 000]
xor_ln411                (xor              ) [ 000]
zext_ln411               (zext             ) [ 000]
h_addr                   (getelementptr    ) [ 001]
word_index               (partselect       ) [ 000]
zext_ln417               (zext             ) [ 000]
tgt_addr                 (getelementptr    ) [ 001]
trunc_ln417              (trunc            ) [ 001]
specpipeline_ln410       (specpipeline     ) [ 000]
speclooptripcount_ln410  (speclooptripcount) [ 000]
specloopname_ln410       (specloopname     ) [ 000]
hb                       (load             ) [ 000]
tgt_load                 (load             ) [ 000]
shl_ln                   (bitconcatenate   ) [ 000]
zext_ln417_1             (zext             ) [ 000]
lshr_ln417               (lshr             ) [ 000]
tb                       (trunc            ) [ 000]
icmp_ln420               (icmp             ) [ 001]
br_ln420                 (br               ) [ 000]
icmp_ln424               (icmp             ) [ 001]
br_ln424                 (br               ) [ 000]
store_ln410              (store            ) [ 000]
br_ln410                 (br               ) [ 000]
retval_1_i35_ce          (phi              ) [ 001]
cleanup_dest_slot_1_i_ce (phi              ) [ 001]
write_ln0                (write            ) [ 000]
write_ln0                (write            ) [ 000]
ret_ln0                  (ret              ) [ 000]
</LifeTime>

<model>

<comp_list>
<comp id="0" class="1000" name="h">
<pin_list>
<pin id="1" dir="1" index="0" bw="1" slack="0"/>
</pin_list>
<bind>
<StgValue><ssdm name="h"/><MemPortTyVec>1 3 </MemPortTyVec>
</StgValue>
</bind>
</comp>

<comp id="2" class="1000" name="tgt">
<pin_list>
<pin id="3" dir="1" index="0" bw="1" slack="0"/>
</pin_list>
<bind>
<StgValue><ssdm name="tgt"/><MemPortTyVec>1 3 </MemPortTyVec>
</StgValue>
</bind>
</comp>

<comp id="4" class="1000" name="retval_1_i35_ce_out">
<pin_list>
<pin id="5" dir="1" index="0" bw="1" slack="0"/>
</pin_list>
<bind>
<StgValue><ssdm name="retval_1_i35_ce_out"/></StgValue>
</bind>
</comp>

<comp id="6" class="1000" name="cleanup_dest_slot_1_i_ce_out">
<pin_list>
<pin id="7" dir="1" index="0" bw="1" slack="0"/>
</pin_list>
<bind>
<StgValue><ssdm name="cleanup_dest_slot_1_i_ce_out"/></StgValue>
</bind>
</comp>

<comp id="8" class="1001" name="const_8">
<pin_list>
<pin id="9" dir="1" index="0" bw="1" slack="0"/>
</pin_list>
<bind>
<StgValue><ssdm name=""/></StgValue>
</bind>
</comp>

<comp id="10" class="1001" name="const_10">
<pin_list>
<pin id="11" dir="1" index="0" bw="1" slack="0"/>
</pin_list>
<bind>
<StgValue><ssdm name=""/></StgValue>
</bind>
</comp>

<comp id="12" class="1001" name="const_12">
<pin_list>
<pin id="13" dir="1" index="0" bw="1" slack="0"/>
</pin_list>
<bind>
<StgValue><ssdm name=""/></StgValue>
</bind>
</comp>

<comp id="14" class="1001" name="const_14">
<pin_list>
<pin id="15" dir="1" index="0" bw="1" slack="0"/>
</pin_list>
<bind>
<StgValue><ssdm name=""/></StgValue>
</bind>
</comp>

<comp id="16" class="1001" name="const_16">
<pin_list>
<pin id="17" dir="1" index="0" bw="1" slack="0"/>
</pin_list>
<bind>
<StgValue><ssdm name=""/></StgValue>
</bind>
</comp>

<comp id="18" class="1001" name="const_18">
<pin_list>
<pin id="19" dir="1" index="0" bw="1" slack="0"/>
</pin_list>
<bind>
<StgValue><ssdm name=""/></StgValue>
</bind>
</comp>

<comp id="20" class="1001" name="const_20">
<pin_list>
<pin id="21" dir="1" index="0" bw="1" slack="0"/>
</pin_list>
<bind>
<StgValue><ssdm name="_ssdm_op_PartSelect.i3.i6.i32.i32"/></StgValue>
</bind>
</comp>

<comp id="22" class="1001" name="const_22">
<pin_list>
<pin id="23" dir="1" index="0" bw="1" slack="0"/>
</pin_list>
<bind>
<StgValue><ssdm name=""/></StgValue>
</bind>
</comp>

<comp id="24" class="1001" name="const_24">
<pin_list>
<pin id="25" dir="1" index="0" bw="1" slack="0"/>
</pin_list>
<bind>
<StgValue><ssdm name=""/></StgValue>
</bind>
</comp>

<comp id="26" class="1001" name="const_26">
<pin_list>
<pin id="27" dir="1" index="0" bw="1" slack="2147483647"/>
</pin_list>
<bind>
<StgValue><ssdm name="_ssdm_op_SpecPipeline"/></StgValue>
</bind>
</comp>

<comp id="28" class="1001" name="const_28">
<pin_list>
<pin id="29" dir="1" index="0" bw="1" slack="2147483647"/>
</pin_list>
<bind>
<StgValue><ssdm name=""/></StgValue>
</bind>
</comp>

<comp id="30" class="1001" name="const_30">
<pin_list>
<pin id="31" dir="1" index="0" bw="1" slack="2147483647"/>
</pin_list>
<bind>
<StgValue><ssdm name=""/></StgValue>
</bind>
</comp>

<comp id="32" class="1001" name="const_32">
<pin_list>
<pin id="33" dir="1" index="0" bw="1" slack="2147483647"/>
</pin_list>
<bind>
<StgValue><ssdm name="empty"/></StgValue>
</bind>
</comp>

<comp id="34" class="1001" name="const_34">
<pin_list>
<pin id="35" dir="1" index="0" bw="1" slack="2147483647"/>
</pin_list>
<bind>
<StgValue><ssdm name="_ssdm_op_SpecLoopTripCount"/></StgValue>
</bind>
</comp>

<comp id="36" class="1001" name="const_36">
<pin_list>
<pin id="37" dir="1" index="0" bw="1" slack="2147483647"/>
</pin_list>
<bind>
<StgValue><ssdm name=""/></StgValue>
</bind>
</comp>

<comp id="38" class="1001" name="const_38">
<pin_list>
<pin id="39" dir="1" index="0" bw="1" slack="2147483647"/>
</pin_list>
<bind>
<StgValue><ssdm name=""/></StgValue>
</bind>
</comp>

<comp id="40" class="1001" name="const_40">
<pin_list>
<pin id="41" dir="1" index="0" bw="1" slack="2147483647"/>
</pin_list>
<bind>
<StgValue><ssdm name="_ssdm_op_SpecLoopName"/></StgValue>
</bind>
</comp>

<comp id="42" class="1001" name="const_42">
<pin_list>
<pin id="43" dir="1" index="0" bw="1" slack="2147483647"/>
</pin_list>
<bind>
<StgValue><ssdm name="empty_10"/></StgValue>
</bind>
</comp>

<comp id="44" class="1001" name="const_44">
<pin_list>
<pin id="45" dir="1" index="0" bw="1" slack="0"/>
</pin_list>
<bind>
<StgValue><ssdm name="_ssdm_op_BitConcatenate.i5.i2.i3"/></StgValue>
</bind>
</comp>

<comp id="46" class="1001" name="const_46">
<pin_list>
<pin id="47" dir="1" index="0" bw="1" slack="0"/>
</pin_list>
<bind>
<StgValue><ssdm name=""/></StgValue>
</bind>
</comp>

<comp id="48" class="1001" name="const_48">
<pin_list>
<pin id="49" dir="1" index="0" bw="1" slack="1"/>
</pin_list>
<bind>
<StgValue><ssdm name=""/></StgValue>
</bind>
</comp>

<comp id="50" class="1001" name="const_50">
<pin_list>
<pin id="51" dir="1" index="0" bw="1" slack="0"/>
</pin_list>
<bind>
<StgValue><ssdm name=""/></StgValue>
</bind>
</comp>

<comp id="52" class="1001" name="const_52">
<pin_list>
<pin id="53" dir="1" index="0" bw="1" slack="0"/>
</pin_list>
<bind>
<StgValue><ssdm name=""/></StgValue>
</bind>
</comp>

<comp id="54" class="1001" name="const_54">
<pin_list>
<pin id="55" dir="1" index="0" bw="1" slack="0"/>
</pin_list>
<bind>
<StgValue><ssdm name="_ssdm_op_Write.ap_auto.i1P0A"/></StgValue>
</bind>
</comp>

<comp id="56" class="1004" name="i_fu_56">
<pin_list>
<pin id="57" dir="0" index="0" bw="1" slack="0"/>
<pin id="58" dir="1" index="1" bw="6" slack="0"/>
</pin_list>
<bind>
<opcode="alloca(26) " fcode="alloca"/>
<opset="i/1 "/>
</bind>
</comp>

<comp id="60" class="1004" name="write_ln0_write_fu_60">
<pin_list>
<pin id="61" dir="0" index="0" bw="0" slack="0"/>
<pin id="62" dir="0" index="1" bw="1" slack="0"/>
<pin id="63" dir="0" index="2" bw="1" slack="0"/>
<pin id="64" dir="1" index="3" bw="0" slack="2147483647"/>
</pin_list>
<bind>
<opcode="write(1151) " fcode="write"/>
<opset="write_ln0/2 "/>
</bind>
</comp>

<comp id="67" class="1004" name="write_ln0_write_fu_67">
<pin_list>
<pin id="68" dir="0" index="0" bw="0" slack="0"/>
<pin id="69" dir="0" index="1" bw="1" slack="0"/>
<pin id="70" dir="0" index="2" bw="1" slack="0"/>
<pin id="71" dir="1" index="3" bw="0" slack="2147483647"/>
</pin_list>
<bind>
<opcode="write(1151) " fcode="write"/>
<opset="write_ln0/2 "/>
</bind>
</comp>

<comp id="74" class="1004" name="h_addr_gep_fu_74">
<pin_list>
<pin id="75" dir="0" index="0" bw="8" slack="0"/>
<pin id="76" dir="0" index="1" bw="1" slack="0"/>
<pin id="77" dir="0" index="2" bw="5" slack="0"/>
<pin id="78" dir="1" index="3" bw="5" slack="0"/>
</pin_list>
<bind>
<opcode="getelementptr(29) " fcode="getelementptr"/>
<opset="h_addr/1 "/>
</bind>
</comp>

<comp id="81" class="1004" name="grp_access_fu_81">
<pin_list>
<pin id="82" dir="0" index="0" bw="5" slack="0"/>
<pin id="83" dir="0" index="1" bw="8" slack="2147483647"/>
<pin id="84" dir="0" index="2" bw="0" slack="2147483647"/>
<pin id="85" dir="1" index="3" bw="8" slack="0"/>
</pin_list>
<bind>
<opcode="load(27) " fcode="load"/>
<opset="hb/1 "/>
</bind>
</comp>

<comp id="87" class="1004" name="tgt_addr_gep_fu_87">
<pin_list>
<pin id="88" dir="0" index="0" bw="32" slack="0"/>
<pin id="89" dir="0" index="1" bw="1" slack="0"/>
<pin id="90" dir="0" index="2" bw="3" slack="0"/>
<pin id="91" dir="1" index="3" bw="3" slack="0"/>
</pin_list>
<bind>
<opcode="getelementptr(29) " fcode="getelementptr"/>
<opset="tgt_addr/1 "/>
</bind>
</comp>

<comp id="94" class="1004" name="grp_access_fu_94">
<pin_list>
<pin id="95" dir="0" index="0" bw="3" slack="0"/>
<pin id="96" dir="0" index="1" bw="32" slack="2147483647"/>
<pin id="97" dir="0" index="2" bw="0" slack="2147483647"/>
<pin id="98" dir="1" index="3" bw="32" slack="0"/>
</pin_list>
<bind>
<opcode="load(27) " fcode="load"/>
<opset="tgt_load/1 "/>
</bind>
</comp>

<comp id="100" class="1005" name="retval_1_i35_ce_reg_100">
<pin_list>
<pin id="101" dir="0" index="0" bw="1" slack="1"/>
<pin id="102" dir="1" index="1" bw="1" slack="1"/>
</pin_list>
<bind>
<opset="retval_1_i35_ce (phireg) "/>
</bind>
</comp>

<comp id="104" class="1004" name="retval_1_i35_ce_phi_fu_104">
<pin_list>
<pin id="105" dir="0" index="0" bw="1" slack="1"/>
<pin id="106" dir="0" index="1" bw="0" slack="2147483647"/>
<pin id="107" dir="0" index="2" bw="1" slack="0"/>
<pin id="108" dir="0" index="3" bw="0" slack="2147483647"/>
<pin id="109" dir="0" index="4" bw="1" slack="0"/>
<pin id="110" dir="0" index="5" bw="0" slack="2147483647"/>
<pin id="111" dir="1" index="6" bw="1" slack="0"/>
</pin_list>
<bind>
<opcode="phi(47) " fcode="phi"/>
<opset="retval_1_i35_ce/2 "/>
</bind>
</comp>

<comp id="116" class="1005" name="cleanup_dest_slot_1_i_ce_reg_116">
<pin_list>
<pin id="117" dir="0" index="0" bw="1" slack="1"/>
<pin id="118" dir="1" index="1" bw="1" slack="1"/>
</pin_list>
<bind>
<opset="cleanup_dest_slot_1_i_ce (phireg) "/>
</bind>
</comp>

<comp id="120" class="1004" name="cleanup_dest_slot_1_i_ce_phi_fu_120">
<pin_list>
<pin id="121" dir="0" index="0" bw="1" slack="1"/>
<pin id="122" dir="0" index="1" bw="0" slack="2147483647"/>
<pin id="123" dir="0" index="2" bw="1" slack="0"/>
<pin id="124" dir="0" index="3" bw="0" slack="2147483647"/>
<pin id="125" dir="0" index="4" bw="1" slack="0"/>
<pin id="126" dir="0" index="5" bw="0" slack="2147483647"/>
<pin id="127" dir="1" index="6" bw="1" slack="0"/>
</pin_list>
<bind>
<opcode="phi(47) " fcode="phi"/>
<opset="cleanup_dest_slot_1_i_ce/2 "/>
</bind>
</comp>

<comp id="132" class="1004" name="store_ln410_store_fu_132">
<pin_list>
<pin id="133" dir="0" index="0" bw="1" slack="0"/>
<pin id="134" dir="0" index="1" bw="6" slack="0"/>
<pin id="135" dir="1" index="2" bw="0" slack="2147483647"/>
</pin_list>
<bind>
<opcode="store(28) " fcode="store"/>
<opset="store_ln410/1 "/>
</bind>
</comp>

<comp id="137" class="1004" name="i_5_load_fu_137">
<pin_list>
<pin id="138" dir="0" index="0" bw="6" slack="0"/>
<pin id="139" dir="1" index="1" bw="6" slack="0"/>
</pin_list>
<bind>
<opcode="load(27) " fcode="load"/>
<opset="i_5/1 "/>
</bind>
</comp>

<comp id="140" class="1004" name="icmp_ln410_fu_140">
<pin_list>
<pin id="141" dir="0" index="0" bw="6" slack="0"/>
<pin id="142" dir="0" index="1" bw="6" slack="0"/>
<pin id="143" dir="1" index="2" bw="1" slack="1"/>
</pin_list>
<bind>
<opcode="icmp(45) " fcode="icmp"/>
<opset="icmp_ln410/1 "/>
</bind>
</comp>

<comp id="146" class="1004" name="add_ln410_fu_146">
<pin_list>
<pin id="147" dir="0" index="0" bw="6" slack="0"/>
<pin id="148" dir="0" index="1" bw="1" slack="0"/>
<pin id="149" dir="1" index="2" bw="6" slack="1"/>
</pin_list>
<bind>
<opcode="add(8) " fcode="add"/>
<opset="add_ln410/1 "/>
</bind>
</comp>

<comp id="152" class="1004" name="trunc_ln410_fu_152">
<pin_list>
<pin id="153" dir="0" index="0" bw="6" slack="0"/>
<pin id="154" dir="1" index="1" bw="5" slack="0"/>
</pin_list>
<bind>
<opcode="trunc(33) " fcode="trunc"/>
<opset="trunc_ln410/1 "/>
</bind>
</comp>

<comp id="156" class="1004" name="xor_ln411_fu_156">
<pin_list>
<pin id="157" dir="0" index="0" bw="5" slack="0"/>
<pin id="158" dir="0" index="1" bw="5" slack="0"/>
<pin id="159" dir="1" index="2" bw="5" slack="0"/>
</pin_list>
<bind>
<opcode="xor(25) " fcode="xor"/>
<opset="xor_ln411/1 "/>
</bind>
</comp>

<comp id="162" class="1004" name="zext_ln411_fu_162">
<pin_list>
<pin id="163" dir="0" index="0" bw="5" slack="0"/>
<pin id="164" dir="1" index="1" bw="64" slack="0"/>
</pin_list>
<bind>
<opcode="zext(34) " fcode="zext"/>
<opset="zext_ln411/1 "/>
</bind>
</comp>

<comp id="167" class="1004" name="word_index_fu_167">
<pin_list>
<pin id="168" dir="0" index="0" bw="3" slack="0"/>
<pin id="169" dir="0" index="1" bw="6" slack="0"/>
<pin id="170" dir="0" index="2" bw="3" slack="0"/>
<pin id="171" dir="0" index="3" bw="4" slack="0"/>
<pin id="172" dir="1" index="4" bw="3" slack="0"/>
</pin_list>
<bind>
<opcode="partselect(1002) " fcode="partselect"/>
<opset="word_index/1 "/>
</bind>
</comp>

<comp id="177" class="1004" name="zext_ln417_fu_177">
<pin_list>
<pin id="178" dir="0" index="0" bw="3" slack="0"/>
<pin id="179" dir="1" index="1" bw="64" slack="0"/>
</pin_list>
<bind>
<opcode="zext(34) " fcode="zext"/>
<opset="zext_ln417/1 "/>
</bind>
</comp>

<comp id="182" class="1004" name="trunc_ln417_fu_182">
<pin_list>
<pin id="183" dir="0" index="0" bw="6" slack="0"/>
<pin id="184" dir="1" index="1" bw="2" slack="1"/>
</pin_list>
<bind>
<opcode="trunc(33) " fcode="trunc"/>
<opset="trunc_ln417/1 "/>
</bind>
</comp>

<comp id="186" class="1004" name="shl_ln_fu_186">
<pin_list>
<pin id="187" dir="0" index="0" bw="5" slack="0"/>
<pin id="188" dir="0" index="1" bw="2" slack="1"/>
<pin id="189" dir="0" index="2" bw="1" slack="0"/>
<pin id="190" dir="1" index="3" bw="5" slack="0"/>
</pin_list>
<bind>
<opcode="bitconcatenate(1004) " fcode="bitconcatenate"/>
<opset="shl_ln/2 "/>
</bind>
</comp>

<comp id="193" class="1004" name="zext_ln417_1_fu_193">
<pin_list>
<pin id="194" dir="0" index="0" bw="5" slack="0"/>
<pin id="195" dir="1" index="1" bw="32" slack="0"/>
</pin_list>
<bind>
<opcode="zext(34) " fcode="zext"/>
<opset="zext_ln417_1/2 "/>
</bind>
</comp>

<comp id="197" class="1004" name="lshr_ln417_fu_197">
<pin_list>
<pin id="198" dir="0" index="0" bw="32" slack="0"/>
<pin id="199" dir="0" index="1" bw="5" slack="0"/>
<pin id="200" dir="1" index="2" bw="32" slack="0"/>
</pin_list>
<bind>
<opcode="lshr(21) " fcode="lshr"/>
<opset="lshr_ln417/2 "/>
</bind>
</comp>

<comp id="203" class="1004" name="tb_fu_203">
<pin_list>
<pin id="204" dir="0" index="0" bw="32" slack="0"/>
<pin id="205" dir="1" index="1" bw="8" slack="0"/>
</pin_list>
<bind>
<opcode="trunc(33) " fcode="trunc"/>
<opset="tb/2 "/>
</bind>
</comp>

<comp id="207" class="1004" name="icmp_ln420_fu_207">
<pin_list>
<pin id="208" dir="0" index="0" bw="8" slack="0"/>
<pin id="209" dir="0" index="1" bw="8" slack="0"/>
<pin id="210" dir="1" index="2" bw="1" slack="2147483647"/>
</pin_list>
<bind>
<opcode="icmp(45) " fcode="icmp"/>
<opset="icmp_ln420/2 "/>
</bind>
</comp>

<comp id="213" class="1004" name="icmp_ln424_fu_213">
<pin_list>
<pin id="214" dir="0" index="0" bw="8" slack="0"/>
<pin id="215" dir="0" index="1" bw="8" slack="0"/>
<pin id="216" dir="1" index="2" bw="1" slack="2147483647"/>
</pin_list>
<bind>
<opcode="icmp(45) " fcode="icmp"/>
<opset="icmp_ln424/2 "/>
</bind>
</comp>

<comp id="219" class="1004" name="store_ln410_store_fu_219">
<pin_list>
<pin id="220" dir="0" index="0" bw="6" slack="1"/>
<pin id="221" dir="0" index="1" bw="6" slack="1"/>
<pin id="222" dir="1" index="2" bw="0" slack="2147483647"/>
</pin_list>
<bind>
<opcode="store(28) " fcode="store"/>
<opset="store_ln410/2 "/>
</bind>
</comp>

<comp id="223" class="1005" name="i_reg_223">
<pin_list>
<pin id="224" dir="0" index="0" bw="6" slack="0"/>
<pin id="225" dir="1" index="1" bw="6" slack="0"/>
</pin_list>
<bind>
<opset="i "/>
</bind>
</comp>

<comp id="230" class="1005" name="icmp_ln410_reg_230">
<pin_list>
<pin id="231" dir="0" index="0" bw="1" slack="1"/>
<pin id="232" dir="1" index="1" bw="1" slack="2147483647"/>
</pin_list>
<bind>
<opset="icmp_ln410 "/>
</bind>
</comp>

<comp id="234" class="1005" name="add_ln410_reg_234">
<pin_list>
<pin id="235" dir="0" index="0" bw="6" slack="1"/>
<pin id="236" dir="1" index="1" bw="6" slack="1"/>
</pin_list>
<bind>
<opset="add_ln410 "/>
</bind>
</comp>

<comp id="239" class="1005" name="h_addr_reg_239">
<pin_list>
<pin id="240" dir="0" index="0" bw="5" slack="1"/>
<pin id="241" dir="1" index="1" bw="5" slack="1"/>
</pin_list>
<bind>
<opset="h_addr "/>
</bind>
</comp>

<comp id="244" class="1005" name="tgt_addr_reg_244">
<pin_list>
<pin id="245" dir="0" index="0" bw="3" slack="1"/>
<pin id="246" dir="1" index="1" bw="3" slack="1"/>
</pin_list>
<bind>
<opset="tgt_addr "/>
</bind>
</comp>

<comp id="249" class="1005" name="trunc_ln417_reg_249">
<pin_list>
<pin id="250" dir="0" index="0" bw="2" slack="1"/>
<pin id="251" dir="1" index="1" bw="2" slack="1"/>
</pin_list>
<bind>
<opset="trunc_ln417 "/>
</bind>
</comp>

</comp_list>

<net_list>
<net id="59"><net_src comp="8" pin="0"/><net_sink comp="56" pin=0"/></net>

<net id="65"><net_src comp="54" pin="0"/><net_sink comp="60" pin=0"/></net>

<net id="66"><net_src comp="4" pin="0"/><net_sink comp="60" pin=1"/></net>

<net id="72"><net_src comp="54" pin="0"/><net_sink comp="67" pin=0"/></net>

<net id="73"><net_src comp="6" pin="0"/><net_sink comp="67" pin=1"/></net>

<net id="79"><net_src comp="0" pin="0"/><net_sink comp="74" pin=0"/></net>

<net id="80"><net_src comp="18" pin="0"/><net_sink comp="74" pin=1"/></net>

<net id="86"><net_src comp="74" pin="3"/><net_sink comp="81" pin=0"/></net>

<net id="92"><net_src comp="2" pin="0"/><net_sink comp="87" pin=0"/></net>

<net id="93"><net_src comp="18" pin="0"/><net_sink comp="87" pin=1"/></net>

<net id="99"><net_src comp="87" pin="3"/><net_sink comp="94" pin=0"/></net>

<net id="103"><net_src comp="48" pin="0"/><net_sink comp="100" pin=0"/></net>

<net id="112"><net_src comp="100" pin="1"/><net_sink comp="104" pin=0"/></net>

<net id="113"><net_src comp="50" pin="0"/><net_sink comp="104" pin=2"/></net>

<net id="114"><net_src comp="52" pin="0"/><net_sink comp="104" pin=4"/></net>

<net id="115"><net_src comp="104" pin="6"/><net_sink comp="60" pin=2"/></net>

<net id="119"><net_src comp="52" pin="0"/><net_sink comp="116" pin=0"/></net>

<net id="128"><net_src comp="116" pin="1"/><net_sink comp="120" pin=0"/></net>

<net id="129"><net_src comp="50" pin="0"/><net_sink comp="120" pin=2"/></net>

<net id="130"><net_src comp="50" pin="0"/><net_sink comp="120" pin=4"/></net>

<net id="131"><net_src comp="120" pin="6"/><net_sink comp="67" pin=2"/></net>

<net id="136"><net_src comp="10" pin="0"/><net_sink comp="132" pin=0"/></net>

<net id="144"><net_src comp="137" pin="1"/><net_sink comp="140" pin=0"/></net>

<net id="145"><net_src comp="12" pin="0"/><net_sink comp="140" pin=1"/></net>

<net id="150"><net_src comp="137" pin="1"/><net_sink comp="146" pin=0"/></net>

<net id="151"><net_src comp="14" pin="0"/><net_sink comp="146" pin=1"/></net>

<net id="155"><net_src comp="137" pin="1"/><net_sink comp="152" pin=0"/></net>

<net id="160"><net_src comp="152" pin="1"/><net_sink comp="156" pin=0"/></net>

<net id="161"><net_src comp="16" pin="0"/><net_sink comp="156" pin=1"/></net>

<net id="165"><net_src comp="156" pin="2"/><net_sink comp="162" pin=0"/></net>

<net id="166"><net_src comp="162" pin="1"/><net_sink comp="74" pin=2"/></net>

<net id="173"><net_src comp="20" pin="0"/><net_sink comp="167" pin=0"/></net>

<net id="174"><net_src comp="137" pin="1"/><net_sink comp="167" pin=1"/></net>

<net id="175"><net_src comp="22" pin="0"/><net_sink comp="167" pin=2"/></net>

<net id="176"><net_src comp="24" pin="0"/><net_sink comp="167" pin=3"/></net>

<net id="180"><net_src comp="167" pin="4"/><net_sink comp="177" pin=0"/></net>

<net id="181"><net_src comp="177" pin="1"/><net_sink comp="87" pin=2"/></net>

<net id="185"><net_src comp="137" pin="1"/><net_sink comp="182" pin=0"/></net>

<net id="191"><net_src comp="44" pin="0"/><net_sink comp="186" pin=0"/></net>

<net id="192"><net_src comp="46" pin="0"/><net_sink comp="186" pin=2"/></net>

<net id="196"><net_src comp="186" pin="3"/><net_sink comp="193" pin=0"/></net>

<net id="201"><net_src comp="94" pin="3"/><net_sink comp="197" pin=0"/></net>

<net id="202"><net_src comp="193" pin="1"/><net_sink comp="197" pin=1"/></net>

<net id="206"><net_src comp="197" pin="2"/><net_sink comp="203" pin=0"/></net>

<net id="211"><net_src comp="81" pin="3"/><net_sink comp="207" pin=0"/></net>

<net id="212"><net_src comp="203" pin="1"/><net_sink comp="207" pin=1"/></net>

<net id="217"><net_src comp="81" pin="3"/><net_sink comp="213" pin=0"/></net>

<net id="218"><net_src comp="203" pin="1"/><net_sink comp="213" pin=1"/></net>

<net id="226"><net_src comp="56" pin="1"/><net_sink comp="223" pin=0"/></net>

<net id="227"><net_src comp="223" pin="1"/><net_sink comp="132" pin=1"/></net>

<net id="228"><net_src comp="223" pin="1"/><net_sink comp="137" pin=0"/></net>

<net id="229"><net_src comp="223" pin="1"/><net_sink comp="219" pin=1"/></net>

<net id="233"><net_src comp="140" pin="2"/><net_sink comp="230" pin=0"/></net>

<net id="237"><net_src comp="146" pin="2"/><net_sink comp="234" pin=0"/></net>

<net id="238"><net_src comp="234" pin="1"/><net_sink comp="219" pin=0"/></net>

<net id="242"><net_src comp="74" pin="3"/><net_sink comp="239" pin=0"/></net>

<net id="243"><net_src comp="239" pin="1"/><net_sink comp="81" pin=0"/></net>

<net id="247"><net_src comp="87" pin="3"/><net_sink comp="244" pin=0"/></net>

<net id="248"><net_src comp="244" pin="1"/><net_sink comp="94" pin=0"/></net>

<net id="252"><net_src comp="182" pin="1"/><net_sink comp="249" pin=0"/></net>

<net id="253"><net_src comp="249" pin="1"/><net_sink comp="186" pin=1"/></net>

</net_list>

</model> 
---------------- Datapath Model END ------------------

* FSMD analyzer results:
  - Output states:
	Port: retval_1_i35_ce_out | {2 }
	Port: cleanup_dest_slot_1_i_ce_out | {2 }
 - Input state : 
	Port: mine_Pipeline_COMPARE_HASH : h | {1 2 }
	Port: mine_Pipeline_COMPARE_HASH : tgt | {1 2 }
  - Chain level:
	State 1
		store_ln410 : 1
		i_5 : 1
		icmp_ln410 : 2
		add_ln410 : 2
		br_ln410 : 3
		trunc_ln410 : 2
		xor_ln411 : 3
		zext_ln411 : 3
		h_addr : 4
		hb : 5
		word_index : 2
		zext_ln417 : 3
		tgt_addr : 4
		tgt_load : 5
		trunc_ln417 : 2
	State 2
		zext_ln417_1 : 1
		lshr_ln417 : 2
		tb : 3
		icmp_ln420 : 4
		br_ln420 : 5
		icmp_ln424 : 4
		br_ln424 : 5
		retval_1_i35_ce : 6
		cleanup_dest_slot_1_i_ce : 6
		write_ln0 : 7
		write_ln0 : 7


============================================================
+ Verbose Summary: Datapath Resource usage 
============================================================

* Functional unit list:
|----------|-----------------------|---------|---------|
| Operation|    Functional Unit    |    FF   |   LUT   |
|----------|-----------------------|---------|---------|
|   lshr   |   lshr_ln417_fu_197   |    0    |    96   |
|----------|-----------------------|---------|---------|
|          |   icmp_ln410_fu_140   |    0    |    13   |
|   icmp   |   icmp_ln420_fu_207   |    0    |    15   |
|          |   icmp_ln424_fu_213   |    0    |    15   |
|----------|-----------------------|---------|---------|
|    add   |    add_ln410_fu_146   |    0    |    13   |
|----------|-----------------------|---------|---------|
|    xor   |    xor_ln411_fu_156   |    0    |    5    |
|----------|-----------------------|---------|---------|
|   write  | write_ln0_write_fu_60 |    0    |    0    |
|          | write_ln0_write_fu_67 |    0    |    0    |
|----------|-----------------------|---------|---------|
|          |   trunc_ln410_fu_152  |    0    |    0    |
|   trunc  |   trunc_ln417_fu_182  |    0    |    0    |
|          |       tb_fu_203       |    0    |    0    |
|----------|-----------------------|---------|---------|
|          |   zext_ln411_fu_162   |    0    |    0    |
|   zext   |   zext_ln417_fu_177   |    0    |    0    |
|          |  zext_ln417_1_fu_193  |    0    |    0    |
|----------|-----------------------|---------|---------|
|partselect|   word_index_fu_167   |    0    |    0    |
|----------|-----------------------|---------|---------|
|bitconcatenate|     shl_ln_fu_186     |    0    |    0    |
|----------|-----------------------|---------|---------|
|   Total  |                       |    0    |   157   |
|----------|-----------------------|---------|---------|

Memories:
N/A

* Register list:
+--------------------------------+--------+
|                                |   FF   |
+--------------------------------+--------+
|        add_ln410_reg_234       |    6   |
|cleanup_dest_slot_1_i_ce_reg_116|    1   |
|         h_addr_reg_239         |    5   |
|            i_reg_223           |    6   |
|       icmp_ln410_reg_230       |    1   |
|     retval_1_i35_ce_reg_100    |    1   |
|        tgt_addr_reg_244        |    3   |
|       trunc_ln417_reg_249      |    2   |
+--------------------------------+--------+
|              Total             |   25   |
+--------------------------------+--------+

* Multiplexer (MUX) list: 
|------------------|------|------|------|--------||---------||---------||---------|
|       Comp       |  Pin | Size |  BW  | S x BW ||  Delay  ||    FF   ||   LUT   |
|------------------|------|------|------|--------||---------||---------||---------|
| grp_access_fu_81 |  p0  |   2  |   5  |   10   ||    0    ||    9    |
| grp_access_fu_94 |  p0  |   2  |   3  |    6   ||    0    ||    9    |
|------------------|------|------|------|--------||---------||---------||---------|
|       Total      |      |      |      |   16   ||  0.854  ||    0    ||    18   |
|------------------|------|------|------|--------||---------||---------||---------|



* Summary:
+-----------+--------+--------+--------+
|           |  Delay |   FF   |   LUT  |
+-----------+--------+--------+--------+
|  Function |    -   |    0   |   157  |
|   Memory  |    -   |    -   |    -   |
|Multiplexer|    0   |    0   |   18   |
|  Register |    -   |   25   |    -   |
+-----------+--------+--------+--------+
|   Total   |    0   |   25   |   175  |
+-----------+--------+--------+--------+
