

================================================================
== Vitis HLS Report for 'sha256_compress_words_Pipeline_LOAD_INITIAL_WORDS'
================================================================
* Date:           Mon Aug  3 02:09:58 2026

* Version:        2025.2 (Build 6295257 on Nov 14 2025)
* Project:        mine
* Solution:       hls (Vitis Kernel Flow Target)
* Product family: zynquplus
* Target device:  xck26-sfvc784-2LV-c


================================================================
== Performance Estimates
================================================================
+ Timing: 
    * Summary: 
    +--------+---------+----------+------------+
    |  Clock |  Target | Estimated| Uncertainty|
    +--------+---------+----------+------------+
    |ap_clk  |  5.00 ns|  1.643 ns|     1.35 ns|
    +--------+---------+----------+------------+

+ Latency: 
    * Summary: 
    +---------+---------+-----------+-----------+-----+-----+-------------------+
    |  Latency (cycles) |   Latency (absolute)  |  Interval |      Pipeline     |
    |   min   |   max   |    min    |    max    | min | max |        Type       |
    +---------+---------+-----------+-----------+-----+-----+-------------------+
    |       18|       18|  90.000 ns|  90.000 ns|    0|    0|  loop pipeline stp|
    +---------+---------+-----------+-----------+-----+-----+-------------------+

    + Detail: 
        * Instance: 
        N/A

        * Loop: 
        +----------------------+---------+---------+----------+-----------+-----------+------+----------+
        |                      |  Latency (cycles) | Iteration|  Initiation Interval  | Trip |          |
        |       Loop Name      |   min   |   max   |  Latency |  achieved |   target  | Count| Pipelined|
        +----------------------+---------+---------+----------+-----------+-----------+------+----------+
        |- LOAD_INITIAL_WORDS  |       16|       16|         1|          1|          1|    16|       yes|
        +----------------------+---------+---------+----------+-----------+-----------+------+----------+

============================================================
+ Verbose Summary: Synthesis Manager
============================================================
InlineROM: 1
ExposeGlobal: 0
============================================================
+ Verbose Summary: CDFG Model
============================================================
IsTopModel: 0
ResetActiveHigh: 1
IsCombinational: 0
IsDatapathOnly: 0
HasWiredReturn: 1
HasMFsm: 2
HasVarLatency: 1
IsPipeline: 0
IsRtlPipelined: 0
IsInstanceOverlapped: 0
IsDontTouch: 0
HasImplIP: 0
IsGatedGlobalClock: 0

+ Individual pipeline summary: 
  * Pipeline-0: initiation interval (II) = 1, depth = 1


============================================================
+ Verbose Summary: Schedule
============================================================
* Number of FSM states : 1
* Pipeline : 1
  Pipeline-0 : II = 1, D = 1, States = { 1 }
* Dataflow Pipeline: 0

* FSM state transitions: 
1 --> 

* FSM state operations: 

State 1 <SV = 0> <Delay = 1.64>
ST_1 : Operation 4 [1/1] (0.00ns)   --->   "%i = alloca i32 1" [dylan-hls/mine.cpp:118]   --->   Operation 4 'alloca' 'i' <Predicate = true> <Delay = 0.00>
ST_1 : Operation 5 [1/1] (0.00ns)   --->   "%w = alloca i32 1" [dylan-hls/mine.cpp:114]   --->   Operation 5 'alloca' 'w' <Predicate = true> <Delay = 0.00>
ST_1 : Operation 6 [1/1] (0.00ns)   --->   "%w_17 = alloca i32 1" [dylan-hls/mine.cpp:114]   --->   Operation 6 'alloca' 'w_17' <Predicate = true> <Delay = 0.00>
ST_1 : Operation 7 [1/1] (0.00ns)   --->   "%w_18 = alloca i32 1" [dylan-hls/mine.cpp:114]   --->   Operation 7 'alloca' 'w_18' <Predicate = true> <Delay = 0.00>
ST_1 : Operation 8 [1/1] (0.00ns)   --->   "%w_19 = alloca i32 1" [dylan-hls/mine.cpp:114]   --->   Operation 8 'alloca' 'w_19' <Predicate = true> <Delay = 0.00>
ST_1 : Operation 9 [1/1] (0.00ns)   --->   "%w_20 = alloca i32 1" [dylan-hls/mine.cpp:114]   --->   Operation 9 'alloca' 'w_20' <Predicate = true> <Delay = 0.00>
ST_1 : Operation 10 [1/1] (0.00ns)   --->   "%w_21 = alloca i32 1" [dylan-hls/mine.cpp:114]   --->   Operation 10 'alloca' 'w_21' <Predicate = true> <Delay = 0.00>
ST_1 : Operation 11 [1/1] (0.00ns)   --->   "%w_22 = alloca i32 1" [dylan-hls/mine.cpp:114]   --->   Operation 11 'alloca' 'w_22' <Predicate = true> <Delay = 0.00>
ST_1 : Operation 12 [1/1] (0.00ns)   --->   "%w_23 = alloca i32 1" [dylan-hls/mine.cpp:114]   --->   Operation 12 'alloca' 'w_23' <Predicate = true> <Delay = 0.00>
ST_1 : Operation 13 [1/1] (0.00ns)   --->   "%w_24 = alloca i32 1" [dylan-hls/mine.cpp:114]   --->   Operation 13 'alloca' 'w_24' <Predicate = true> <Delay = 0.00>
ST_1 : Operation 14 [1/1] (0.00ns)   --->   "%w_25 = alloca i32 1" [dylan-hls/mine.cpp:114]   --->   Operation 14 'alloca' 'w_25' <Predicate = true> <Delay = 0.00>
ST_1 : Operation 15 [1/1] (0.00ns)   --->   "%w_26 = alloca i32 1" [dylan-hls/mine.cpp:114]   --->   Operation 15 'alloca' 'w_26' <Predicate = true> <Delay = 0.00>
ST_1 : Operation 16 [1/1] (0.00ns)   --->   "%w_27 = alloca i32 1" [dylan-hls/mine.cpp:114]   --->   Operation 16 'alloca' 'w_27' <Predicate = true> <Delay = 0.00>
ST_1 : Operation 17 [1/1] (0.00ns)   --->   "%w_28 = alloca i32 1" [dylan-hls/mine.cpp:114]   --->   Operation 17 'alloca' 'w_28' <Predicate = true> <Delay = 0.00>
ST_1 : Operation 18 [1/1] (0.00ns)   --->   "%w_29 = alloca i32 1" [dylan-hls/mine.cpp:114]   --->   Operation 18 'alloca' 'w_29' <Predicate = true> <Delay = 0.00>
ST_1 : Operation 19 [1/1] (0.00ns)   --->   "%w_30 = alloca i32 1" [dylan-hls/mine.cpp:114]   --->   Operation 19 'alloca' 'w_30' <Predicate = true> <Delay = 0.00>
ST_1 : Operation 20 [1/1] (0.00ns)   --->   "%w_31 = alloca i32 1" [dylan-hls/mine.cpp:114]   --->   Operation 20 'alloca' 'w_31' <Predicate = true> <Delay = 0.00>
ST_1 : Operation 21 [1/1] (0.00ns)   --->   "%block_words_read_1 = read i10 @_ssdm_op_Read.ap_auto.i10, i10 %block_words_read_18"   --->   Operation 21 'read' 'block_words_read_1' <Predicate = true> <Delay = 0.00>
ST_1 : Operation 22 [1/1] (0.00ns)   --->   "%block_words_read_2 = read i32 @_ssdm_op_Read.ap_auto.i32, i32 %block_words_read_17"   --->   Operation 22 'read' 'block_words_read_2' <Predicate = true> <Delay = 0.00>
ST_1 : Operation 23 [1/1] (0.00ns)   --->   "%block_words_read_3 = read i32 @_ssdm_op_Read.ap_auto.i32, i32 %block_words_read_16"   --->   Operation 23 'read' 'block_words_read_3' <Predicate = true> <Delay = 0.00>
ST_1 : Operation 24 [1/1] (0.00ns)   --->   "%block_words_read_4 = read i32 @_ssdm_op_Read.ap_auto.i32, i32 %block_words_read_15"   --->   Operation 24 'read' 'block_words_read_4' <Predicate = true> <Delay = 0.00>
ST_1 : Operation 25 [1/1] (0.00ns)   --->   "%block_words_read_5 = read i32 @_ssdm_op_Read.ap_auto.i32, i32 %block_words_read_14"   --->   Operation 25 'read' 'block_words_read_5' <Predicate = true> <Delay = 0.00>
ST_1 : Operation 26 [1/1] (0.00ns)   --->   "%block_words_read_6 = read i32 @_ssdm_op_Read.ap_auto.i32, i32 %block_words_read_13"   --->   Operation 26 'read' 'block_words_read_6' <Predicate = true> <Delay = 0.00>
ST_1 : Operation 27 [1/1] (0.00ns)   --->   "%block_words_read_7 = read i32 @_ssdm_op_Read.ap_auto.i32, i32 %block_words_read_12"   --->   Operation 27 'read' 'block_words_read_7' <Predicate = true> <Delay = 0.00>
ST_1 : Operation 28 [1/1] (0.00ns)   --->   "%block_words_read_8 = read i32 @_ssdm_op_Read.ap_auto.i32, i32 %block_words_read_11"   --->   Operation 28 'read' 'block_words_read_8' <Predicate = true> <Delay = 0.00>
ST_1 : Operation 29 [1/1] (0.00ns)   --->   "%block_words_read_9 = read i32 @_ssdm_op_Read.ap_auto.i32, i32 %block_words_read_10"   --->   Operation 29 'read' 'block_words_read_9' <Predicate = true> <Delay = 0.00>
ST_1 : Operation 30 [1/1] (0.00ns)   --->   "%block_words_read_19 = read i32 @_ssdm_op_Read.ap_auto.i32, i32 %block_words_read"   --->   Operation 30 'read' 'block_words_read_19' <Predicate = true> <Delay = 0.00>
ST_1 : Operation 31 [1/1] (0.00ns)   --->   "%block_words_read_18_cast = zext i10 %block_words_read_1"   --->   Operation 31 'zext' 'block_words_read_18_cast' <Predicate = true> <Delay = 0.00>
ST_1 : Operation 32 [1/1] (0.42ns)   --->   "%store_ln118 = store i5 0, i5 %i" [dylan-hls/mine.cpp:118]   --->   Operation 32 'store' 'store_ln118' <Predicate = true> <Delay = 0.42>
ST_1 : Operation 33 [1/1] (0.00ns)   --->   "%br_ln0 = br void %for.inc"   --->   Operation 33 'br' 'br_ln0' <Predicate = true> <Delay = 0.00>
ST_1 : Operation 34 [1/1] (0.00ns)   --->   "%i_2 = load i5 %i" [dylan-hls/mine.cpp:118]   --->   Operation 34 'load' 'i_2' <Predicate = true> <Delay = 0.00>
ST_1 : Operation 35 [1/1] (0.78ns)   --->   "%icmp_ln118 = icmp_eq  i5 %i_2, i5 16" [dylan-hls/mine.cpp:118]   --->   Operation 35 'icmp' 'icmp_ln118' <Predicate = true> <Delay = 0.78> <CoreInst = "Cmp">   --->   Core 9 'Cmp' <Latency = 0> <II = 1> <Delay = 0.78> <FuncUnit> <Opcode : 'seteq' 'setne' 'setle' 'setge' 'setlt' 'setgt'> <InPorts = 2> <OutPorts = 1>
ST_1 : Operation 36 [1/1] (0.78ns)   --->   "%add_ln118 = add i5 %i_2, i5 1" [dylan-hls/mine.cpp:118]   --->   Operation 36 'add' 'add_ln118' <Predicate = true> <Delay = 0.78> <CoreInst = "Adder">   --->   Core 1 'Adder' <Latency = 0> <II = 1> <Delay = 0.78> <FuncUnit> <Opcode : 'add' 'sub'> <InPorts = 2> <OutPorts = 1>
ST_1 : Operation 37 [1/1] (0.00ns)   --->   "%br_ln118 = br i1 %icmp_ln118, void %for.inc.split, void %for.body15.preheader.exitStub" [dylan-hls/mine.cpp:118]   --->   Operation 37 'br' 'br_ln118' <Predicate = true> <Delay = 0.00>
ST_1 : Operation 38 [1/1] (0.00ns)   --->   "%trunc_ln118 = trunc i5 %i_2" [dylan-hls/mine.cpp:118]   --->   Operation 38 'trunc' 'trunc_ln118' <Predicate = (!icmp_ln118)> <Delay = 0.00>
ST_1 : Operation 39 [1/1] (0.00ns)   --->   "%specpipeline_ln119 = specpipeline void @_ssdm_op_SpecPipeline, i32 1, i32 0, i32 0, i32 0, i32 4294967295, void @empty" [dylan-hls/mine.cpp:119]   --->   Operation 39 'specpipeline' 'specpipeline_ln119' <Predicate = (!icmp_ln118)> <Delay = 0.00>
ST_1 : Operation 40 [1/1] (0.00ns)   --->   "%speclooptripcount_ln114 = speclooptripcount void @_ssdm_op_SpecLoopTripCount, i64 16, i64 16, i64 16" [dylan-hls/mine.cpp:114]   --->   Operation 40 'speclooptripcount' 'speclooptripcount_ln114' <Predicate = (!icmp_ln118)> <Delay = 0.00>
ST_1 : Operation 41 [1/1] (0.00ns)   --->   "%specloopname_ln118 = specloopname void @_ssdm_op_SpecLoopName, void @empty_24" [dylan-hls/mine.cpp:118]   --->   Operation 41 'specloopname' 'specloopname_ln118' <Predicate = (!icmp_ln118)> <Delay = 0.00>
ST_1 : Operation 42 [1/1] (0.48ns)   --->   "%w_32 = sparsemux i32 @_ssdm_op_SparseMux.ap_auto.16i32.i32.i4, i4 0, i32 %block_words_read_19, i4 1, i32 %block_words_read_9, i4 2, i32 %block_words_read_8, i4 3, i32 %block_words_read_7, i4 4, i32 %block_words_read_6, i4 5, i32 %block_words_read_5, i4 6, i32 %block_words_read_4, i4 7, i32 %block_words_read_3, i4 8, i32 %block_words_read_2, i4 9, i32 0, i4 10, i32 0, i4 11, i32 0, i4 12, i32 0, i4 13, i32 0, i4 14, i32 0, i4 15, i32 %block_words_read_18_cast, i32 0, i4 %trunc_ln118" [dylan-hls/mine.cpp:120]   --->   Operation 42 'sparsemux' 'w_32' <Predicate = (!icmp_ln118)> <Delay = 0.48> <CoreInst = "BinarySparseMux_DontCare">   --->   Core 149 'BinarySparseMux_DontCare' <Latency = 0> <II = 1> <Delay = 0.48> <FuncUnit> <Opcode : 'sparsemux'> <InPorts = 2> <OutPorts = 1>
ST_1 : Operation 43 [1/1] (0.79ns)   --->   "%switch_ln120 = switch i4 %trunc_ln118, void %arrayidx2.case.15, i4 0, void %arrayidx2.case.0, i4 1, void %arrayidx2.case.1, i4 2, void %arrayidx2.case.2, i4 3, void %arrayidx2.case.3, i4 4, void %arrayidx2.case.4, i4 5, void %arrayidx2.case.5, i4 6, void %arrayidx2.case.6, i4 7, void %arrayidx2.case.7, i4 8, void %arrayidx2.case.8, i4 9, void %arrayidx2.case.9, i4 10, void %arrayidx2.case.10, i4 11, void %arrayidx2.case.11, i4 12, void %arrayidx2.case.12, i4 13, void %arrayidx2.case.13, i4 14, void %for.inc.split.arrayidx2.exit_crit_edge" [dylan-hls/mine.cpp:120]   --->   Operation 43 'switch' 'switch_ln120' <Predicate = (!icmp_ln118)> <Delay = 0.79>
ST_1 : Operation 44 [1/1] (0.00ns)   --->   "%store_ln114 = store i32 %w_32, i32 %w_30" [dylan-hls/mine.cpp:114]   --->   Operation 44 'store' 'store_ln114' <Predicate = (!icmp_ln118 & trunc_ln118 == 14)> <Delay = 0.00>
ST_1 : Operation 45 [1/1] (0.00ns)   --->   "%br_ln120 = br void %arrayidx2.exit" [dylan-hls/mine.cpp:120]   --->   Operation 45 'br' 'br_ln120' <Predicate = (!icmp_ln118 & trunc_ln118 == 14)> <Delay = 0.00>
ST_1 : Operation 46 [1/1] (0.00ns)   --->   "%store_ln114 = store i32 %w_32, i32 %w_29" [dylan-hls/mine.cpp:114]   --->   Operation 46 'store' 'store_ln114' <Predicate = (!icmp_ln118 & trunc_ln118 == 13)> <Delay = 0.00>
ST_1 : Operation 47 [1/1] (0.00ns)   --->   "%br_ln120 = br void %arrayidx2.exit" [dylan-hls/mine.cpp:120]   --->   Operation 47 'br' 'br_ln120' <Predicate = (!icmp_ln118 & trunc_ln118 == 13)> <Delay = 0.00>
ST_1 : Operation 48 [1/1] (0.00ns)   --->   "%store_ln114 = store i32 %w_32, i32 %w_28" [dylan-hls/mine.cpp:114]   --->   Operation 48 'store' 'store_ln114' <Predicate = (!icmp_ln118 & trunc_ln118 == 12)> <Delay = 0.00>
ST_1 : Operation 49 [1/1] (0.00ns)   --->   "%br_ln120 = br void %arrayidx2.exit" [dylan-hls/mine.cpp:120]   --->   Operation 49 'br' 'br_ln120' <Predicate = (!icmp_ln118 & trunc_ln118 == 12)> <Delay = 0.00>
ST_1 : Operation 50 [1/1] (0.00ns)   --->   "%store_ln114 = store i32 %w_32, i32 %w_27" [dylan-hls/mine.cpp:114]   --->   Operation 50 'store' 'store_ln114' <Predicate = (!icmp_ln118 & trunc_ln118 == 11)> <Delay = 0.00>
ST_1 : Operation 51 [1/1] (0.00ns)   --->   "%br_ln120 = br void %arrayidx2.exit" [dylan-hls/mine.cpp:120]   --->   Operation 51 'br' 'br_ln120' <Predicate = (!icmp_ln118 & trunc_ln118 == 11)> <Delay = 0.00>
ST_1 : Operation 52 [1/1] (0.00ns)   --->   "%store_ln114 = store i32 %w_32, i32 %w_26" [dylan-hls/mine.cpp:114]   --->   Operation 52 'store' 'store_ln114' <Predicate = (!icmp_ln118 & trunc_ln118 == 10)> <Delay = 0.00>
ST_1 : Operation 53 [1/1] (0.00ns)   --->   "%br_ln120 = br void %arrayidx2.exit" [dylan-hls/mine.cpp:120]   --->   Operation 53 'br' 'br_ln120' <Predicate = (!icmp_ln118 & trunc_ln118 == 10)> <Delay = 0.00>
ST_1 : Operation 54 [1/1] (0.00ns)   --->   "%store_ln114 = store i32 %w_32, i32 %w_25" [dylan-hls/mine.cpp:114]   --->   Operation 54 'store' 'store_ln114' <Predicate = (!icmp_ln118 & trunc_ln118 == 9)> <Delay = 0.00>
ST_1 : Operation 55 [1/1] (0.00ns)   --->   "%br_ln120 = br void %arrayidx2.exit" [dylan-hls/mine.cpp:120]   --->   Operation 55 'br' 'br_ln120' <Predicate = (!icmp_ln118 & trunc_ln118 == 9)> <Delay = 0.00>
ST_1 : Operation 56 [1/1] (0.00ns)   --->   "%store_ln114 = store i32 %w_32, i32 %w_24" [dylan-hls/mine.cpp:114]   --->   Operation 56 'store' 'store_ln114' <Predicate = (!icmp_ln118 & trunc_ln118 == 8)> <Delay = 0.00>
ST_1 : Operation 57 [1/1] (0.00ns)   --->   "%br_ln120 = br void %arrayidx2.exit" [dylan-hls/mine.cpp:120]   --->   Operation 57 'br' 'br_ln120' <Predicate = (!icmp_ln118 & trunc_ln118 == 8)> <Delay = 0.00>
ST_1 : Operation 58 [1/1] (0.00ns)   --->   "%store_ln114 = store i32 %w_32, i32 %w_23" [dylan-hls/mine.cpp:114]   --->   Operation 58 'store' 'store_ln114' <Predicate = (!icmp_ln118 & trunc_ln118 == 7)> <Delay = 0.00>
ST_1 : Operation 59 [1/1] (0.00ns)   --->   "%br_ln120 = br void %arrayidx2.exit" [dylan-hls/mine.cpp:120]   --->   Operation 59 'br' 'br_ln120' <Predicate = (!icmp_ln118 & trunc_ln118 == 7)> <Delay = 0.00>
ST_1 : Operation 60 [1/1] (0.00ns)   --->   "%store_ln114 = store i32 %w_32, i32 %w_22" [dylan-hls/mine.cpp:114]   --->   Operation 60 'store' 'store_ln114' <Predicate = (!icmp_ln118 & trunc_ln118 == 6)> <Delay = 0.00>
ST_1 : Operation 61 [1/1] (0.00ns)   --->   "%br_ln120 = br void %arrayidx2.exit" [dylan-hls/mine.cpp:120]   --->   Operation 61 'br' 'br_ln120' <Predicate = (!icmp_ln118 & trunc_ln118 == 6)> <Delay = 0.00>
ST_1 : Operation 62 [1/1] (0.00ns)   --->   "%store_ln114 = store i32 %w_32, i32 %w_21" [dylan-hls/mine.cpp:114]   --->   Operation 62 'store' 'store_ln114' <Predicate = (!icmp_ln118 & trunc_ln118 == 5)> <Delay = 0.00>
ST_1 : Operation 63 [1/1] (0.00ns)   --->   "%br_ln120 = br void %arrayidx2.exit" [dylan-hls/mine.cpp:120]   --->   Operation 63 'br' 'br_ln120' <Predicate = (!icmp_ln118 & trunc_ln118 == 5)> <Delay = 0.00>
ST_1 : Operation 64 [1/1] (0.00ns)   --->   "%store_ln114 = store i32 %w_32, i32 %w_20" [dylan-hls/mine.cpp:114]   --->   Operation 64 'store' 'store_ln114' <Predicate = (!icmp_ln118 & trunc_ln118 == 4)> <Delay = 0.00>
ST_1 : Operation 65 [1/1] (0.00ns)   --->   "%br_ln120 = br void %arrayidx2.exit" [dylan-hls/mine.cpp:120]   --->   Operation 65 'br' 'br_ln120' <Predicate = (!icmp_ln118 & trunc_ln118 == 4)> <Delay = 0.00>
ST_1 : Operation 66 [1/1] (0.00ns)   --->   "%store_ln114 = store i32 %w_32, i32 %w_19" [dylan-hls/mine.cpp:114]   --->   Operation 66 'store' 'store_ln114' <Predicate = (!icmp_ln118 & trunc_ln118 == 3)> <Delay = 0.00>
ST_1 : Operation 67 [1/1] (0.00ns)   --->   "%br_ln120 = br void %arrayidx2.exit" [dylan-hls/mine.cpp:120]   --->   Operation 67 'br' 'br_ln120' <Predicate = (!icmp_ln118 & trunc_ln118 == 3)> <Delay = 0.00>
ST_1 : Operation 68 [1/1] (0.00ns)   --->   "%store_ln114 = store i32 %w_32, i32 %w_18" [dylan-hls/mine.cpp:114]   --->   Operation 68 'store' 'store_ln114' <Predicate = (!icmp_ln118 & trunc_ln118 == 2)> <Delay = 0.00>
ST_1 : Operation 69 [1/1] (0.00ns)   --->   "%br_ln120 = br void %arrayidx2.exit" [dylan-hls/mine.cpp:120]   --->   Operation 69 'br' 'br_ln120' <Predicate = (!icmp_ln118 & trunc_ln118 == 2)> <Delay = 0.00>
ST_1 : Operation 70 [1/1] (0.00ns)   --->   "%store_ln114 = store i32 %w_32, i32 %w_17" [dylan-hls/mine.cpp:114]   --->   Operation 70 'store' 'store_ln114' <Predicate = (!icmp_ln118 & trunc_ln118 == 1)> <Delay = 0.00>
ST_1 : Operation 71 [1/1] (0.00ns)   --->   "%br_ln120 = br void %arrayidx2.exit" [dylan-hls/mine.cpp:120]   --->   Operation 71 'br' 'br_ln120' <Predicate = (!icmp_ln118 & trunc_ln118 == 1)> <Delay = 0.00>
ST_1 : Operation 72 [1/1] (0.00ns)   --->   "%store_ln114 = store i32 %w_32, i32 %w" [dylan-hls/mine.cpp:114]   --->   Operation 72 'store' 'store_ln114' <Predicate = (!icmp_ln118 & trunc_ln118 == 0)> <Delay = 0.00>
ST_1 : Operation 73 [1/1] (0.00ns)   --->   "%br_ln120 = br void %arrayidx2.exit" [dylan-hls/mine.cpp:120]   --->   Operation 73 'br' 'br_ln120' <Predicate = (!icmp_ln118 & trunc_ln118 == 0)> <Delay = 0.00>
ST_1 : Operation 74 [1/1] (0.00ns)   --->   "%store_ln114 = store i32 %w_32, i32 %w_31" [dylan-hls/mine.cpp:114]   --->   Operation 74 'store' 'store_ln114' <Predicate = (!icmp_ln118 & trunc_ln118 == 15)> <Delay = 0.00>
ST_1 : Operation 75 [1/1] (0.00ns)   --->   "%br_ln120 = br void %arrayidx2.exit" [dylan-hls/mine.cpp:120]   --->   Operation 75 'br' 'br_ln120' <Predicate = (!icmp_ln118 & trunc_ln118 == 15)> <Delay = 0.00>
ST_1 : Operation 76 [1/1] (0.42ns)   --->   "%store_ln118 = store i5 %add_ln118, i5 %i" [dylan-hls/mine.cpp:118]   --->   Operation 76 'store' 'store_ln118' <Predicate = (!icmp_ln118)> <Delay = 0.42>
ST_1 : Operation 77 [1/1] (0.00ns)   --->   "%br_ln118 = br void %for.inc" [dylan-hls/mine.cpp:118]   --->   Operation 77 'br' 'br_ln118' <Predicate = (!icmp_ln118)> <Delay = 0.00>
ST_1 : Operation 78 [1/1] (0.00ns)   --->   "%w_load = load i32 %w"   --->   Operation 78 'load' 'w_load' <Predicate = (icmp_ln118)> <Delay = 0.00>
ST_1 : Operation 79 [1/1] (0.00ns)   --->   "%w_17_load = load i32 %w_17"   --->   Operation 79 'load' 'w_17_load' <Predicate = (icmp_ln118)> <Delay = 0.00>
ST_1 : Operation 80 [1/1] (0.00ns)   --->   "%w_18_load = load i32 %w_18"   --->   Operation 80 'load' 'w_18_load' <Predicate = (icmp_ln118)> <Delay = 0.00>
ST_1 : Operation 81 [1/1] (0.00ns)   --->   "%w_19_load = load i32 %w_19"   --->   Operation 81 'load' 'w_19_load' <Predicate = (icmp_ln118)> <Delay = 0.00>
ST_1 : Operation 82 [1/1] (0.00ns)   --->   "%w_20_load = load i32 %w_20"   --->   Operation 82 'load' 'w_20_load' <Predicate = (icmp_ln118)> <Delay = 0.00>
ST_1 : Operation 83 [1/1] (0.00ns)   --->   "%w_21_load = load i32 %w_21"   --->   Operation 83 'load' 'w_21_load' <Predicate = (icmp_ln118)> <Delay = 0.00>
ST_1 : Operation 84 [1/1] (0.00ns)   --->   "%w_22_load = load i32 %w_22"   --->   Operation 84 'load' 'w_22_load' <Predicate = (icmp_ln118)> <Delay = 0.00>
ST_1 : Operation 85 [1/1] (0.00ns)   --->   "%w_23_load = load i32 %w_23"   --->   Operation 85 'load' 'w_23_load' <Predicate = (icmp_ln118)> <Delay = 0.00>
ST_1 : Operation 86 [1/1] (0.00ns)   --->   "%w_24_load = load i32 %w_24"   --->   Operation 86 'load' 'w_24_load' <Predicate = (icmp_ln118)> <Delay = 0.00>
ST_1 : Operation 87 [1/1] (0.00ns)   --->   "%w_25_load = load i32 %w_25"   --->   Operation 87 'load' 'w_25_load' <Predicate = (icmp_ln118)> <Delay = 0.00>
ST_1 : Operation 88 [1/1] (0.00ns)   --->   "%w_26_load = load i32 %w_26"   --->   Operation 88 'load' 'w_26_load' <Predicate = (icmp_ln118)> <Delay = 0.00>
ST_1 : Operation 89 [1/1] (0.00ns)   --->   "%w_27_load = load i32 %w_27"   --->   Operation 89 'load' 'w_27_load' <Predicate = (icmp_ln118)> <Delay = 0.00>
ST_1 : Operation 90 [1/1] (0.00ns)   --->   "%w_28_load = load i32 %w_28"   --->   Operation 90 'load' 'w_28_load' <Predicate = (icmp_ln118)> <Delay = 0.00>
ST_1 : Operation 91 [1/1] (0.00ns)   --->   "%w_29_load = load i32 %w_29"   --->   Operation 91 'load' 'w_29_load' <Predicate = (icmp_ln118)> <Delay = 0.00>
ST_1 : Operation 92 [1/1] (0.00ns)   --->   "%w_30_load = load i32 %w_30"   --->   Operation 92 'load' 'w_30_load' <Predicate = (icmp_ln118)> <Delay = 0.00>
ST_1 : Operation 93 [1/1] (0.00ns)   --->   "%w_31_load = load i32 %w_31"   --->   Operation 93 'load' 'w_31_load' <Predicate = (icmp_ln118)> <Delay = 0.00>
ST_1 : Operation 94 [1/1] (0.00ns)   --->   "%write_ln0 = write void @_ssdm_op_Write.ap_auto.i32P0A, i32 %w_80_out, i32 %w_31_load"   --->   Operation 94 'write' 'write_ln0' <Predicate = (icmp_ln118)> <Delay = 0.00>
ST_1 : Operation 95 [1/1] (0.00ns)   --->   "%write_ln0 = write void @_ssdm_op_Write.ap_auto.i32P0A, i32 %w_79_out, i32 %w_30_load"   --->   Operation 95 'write' 'write_ln0' <Predicate = (icmp_ln118)> <Delay = 0.00>
ST_1 : Operation 96 [1/1] (0.00ns)   --->   "%write_ln0 = write void @_ssdm_op_Write.ap_auto.i32P0A, i32 %w_78_out, i32 %w_29_load"   --->   Operation 96 'write' 'write_ln0' <Predicate = (icmp_ln118)> <Delay = 0.00>
ST_1 : Operation 97 [1/1] (0.00ns)   --->   "%write_ln0 = write void @_ssdm_op_Write.ap_auto.i32P0A, i32 %w_77_out, i32 %w_28_load"   --->   Operation 97 'write' 'write_ln0' <Predicate = (icmp_ln118)> <Delay = 0.00>
ST_1 : Operation 98 [1/1] (0.00ns)   --->   "%write_ln0 = write void @_ssdm_op_Write.ap_auto.i32P0A, i32 %w_76_out, i32 %w_27_load"   --->   Operation 98 'write' 'write_ln0' <Predicate = (icmp_ln118)> <Delay = 0.00>
ST_1 : Operation 99 [1/1] (0.00ns)   --->   "%write_ln0 = write void @_ssdm_op_Write.ap_auto.i32P0A, i32 %w_75_out, i32 %w_26_load"   --->   Operation 99 'write' 'write_ln0' <Predicate = (icmp_ln118)> <Delay = 0.00>
ST_1 : Operation 100 [1/1] (0.00ns)   --->   "%write_ln0 = write void @_ssdm_op_Write.ap_auto.i32P0A, i32 %w_74_out, i32 %w_25_load"   --->   Operation 100 'write' 'write_ln0' <Predicate = (icmp_ln118)> <Delay = 0.00>
ST_1 : Operation 101 [1/1] (0.00ns)   --->   "%write_ln0 = write void @_ssdm_op_Write.ap_auto.i32P0A, i32 %w_73_out, i32 %w_24_load"   --->   Operation 101 'write' 'write_ln0' <Predicate = (icmp_ln118)> <Delay = 0.00>
ST_1 : Operation 102 [1/1] (0.00ns)   --->   "%write_ln0 = write void @_ssdm_op_Write.ap_auto.i32P0A, i32 %w_72_out, i32 %w_23_load"   --->   Operation 102 'write' 'write_ln0' <Predicate = (icmp_ln118)> <Delay = 0.00>
ST_1 : Operation 103 [1/1] (0.00ns)   --->   "%write_ln0 = write void @_ssdm_op_Write.ap_auto.i32P0A, i32 %w_71_out, i32 %w_22_load"   --->   Operation 103 'write' 'write_ln0' <Predicate = (icmp_ln118)> <Delay = 0.00>
ST_1 : Operation 104 [1/1] (0.00ns)   --->   "%write_ln0 = write void @_ssdm_op_Write.ap_auto.i32P0A, i32 %w_70_out, i32 %w_21_load"   --->   Operation 104 'write' 'write_ln0' <Predicate = (icmp_ln118)> <Delay = 0.00>
ST_1 : Operation 105 [1/1] (0.00ns)   --->   "%write_ln0 = write void @_ssdm_op_Write.ap_auto.i32P0A, i32 %w_69_out, i32 %w_20_load"   --->   Operation 105 'write' 'write_ln0' <Predicate = (icmp_ln118)> <Delay = 0.00>
ST_1 : Operation 106 [1/1] (0.00ns)   --->   "%write_ln0 = write void @_ssdm_op_Write.ap_auto.i32P0A, i32 %w_68_out, i32 %w_19_load"   --->   Operation 106 'write' 'write_ln0' <Predicate = (icmp_ln118)> <Delay = 0.00>
ST_1 : Operation 107 [1/1] (0.00ns)   --->   "%write_ln0 = write void @_ssdm_op_Write.ap_auto.i32P0A, i32 %w_67_out, i32 %w_18_load"   --->   Operation 107 'write' 'write_ln0' <Predicate = (icmp_ln118)> <Delay = 0.00>
ST_1 : Operation 108 [1/1] (0.00ns)   --->   "%write_ln0 = write void @_ssdm_op_Write.ap_auto.i32P0A, i32 %w_66_out, i32 %w_17_load"   --->   Operation 108 'write' 'write_ln0' <Predicate = (icmp_ln118)> <Delay = 0.00>
ST_1 : Operation 109 [1/1] (0.00ns)   --->   "%write_ln0 = write void @_ssdm_op_Write.ap_auto.i32P0A, i32 %w_out, i32 %w_load"   --->   Operation 109 'write' 'write_ln0' <Predicate = (icmp_ln118)> <Delay = 0.00>
ST_1 : Operation 110 [1/1] (0.42ns)   --->   "%ret_ln0 = ret"   --->   Operation 110 'ret' 'ret_ln0' <Predicate = (icmp_ln118)> <Delay = 0.42>


============================================================
+ Verbose Summary: Timing violations
============================================================
Target clock period: 5.000ns, clock uncertainty: 1.350ns.

 <State 1>: 1.643ns
The critical path consists of the following:
	'store' operation ('store_ln118', dylan-hls/mine.cpp:118) of constant 0 5 bit on local variable 'i', dylan-hls/mine.cpp:118 [55]  (0.427 ns)
	'load' operation 5 bit ('i', dylan-hls/mine.cpp:118) on local variable 'i', dylan-hls/mine.cpp:118 [58]  (0.000 ns)
	'add' operation 5 bit ('add_ln118', dylan-hls/mine.cpp:118) [60]  (0.789 ns)
	'store' operation ('store_ln118', dylan-hls/mine.cpp:118) of variable 'add_ln118', dylan-hls/mine.cpp:118 5 bit on local variable 'i', dylan-hls/mine.cpp:118 [118]  (0.427 ns)


============================================================
+ Verbose Summary: Binding
============================================================
N/A
* FSMD analyzer results:
  - Output states:
 - Input state : 
  - Chain level:
	State 1


============================================================
+ Verbose Summary: Datapath Resource usage 
============================================================
N/A
