

================================================================
== Vitis HLS Report for 'sha256d_from_midstate'
================================================================
* Date:           Mon Aug  3 02:09:58 2026

* Version:        2025.2 (Build 6295257 on Nov 14 2025)
* Project:        mine
* Solution:       hls (Vitis Kernel Flow Target)
* Product family: zynquplus
* Target device:  xck26-sfvc784-2LV-c


================================================================
== Performance Estimates
================================================================
+ Timing: 
    * Summary: 
    +--------+---------+----------+------------+
    |  Clock |  Target | Estimated| Uncertainty|
    +--------+---------+----------+------------+
    |ap_clk  |  5.00 ns|  3.411 ns|     1.35 ns|
    +--------+---------+----------+------------+

+ Latency: 
    * Summary: 
    +---------+---------+----------+----------+-----+-----+---------+
    |  Latency (cycles) |  Latency (absolute) |  Interval | Pipeline|
    |   min   |   max   |    min   |    max   | min | max |   Type  |
    +---------+---------+----------+----------+-----+-----+---------+
    |      199|      199|  0.995 us|  0.995 us|  199|  199|       no|
    +---------+---------+----------+----------+-----+-----+---------+

    + Detail: 
        * Instance: 
        N/A

        * Loop: 
        N/A

============================================================
+ Verbose Summary: Synthesis Manager
============================================================
InlineROM: 1
ExposeGlobal: 0
============================================================
+ Verbose Summary: CDFG Model
============================================================
IsTopModel: 0
ResetActiveHigh: 1
IsCombinational: 0
IsDatapathOnly: 0
HasWiredReturn: 1
HasMFsm: 0
HasVarLatency: 1
IsPipeline: 0
IsRtlPipelined: 0
IsInstanceOverlapped: 0
IsDontTouch: 0
HasImplIP: 0
IsGatedGlobalClock: 0


============================================================
+ Verbose Summary: Schedule
============================================================
* Number of FSM states : 20
* Pipeline : 0
* Dataflow Pipeline: 0

* FSM state transitions: 
1 --> 2 
2 --> 3 
3 --> 4 
4 --> 5 
5 --> 6 
6 --> 7 
7 --> 8 
8 --> 9 
9 --> 10 
10 --> 11 
11 --> 12 
12 --> 13 
13 --> 14 
14 --> 15 
15 --> 16 
16 --> 17 
17 --> 18 
18 --> 19 
19 --> 20 
20 --> 

* FSM state operations: 

State 1 <SV = 0> <Delay = 0.67>
ST_1 : Operation 21 [1/1] (0.00ns)   --->   "%header_tail_addr = getelementptr i32 %header_tail, i64 0, i64 16"   --->   Operation 21 'getelementptr' 'header_tail_addr' <Predicate = true> <Delay = 0.00>
ST_1 : Operation 22 [2/2] (0.67ns)   --->   "%header_tail_load = load i5 %header_tail_addr" [dylan-hls/mine.cpp:270]   --->   Operation 22 'load' 'header_tail_load' <Predicate = true> <Delay = 0.67> <CoreInst = "RAM">   --->   Core 82 'RAM' <Latency = 1> <II = 1> <Delay = 0.67> <Storage> <Opcode : 'load' 'store'> <Ports = 2> <Width = 32> <Depth = 20> <RAM>
ST_1 : Operation 23 [1/1] (0.00ns)   --->   "%header_tail_addr_1 = getelementptr i32 %header_tail, i64 0, i64 17" [dylan-hls/mine.cpp:270]   --->   Operation 23 'getelementptr' 'header_tail_addr_1' <Predicate = true> <Delay = 0.00>
ST_1 : Operation 24 [2/2] (0.67ns)   --->   "%header_tail_load_1 = load i5 %header_tail_addr_1" [dylan-hls/mine.cpp:270]   --->   Operation 24 'load' 'header_tail_load_1' <Predicate = true> <Delay = 0.67> <CoreInst = "RAM">   --->   Core 82 'RAM' <Latency = 1> <II = 1> <Delay = 0.67> <Storage> <Opcode : 'load' 'store'> <Ports = 2> <Width = 32> <Depth = 20> <RAM>

State 2 <SV = 1> <Delay = 0.67>
ST_2 : Operation 25 [1/2] ( I:0.67ns O:0.67ns )   --->   "%header_tail_load = load i5 %header_tail_addr" [dylan-hls/mine.cpp:270]   --->   Operation 25 'load' 'header_tail_load' <Predicate = true> <Delay = 0.67> <CoreInst = "RAM">   --->   Core 82 'RAM' <Latency = 1> <II = 1> <Delay = 0.67> <Storage> <Opcode : 'load' 'store'> <Ports = 2> <Width = 32> <Depth = 20> <RAM>
ST_2 : Operation 26 [1/1] (0.00ns)   --->   "%empty = trunc i32 %header_tail_load" [dylan-hls/mine.cpp:270]   --->   Operation 26 'trunc' 'empty' <Predicate = true> <Delay = 0.00>
ST_2 : Operation 27 [1/1] (0.00ns)   --->   "%p_3 = partselect i8 @_ssdm_op_PartSelect.i8.i32.i32.i32, i32 %header_tail_load, i32 24, i32 31" [dylan-hls/mine.cpp:270]   --->   Operation 27 'partselect' 'p_3' <Predicate = true> <Delay = 0.00>
ST_2 : Operation 28 [1/1] (0.00ns)   --->   "%p_1 = partselect i8 @_ssdm_op_PartSelect.i8.i32.i32.i32, i32 %header_tail_load, i32 8, i32 15" [dylan-hls/mine.cpp:270]   --->   Operation 28 'partselect' 'p_1' <Predicate = true> <Delay = 0.00>
ST_2 : Operation 29 [1/1] (0.00ns)   --->   "%p_2 = partselect i8 @_ssdm_op_PartSelect.i8.i32.i32.i32, i32 %header_tail_load, i32 16, i32 23" [dylan-hls/mine.cpp:270]   --->   Operation 29 'partselect' 'p_2' <Predicate = true> <Delay = 0.00>
ST_2 : Operation 30 [1/2] ( I:0.67ns O:0.67ns )   --->   "%header_tail_load_1 = load i5 %header_tail_addr_1" [dylan-hls/mine.cpp:270]   --->   Operation 30 'load' 'header_tail_load_1' <Predicate = true> <Delay = 0.67> <CoreInst = "RAM">   --->   Core 82 'RAM' <Latency = 1> <II = 1> <Delay = 0.67> <Storage> <Opcode : 'load' 'store'> <Ports = 2> <Width = 32> <Depth = 20> <RAM>
ST_2 : Operation 31 [1/1] (0.00ns)   --->   "%empty_40 = trunc i32 %header_tail_load_1" [dylan-hls/mine.cpp:270]   --->   Operation 31 'trunc' 'empty_40' <Predicate = true> <Delay = 0.00>
ST_2 : Operation 32 [1/1] (0.00ns)   --->   "%p_4 = partselect i8 @_ssdm_op_PartSelect.i8.i32.i32.i32, i32 %header_tail_load_1, i32 24, i32 31" [dylan-hls/mine.cpp:270]   --->   Operation 32 'partselect' 'p_4' <Predicate = true> <Delay = 0.00>
ST_2 : Operation 33 [1/1] (0.00ns)   --->   "%p_5 = partselect i8 @_ssdm_op_PartSelect.i8.i32.i32.i32, i32 %header_tail_load_1, i32 8, i32 15" [dylan-hls/mine.cpp:270]   --->   Operation 33 'partselect' 'p_5' <Predicate = true> <Delay = 0.00>
ST_2 : Operation 34 [1/1] (0.00ns)   --->   "%p_6 = partselect i8 @_ssdm_op_PartSelect.i8.i32.i32.i32, i32 %header_tail_load_1, i32 16, i32 23" [dylan-hls/mine.cpp:270]   --->   Operation 34 'partselect' 'p_6' <Predicate = true> <Delay = 0.00>
ST_2 : Operation 35 [1/1] (0.00ns)   --->   "%header_tail_addr_2 = getelementptr i32 %header_tail, i64 0, i64 18" [dylan-hls/mine.cpp:270]   --->   Operation 35 'getelementptr' 'header_tail_addr_2' <Predicate = true> <Delay = 0.00>
ST_2 : Operation 36 [2/2] (0.67ns)   --->   "%header_tail_load_2 = load i5 %header_tail_addr_2" [dylan-hls/mine.cpp:270]   --->   Operation 36 'load' 'header_tail_load_2' <Predicate = true> <Delay = 0.67> <CoreInst = "RAM">   --->   Core 82 'RAM' <Latency = 1> <II = 1> <Delay = 0.67> <Storage> <Opcode : 'load' 'store'> <Ports = 2> <Width = 32> <Depth = 20> <RAM>
ST_2 : Operation 37 [1/1] (0.00ns)   --->   "%header_tail_addr_3 = getelementptr i32 %header_tail, i64 0, i64 19" [dylan-hls/mine.cpp:270]   --->   Operation 37 'getelementptr' 'header_tail_addr_3' <Predicate = true> <Delay = 0.00>
ST_2 : Operation 38 [2/2] (0.67ns)   --->   "%header_tail_load_3 = load i5 %header_tail_addr_3" [dylan-hls/mine.cpp:270]   --->   Operation 38 'load' 'header_tail_load_3' <Predicate = true> <Delay = 0.67> <CoreInst = "RAM">   --->   Core 82 'RAM' <Latency = 1> <II = 1> <Delay = 0.67> <Storage> <Opcode : 'load' 'store'> <Ports = 2> <Width = 32> <Depth = 20> <RAM>

State 3 <SV = 2> <Delay = 1.16>
ST_3 : Operation 39 [1/1] (0.00ns)   --->   "%midstate_read_1 = read i32 @_ssdm_op_Read.ap_auto.i32, i32 %midstate_read_21"   --->   Operation 39 'read' 'midstate_read_1' <Predicate = true> <Delay = 0.00>
ST_3 : Operation 40 [1/1] (0.00ns)   --->   "%midstate_read_2 = read i32 @_ssdm_op_Read.ap_auto.i32, i32 %midstate_read_20"   --->   Operation 40 'read' 'midstate_read_2' <Predicate = true> <Delay = 0.00>
ST_3 : Operation 41 [1/1] (0.00ns)   --->   "%midstate_read_3 = read i32 @_ssdm_op_Read.ap_auto.i32, i32 %midstate_read_19"   --->   Operation 41 'read' 'midstate_read_3' <Predicate = true> <Delay = 0.00>
ST_3 : Operation 42 [1/1] (0.00ns)   --->   "%midstate_read_4 = read i32 @_ssdm_op_Read.ap_auto.i32, i32 %midstate_read_18"   --->   Operation 42 'read' 'midstate_read_4' <Predicate = true> <Delay = 0.00>
ST_3 : Operation 43 [1/1] (0.00ns)   --->   "%midstate_read_5 = read i32 @_ssdm_op_Read.ap_auto.i32, i32 %midstate_read_17"   --->   Operation 43 'read' 'midstate_read_5' <Predicate = true> <Delay = 0.00>
ST_3 : Operation 44 [1/1] (0.00ns)   --->   "%midstate_read_6 = read i32 @_ssdm_op_Read.ap_auto.i32, i32 %midstate_read_16"   --->   Operation 44 'read' 'midstate_read_6' <Predicate = true> <Delay = 0.00>
ST_3 : Operation 45 [1/1] (0.00ns)   --->   "%midstate_read_7 = read i32 @_ssdm_op_Read.ap_auto.i32, i32 %midstate_read_15"   --->   Operation 45 'read' 'midstate_read_7' <Predicate = true> <Delay = 0.00>
ST_3 : Operation 46 [1/1] (0.00ns)   --->   "%midstate_read13 = read i32 @_ssdm_op_Read.ap_auto.i32, i32 %midstate_read"   --->   Operation 46 'read' 'midstate_read13' <Predicate = true> <Delay = 0.00>
ST_3 : Operation 47 [1/1] (0.00ns)   --->   "%block_words = bitconcatenate i32 @_ssdm_op_BitConcatenate.i32.i8.i8.i8.i8, i8 %empty, i8 %p_1, i8 %p_2, i8 %p_3" [dylan-hls/mine.cpp:212->dylan-hls/mine.cpp:270]   --->   Operation 47 'bitconcatenate' 'block_words' <Predicate = true> <Delay = 0.00>
ST_3 : Operation 48 [1/1] (0.00ns)   --->   "%block_words_1 = bitconcatenate i32 @_ssdm_op_BitConcatenate.i32.i8.i8.i8.i8, i8 %empty_40, i8 %p_5, i8 %p_6, i8 %p_4" [dylan-hls/mine.cpp:212->dylan-hls/mine.cpp:270]   --->   Operation 48 'bitconcatenate' 'block_words_1' <Predicate = true> <Delay = 0.00>
ST_3 : Operation 49 [1/2] ( I:0.67ns O:0.67ns )   --->   "%header_tail_load_2 = load i5 %header_tail_addr_2" [dylan-hls/mine.cpp:270]   --->   Operation 49 'load' 'header_tail_load_2' <Predicate = true> <Delay = 0.67> <CoreInst = "RAM">   --->   Core 82 'RAM' <Latency = 1> <II = 1> <Delay = 0.67> <Storage> <Opcode : 'load' 'store'> <Ports = 2> <Width = 32> <Depth = 20> <RAM>
ST_3 : Operation 50 [1/1] (0.00ns)   --->   "%empty_41 = trunc i32 %header_tail_load_2" [dylan-hls/mine.cpp:270]   --->   Operation 50 'trunc' 'empty_41' <Predicate = true> <Delay = 0.00>
ST_3 : Operation 51 [1/1] (0.00ns)   --->   "%p_7 = partselect i8 @_ssdm_op_PartSelect.i8.i32.i32.i32, i32 %header_tail_load_2, i32 24, i32 31" [dylan-hls/mine.cpp:270]   --->   Operation 51 'partselect' 'p_7' <Predicate = true> <Delay = 0.00>
ST_3 : Operation 52 [1/1] (0.00ns)   --->   "%p_8 = partselect i8 @_ssdm_op_PartSelect.i8.i32.i32.i32, i32 %header_tail_load_2, i32 8, i32 15" [dylan-hls/mine.cpp:270]   --->   Operation 52 'partselect' 'p_8' <Predicate = true> <Delay = 0.00>
ST_3 : Operation 53 [1/1] (0.00ns)   --->   "%p_9 = partselect i8 @_ssdm_op_PartSelect.i8.i32.i32.i32, i32 %header_tail_load_2, i32 16, i32 23" [dylan-hls/mine.cpp:270]   --->   Operation 53 'partselect' 'p_9' <Predicate = true> <Delay = 0.00>
ST_3 : Operation 54 [1/1] (0.00ns)   --->   "%block_words_2 = bitconcatenate i32 @_ssdm_op_BitConcatenate.i32.i8.i8.i8.i8, i8 %empty_41, i8 %p_8, i8 %p_9, i8 %p_7" [dylan-hls/mine.cpp:212->dylan-hls/mine.cpp:270]   --->   Operation 54 'bitconcatenate' 'block_words_2' <Predicate = true> <Delay = 0.00>
ST_3 : Operation 55 [1/2] ( I:0.67ns O:0.67ns )   --->   "%header_tail_load_3 = load i5 %header_tail_addr_3" [dylan-hls/mine.cpp:270]   --->   Operation 55 'load' 'header_tail_load_3' <Predicate = true> <Delay = 0.67> <CoreInst = "RAM">   --->   Core 82 'RAM' <Latency = 1> <II = 1> <Delay = 0.67> <Storage> <Opcode : 'load' 'store'> <Ports = 2> <Width = 32> <Depth = 20> <RAM>
ST_3 : Operation 56 [1/1] (0.00ns)   --->   "%empty_42 = trunc i32 %header_tail_load_3" [dylan-hls/mine.cpp:270]   --->   Operation 56 'trunc' 'empty_42' <Predicate = true> <Delay = 0.00>
ST_3 : Operation 57 [1/1] (0.00ns)   --->   "%p_s = partselect i8 @_ssdm_op_PartSelect.i8.i32.i32.i32, i32 %header_tail_load_3, i32 24, i32 31" [dylan-hls/mine.cpp:270]   --->   Operation 57 'partselect' 'p_s' <Predicate = true> <Delay = 0.00>
ST_3 : Operation 58 [1/1] (0.00ns)   --->   "%p_10 = partselect i8 @_ssdm_op_PartSelect.i8.i32.i32.i32, i32 %header_tail_load_3, i32 8, i32 15" [dylan-hls/mine.cpp:270]   --->   Operation 58 'partselect' 'p_10' <Predicate = true> <Delay = 0.00>
ST_3 : Operation 59 [1/1] (0.00ns)   --->   "%p_11 = partselect i8 @_ssdm_op_PartSelect.i8.i32.i32.i32, i32 %header_tail_load_3, i32 16, i32 23" [dylan-hls/mine.cpp:270]   --->   Operation 59 'partselect' 'p_11' <Predicate = true> <Delay = 0.00>
ST_3 : Operation 60 [1/1] (0.00ns)   --->   "%block_words_3 = bitconcatenate i32 @_ssdm_op_BitConcatenate.i32.i8.i8.i8.i8, i8 %empty_42, i8 %p_10, i8 %p_11, i8 %p_s" [dylan-hls/mine.cpp:212->dylan-hls/mine.cpp:270]   --->   Operation 60 'bitconcatenate' 'block_words_3' <Predicate = true> <Delay = 0.00>
ST_3 : Operation 61 [2/2] (0.48ns)   --->   "%call_ret = call i256 @sha256_compress_words, i32 %midstate_read13, i32 %midstate_read_7, i32 %midstate_read_6, i32 %midstate_read_5, i32 %midstate_read_4, i32 %midstate_read_3, i32 %midstate_read_2, i32 %midstate_read_1, i32 %block_words, i32 %block_words_1, i32 %block_words_2, i32 %block_words_3, i32 2147483648, i32 0, i32 0, i32 0, i32 0, i32 640, i32 %K" [dylan-hls/mine.cpp:284]   --->   Operation 61 'call' 'call_ret' <Predicate = true> <Delay = 0.48> <CoreType = "Generic">   --->   Generic Core

State 4 <SV = 3> <Delay = 1.50>
ST_4 : Operation 62 [1/2] (1.01ns)   --->   "%call_ret = call i256 @sha256_compress_words, i32 %midstate_read13, i32 %midstate_read_7, i32 %midstate_read_6, i32 %midstate_read_5, i32 %midstate_read_4, i32 %midstate_read_3, i32 %midstate_read_2, i32 %midstate_read_1, i32 %block_words, i32 %block_words_1, i32 %block_words_2, i32 %block_words_3, i32 2147483648, i32 0, i32 0, i32 0, i32 0, i32 640, i32 %K" [dylan-hls/mine.cpp:284]   --->   Operation 62 'call' 'call_ret' <Predicate = true> <Delay = 1.01> <CoreType = "Generic">   --->   Generic Core
ST_4 : Operation 63 [1/1] (0.00ns)   --->   "%s_16 = extractvalue i256 %call_ret" [dylan-hls/mine.cpp:284]   --->   Operation 63 'extractvalue' 's_16' <Predicate = true> <Delay = 0.00>
ST_4 : Operation 64 [1/1] (0.00ns)   --->   "%s_17 = extractvalue i256 %call_ret" [dylan-hls/mine.cpp:284]   --->   Operation 64 'extractvalue' 's_17' <Predicate = true> <Delay = 0.00>
ST_4 : Operation 65 [1/1] (0.00ns)   --->   "%s_18 = extractvalue i256 %call_ret" [dylan-hls/mine.cpp:284]   --->   Operation 65 'extractvalue' 's_18' <Predicate = true> <Delay = 0.00>
ST_4 : Operation 66 [1/1] (0.00ns)   --->   "%s_19 = extractvalue i256 %call_ret" [dylan-hls/mine.cpp:284]   --->   Operation 66 'extractvalue' 's_19' <Predicate = true> <Delay = 0.00>
ST_4 : Operation 67 [1/1] (0.00ns)   --->   "%s_20 = extractvalue i256 %call_ret" [dylan-hls/mine.cpp:284]   --->   Operation 67 'extractvalue' 's_20' <Predicate = true> <Delay = 0.00>
ST_4 : Operation 68 [1/1] (0.00ns)   --->   "%s_21 = extractvalue i256 %call_ret" [dylan-hls/mine.cpp:284]   --->   Operation 68 'extractvalue' 's_21' <Predicate = true> <Delay = 0.00>
ST_4 : Operation 69 [1/1] (0.00ns)   --->   "%s_22 = extractvalue i256 %call_ret" [dylan-hls/mine.cpp:284]   --->   Operation 69 'extractvalue' 's_22' <Predicate = true> <Delay = 0.00>
ST_4 : Operation 70 [1/1] (0.00ns)   --->   "%s_23 = extractvalue i256 %call_ret" [dylan-hls/mine.cpp:284]   --->   Operation 70 'extractvalue' 's_23' <Predicate = true> <Delay = 0.00>
ST_4 : Operation 71 [2/2] (0.48ns)   --->   "%call_ret1 = call i256 @sha256_compress_words, i32 1779033703, i32 3144134277, i32 1013904242, i32 2773480762, i32 1359893119, i32 2600822924, i32 528734635, i32 1541459225, i32 %s_16, i32 %s_17, i32 %s_18, i32 %s_19, i32 %s_20, i32 %s_21, i32 %s_22, i32 %s_23, i32 2147483648, i32 256, i32 %K" [dylan-hls/mine.cpp:315]   --->   Operation 71 'call' 'call_ret1' <Predicate = true> <Delay = 0.48> <CoreType = "Generic">   --->   Generic Core

State 5 <SV = 4> <Delay = 1.69>
ST_5 : Operation 72 [1/1] (0.00ns)   --->   "%out_addr = getelementptr i8 %out_r, i64 0, i64 0"   --->   Operation 72 'getelementptr' 'out_addr' <Predicate = true> <Delay = 0.00>
ST_5 : Operation 73 [1/1] (0.00ns)   --->   "%out_addr_1 = getelementptr i8 %out_r, i64 0, i64 1" [dylan-hls/mine.cpp:321]   --->   Operation 73 'getelementptr' 'out_addr_1' <Predicate = true> <Delay = 0.00>
ST_5 : Operation 74 [1/2] (1.01ns)   --->   "%call_ret1 = call i256 @sha256_compress_words, i32 1779033703, i32 3144134277, i32 1013904242, i32 2773480762, i32 1359893119, i32 2600822924, i32 528734635, i32 1541459225, i32 %s_16, i32 %s_17, i32 %s_18, i32 %s_19, i32 %s_20, i32 %s_21, i32 %s_22, i32 %s_23, i32 2147483648, i32 256, i32 %K" [dylan-hls/mine.cpp:315]   --->   Operation 74 'call' 'call_ret1' <Predicate = true> <Delay = 1.01> <CoreType = "Generic">   --->   Generic Core
ST_5 : Operation 75 [1/1] (0.00ns)   --->   "%s = extractvalue i256 %call_ret1" [dylan-hls/mine.cpp:315]   --->   Operation 75 'extractvalue' 's' <Predicate = true> <Delay = 0.00>
ST_5 : Operation 76 [1/1] (0.00ns)   --->   "%s_8 = extractvalue i256 %call_ret1" [dylan-hls/mine.cpp:315]   --->   Operation 76 'extractvalue' 's_8' <Predicate = true> <Delay = 0.00>
ST_5 : Operation 77 [1/1] (0.00ns)   --->   "%s_9 = extractvalue i256 %call_ret1" [dylan-hls/mine.cpp:315]   --->   Operation 77 'extractvalue' 's_9' <Predicate = true> <Delay = 0.00>
ST_5 : Operation 78 [1/1] (0.00ns)   --->   "%s_11 = extractvalue i256 %call_ret1" [dylan-hls/mine.cpp:315]   --->   Operation 78 'extractvalue' 's_11' <Predicate = true> <Delay = 0.00>
ST_5 : Operation 79 [1/1] (0.00ns)   --->   "%s_12 = extractvalue i256 %call_ret1" [dylan-hls/mine.cpp:315]   --->   Operation 79 'extractvalue' 's_12' <Predicate = true> <Delay = 0.00>
ST_5 : Operation 80 [1/1] (0.00ns)   --->   "%s_13 = extractvalue i256 %call_ret1" [dylan-hls/mine.cpp:315]   --->   Operation 80 'extractvalue' 's_13' <Predicate = true> <Delay = 0.00>
ST_5 : Operation 81 [1/1] (0.00ns)   --->   "%s_14 = extractvalue i256 %call_ret1" [dylan-hls/mine.cpp:315]   --->   Operation 81 'extractvalue' 's_14' <Predicate = true> <Delay = 0.00>
ST_5 : Operation 82 [1/1] (0.00ns)   --->   "%s_15 = extractvalue i256 %call_ret1" [dylan-hls/mine.cpp:315]   --->   Operation 82 'extractvalue' 's_15' <Predicate = true> <Delay = 0.00>
ST_5 : Operation 83 [1/1] (0.00ns)   --->   "%trunc_ln = partselect i8 @_ssdm_op_PartSelect.i8.i32.i32.i32, i32 %s, i32 24, i32 31" [dylan-hls/mine.cpp:320]   --->   Operation 83 'partselect' 'trunc_ln' <Predicate = true> <Delay = 0.00>
ST_5 : Operation 84 [1/1] ( I:0.67ns O:0.67ns )   --->   "%store_ln320 = store i8 %trunc_ln, i5 %out_addr" [dylan-hls/mine.cpp:320]   --->   Operation 84 'store' 'store_ln320' <Predicate = true> <Delay = 0.67> <CoreInst = "RAM">   --->   Core 82 'RAM' <Latency = 1> <II = 1> <Delay = 0.67> <Storage> <Opcode : 'load' 'store'> <Ports = 2> <Width = 8> <Depth = 32> <RAM>
ST_5 : Operation 85 [1/1] (0.00ns)   --->   "%trunc_ln1 = partselect i8 @_ssdm_op_PartSelect.i8.i32.i32.i32, i32 %s, i32 16, i32 23" [dylan-hls/mine.cpp:321]   --->   Operation 85 'partselect' 'trunc_ln1' <Predicate = true> <Delay = 0.00>
ST_5 : Operation 86 [1/1] ( I:0.67ns O:0.67ns )   --->   "%store_ln321 = store i8 %trunc_ln1, i5 %out_addr_1" [dylan-hls/mine.cpp:321]   --->   Operation 86 'store' 'store_ln321' <Predicate = true> <Delay = 0.67> <CoreInst = "RAM">   --->   Core 82 'RAM' <Latency = 1> <II = 1> <Delay = 0.67> <Storage> <Opcode : 'load' 'store'> <Ports = 2> <Width = 8> <Depth = 32> <RAM>
ST_5 : Operation 87 [1/1] (0.00ns)   --->   "%trunc_ln2 = partselect i8 @_ssdm_op_PartSelect.i8.i32.i32.i32, i32 %s, i32 8, i32 15" [dylan-hls/mine.cpp:322]   --->   Operation 87 'partselect' 'trunc_ln2' <Predicate = true> <Delay = 0.00>
ST_5 : Operation 88 [1/1] (0.00ns)   --->   "%trunc_ln323 = trunc i32 %s" [dylan-hls/mine.cpp:323]   --->   Operation 88 'trunc' 'trunc_ln323' <Predicate = true> <Delay = 0.00>
ST_5 : Operation 89 [1/1] (0.00ns)   --->   "%trunc_ln320_1 = partselect i8 @_ssdm_op_PartSelect.i8.i32.i32.i32, i32 %s_8, i32 24, i32 31" [dylan-hls/mine.cpp:320]   --->   Operation 89 'partselect' 'trunc_ln320_1' <Predicate = true> <Delay = 0.00>
ST_5 : Operation 90 [1/1] (0.00ns)   --->   "%trunc_ln321_1 = partselect i8 @_ssdm_op_PartSelect.i8.i32.i32.i32, i32 %s_8, i32 16, i32 23" [dylan-hls/mine.cpp:321]   --->   Operation 90 'partselect' 'trunc_ln321_1' <Predicate = true> <Delay = 0.00>
ST_5 : Operation 91 [1/1] (0.00ns)   --->   "%trunc_ln322_1 = partselect i8 @_ssdm_op_PartSelect.i8.i32.i32.i32, i32 %s_8, i32 8, i32 15" [dylan-hls/mine.cpp:322]   --->   Operation 91 'partselect' 'trunc_ln322_1' <Predicate = true> <Delay = 0.00>
ST_5 : Operation 92 [1/1] (0.00ns)   --->   "%trunc_ln323_1 = trunc i32 %s_8" [dylan-hls/mine.cpp:323]   --->   Operation 92 'trunc' 'trunc_ln323_1' <Predicate = true> <Delay = 0.00>
ST_5 : Operation 93 [1/1] (0.00ns)   --->   "%trunc_ln320_2 = partselect i8 @_ssdm_op_PartSelect.i8.i32.i32.i32, i32 %s_9, i32 24, i32 31" [dylan-hls/mine.cpp:320]   --->   Operation 93 'partselect' 'trunc_ln320_2' <Predicate = true> <Delay = 0.00>
ST_5 : Operation 94 [1/1] (0.00ns)   --->   "%trunc_ln321_2 = partselect i8 @_ssdm_op_PartSelect.i8.i32.i32.i32, i32 %s_9, i32 16, i32 23" [dylan-hls/mine.cpp:321]   --->   Operation 94 'partselect' 'trunc_ln321_2' <Predicate = true> <Delay = 0.00>
ST_5 : Operation 95 [1/1] (0.00ns)   --->   "%trunc_ln322_2 = partselect i8 @_ssdm_op_PartSelect.i8.i32.i32.i32, i32 %s_9, i32 8, i32 15" [dylan-hls/mine.cpp:322]   --->   Operation 95 'partselect' 'trunc_ln322_2' <Predicate = true> <Delay = 0.00>
ST_5 : Operation 96 [1/1] (0.00ns)   --->   "%trunc_ln323_2 = trunc i32 %s_9" [dylan-hls/mine.cpp:323]   --->   Operation 96 'trunc' 'trunc_ln323_2' <Predicate = true> <Delay = 0.00>
ST_5 : Operation 97 [1/1] (0.00ns)   --->   "%trunc_ln320_3 = partselect i8 @_ssdm_op_PartSelect.i8.i32.i32.i32, i32 %s_11, i32 24, i32 31" [dylan-hls/mine.cpp:320]   --->   Operation 97 'partselect' 'trunc_ln320_3' <Predicate = true> <Delay = 0.00>
ST_5 : Operation 98 [1/1] (0.00ns)   --->   "%trunc_ln321_3 = partselect i8 @_ssdm_op_PartSelect.i8.i32.i32.i32, i32 %s_11, i32 16, i32 23" [dylan-hls/mine.cpp:321]   --->   Operation 98 'partselect' 'trunc_ln321_3' <Predicate = true> <Delay = 0.00>
ST_5 : Operation 99 [1/1] (0.00ns)   --->   "%trunc_ln322_3 = partselect i8 @_ssdm_op_PartSelect.i8.i32.i32.i32, i32 %s_11, i32 8, i32 15" [dylan-hls/mine.cpp:322]   --->   Operation 99 'partselect' 'trunc_ln322_3' <Predicate = true> <Delay = 0.00>
ST_5 : Operation 100 [1/1] (0.00ns)   --->   "%trunc_ln323_3 = trunc i32 %s_11" [dylan-hls/mine.cpp:323]   --->   Operation 100 'trunc' 'trunc_ln323_3' <Predicate = true> <Delay = 0.00>
ST_5 : Operation 101 [1/1] (0.00ns)   --->   "%trunc_ln320_4 = partselect i8 @_ssdm_op_PartSelect.i8.i32.i32.i32, i32 %s_12, i32 24, i32 31" [dylan-hls/mine.cpp:320]   --->   Operation 101 'partselect' 'trunc_ln320_4' <Predicate = true> <Delay = 0.00>
ST_5 : Operation 102 [1/1] (0.00ns)   --->   "%trunc_ln321_4 = partselect i8 @_ssdm_op_PartSelect.i8.i32.i32.i32, i32 %s_12, i32 16, i32 23" [dylan-hls/mine.cpp:321]   --->   Operation 102 'partselect' 'trunc_ln321_4' <Predicate = true> <Delay = 0.00>
ST_5 : Operation 103 [1/1] (0.00ns)   --->   "%trunc_ln322_4 = partselect i8 @_ssdm_op_PartSelect.i8.i32.i32.i32, i32 %s_12, i32 8, i32 15" [dylan-hls/mine.cpp:322]   --->   Operation 103 'partselect' 'trunc_ln322_4' <Predicate = true> <Delay = 0.00>
ST_5 : Operation 104 [1/1] (0.00ns)   --->   "%trunc_ln323_4 = trunc i32 %s_12" [dylan-hls/mine.cpp:323]   --->   Operation 104 'trunc' 'trunc_ln323_4' <Predicate = true> <Delay = 0.00>
ST_5 : Operation 105 [1/1] (0.00ns)   --->   "%trunc_ln320_5 = partselect i8 @_ssdm_op_PartSelect.i8.i32.i32.i32, i32 %s_13, i32 24, i32 31" [dylan-hls/mine.cpp:320]   --->   Operation 105 'partselect' 'trunc_ln320_5' <Predicate = true> <Delay = 0.00>
ST_5 : Operation 106 [1/1] (0.00ns)   --->   "%trunc_ln321_5 = partselect i8 @_ssdm_op_PartSelect.i8.i32.i32.i32, i32 %s_13, i32 16, i32 23" [dylan-hls/mine.cpp:321]   --->   Operation 106 'partselect' 'trunc_ln321_5' <Predicate = true> <Delay = 0.00>
ST_5 : Operation 107 [1/1] (0.00ns)   --->   "%trunc_ln322_5 = partselect i8 @_ssdm_op_PartSelect.i8.i32.i32.i32, i32 %s_13, i32 8, i32 15" [dylan-hls/mine.cpp:322]   --->   Operation 107 'partselect' 'trunc_ln322_5' <Predicate = true> <Delay = 0.00>
ST_5 : Operation 108 [1/1] (0.00ns)   --->   "%trunc_ln323_5 = trunc i32 %s_13" [dylan-hls/mine.cpp:323]   --->   Operation 108 'trunc' 'trunc_ln323_5' <Predicate = true> <Delay = 0.00>
ST_5 : Operation 109 [1/1] (0.00ns)   --->   "%trunc_ln320_6 = partselect i8 @_ssdm_op_PartSelect.i8.i32.i32.i32, i32 %s_14, i32 24, i32 31" [dylan-hls/mine.cpp:320]   --->   Operation 109 'partselect' 'trunc_ln320_6' <Predicate = true> <Delay = 0.00>
ST_5 : Operation 110 [1/1] (0.00ns)   --->   "%trunc_ln321_6 = partselect i8 @_ssdm_op_PartSelect.i8.i32.i32.i32, i32 %s_14, i32 16, i32 23" [dylan-hls/mine.cpp:321]   --->   Operation 110 'partselect' 'trunc_ln321_6' <Predicate = true> <Delay = 0.00>
ST_5 : Operation 111 [1/1] (0.00ns)   --->   "%trunc_ln322_6 = partselect i8 @_ssdm_op_PartSelect.i8.i32.i32.i32, i32 %s_14, i32 8, i32 15" [dylan-hls/mine.cpp:322]   --->   Operation 111 'partselect' 'trunc_ln322_6' <Predicate = true> <Delay = 0.00>
ST_5 : Operation 112 [1/1] (0.00ns)   --->   "%trunc_ln323_6 = trunc i32 %s_14" [dylan-hls/mine.cpp:323]   --->   Operation 112 'trunc' 'trunc_ln323_6' <Predicate = true> <Delay = 0.00>
ST_5 : Operation 113 [1/1] (0.00ns)   --->   "%trunc_ln320_7 = partselect i8 @_ssdm_op_PartSelect.i8.i32.i32.i32, i32 %s_15, i32 24, i32 31" [dylan-hls/mine.cpp:320]   --->   Operation 113 'partselect' 'trunc_ln320_7' <Predicate = true> <Delay = 0.00>
ST_5 : Operation 114 [1/1] (0.00ns)   --->   "%trunc_ln321_7 = partselect i8 @_ssdm_op_PartSelect.i8.i32.i32.i32, i32 %s_15, i32 16, i32 23" [dylan-hls/mine.cpp:321]   --->   Operation 114 'partselect' 'trunc_ln321_7' <Predicate = true> <Delay = 0.00>
ST_5 : Operation 115 [1/1] (0.00ns)   --->   "%trunc_ln322_7 = partselect i8 @_ssdm_op_PartSelect.i8.i32.i32.i32, i32 %s_15, i32 8, i32 15" [dylan-hls/mine.cpp:322]   --->   Operation 115 'partselect' 'trunc_ln322_7' <Predicate = true> <Delay = 0.00>
ST_5 : Operation 116 [1/1] (0.00ns)   --->   "%trunc_ln323_7 = trunc i32 %s_15" [dylan-hls/mine.cpp:323]   --->   Operation 116 'trunc' 'trunc_ln323_7' <Predicate = true> <Delay = 0.00>

State 6 <SV = 5> <Delay = 0.67>
ST_6 : Operation 117 [1/1] (0.00ns)   --->   "%out_addr_2 = getelementptr i8 %out_r, i64 0, i64 2" [dylan-hls/mine.cpp:322]   --->   Operation 117 'getelementptr' 'out_addr_2' <Predicate = true> <Delay = 0.00>
ST_6 : Operation 118 [1/1] (0.00ns)   --->   "%out_addr_3 = getelementptr i8 %out_r, i64 0, i64 3" [dylan-hls/mine.cpp:323]   --->   Operation 118 'getelementptr' 'out_addr_3' <Predicate = true> <Delay = 0.00>
ST_6 : Operation 119 [1/1] ( I:0.67ns O:0.67ns )   --->   "%store_ln322 = store i8 %trunc_ln2, i5 %out_addr_2" [dylan-hls/mine.cpp:322]   --->   Operation 119 'store' 'store_ln322' <Predicate = true> <Delay = 0.67> <CoreInst = "RAM">   --->   Core 82 'RAM' <Latency = 1> <II = 1> <Delay = 0.67> <Storage> <Opcode : 'load' 'store'> <Ports = 2> <Width = 8> <Depth = 32> <RAM>
ST_6 : Operation 120 [1/1] ( I:0.67ns O:0.67ns )   --->   "%store_ln323 = store i8 %trunc_ln323, i5 %out_addr_3" [dylan-hls/mine.cpp:323]   --->   Operation 120 'store' 'store_ln323' <Predicate = true> <Delay = 0.67> <CoreInst = "RAM">   --->   Core 82 'RAM' <Latency = 1> <II = 1> <Delay = 0.67> <Storage> <Opcode : 'load' 'store'> <Ports = 2> <Width = 8> <Depth = 32> <RAM>

State 7 <SV = 6> <Delay = 0.67>
ST_7 : Operation 121 [1/1] (0.00ns)   --->   "%out_addr_4 = getelementptr i8 %out_r, i64 0, i64 4" [dylan-hls/mine.cpp:320]   --->   Operation 121 'getelementptr' 'out_addr_4' <Predicate = true> <Delay = 0.00>
ST_7 : Operation 122 [1/1] (0.00ns)   --->   "%out_addr_5 = getelementptr i8 %out_r, i64 0, i64 5" [dylan-hls/mine.cpp:321]   --->   Operation 122 'getelementptr' 'out_addr_5' <Predicate = true> <Delay = 0.00>
ST_7 : Operation 123 [1/1] ( I:0.67ns O:0.67ns )   --->   "%store_ln320 = store i8 %trunc_ln320_1, i5 %out_addr_4" [dylan-hls/mine.cpp:320]   --->   Operation 123 'store' 'store_ln320' <Predicate = true> <Delay = 0.67> <CoreInst = "RAM">   --->   Core 82 'RAM' <Latency = 1> <II = 1> <Delay = 0.67> <Storage> <Opcode : 'load' 'store'> <Ports = 2> <Width = 8> <Depth = 32> <RAM>
ST_7 : Operation 124 [1/1] ( I:0.67ns O:0.67ns )   --->   "%store_ln321 = store i8 %trunc_ln321_1, i5 %out_addr_5" [dylan-hls/mine.cpp:321]   --->   Operation 124 'store' 'store_ln321' <Predicate = true> <Delay = 0.67> <CoreInst = "RAM">   --->   Core 82 'RAM' <Latency = 1> <II = 1> <Delay = 0.67> <Storage> <Opcode : 'load' 'store'> <Ports = 2> <Width = 8> <Depth = 32> <RAM>

State 8 <SV = 7> <Delay = 0.67>
ST_8 : Operation 125 [1/1] (0.00ns)   --->   "%out_addr_6 = getelementptr i8 %out_r, i64 0, i64 6" [dylan-hls/mine.cpp:322]   --->   Operation 125 'getelementptr' 'out_addr_6' <Predicate = true> <Delay = 0.00>
ST_8 : Operation 126 [1/1] (0.00ns)   --->   "%out_addr_7 = getelementptr i8 %out_r, i64 0, i64 7" [dylan-hls/mine.cpp:323]   --->   Operation 126 'getelementptr' 'out_addr_7' <Predicate = true> <Delay = 0.00>
ST_8 : Operation 127 [1/1] ( I:0.67ns O:0.67ns )   --->   "%store_ln322 = store i8 %trunc_ln322_1, i5 %out_addr_6" [dylan-hls/mine.cpp:322]   --->   Operation 127 'store' 'store_ln322' <Predicate = true> <Delay = 0.67> <CoreInst = "RAM">   --->   Core 82 'RAM' <Latency = 1> <II = 1> <Delay = 0.67> <Storage> <Opcode : 'load' 'store'> <Ports = 2> <Width = 8> <Depth = 32> <RAM>
ST_8 : Operation 128 [1/1] ( I:0.67ns O:0.67ns )   --->   "%store_ln323 = store i8 %trunc_ln323_1, i5 %out_addr_7" [dylan-hls/mine.cpp:323]   --->   Operation 128 'store' 'store_ln323' <Predicate = true> <Delay = 0.67> <CoreInst = "RAM">   --->   Core 82 'RAM' <Latency = 1> <II = 1> <Delay = 0.67> <Storage> <Opcode : 'load' 'store'> <Ports = 2> <Width = 8> <Depth = 32> <RAM>

State 9 <SV = 8> <Delay = 0.67>
ST_9 : Operation 129 [1/1] (0.00ns)   --->   "%out_addr_8 = getelementptr i8 %out_r, i64 0, i64 8" [dylan-hls/mine.cpp:320]   --->   Operation 129 'getelementptr' 'out_addr_8' <Predicate = true> <Delay = 0.00>
ST_9 : Operation 130 [1/1] (0.00ns)   --->   "%out_addr_9 = getelementptr i8 %out_r, i64 0, i64 9" [dylan-hls/mine.cpp:321]   --->   Operation 130 'getelementptr' 'out_addr_9' <Predicate = true> <Delay = 0.00>
ST_9 : Operation 131 [1/1] ( I:0.67ns O:0.67ns )   --->   "%store_ln320 = store i8 %trunc_ln320_2, i5 %out_addr_8" [dylan-hls/mine.cpp:320]   --->   Operation 131 'store' 'store_ln320' <Predicate = true> <Delay = 0.67> <CoreInst = "RAM">   --->   Core 82 'RAM' <Latency = 1> <II = 1> <Delay = 0.67> <Storage> <Opcode : 'load' 'store'> <Ports = 2> <Width = 8> <Depth = 32> <RAM>
ST_9 : Operation 132 [1/1] ( I:0.67ns O:0.67ns )   --->   "%store_ln321 = store i8 %trunc_ln321_2, i5 %out_addr_9" [dylan-hls/mine.cpp:321]   --->   Operation 132 'store' 'store_ln321' <Predicate = true> <Delay = 0.67> <CoreInst = "RAM">   --->   Core 82 'RAM' <Latency = 1> <II = 1> <Delay = 0.67> <Storage> <Opcode : 'load' 'store'> <Ports = 2> <Width = 8> <Depth = 32> <RAM>

State 10 <SV = 9> <Delay = 0.67>
ST_10 : Operation 133 [1/1] (0.00ns)   --->   "%out_addr_10 = getelementptr i8 %out_r, i64 0, i64 10" [dylan-hls/mine.cpp:322]   --->   Operation 133 'getelementptr' 'out_addr_10' <Predicate = true> <Delay = 0.00>
ST_10 : Operation 134 [1/1] (0.00ns)   --->   "%out_addr_11 = getelementptr i8 %out_r, i64 0, i64 11" [dylan-hls/mine.cpp:323]   --->   Operation 134 'getelementptr' 'out_addr_11' <Predicate = true> <Delay = 0.00>
ST_10 : Operation 135 [1/1] ( I:0.67ns O:0.67ns )   --->   "%store_ln322 = store i8 %trunc_ln322_2, i5 %out_addr_10" [dylan-hls/mine.cpp:322]   --->   Operation 135 'store' 'store_ln322' <Predicate = true> <Delay = 0.67> <CoreInst = "RAM">   --->   Core 82 'RAM' <Latency = 1> <II = 1> <Delay = 0.67> <Storage> <Opcode : 'load' 'store'> <Ports = 2> <Width = 8> <Depth = 32> <RAM>
ST_10 : Operation 136 [1/1] ( I:0.67ns O:0.67ns )   --->   "%store_ln323 = store i8 %trunc_ln323_2, i5 %out_addr_11" [dylan-hls/mine.cpp:323]   --->   Operation 136 'store' 'store_ln323' <Predicate = true> <Delay = 0.67> <CoreInst = "RAM">   --->   Core 82 'RAM' <Latency = 1> <II = 1> <Delay = 0.67> <Storage> <Opcode : 'load' 'store'> <Ports = 2> <Width = 8> <Depth = 32> <RAM>

State 11 <SV = 10> <Delay = 0.67>
ST_11 : Operation 137 [1/1] (0.00ns)   --->   "%out_addr_12 = getelementptr i8 %out_r, i64 0, i64 12" [dylan-hls/mine.cpp:320]   --->   Operation 137 'getelementptr' 'out_addr_12' <Predicate = true> <Delay = 0.00>
ST_11 : Operation 138 [1/1] (0.00ns)   --->   "%out_addr_13 = getelementptr i8 %out_r, i64 0, i64 13" [dylan-hls/mine.cpp:321]   --->   Operation 138 'getelementptr' 'out_addr_13' <Predicate = true> <Delay = 0.00>
ST_11 : Operation 139 [1/1] ( I:0.67ns O:0.67ns )   --->   "%store_ln320 = store i8 %trunc_ln320_3, i5 %out_addr_12" [dylan-hls/mine.cpp:320]   --->   Operation 139 'store' 'store_ln320' <Predicate = true> <Delay = 0.67> <CoreInst = "RAM">   --->   Core 82 'RAM' <Latency = 1> <II = 1> <Delay = 0.67> <Storage> <Opcode : 'load' 'store'> <Ports = 2> <Width = 8> <Depth = 32> <RAM>
ST_11 : Operation 140 [1/1] ( I:0.67ns O:0.67ns )   --->   "%store_ln321 = store i8 %trunc_ln321_3, i5 %out_addr_13" [dylan-hls/mine.cpp:321]   --->   Operation 140 'store' 'store_ln321' <Predicate = true> <Delay = 0.67> <CoreInst = "RAM">   --->   Core 82 'RAM' <Latency = 1> <II = 1> <Delay = 0.67> <Storage> <Opcode : 'load' 'store'> <Ports = 2> <Width = 8> <Depth = 32> <RAM>

State 12 <SV = 11> <Delay = 0.67>
ST_12 : Operation 141 [1/1] (0.00ns)   --->   "%out_addr_14 = getelementptr i8 %out_r, i64 0, i64 14" [dylan-hls/mine.cpp:322]   --->   Operation 141 'getelementptr' 'out_addr_14' <Predicate = true> <Delay = 0.00>
ST_12 : Operation 142 [1/1] (0.00ns)   --->   "%out_addr_15 = getelementptr i8 %out_r, i64 0, i64 15" [dylan-hls/mine.cpp:323]   --->   Operation 142 'getelementptr' 'out_addr_15' <Predicate = true> <Delay = 0.00>
ST_12 : Operation 143 [1/1] ( I:0.67ns O:0.67ns )   --->   "%store_ln322 = store i8 %trunc_ln322_3, i5 %out_addr_14" [dylan-hls/mine.cpp:322]   --->   Operation 143 'store' 'store_ln322' <Predicate = true> <Delay = 0.67> <CoreInst = "RAM">   --->   Core 82 'RAM' <Latency = 1> <II = 1> <Delay = 0.67> <Storage> <Opcode : 'load' 'store'> <Ports = 2> <Width = 8> <Depth = 32> <RAM>
ST_12 : Operation 144 [1/1] ( I:0.67ns O:0.67ns )   --->   "%store_ln323 = store i8 %trunc_ln323_3, i5 %out_addr_15" [dylan-hls/mine.cpp:323]   --->   Operation 144 'store' 'store_ln323' <Predicate = true> <Delay = 0.67> <CoreInst = "RAM">   --->   Core 82 'RAM' <Latency = 1> <II = 1> <Delay = 0.67> <Storage> <Opcode : 'load' 'store'> <Ports = 2> <Width = 8> <Depth = 32> <RAM>

State 13 <SV = 12> <Delay = 0.67>
ST_13 : Operation 145 [1/1] (0.00ns)   --->   "%out_addr_16 = getelementptr i8 %out_r, i64 0, i64 16" [dylan-hls/mine.cpp:320]   --->   Operation 145 'getelementptr' 'out_addr_16' <Predicate = true> <Delay = 0.00>
ST_13 : Operation 146 [1/1] (0.00ns)   --->   "%out_addr_17 = getelementptr i8 %out_r, i64 0, i64 17" [dylan-hls/mine.cpp:321]   --->   Operation 146 'getelementptr' 'out_addr_17' <Predicate = true> <Delay = 0.00>
ST_13 : Operation 147 [1/1] ( I:0.67ns O:0.67ns )   --->   "%store_ln320 = store i8 %trunc_ln320_4, i5 %out_addr_16" [dylan-hls/mine.cpp:320]   --->   Operation 147 'store' 'store_ln320' <Predicate = true> <Delay = 0.67> <CoreInst = "RAM">   --->   Core 82 'RAM' <Latency = 1> <II = 1> <Delay = 0.67> <Storage> <Opcode : 'load' 'store'> <Ports = 2> <Width = 8> <Depth = 32> <RAM>
ST_13 : Operation 148 [1/1] ( I:0.67ns O:0.67ns )   --->   "%store_ln321 = store i8 %trunc_ln321_4, i5 %out_addr_17" [dylan-hls/mine.cpp:321]   --->   Operation 148 'store' 'store_ln321' <Predicate = true> <Delay = 0.67> <CoreInst = "RAM">   --->   Core 82 'RAM' <Latency = 1> <II = 1> <Delay = 0.67> <Storage> <Opcode : 'load' 'store'> <Ports = 2> <Width = 8> <Depth = 32> <RAM>

State 14 <SV = 13> <Delay = 0.67>
ST_14 : Operation 149 [1/1] (0.00ns)   --->   "%out_addr_18 = getelementptr i8 %out_r, i64 0, i64 18" [dylan-hls/mine.cpp:322]   --->   Operation 149 'getelementptr' 'out_addr_18' <Predicate = true> <Delay = 0.00>
ST_14 : Operation 150 [1/1] (0.00ns)   --->   "%out_addr_19 = getelementptr i8 %out_r, i64 0, i64 19" [dylan-hls/mine.cpp:323]   --->   Operation 150 'getelementptr' 'out_addr_19' <Predicate = true> <Delay = 0.00>
ST_14 : Operation 151 [1/1] ( I:0.67ns O:0.67ns )   --->   "%store_ln322 = store i8 %trunc_ln322_4, i5 %out_addr_18" [dylan-hls/mine.cpp:322]   --->   Operation 151 'store' 'store_ln322' <Predicate = true> <Delay = 0.67> <CoreInst = "RAM">   --->   Core 82 'RAM' <Latency = 1> <II = 1> <Delay = 0.67> <Storage> <Opcode : 'load' 'store'> <Ports = 2> <Width = 8> <Depth = 32> <RAM>
ST_14 : Operation 152 [1/1] ( I:0.67ns O:0.67ns )   --->   "%store_ln323 = store i8 %trunc_ln323_4, i5 %out_addr_19" [dylan-hls/mine.cpp:323]   --->   Operation 152 'store' 'store_ln323' <Predicate = true> <Delay = 0.67> <CoreInst = "RAM">   --->   Core 82 'RAM' <Latency = 1> <II = 1> <Delay = 0.67> <Storage> <Opcode : 'load' 'store'> <Ports = 2> <Width = 8> <Depth = 32> <RAM>

State 15 <SV = 14> <Delay = 0.67>
ST_15 : Operation 153 [1/1] (0.00ns)   --->   "%out_addr_20 = getelementptr i8 %out_r, i64 0, i64 20" [dylan-hls/mine.cpp:320]   --->   Operation 153 'getelementptr' 'out_addr_20' <Predicate = true> <Delay = 0.00>
ST_15 : Operation 154 [1/1] (0.00ns)   --->   "%out_addr_21 = getelementptr i8 %out_r, i64 0, i64 21" [dylan-hls/mine.cpp:321]   --->   Operation 154 'getelementptr' 'out_addr_21' <Predicate = true> <Delay = 0.00>
ST_15 : Operation 155 [1/1] ( I:0.67ns O:0.67ns )   --->   "%store_ln320 = store i8 %trunc_ln320_5, i5 %out_addr_20" [dylan-hls/mine.cpp:320]   --->   Operation 155 'store' 'store_ln320' <Predicate = true> <Delay = 0.67> <CoreInst = "RAM">   --->   Core 82 'RAM' <Latency = 1> <II = 1> <Delay = 0.67> <Storage> <Opcode : 'load' 'store'> <Ports = 2> <Width = 8> <Depth = 32> <RAM>
ST_15 : Operation 156 [1/1] ( I:0.67ns O:0.67ns )   --->   "%store_ln321 = store i8 %trunc_ln321_5, i5 %out_addr_21" [dylan-hls/mine.cpp:321]   --->   Operation 156 'store' 'store_ln321' <Predicate = true> <Delay = 0.67> <CoreInst = "RAM">   --->   Core 82 'RAM' <Latency = 1> <II = 1> <Delay = 0.67> <Storage> <Opcode : 'load' 'store'> <Ports = 2> <Width = 8> <Depth = 32> <RAM>

State 16 <SV = 15> <Delay = 0.67>
ST_16 : Operation 157 [1/1] (0.00ns)   --->   "%out_addr_22 = getelementptr i8 %out_r, i64 0, i64 22" [dylan-hls/mine.cpp:322]   --->   Operation 157 'getelementptr' 'out_addr_22' <Predicate = true> <Delay = 0.00>
ST_16 : Operation 158 [1/1] (0.00ns)   --->   "%out_addr_23 = getelementptr i8 %out_r, i64 0, i64 23" [dylan-hls/mine.cpp:323]   --->   Operation 158 'getelementptr' 'out_addr_23' <Predicate = true> <Delay = 0.00>
ST_16 : Operation 159 [1/1] ( I:0.67ns O:0.67ns )   --->   "%store_ln322 = store i8 %trunc_ln322_5, i5 %out_addr_22" [dylan-hls/mine.cpp:322]   --->   Operation 159 'store' 'store_ln322' <Predicate = true> <Delay = 0.67> <CoreInst = "RAM">   --->   Core 82 'RAM' <Latency = 1> <II = 1> <Delay = 0.67> <Storage> <Opcode : 'load' 'store'> <Ports = 2> <Width = 8> <Depth = 32> <RAM>
ST_16 : Operation 160 [1/1] ( I:0.67ns O:0.67ns )   --->   "%store_ln323 = store i8 %trunc_ln323_5, i5 %out_addr_23" [dylan-hls/mine.cpp:323]   --->   Operation 160 'store' 'store_ln323' <Predicate = true> <Delay = 0.67> <CoreInst = "RAM">   --->   Core 82 'RAM' <Latency = 1> <II = 1> <Delay = 0.67> <Storage> <Opcode : 'load' 'store'> <Ports = 2> <Width = 8> <Depth = 32> <RAM>

State 17 <SV = 16> <Delay = 0.67>
ST_17 : Operation 161 [1/1] (0.00ns)   --->   "%out_addr_24 = getelementptr i8 %out_r, i64 0, i64 24" [dylan-hls/mine.cpp:320]   --->   Operation 161 'getelementptr' 'out_addr_24' <Predicate = true> <Delay = 0.00>
ST_17 : Operation 162 [1/1] (0.00ns)   --->   "%out_addr_25 = getelementptr i8 %out_r, i64 0, i64 25" [dylan-hls/mine.cpp:321]   --->   Operation 162 'getelementptr' 'out_addr_25' <Predicate = true> <Delay = 0.00>
ST_17 : Operation 163 [1/1] ( I:0.67ns O:0.67ns )   --->   "%store_ln320 = store i8 %trunc_ln320_6, i5 %out_addr_24" [dylan-hls/mine.cpp:320]   --->   Operation 163 'store' 'store_ln320' <Predicate = true> <Delay = 0.67> <CoreInst = "RAM">   --->   Core 82 'RAM' <Latency = 1> <II = 1> <Delay = 0.67> <Storage> <Opcode : 'load' 'store'> <Ports = 2> <Width = 8> <Depth = 32> <RAM>
ST_17 : Operation 164 [1/1] ( I:0.67ns O:0.67ns )   --->   "%store_ln321 = store i8 %trunc_ln321_6, i5 %out_addr_25" [dylan-hls/mine.cpp:321]   --->   Operation 164 'store' 'store_ln321' <Predicate = true> <Delay = 0.67> <CoreInst = "RAM">   --->   Core 82 'RAM' <Latency = 1> <II = 1> <Delay = 0.67> <Storage> <Opcode : 'load' 'store'> <Ports = 2> <Width = 8> <Depth = 32> <RAM>

State 18 <SV = 17> <Delay = 0.67>
ST_18 : Operation 165 [1/1] (0.00ns)   --->   "%out_addr_26 = getelementptr i8 %out_r, i64 0, i64 26" [dylan-hls/mine.cpp:322]   --->   Operation 165 'getelementptr' 'out_addr_26' <Predicate = true> <Delay = 0.00>
ST_18 : Operation 166 [1/1] (0.00ns)   --->   "%out_addr_27 = getelementptr i8 %out_r, i64 0, i64 27" [dylan-hls/mine.cpp:323]   --->   Operation 166 'getelementptr' 'out_addr_27' <Predicate = true> <Delay = 0.00>
ST_18 : Operation 167 [1/1] ( I:0.67ns O:0.67ns )   --->   "%store_ln322 = store i8 %trunc_ln322_6, i5 %out_addr_26" [dylan-hls/mine.cpp:322]   --->   Operation 167 'store' 'store_ln322' <Predicate = true> <Delay = 0.67> <CoreInst = "RAM">   --->   Core 82 'RAM' <Latency = 1> <II = 1> <Delay = 0.67> <Storage> <Opcode : 'load' 'store'> <Ports = 2> <Width = 8> <Depth = 32> <RAM>
ST_18 : Operation 168 [1/1] ( I:0.67ns O:0.67ns )   --->   "%store_ln323 = store i8 %trunc_ln323_6, i5 %out_addr_27" [dylan-hls/mine.cpp:323]   --->   Operation 168 'store' 'store_ln323' <Predicate = true> <Delay = 0.67> <CoreInst = "RAM">   --->   Core 82 'RAM' <Latency = 1> <II = 1> <Delay = 0.67> <Storage> <Opcode : 'load' 'store'> <Ports = 2> <Width = 8> <Depth = 32> <RAM>

State 19 <SV = 18> <Delay = 0.67>
ST_19 : Operation 169 [1/1] (0.00ns)   --->   "%out_addr_28 = getelementptr i8 %out_r, i64 0, i64 28" [dylan-hls/mine.cpp:320]   --->   Operation 169 'getelementptr' 'out_addr_28' <Predicate = true> <Delay = 0.00>
ST_19 : Operation 170 [1/1] ( I:0.67ns O:0.67ns )   --->   "%store_ln320 = store i8 %trunc_ln320_7, i5 %out_addr_28" [dylan-hls/mine.cpp:320]   --->   Operation 170 'store' 'store_ln320' <Predicate = true> <Delay = 0.67> <CoreInst = "RAM">   --->   Core 82 'RAM' <Latency = 1> <II = 1> <Delay = 0.67> <Storage> <Opcode : 'load' 'store'> <Ports = 2> <Width = 8> <Depth = 32> <RAM>
ST_19 : Operation 171 [1/1] (0.00ns)   --->   "%out_addr_29 = getelementptr i8 %out_r, i64 0, i64 29" [dylan-hls/mine.cpp:321]   --->   Operation 171 'getelementptr' 'out_addr_29' <Predicate = true> <Delay = 0.00>
ST_19 : Operation 172 [1/1] ( I:0.67ns O:0.67ns )   --->   "%store_ln321 = store i8 %trunc_ln321_7, i5 %out_addr_29" [dylan-hls/mine.cpp:321]   --->   Operation 172 'store' 'store_ln321' <Predicate = true> <Delay = 0.67> <CoreInst = "RAM">   --->   Core 82 'RAM' <Latency = 1> <II = 1> <Delay = 0.67> <Storage> <Opcode : 'load' 'store'> <Ports = 2> <Width = 8> <Depth = 32> <RAM>

State 20 <SV = 19> <Delay = 0.67>
ST_20 : Operation 173 [1/1] (0.00ns)   --->   "%specresourcelimit_ln252 = specresourcelimit void @_ssdm_op_SpecResourceLimit, i64 1, void @empty, void @empty, void @function, void @empty" [dylan-hls/mine.cpp:252]   --->   Operation 173 'specresourcelimit' 'specresourcelimit_ln252' <Predicate = true> <Delay = 0.00>
ST_20 : Operation 174 [1/1] (0.00ns)   --->   "%out_addr_30 = getelementptr i8 %out_r, i64 0, i64 30" [dylan-hls/mine.cpp:322]   --->   Operation 174 'getelementptr' 'out_addr_30' <Predicate = true> <Delay = 0.00>
ST_20 : Operation 175 [1/1] ( I:0.67ns O:0.67ns )   --->   "%store_ln322 = store i8 %trunc_ln322_7, i5 %out_addr_30" [dylan-hls/mine.cpp:322]   --->   Operation 175 'store' 'store_ln322' <Predicate = true> <Delay = 0.67> <CoreInst = "RAM">   --->   Core 82 'RAM' <Latency = 1> <II = 1> <Delay = 0.67> <Storage> <Opcode : 'load' 'store'> <Ports = 2> <Width = 8> <Depth = 32> <RAM>
ST_20 : Operation 176 [1/1] (0.00ns)   --->   "%out_addr_31 = getelementptr i8 %out_r, i64 0, i64 31" [dylan-hls/mine.cpp:323]   --->   Operation 176 'getelementptr' 'out_addr_31' <Predicate = true> <Delay = 0.00>
ST_20 : Operation 177 [1/1] ( I:0.67ns O:0.67ns )   --->   "%store_ln323 = store i8 %trunc_ln323_7, i5 %out_addr_31" [dylan-hls/mine.cpp:323]   --->   Operation 177 'store' 'store_ln323' <Predicate = true> <Delay = 0.67> <CoreInst = "RAM">   --->   Core 82 'RAM' <Latency = 1> <II = 1> <Delay = 0.67> <Storage> <Opcode : 'load' 'store'> <Ports = 2> <Width = 8> <Depth = 32> <RAM>
ST_20 : Operation 178 [1/1] (0.00ns)   --->   "%ret_ln325 = ret" [dylan-hls/mine.cpp:325]   --->   Operation 178 'ret' 'ret_ln325' <Predicate = true> <Delay = 0.00>


============================================================
+ Verbose Summary: Timing violations
============================================================
Target clock period: 5.000ns, clock uncertainty: 1.350ns.

 <State 1>: 0.677ns
The critical path consists of the following:
	'getelementptr' operation 5 bit ('header_tail_addr') [21]  (0.000 ns)
	'load' operation 32 bit ('x', dylan-hls/mine.cpp:270) on array 'header_tail' [23]  (0.677 ns)

 <State 2>: 0.677ns
The critical path consists of the following:
	'load' operation 32 bit ('x', dylan-hls/mine.cpp:270) on array 'header_tail' [23]  (0.677 ns)

 <State 3>: 1.166ns
The critical path consists of the following:
	'load' operation 32 bit ('x', dylan-hls/mine.cpp:270) on array 'header_tail' [37]  (0.677 ns)
	'call' operation 256 bit ('call_ret', dylan-hls/mine.cpp:284) to 'sha256_compress_words' [77]  (0.489 ns)

 <State 4>: 1.505ns
The critical path consists of the following:
	'call' operation 256 bit ('call_ret', dylan-hls/mine.cpp:284) to 'sha256_compress_words' [77]  (1.016 ns)
	'call' operation 256 bit ('call_ret1', dylan-hls/mine.cpp:315) to 'sha256_compress_words' [86]  (0.489 ns)

 <State 5>: 1.693ns
The critical path consists of the following:
	'call' operation 256 bit ('call_ret1', dylan-hls/mine.cpp:315) to 'sha256_compress_words' [86]  (1.016 ns)
	'store' operation ('store_ln320', dylan-hls/mine.cpp:320) of variable 'trunc_ln', dylan-hls/mine.cpp:320 8 bit on array 'out_r' [96]  (0.677 ns)

 <State 6>: 0.677ns
The critical path consists of the following:
	'getelementptr' operation 5 bit ('out_addr_2', dylan-hls/mine.cpp:322) [51]  (0.000 ns)
	'store' operation ('store_ln322', dylan-hls/mine.cpp:322) of variable 'trunc_ln2', dylan-hls/mine.cpp:322 8 bit on array 'out_r' [100]  (0.677 ns)

 <State 7>: 0.677ns
The critical path consists of the following:
	'getelementptr' operation 5 bit ('out_addr_4', dylan-hls/mine.cpp:320) [53]  (0.000 ns)
	'store' operation ('store_ln320', dylan-hls/mine.cpp:320) of variable 'trunc_ln320_1', dylan-hls/mine.cpp:320 8 bit on array 'out_r' [104]  (0.677 ns)

 <State 8>: 0.677ns
The critical path consists of the following:
	'getelementptr' operation 5 bit ('out_addr_6', dylan-hls/mine.cpp:322) [55]  (0.000 ns)
	'store' operation ('store_ln322', dylan-hls/mine.cpp:322) of variable 'trunc_ln322_1', dylan-hls/mine.cpp:322 8 bit on array 'out_r' [108]  (0.677 ns)

 <State 9>: 0.677ns
The critical path consists of the following:
	'getelementptr' operation 5 bit ('out_addr_8', dylan-hls/mine.cpp:320) [57]  (0.000 ns)
	'store' operation ('store_ln320', dylan-hls/mine.cpp:320) of variable 'trunc_ln320_2', dylan-hls/mine.cpp:320 8 bit on array 'out_r' [112]  (0.677 ns)

 <State 10>: 0.677ns
The critical path consists of the following:
	'getelementptr' operation 5 bit ('out_addr_10', dylan-hls/mine.cpp:322) [59]  (0.000 ns)
	'store' operation ('store_ln322', dylan-hls/mine.cpp:322) of variable 'trunc_ln322_2', dylan-hls/mine.cpp:322 8 bit on array 'out_r' [116]  (0.677 ns)

 <State 11>: 0.677ns
The critical path consists of the following:
	'getelementptr' operation 5 bit ('out_addr_12', dylan-hls/mine.cpp:320) [61]  (0.000 ns)
	'store' operation ('store_ln320', dylan-hls/mine.cpp:320) of variable 'trunc_ln320_3', dylan-hls/mine.cpp:320 8 bit on array 'out_r' [120]  (0.677 ns)

 <State 12>: 0.677ns
The critical path consists of the following:
	'getelementptr' operation 5 bit ('out_addr_14', dylan-hls/mine.cpp:322) [63]  (0.000 ns)
	'store' operation ('store_ln322', dylan-hls/mine.cpp:322) of variable 'trunc_ln322_3', dylan-hls/mine.cpp:322 8 bit on array 'out_r' [124]  (0.677 ns)

 <State 13>: 0.677ns
The critical path consists of the following:
	'getelementptr' operation 5 bit ('out_addr_16', dylan-hls/mine.cpp:320) [65]  (0.000 ns)
	'store' operation ('store_ln320', dylan-hls/mine.cpp:320) of variable 'trunc_ln320_4', dylan-hls/mine.cpp:320 8 bit on array 'out_r' [128]  (0.677 ns)

 <State 14>: 0.677ns
The critical path consists of the following:
	'getelementptr' operation 5 bit ('out_addr_18', dylan-hls/mine.cpp:322) [67]  (0.000 ns)
	'store' operation ('store_ln322', dylan-hls/mine.cpp:322) of variable 'trunc_ln322_4', dylan-hls/mine.cpp:322 8 bit on array 'out_r' [132]  (0.677 ns)

 <State 15>: 0.677ns
The critical path consists of the following:
	'getelementptr' operation 5 bit ('out_addr_20', dylan-hls/mine.cpp:320) [69]  (0.000 ns)
	'store' operation ('store_ln320', dylan-hls/mine.cpp:320) of variable 'trunc_ln320_5', dylan-hls/mine.cpp:320 8 bit on array 'out_r' [136]  (0.677 ns)

 <State 16>: 0.677ns
The critical path consists of the following:
	'getelementptr' operation 5 bit ('out_addr_22', dylan-hls/mine.cpp:322) [71]  (0.000 ns)
	'store' operation ('store_ln322', dylan-hls/mine.cpp:322) of variable 'trunc_ln322_5', dylan-hls/mine.cpp:322 8 bit on array 'out_r' [140]  (0.677 ns)

 <State 17>: 0.677ns
The critical path consists of the following:
	'getelementptr' operation 5 bit ('out_addr_24', dylan-hls/mine.cpp:320) [73]  (0.000 ns)
	'store' operation ('store_ln320', dylan-hls/mine.cpp:320) of variable 'trunc_ln320_6', dylan-hls/mine.cpp:320 8 bit on array 'out_r' [144]  (0.677 ns)

 <State 18>: 0.677ns
The critical path consists of the following:
	'getelementptr' operation 5 bit ('out_addr_26', dylan-hls/mine.cpp:322) [75]  (0.000 ns)
	'store' operation ('store_ln322', dylan-hls/mine.cpp:322) of variable 'trunc_ln322_6', dylan-hls/mine.cpp:322 8 bit on array 'out_r' [148]  (0.677 ns)

 <State 19>: 0.677ns
The critical path consists of the following:
	'getelementptr' operation 5 bit ('out_addr_28', dylan-hls/mine.cpp:320) [152]  (0.000 ns)
	'store' operation ('store_ln320', dylan-hls/mine.cpp:320) of variable 'trunc_ln320_7', dylan-hls/mine.cpp:320 8 bit on array 'out_r' [153]  (0.677 ns)

 <State 20>: 0.677ns
The critical path consists of the following:
	'getelementptr' operation 5 bit ('out_addr_30', dylan-hls/mine.cpp:322) [158]  (0.000 ns)
	'store' operation ('store_ln322', dylan-hls/mine.cpp:322) of variable 'trunc_ln322_7', dylan-hls/mine.cpp:322 8 bit on array 'out_r' [159]  (0.677 ns)


============================================================
+ Verbose Summary: Binding
============================================================
N/A
* FSMD analyzer results:
  - Output states:
 - Input state : 
  - Chain level:
	State 1
	State 2
	State 3
	State 4
	State 5
	State 6
	State 7
	State 8
	State 9
	State 10
	State 11
	State 12
	State 13
	State 14
	State 15
	State 16
	State 17
	State 18
	State 19
	State 20


============================================================
+ Verbose Summary: Datapath Resource usage 
============================================================
N/A
