

================================================================
== Vitis HLS Report for 'sha256_compress_words_1'
================================================================
* Date:           Mon Aug  3 02:09:58 2026

* Version:        2025.2 (Build 6295257 on Nov 14 2025)
* Project:        mine
* Solution:       hls (Vitis Kernel Flow Target)
* Product family: zynquplus
* Target device:  xck26-sfvc784-2LV-c


================================================================
== Performance Estimates
================================================================
+ Timing: 
    * Summary: 
    +--------+---------+----------+------------+
    |  Clock |  Target | Estimated| Uncertainty|
    +--------+---------+----------+------------+
    |ap_clk  |  5.00 ns|  3.411 ns|     1.35 ns|
    +--------+---------+----------+------------+

+ Latency: 
    * Summary: 
    +---------+---------+----------+----------+-----+-----+---------+
    |  Latency (cycles) |  Latency (absolute) |  Interval | Pipeline|
    |   min   |   max   |    min   |    max   | min | max |   Type  |
    +---------+---------+----------+----------+-----+-----+---------+
    |       89|       89|  0.445 us|  0.445 us|   89|   89|       no|
    +---------+---------+----------+----------+-----+-----+---------+

    + Detail: 
        * Instance: 
        N/A

        * Loop: 
        N/A

============================================================
+ Verbose Summary: Synthesis Manager
============================================================
InlineROM: 1
ExposeGlobal: 0
============================================================
+ Verbose Summary: CDFG Model
============================================================
IsTopModel: 0
ResetActiveHigh: 1
IsCombinational: 0
IsDatapathOnly: 0
HasWiredReturn: 1
HasMFsm: 0
HasVarLatency: 1
IsPipeline: 0
IsRtlPipelined: 0
IsInstanceOverlapped: 0
IsDontTouch: 0
HasImplIP: 0
IsGatedGlobalClock: 0


============================================================
+ Verbose Summary: Schedule
============================================================
* Number of FSM states : 5
* Pipeline : 0
* Dataflow Pipeline: 0

* FSM state transitions: 
1 --> 2 
2 --> 3 
3 --> 4 
4 --> 5 
5 --> 

* FSM state operations: 

State 1 <SV = 0> <Delay = 0.48>
ST_1 : Operation 6 [1/1] (0.00ns)   --->   "%block_words_15_val_read = read i32 @_ssdm_op_Read.ap_auto.i32, i32 %block_words_15_val"   --->   Operation 6 'read' 'block_words_15_val_read' <Predicate = true> <Delay = 0.00>
ST_1 : Operation 7 [1/1] (0.00ns)   --->   "%block_words_14_val_read = read i32 @_ssdm_op_Read.ap_auto.i32, i32 %block_words_14_val"   --->   Operation 7 'read' 'block_words_14_val_read' <Predicate = true> <Delay = 0.00>
ST_1 : Operation 8 [1/1] (0.00ns)   --->   "%block_words_13_val_read = read i32 @_ssdm_op_Read.ap_auto.i32, i32 %block_words_13_val"   --->   Operation 8 'read' 'block_words_13_val_read' <Predicate = true> <Delay = 0.00>
ST_1 : Operation 9 [1/1] (0.00ns)   --->   "%block_words_12_val_read = read i32 @_ssdm_op_Read.ap_auto.i32, i32 %block_words_12_val"   --->   Operation 9 'read' 'block_words_12_val_read' <Predicate = true> <Delay = 0.00>
ST_1 : Operation 10 [1/1] (0.00ns)   --->   "%block_words_11_val_read = read i32 @_ssdm_op_Read.ap_auto.i32, i32 %block_words_11_val"   --->   Operation 10 'read' 'block_words_11_val_read' <Predicate = true> <Delay = 0.00>
ST_1 : Operation 11 [1/1] (0.00ns)   --->   "%block_words_10_val_read = read i32 @_ssdm_op_Read.ap_auto.i32, i32 %block_words_10_val"   --->   Operation 11 'read' 'block_words_10_val_read' <Predicate = true> <Delay = 0.00>
ST_1 : Operation 12 [1/1] (0.00ns)   --->   "%block_words_9_val_read = read i32 @_ssdm_op_Read.ap_auto.i32, i32 %block_words_9_val"   --->   Operation 12 'read' 'block_words_9_val_read' <Predicate = true> <Delay = 0.00>
ST_1 : Operation 13 [1/1] (0.00ns)   --->   "%block_words_8_val_read = read i32 @_ssdm_op_Read.ap_auto.i32, i32 %block_words_8_val"   --->   Operation 13 'read' 'block_words_8_val_read' <Predicate = true> <Delay = 0.00>
ST_1 : Operation 14 [1/1] (0.00ns)   --->   "%block_words_7_val_read = read i32 @_ssdm_op_Read.ap_auto.i32, i32 %block_words_7_val"   --->   Operation 14 'read' 'block_words_7_val_read' <Predicate = true> <Delay = 0.00>
ST_1 : Operation 15 [1/1] (0.00ns)   --->   "%block_words_6_val_read = read i32 @_ssdm_op_Read.ap_auto.i32, i32 %block_words_6_val"   --->   Operation 15 'read' 'block_words_6_val_read' <Predicate = true> <Delay = 0.00>
ST_1 : Operation 16 [1/1] (0.00ns)   --->   "%block_words_5_val_read = read i32 @_ssdm_op_Read.ap_auto.i32, i32 %block_words_5_val"   --->   Operation 16 'read' 'block_words_5_val_read' <Predicate = true> <Delay = 0.00>
ST_1 : Operation 17 [1/1] (0.00ns)   --->   "%block_words_4_val_read = read i32 @_ssdm_op_Read.ap_auto.i32, i32 %block_words_4_val"   --->   Operation 17 'read' 'block_words_4_val_read' <Predicate = true> <Delay = 0.00>
ST_1 : Operation 18 [1/1] (0.00ns)   --->   "%block_words_3_val_read = read i32 @_ssdm_op_Read.ap_auto.i32, i32 %block_words_3_val"   --->   Operation 18 'read' 'block_words_3_val_read' <Predicate = true> <Delay = 0.00>
ST_1 : Operation 19 [1/1] (0.00ns)   --->   "%block_words_2_val_read = read i32 @_ssdm_op_Read.ap_auto.i32, i32 %block_words_2_val"   --->   Operation 19 'read' 'block_words_2_val_read' <Predicate = true> <Delay = 0.00>
ST_1 : Operation 20 [1/1] (0.00ns)   --->   "%block_words_1_val_read = read i32 @_ssdm_op_Read.ap_auto.i32, i32 %block_words_1_val"   --->   Operation 20 'read' 'block_words_1_val_read' <Predicate = true> <Delay = 0.00>
ST_1 : Operation 21 [1/1] (0.00ns)   --->   "%block_words_0_val_read = read i32 @_ssdm_op_Read.ap_auto.i32, i32 %block_words_0_val"   --->   Operation 21 'read' 'block_words_0_val_read' <Predicate = true> <Delay = 0.00>
ST_1 : Operation 22 [1/1] (0.00ns)   --->   "%h_loc = alloca i64 1"   --->   Operation 22 'alloca' 'h_loc' <Predicate = true> <Delay = 0.00>
ST_1 : Operation 23 [1/1] (0.00ns)   --->   "%g_loc = alloca i64 1"   --->   Operation 23 'alloca' 'g_loc' <Predicate = true> <Delay = 0.00>
ST_1 : Operation 24 [1/1] (0.00ns)   --->   "%f_loc = alloca i64 1"   --->   Operation 24 'alloca' 'f_loc' <Predicate = true> <Delay = 0.00>
ST_1 : Operation 25 [1/1] (0.00ns)   --->   "%e_2_loc = alloca i64 1"   --->   Operation 25 'alloca' 'e_2_loc' <Predicate = true> <Delay = 0.00>
ST_1 : Operation 26 [1/1] (0.00ns)   --->   "%d_loc = alloca i64 1"   --->   Operation 26 'alloca' 'd_loc' <Predicate = true> <Delay = 0.00>
ST_1 : Operation 27 [1/1] (0.00ns)   --->   "%c_loc = alloca i64 1"   --->   Operation 27 'alloca' 'c_loc' <Predicate = true> <Delay = 0.00>
ST_1 : Operation 28 [1/1] (0.00ns)   --->   "%b_loc = alloca i64 1"   --->   Operation 28 'alloca' 'b_loc' <Predicate = true> <Delay = 0.00>
ST_1 : Operation 29 [1/1] (0.00ns)   --->   "%a_2_loc = alloca i64 1"   --->   Operation 29 'alloca' 'a_2_loc' <Predicate = true> <Delay = 0.00>
ST_1 : Operation 30 [1/1] (0.00ns)   --->   "%w_loc = alloca i64 1"   --->   Operation 30 'alloca' 'w_loc' <Predicate = true> <Delay = 0.00>
ST_1 : Operation 31 [1/1] (0.00ns)   --->   "%w_1_loc = alloca i64 1"   --->   Operation 31 'alloca' 'w_1_loc' <Predicate = true> <Delay = 0.00>
ST_1 : Operation 32 [1/1] (0.00ns)   --->   "%w_2_loc = alloca i64 1"   --->   Operation 32 'alloca' 'w_2_loc' <Predicate = true> <Delay = 0.00>
ST_1 : Operation 33 [1/1] (0.00ns)   --->   "%w_3_loc = alloca i64 1"   --->   Operation 33 'alloca' 'w_3_loc' <Predicate = true> <Delay = 0.00>
ST_1 : Operation 34 [1/1] (0.00ns)   --->   "%w_4_loc = alloca i64 1"   --->   Operation 34 'alloca' 'w_4_loc' <Predicate = true> <Delay = 0.00>
ST_1 : Operation 35 [1/1] (0.00ns)   --->   "%w_5_loc = alloca i64 1"   --->   Operation 35 'alloca' 'w_5_loc' <Predicate = true> <Delay = 0.00>
ST_1 : Operation 36 [1/1] (0.00ns)   --->   "%w_6_loc = alloca i64 1"   --->   Operation 36 'alloca' 'w_6_loc' <Predicate = true> <Delay = 0.00>
ST_1 : Operation 37 [1/1] (0.00ns)   --->   "%w_7_loc = alloca i64 1"   --->   Operation 37 'alloca' 'w_7_loc' <Predicate = true> <Delay = 0.00>
ST_1 : Operation 38 [1/1] (0.00ns)   --->   "%w_8_loc = alloca i64 1"   --->   Operation 38 'alloca' 'w_8_loc' <Predicate = true> <Delay = 0.00>
ST_1 : Operation 39 [1/1] (0.00ns)   --->   "%w_9_loc = alloca i64 1"   --->   Operation 39 'alloca' 'w_9_loc' <Predicate = true> <Delay = 0.00>
ST_1 : Operation 40 [1/1] (0.00ns)   --->   "%w_10_loc = alloca i64 1"   --->   Operation 40 'alloca' 'w_10_loc' <Predicate = true> <Delay = 0.00>
ST_1 : Operation 41 [1/1] (0.00ns)   --->   "%w_11_loc = alloca i64 1"   --->   Operation 41 'alloca' 'w_11_loc' <Predicate = true> <Delay = 0.00>
ST_1 : Operation 42 [1/1] (0.00ns)   --->   "%w_12_loc = alloca i64 1"   --->   Operation 42 'alloca' 'w_12_loc' <Predicate = true> <Delay = 0.00>
ST_1 : Operation 43 [1/1] (0.00ns)   --->   "%w_13_loc = alloca i64 1"   --->   Operation 43 'alloca' 'w_13_loc' <Predicate = true> <Delay = 0.00>
ST_1 : Operation 44 [1/1] (0.00ns)   --->   "%w_14_loc = alloca i64 1"   --->   Operation 44 'alloca' 'w_14_loc' <Predicate = true> <Delay = 0.00>
ST_1 : Operation 45 [1/1] (0.00ns)   --->   "%w_15_loc = alloca i64 1"   --->   Operation 45 'alloca' 'w_15_loc' <Predicate = true> <Delay = 0.00>
ST_1 : Operation 46 [2/2] (0.48ns)   --->   "%call_ln0 = call void @sha256_compress_words.1_Pipeline_LOAD_INITIAL_WORDS, i32 %block_words_0_val_read, i32 %block_words_1_val_read, i32 %block_words_2_val_read, i32 %block_words_3_val_read, i32 %block_words_4_val_read, i32 %block_words_5_val_read, i32 %block_words_6_val_read, i32 %block_words_7_val_read, i32 %block_words_8_val_read, i32 %block_words_9_val_read, i32 %block_words_10_val_read, i32 %block_words_11_val_read, i32 %block_words_12_val_read, i32 %block_words_13_val_read, i32 %block_words_14_val_read, i32 %block_words_15_val_read, i32 %w_15_loc, i32 %w_14_loc, i32 %w_13_loc, i32 %w_12_loc, i32 %w_11_loc, i32 %w_10_loc, i32 %w_9_loc, i32 %w_8_loc, i32 %w_7_loc, i32 %w_6_loc, i32 %w_5_loc, i32 %w_4_loc, i32 %w_3_loc, i32 %w_2_loc, i32 %w_1_loc, i32 %w_loc"   --->   Operation 46 'call' 'call_ln0' <Predicate = true> <Delay = 0.48> <CoreType = "Generic">   --->   Generic Core

State 2 <SV = 1> <Delay = 1.64>
ST_2 : Operation 47 [1/2] (1.64ns)   --->   "%call_ln0 = call void @sha256_compress_words.1_Pipeline_LOAD_INITIAL_WORDS, i32 %block_words_0_val_read, i32 %block_words_1_val_read, i32 %block_words_2_val_read, i32 %block_words_3_val_read, i32 %block_words_4_val_read, i32 %block_words_5_val_read, i32 %block_words_6_val_read, i32 %block_words_7_val_read, i32 %block_words_8_val_read, i32 %block_words_9_val_read, i32 %block_words_10_val_read, i32 %block_words_11_val_read, i32 %block_words_12_val_read, i32 %block_words_13_val_read, i32 %block_words_14_val_read, i32 %block_words_15_val_read, i32 %w_15_loc, i32 %w_14_loc, i32 %w_13_loc, i32 %w_12_loc, i32 %w_11_loc, i32 %w_10_loc, i32 %w_9_loc, i32 %w_8_loc, i32 %w_7_loc, i32 %w_6_loc, i32 %w_5_loc, i32 %w_4_loc, i32 %w_3_loc, i32 %w_2_loc, i32 %w_1_loc, i32 %w_loc"   --->   Operation 47 'call' 'call_ln0' <Predicate = true> <Delay = 1.64> <CoreType = "Generic">   --->   Generic Core

State 3 <SV = 2> <Delay = 0.42>
ST_3 : Operation 48 [1/1] (0.00ns)   --->   "%w_15_loc_load = load i32 %w_15_loc"   --->   Operation 48 'load' 'w_15_loc_load' <Predicate = true> <Delay = 0.00>
ST_3 : Operation 49 [1/1] (0.00ns)   --->   "%w_14_loc_load = load i32 %w_14_loc"   --->   Operation 49 'load' 'w_14_loc_load' <Predicate = true> <Delay = 0.00>
ST_3 : Operation 50 [1/1] (0.00ns)   --->   "%w_13_loc_load = load i32 %w_13_loc"   --->   Operation 50 'load' 'w_13_loc_load' <Predicate = true> <Delay = 0.00>
ST_3 : Operation 51 [1/1] (0.00ns)   --->   "%w_12_loc_load = load i32 %w_12_loc"   --->   Operation 51 'load' 'w_12_loc_load' <Predicate = true> <Delay = 0.00>
ST_3 : Operation 52 [1/1] (0.00ns)   --->   "%w_11_loc_load = load i32 %w_11_loc"   --->   Operation 52 'load' 'w_11_loc_load' <Predicate = true> <Delay = 0.00>
ST_3 : Operation 53 [1/1] (0.00ns)   --->   "%w_10_loc_load = load i32 %w_10_loc"   --->   Operation 53 'load' 'w_10_loc_load' <Predicate = true> <Delay = 0.00>
ST_3 : Operation 54 [1/1] (0.00ns)   --->   "%w_9_loc_load = load i32 %w_9_loc"   --->   Operation 54 'load' 'w_9_loc_load' <Predicate = true> <Delay = 0.00>
ST_3 : Operation 55 [1/1] (0.00ns)   --->   "%w_8_loc_load = load i32 %w_8_loc"   --->   Operation 55 'load' 'w_8_loc_load' <Predicate = true> <Delay = 0.00>
ST_3 : Operation 56 [1/1] (0.00ns)   --->   "%w_7_loc_load = load i32 %w_7_loc"   --->   Operation 56 'load' 'w_7_loc_load' <Predicate = true> <Delay = 0.00>
ST_3 : Operation 57 [1/1] (0.00ns)   --->   "%w_6_loc_load = load i32 %w_6_loc"   --->   Operation 57 'load' 'w_6_loc_load' <Predicate = true> <Delay = 0.00>
ST_3 : Operation 58 [1/1] (0.00ns)   --->   "%w_5_loc_load = load i32 %w_5_loc"   --->   Operation 58 'load' 'w_5_loc_load' <Predicate = true> <Delay = 0.00>
ST_3 : Operation 59 [1/1] (0.00ns)   --->   "%w_4_loc_load = load i32 %w_4_loc"   --->   Operation 59 'load' 'w_4_loc_load' <Predicate = true> <Delay = 0.00>
ST_3 : Operation 60 [1/1] (0.00ns)   --->   "%w_3_loc_load = load i32 %w_3_loc"   --->   Operation 60 'load' 'w_3_loc_load' <Predicate = true> <Delay = 0.00>
ST_3 : Operation 61 [1/1] (0.00ns)   --->   "%w_2_loc_load = load i32 %w_2_loc"   --->   Operation 61 'load' 'w_2_loc_load' <Predicate = true> <Delay = 0.00>
ST_3 : Operation 62 [1/1] (0.00ns)   --->   "%w_1_loc_load = load i32 %w_1_loc"   --->   Operation 62 'load' 'w_1_loc_load' <Predicate = true> <Delay = 0.00>
ST_3 : Operation 63 [1/1] (0.00ns)   --->   "%w_loc_load = load i32 %w_loc"   --->   Operation 63 'load' 'w_loc_load' <Predicate = true> <Delay = 0.00>
ST_3 : Operation 64 [2/2] (0.42ns)   --->   "%call_ln0 = call void @sha256_compress_words.1_Pipeline_SHA256_ROUNDS, i32 %w_15_loc_load, i32 %w_14_loc_load, i32 %w_13_loc_load, i32 %w_12_loc_load, i32 %w_11_loc_load, i32 %w_10_loc_load, i32 %w_9_loc_load, i32 %w_8_loc_load, i32 %w_7_loc_load, i32 %w_6_loc_load, i32 %w_5_loc_load, i32 %w_4_loc_load, i32 %w_3_loc_load, i32 %w_2_loc_load, i32 %w_1_loc_load, i32 %w_loc_load, i32 %a_2_loc, i32 %b_loc, i32 %c_loc, i32 %d_loc, i32 %e_2_loc, i32 %f_loc, i32 %g_loc, i32 %h_loc, i32 %K"   --->   Operation 64 'call' 'call_ln0' <Predicate = true> <Delay = 0.42> <CoreType = "Generic">   --->   Generic Core

State 4 <SV = 3> <Delay = 0.00>
ST_4 : Operation 65 [1/2] (0.00ns)   --->   "%call_ln0 = call void @sha256_compress_words.1_Pipeline_SHA256_ROUNDS, i32 %w_15_loc_load, i32 %w_14_loc_load, i32 %w_13_loc_load, i32 %w_12_loc_load, i32 %w_11_loc_load, i32 %w_10_loc_load, i32 %w_9_loc_load, i32 %w_8_loc_load, i32 %w_7_loc_load, i32 %w_6_loc_load, i32 %w_5_loc_load, i32 %w_4_loc_load, i32 %w_3_loc_load, i32 %w_2_loc_load, i32 %w_1_loc_load, i32 %w_loc_load, i32 %a_2_loc, i32 %b_loc, i32 %c_loc, i32 %d_loc, i32 %e_2_loc, i32 %f_loc, i32 %g_loc, i32 %h_loc, i32 %K"   --->   Operation 65 'call' 'call_ln0' <Predicate = true> <Delay = 0.00> <CoreType = "Generic">   --->   Generic Core

State 5 <SV = 4> <Delay = 1.01>
ST_5 : Operation 66 [1/1] (0.00ns)   --->   "%a_2_loc_load = load i32 %a_2_loc"   --->   Operation 66 'load' 'a_2_loc_load' <Predicate = true> <Delay = 0.00>
ST_5 : Operation 67 [1/1] (0.00ns)   --->   "%b_loc_load = load i32 %b_loc"   --->   Operation 67 'load' 'b_loc_load' <Predicate = true> <Delay = 0.00>
ST_5 : Operation 68 [1/1] (0.00ns)   --->   "%c_loc_load = load i32 %c_loc"   --->   Operation 68 'load' 'c_loc_load' <Predicate = true> <Delay = 0.00>
ST_5 : Operation 69 [1/1] (0.00ns)   --->   "%d_loc_load = load i32 %d_loc"   --->   Operation 69 'load' 'd_loc_load' <Predicate = true> <Delay = 0.00>
ST_5 : Operation 70 [1/1] (0.00ns)   --->   "%e_2_loc_load = load i32 %e_2_loc"   --->   Operation 70 'load' 'e_2_loc_load' <Predicate = true> <Delay = 0.00>
ST_5 : Operation 71 [1/1] (0.00ns)   --->   "%f_loc_load = load i32 %f_loc"   --->   Operation 71 'load' 'f_loc_load' <Predicate = true> <Delay = 0.00>
ST_5 : Operation 72 [1/1] (0.00ns)   --->   "%g_loc_load = load i32 %g_loc"   --->   Operation 72 'load' 'g_loc_load' <Predicate = true> <Delay = 0.00>
ST_5 : Operation 73 [1/1] (0.00ns)   --->   "%h_loc_load = load i32 %h_loc"   --->   Operation 73 'load' 'h_loc_load' <Predicate = true> <Delay = 0.00>
ST_5 : Operation 74 [1/1] (1.01ns)   --->   "%add_ln198 = add i32 %a_2_loc_load, i32 1779033703" [dylan-hls/mine.cpp:198]   --->   Operation 74 'add' 'add_ln198' <Predicate = true> <Delay = 1.01> <CoreInst = "Adder">   --->   Core 1 'Adder' <Latency = 0> <II = 1> <Delay = 1.01> <FuncUnit> <Opcode : 'add' 'sub'> <InPorts = 2> <OutPorts = 1>
ST_5 : Operation 75 [1/1] (1.01ns)   --->   "%add_ln199 = add i32 %b_loc_load, i32 3144134277" [dylan-hls/mine.cpp:199]   --->   Operation 75 'add' 'add_ln199' <Predicate = true> <Delay = 1.01> <CoreInst = "Adder">   --->   Core 1 'Adder' <Latency = 0> <II = 1> <Delay = 1.01> <FuncUnit> <Opcode : 'add' 'sub'> <InPorts = 2> <OutPorts = 1>
ST_5 : Operation 76 [1/1] (1.01ns)   --->   "%add_ln200 = add i32 %c_loc_load, i32 1013904242" [dylan-hls/mine.cpp:200]   --->   Operation 76 'add' 'add_ln200' <Predicate = true> <Delay = 1.01> <CoreInst = "Adder">   --->   Core 1 'Adder' <Latency = 0> <II = 1> <Delay = 1.01> <FuncUnit> <Opcode : 'add' 'sub'> <InPorts = 2> <OutPorts = 1>
ST_5 : Operation 77 [1/1] (1.01ns)   --->   "%add_ln201 = add i32 %d_loc_load, i32 2773480762" [dylan-hls/mine.cpp:201]   --->   Operation 77 'add' 'add_ln201' <Predicate = true> <Delay = 1.01> <CoreInst = "Adder">   --->   Core 1 'Adder' <Latency = 0> <II = 1> <Delay = 1.01> <FuncUnit> <Opcode : 'add' 'sub'> <InPorts = 2> <OutPorts = 1>
ST_5 : Operation 78 [1/1] (1.01ns)   --->   "%add_ln202 = add i32 %e_2_loc_load, i32 1359893119" [dylan-hls/mine.cpp:202]   --->   Operation 78 'add' 'add_ln202' <Predicate = true> <Delay = 1.01> <CoreInst = "Adder">   --->   Core 1 'Adder' <Latency = 0> <II = 1> <Delay = 1.01> <FuncUnit> <Opcode : 'add' 'sub'> <InPorts = 2> <OutPorts = 1>
ST_5 : Operation 79 [1/1] (1.01ns)   --->   "%add_ln203 = add i32 %f_loc_load, i32 2600822924" [dylan-hls/mine.cpp:203]   --->   Operation 79 'add' 'add_ln203' <Predicate = true> <Delay = 1.01> <CoreInst = "Adder">   --->   Core 1 'Adder' <Latency = 0> <II = 1> <Delay = 1.01> <FuncUnit> <Opcode : 'add' 'sub'> <InPorts = 2> <OutPorts = 1>
ST_5 : Operation 80 [1/1] (1.01ns)   --->   "%add_ln204 = add i32 %g_loc_load, i32 528734635" [dylan-hls/mine.cpp:204]   --->   Operation 80 'add' 'add_ln204' <Predicate = true> <Delay = 1.01> <CoreInst = "Adder">   --->   Core 1 'Adder' <Latency = 0> <II = 1> <Delay = 1.01> <FuncUnit> <Opcode : 'add' 'sub'> <InPorts = 2> <OutPorts = 1>
ST_5 : Operation 81 [1/1] (1.01ns)   --->   "%add_ln205 = add i32 %h_loc_load, i32 1541459225" [dylan-hls/mine.cpp:205]   --->   Operation 81 'add' 'add_ln205' <Predicate = true> <Delay = 1.01> <CoreInst = "Adder">   --->   Core 1 'Adder' <Latency = 0> <II = 1> <Delay = 1.01> <FuncUnit> <Opcode : 'add' 'sub'> <InPorts = 2> <OutPorts = 1>
ST_5 : Operation 82 [1/1] (0.00ns)   --->   "%mrv = insertvalue i256 <undef>, i32 %add_ln198" [dylan-hls/mine.cpp:206]   --->   Operation 82 'insertvalue' 'mrv' <Predicate = true> <Delay = 0.00>
ST_5 : Operation 83 [1/1] (0.00ns)   --->   "%mrv_1 = insertvalue i256 %mrv, i32 %add_ln199" [dylan-hls/mine.cpp:206]   --->   Operation 83 'insertvalue' 'mrv_1' <Predicate = true> <Delay = 0.00>
ST_5 : Operation 84 [1/1] (0.00ns)   --->   "%mrv_2 = insertvalue i256 %mrv_1, i32 %add_ln200" [dylan-hls/mine.cpp:206]   --->   Operation 84 'insertvalue' 'mrv_2' <Predicate = true> <Delay = 0.00>
ST_5 : Operation 85 [1/1] (0.00ns)   --->   "%mrv_3 = insertvalue i256 %mrv_2, i32 %add_ln201" [dylan-hls/mine.cpp:206]   --->   Operation 85 'insertvalue' 'mrv_3' <Predicate = true> <Delay = 0.00>
ST_5 : Operation 86 [1/1] (0.00ns)   --->   "%mrv_4 = insertvalue i256 %mrv_3, i32 %add_ln202" [dylan-hls/mine.cpp:206]   --->   Operation 86 'insertvalue' 'mrv_4' <Predicate = true> <Delay = 0.00>
ST_5 : Operation 87 [1/1] (0.00ns)   --->   "%mrv_5 = insertvalue i256 %mrv_4, i32 %add_ln203" [dylan-hls/mine.cpp:206]   --->   Operation 87 'insertvalue' 'mrv_5' <Predicate = true> <Delay = 0.00>
ST_5 : Operation 88 [1/1] (0.00ns)   --->   "%mrv_6 = insertvalue i256 %mrv_5, i32 %add_ln204" [dylan-hls/mine.cpp:206]   --->   Operation 88 'insertvalue' 'mrv_6' <Predicate = true> <Delay = 0.00>
ST_5 : Operation 89 [1/1] (0.00ns)   --->   "%mrv_7 = insertvalue i256 %mrv_6, i32 %add_ln205" [dylan-hls/mine.cpp:206]   --->   Operation 89 'insertvalue' 'mrv_7' <Predicate = true> <Delay = 0.00>
ST_5 : Operation 90 [1/1] (0.00ns)   --->   "%ret_ln206 = ret i256 %mrv_7" [dylan-hls/mine.cpp:206]   --->   Operation 90 'ret' 'ret_ln206' <Predicate = true> <Delay = 0.00>


============================================================
+ Verbose Summary: Timing violations
============================================================
Target clock period: 5.000ns, clock uncertainty: 1.350ns.

 <State 1>: 0.489ns
The critical path consists of the following:
	wire read operation ('block_words_15_val_read') on port 'block_words_15_val' [18]  (0.000 ns)
	'call' operation ('call_ln0') to 'sha256_compress_words.1_Pipeline_LOAD_INITIAL_WORDS' [58]  (0.489 ns)

 <State 2>: 1.643ns
The critical path consists of the following:
	'call' operation ('call_ln0') to 'sha256_compress_words.1_Pipeline_LOAD_INITIAL_WORDS' [58]  (1.643 ns)

 <State 3>: 0.427ns
The critical path consists of the following:
	'load' operation 32 bit ('w_15_loc_load') on local variable 'w_15_loc' [59]  (0.000 ns)
	'call' operation ('call_ln0') to 'sha256_compress_words.1_Pipeline_SHA256_ROUNDS' [75]  (0.427 ns)

 <State 4>: 0.000ns
The critical path consists of the following:

 <State 5>: 1.016ns
The critical path consists of the following:
	'load' operation 32 bit ('a_2_loc_load') on local variable 'a_2_loc' [76]  (0.000 ns)
	'add' operation 32 bit ('state', dylan-hls/mine.cpp:198) [84]  (1.016 ns)


============================================================
+ Verbose Summary: Binding
============================================================
N/A
* FSMD analyzer results:
  - Output states:
 - Input state : 
  - Chain level:
	State 1
	State 2
	State 3
	State 4
	State 5


============================================================
+ Verbose Summary: Datapath Resource usage 
============================================================
N/A
