

================================================================
== Vitis HLS Report for 'sha256_compress_words_1_Pipeline_SHA256_ROUNDS'
================================================================
* Date:           Mon Aug  3 02:09:58 2026

* Version:        2025.2 (Build 6295257 on Nov 14 2025)
* Project:        mine
* Solution:       hls (Vitis Kernel Flow Target)
* Product family: zynquplus
* Target device:  xck26-sfvc784-2LV-c


================================================================
== Performance Estimates
================================================================
+ Timing: 
    * Summary: 
    +--------+---------+----------+------------+
    |  Clock |  Target | Estimated| Uncertainty|
    +--------+---------+----------+------------+
    |ap_clk  |  5.00 ns|  3.411 ns|     1.35 ns|
    +--------+---------+----------+------------+

+ Latency: 
    * Summary: 
    +---------+---------+----------+----------+-----+-----+-------------------+
    |  Latency (cycles) |  Latency (absolute) |  Interval |      Pipeline     |
    |   min   |   max   |    min   |    max   | min | max |        Type       |
    +---------+---------+----------+----------+-----+-----+-------------------+
    |       67|       67|  0.335 us|  0.335 us|    0|    0|  loop pipeline stp|
    +---------+---------+----------+----------+-----+-----+-------------------+

    + Detail: 
        * Instance: 
        N/A

        * Loop: 
        +-----------------+---------+---------+----------+-----------+-----------+------+----------+
        |                 |  Latency (cycles) | Iteration|  Initiation Interval  | Trip |          |
        |    Loop Name    |   min   |   max   |  Latency |  achieved |   target  | Count| Pipelined|
        +-----------------+---------+---------+----------+-----------+-----------+------+----------+
        |- SHA256_ROUNDS  |       65|       65|         2|          1|          1|    64|       yes|
        +-----------------+---------+---------+----------+-----------+-----------+------+----------+

============================================================
+ Verbose Summary: Synthesis Manager
============================================================
InlineROM: 1
ExposeGlobal: 0
============================================================
+ Verbose Summary: CDFG Model
============================================================
IsTopModel: 0
ResetActiveHigh: 1
IsCombinational: 0
IsDatapathOnly: 0
HasWiredReturn: 1
HasMFsm: 2
HasVarLatency: 1
IsPipeline: 0
IsRtlPipelined: 0
IsInstanceOverlapped: 0
IsDontTouch: 0
HasImplIP: 0
IsGatedGlobalClock: 0

+ Individual pipeline summary: 
  * Pipeline-0: initiation interval (II) = 1, depth = 3


============================================================
+ Verbose Summary: Schedule
============================================================
* Number of FSM states : 3
* Pipeline : 1
  Pipeline-0 : II = 1, D = 3, States = { 1 2 3 }
* Dataflow Pipeline: 0

* FSM state transitions: 
1 --> 2 
2 --> 3 
3 --> 

* FSM state operations: 

State 1 <SV = 0> <Delay = 0.42>
ST_1 : Operation 5 [1/1] (0.00ns)   --->   "%h = alloca i32 1" [dylan-hls/mine.cpp:130]   --->   Operation 5 'alloca' 'h' <Predicate = true> <Delay = 0.00>
ST_1 : Operation 6 [1/1] (0.00ns)   --->   "%d = alloca i32 1" [dylan-hls/mine.cpp:126]   --->   Operation 6 'alloca' 'd' <Predicate = true> <Delay = 0.00>
ST_1 : Operation 7 [1/1] (0.00ns)   --->   "%i_1 = alloca i32 1" [dylan-hls/mine.cpp:133]   --->   Operation 7 'alloca' 'i_1' <Predicate = true> <Delay = 0.00>
ST_1 : Operation 8 [1/1] (0.00ns)   --->   "%w = alloca i32 1" [dylan-hls/mine.cpp:114]   --->   Operation 8 'alloca' 'w' <Predicate = true> <Delay = 0.00>
ST_1 : Operation 9 [1/1] (0.00ns)   --->   "%w_33 = alloca i32 1" [dylan-hls/mine.cpp:114]   --->   Operation 9 'alloca' 'w_33' <Predicate = true> <Delay = 0.00>
ST_1 : Operation 10 [1/1] (0.00ns)   --->   "%w_34 = alloca i32 1" [dylan-hls/mine.cpp:114]   --->   Operation 10 'alloca' 'w_34' <Predicate = true> <Delay = 0.00>
ST_1 : Operation 11 [1/1] (0.00ns)   --->   "%w_35 = alloca i32 1" [dylan-hls/mine.cpp:114]   --->   Operation 11 'alloca' 'w_35' <Predicate = true> <Delay = 0.00>
ST_1 : Operation 12 [1/1] (0.00ns)   --->   "%w_36 = alloca i32 1" [dylan-hls/mine.cpp:114]   --->   Operation 12 'alloca' 'w_36' <Predicate = true> <Delay = 0.00>
ST_1 : Operation 13 [1/1] (0.00ns)   --->   "%w_37 = alloca i32 1" [dylan-hls/mine.cpp:114]   --->   Operation 13 'alloca' 'w_37' <Predicate = true> <Delay = 0.00>
ST_1 : Operation 14 [1/1] (0.00ns)   --->   "%w_38 = alloca i32 1" [dylan-hls/mine.cpp:114]   --->   Operation 14 'alloca' 'w_38' <Predicate = true> <Delay = 0.00>
ST_1 : Operation 15 [1/1] (0.00ns)   --->   "%w_39 = alloca i32 1" [dylan-hls/mine.cpp:114]   --->   Operation 15 'alloca' 'w_39' <Predicate = true> <Delay = 0.00>
ST_1 : Operation 16 [1/1] (0.00ns)   --->   "%w_40 = alloca i32 1" [dylan-hls/mine.cpp:114]   --->   Operation 16 'alloca' 'w_40' <Predicate = true> <Delay = 0.00>
ST_1 : Operation 17 [1/1] (0.00ns)   --->   "%w_41 = alloca i32 1" [dylan-hls/mine.cpp:114]   --->   Operation 17 'alloca' 'w_41' <Predicate = true> <Delay = 0.00>
ST_1 : Operation 18 [1/1] (0.00ns)   --->   "%w_42 = alloca i32 1" [dylan-hls/mine.cpp:114]   --->   Operation 18 'alloca' 'w_42' <Predicate = true> <Delay = 0.00>
ST_1 : Operation 19 [1/1] (0.00ns)   --->   "%w_43 = alloca i32 1" [dylan-hls/mine.cpp:114]   --->   Operation 19 'alloca' 'w_43' <Predicate = true> <Delay = 0.00>
ST_1 : Operation 20 [1/1] (0.00ns)   --->   "%w_44 = alloca i32 1" [dylan-hls/mine.cpp:114]   --->   Operation 20 'alloca' 'w_44' <Predicate = true> <Delay = 0.00>
ST_1 : Operation 21 [1/1] (0.00ns)   --->   "%w_45 = alloca i32 1" [dylan-hls/mine.cpp:114]   --->   Operation 21 'alloca' 'w_45' <Predicate = true> <Delay = 0.00>
ST_1 : Operation 22 [1/1] (0.00ns)   --->   "%w_46 = alloca i32 1" [dylan-hls/mine.cpp:114]   --->   Operation 22 'alloca' 'w_46' <Predicate = true> <Delay = 0.00>
ST_1 : Operation 23 [1/1] (0.00ns)   --->   "%w_47 = alloca i32 1" [dylan-hls/mine.cpp:114]   --->   Operation 23 'alloca' 'w_47' <Predicate = true> <Delay = 0.00>
ST_1 : Operation 24 [1/1] (0.00ns)   --->   "%h_3 = alloca i32 1" [dylan-hls/mine.cpp:130]   --->   Operation 24 'alloca' 'h_3' <Predicate = true> <Delay = 0.00>
ST_1 : Operation 25 [1/1] (0.00ns)   --->   "%g = alloca i32 1" [dylan-hls/mine.cpp:129]   --->   Operation 25 'alloca' 'g' <Predicate = true> <Delay = 0.00>
ST_1 : Operation 26 [1/1] (0.00ns)   --->   "%f = alloca i32 1" [dylan-hls/mine.cpp:128]   --->   Operation 26 'alloca' 'f' <Predicate = true> <Delay = 0.00>
ST_1 : Operation 27 [1/1] (0.00ns)   --->   "%d_3 = alloca i32 1" [dylan-hls/mine.cpp:126]   --->   Operation 27 'alloca' 'd_3' <Predicate = true> <Delay = 0.00>
ST_1 : Operation 28 [1/1] (0.00ns)   --->   "%c = alloca i32 1" [dylan-hls/mine.cpp:125]   --->   Operation 28 'alloca' 'c' <Predicate = true> <Delay = 0.00>
ST_1 : Operation 29 [1/1] (0.00ns)   --->   "%b = alloca i32 1" [dylan-hls/mine.cpp:124]   --->   Operation 29 'alloca' 'b' <Predicate = true> <Delay = 0.00>
ST_1 : Operation 30 [1/1] (0.00ns)   --->   "%w_reload_read = read i32 @_ssdm_op_Read.ap_auto.i32, i32 %w_reload"   --->   Operation 30 'read' 'w_reload_read' <Predicate = true> <Delay = 0.00>
ST_1 : Operation 31 [1/1] (0.00ns)   --->   "%w_1_reload_read = read i32 @_ssdm_op_Read.ap_auto.i32, i32 %w_1_reload"   --->   Operation 31 'read' 'w_1_reload_read' <Predicate = true> <Delay = 0.00>
ST_1 : Operation 32 [1/1] (0.00ns)   --->   "%w_2_reload_read = read i32 @_ssdm_op_Read.ap_auto.i32, i32 %w_2_reload"   --->   Operation 32 'read' 'w_2_reload_read' <Predicate = true> <Delay = 0.00>
ST_1 : Operation 33 [1/1] (0.00ns)   --->   "%w_3_reload_read = read i32 @_ssdm_op_Read.ap_auto.i32, i32 %w_3_reload"   --->   Operation 33 'read' 'w_3_reload_read' <Predicate = true> <Delay = 0.00>
ST_1 : Operation 34 [1/1] (0.00ns)   --->   "%w_4_reload_read = read i32 @_ssdm_op_Read.ap_auto.i32, i32 %w_4_reload"   --->   Operation 34 'read' 'w_4_reload_read' <Predicate = true> <Delay = 0.00>
ST_1 : Operation 35 [1/1] (0.00ns)   --->   "%w_5_reload_read = read i32 @_ssdm_op_Read.ap_auto.i32, i32 %w_5_reload"   --->   Operation 35 'read' 'w_5_reload_read' <Predicate = true> <Delay = 0.00>
ST_1 : Operation 36 [1/1] (0.00ns)   --->   "%w_6_reload_read = read i32 @_ssdm_op_Read.ap_auto.i32, i32 %w_6_reload"   --->   Operation 36 'read' 'w_6_reload_read' <Predicate = true> <Delay = 0.00>
ST_1 : Operation 37 [1/1] (0.00ns)   --->   "%w_7_reload_read = read i32 @_ssdm_op_Read.ap_auto.i32, i32 %w_7_reload"   --->   Operation 37 'read' 'w_7_reload_read' <Predicate = true> <Delay = 0.00>
ST_1 : Operation 38 [1/1] (0.00ns)   --->   "%w_8_reload_read = read i32 @_ssdm_op_Read.ap_auto.i32, i32 %w_8_reload"   --->   Operation 38 'read' 'w_8_reload_read' <Predicate = true> <Delay = 0.00>
ST_1 : Operation 39 [1/1] (0.00ns)   --->   "%w_9_reload_read = read i32 @_ssdm_op_Read.ap_auto.i32, i32 %w_9_reload"   --->   Operation 39 'read' 'w_9_reload_read' <Predicate = true> <Delay = 0.00>
ST_1 : Operation 40 [1/1] (0.00ns)   --->   "%w_10_reload_read = read i32 @_ssdm_op_Read.ap_auto.i32, i32 %w_10_reload"   --->   Operation 40 'read' 'w_10_reload_read' <Predicate = true> <Delay = 0.00>
ST_1 : Operation 41 [1/1] (0.00ns)   --->   "%w_11_reload_read = read i32 @_ssdm_op_Read.ap_auto.i32, i32 %w_11_reload"   --->   Operation 41 'read' 'w_11_reload_read' <Predicate = true> <Delay = 0.00>
ST_1 : Operation 42 [1/1] (0.00ns)   --->   "%w_12_reload_read = read i32 @_ssdm_op_Read.ap_auto.i32, i32 %w_12_reload"   --->   Operation 42 'read' 'w_12_reload_read' <Predicate = true> <Delay = 0.00>
ST_1 : Operation 43 [1/1] (0.00ns)   --->   "%w_13_reload_read = read i32 @_ssdm_op_Read.ap_auto.i32, i32 %w_13_reload"   --->   Operation 43 'read' 'w_13_reload_read' <Predicate = true> <Delay = 0.00>
ST_1 : Operation 44 [1/1] (0.00ns)   --->   "%w_14_reload_read = read i32 @_ssdm_op_Read.ap_auto.i32, i32 %w_14_reload"   --->   Operation 44 'read' 'w_14_reload_read' <Predicate = true> <Delay = 0.00>
ST_1 : Operation 45 [1/1] (0.00ns)   --->   "%w_15_reload_read = read i32 @_ssdm_op_Read.ap_auto.i32, i32 %w_15_reload"   --->   Operation 45 'read' 'w_15_reload_read' <Predicate = true> <Delay = 0.00>
ST_1 : Operation 46 [1/1] (0.42ns)   --->   "%store_ln124 = store i32 1779033703, i32 %b" [dylan-hls/mine.cpp:124]   --->   Operation 46 'store' 'store_ln124' <Predicate = true> <Delay = 0.42>
ST_1 : Operation 47 [1/1] (0.42ns)   --->   "%store_ln125 = store i32 3144134277, i32 %c" [dylan-hls/mine.cpp:125]   --->   Operation 47 'store' 'store_ln125' <Predicate = true> <Delay = 0.42>
ST_1 : Operation 48 [1/1] (0.42ns)   --->   "%store_ln126 = store i32 1013904242, i32 %d_3" [dylan-hls/mine.cpp:126]   --->   Operation 48 'store' 'store_ln126' <Predicate = true> <Delay = 0.42>
ST_1 : Operation 49 [1/1] (0.42ns)   --->   "%store_ln128 = store i32 1359893119, i32 %f" [dylan-hls/mine.cpp:128]   --->   Operation 49 'store' 'store_ln128' <Predicate = true> <Delay = 0.42>
ST_1 : Operation 50 [1/1] (0.42ns)   --->   "%store_ln129 = store i32 2600822924, i32 %g" [dylan-hls/mine.cpp:129]   --->   Operation 50 'store' 'store_ln129' <Predicate = true> <Delay = 0.42>
ST_1 : Operation 51 [1/1] (0.42ns)   --->   "%store_ln130 = store i32 528734635, i32 %h_3" [dylan-hls/mine.cpp:130]   --->   Operation 51 'store' 'store_ln130' <Predicate = true> <Delay = 0.42>
ST_1 : Operation 52 [1/1] (0.42ns)   --->   "%store_ln114 = store i32 %w_15_reload_read, i32 %w_47" [dylan-hls/mine.cpp:114]   --->   Operation 52 'store' 'store_ln114' <Predicate = true> <Delay = 0.42>
ST_1 : Operation 53 [1/1] (0.42ns)   --->   "%store_ln114 = store i32 %w_14_reload_read, i32 %w_46" [dylan-hls/mine.cpp:114]   --->   Operation 53 'store' 'store_ln114' <Predicate = true> <Delay = 0.42>
ST_1 : Operation 54 [1/1] (0.42ns)   --->   "%store_ln114 = store i32 %w_13_reload_read, i32 %w_45" [dylan-hls/mine.cpp:114]   --->   Operation 54 'store' 'store_ln114' <Predicate = true> <Delay = 0.42>
ST_1 : Operation 55 [1/1] (0.42ns)   --->   "%store_ln114 = store i32 %w_12_reload_read, i32 %w_44" [dylan-hls/mine.cpp:114]   --->   Operation 55 'store' 'store_ln114' <Predicate = true> <Delay = 0.42>
ST_1 : Operation 56 [1/1] (0.42ns)   --->   "%store_ln114 = store i32 %w_11_reload_read, i32 %w_43" [dylan-hls/mine.cpp:114]   --->   Operation 56 'store' 'store_ln114' <Predicate = true> <Delay = 0.42>
ST_1 : Operation 57 [1/1] (0.42ns)   --->   "%store_ln114 = store i32 %w_10_reload_read, i32 %w_42" [dylan-hls/mine.cpp:114]   --->   Operation 57 'store' 'store_ln114' <Predicate = true> <Delay = 0.42>
ST_1 : Operation 58 [1/1] (0.42ns)   --->   "%store_ln114 = store i32 %w_9_reload_read, i32 %w_41" [dylan-hls/mine.cpp:114]   --->   Operation 58 'store' 'store_ln114' <Predicate = true> <Delay = 0.42>
ST_1 : Operation 59 [1/1] (0.42ns)   --->   "%store_ln114 = store i32 %w_8_reload_read, i32 %w_40" [dylan-hls/mine.cpp:114]   --->   Operation 59 'store' 'store_ln114' <Predicate = true> <Delay = 0.42>
ST_1 : Operation 60 [1/1] (0.42ns)   --->   "%store_ln114 = store i32 %w_7_reload_read, i32 %w_39" [dylan-hls/mine.cpp:114]   --->   Operation 60 'store' 'store_ln114' <Predicate = true> <Delay = 0.42>
ST_1 : Operation 61 [1/1] (0.42ns)   --->   "%store_ln114 = store i32 %w_6_reload_read, i32 %w_38" [dylan-hls/mine.cpp:114]   --->   Operation 61 'store' 'store_ln114' <Predicate = true> <Delay = 0.42>
ST_1 : Operation 62 [1/1] (0.42ns)   --->   "%store_ln114 = store i32 %w_5_reload_read, i32 %w_37" [dylan-hls/mine.cpp:114]   --->   Operation 62 'store' 'store_ln114' <Predicate = true> <Delay = 0.42>
ST_1 : Operation 63 [1/1] (0.42ns)   --->   "%store_ln114 = store i32 %w_4_reload_read, i32 %w_36" [dylan-hls/mine.cpp:114]   --->   Operation 63 'store' 'store_ln114' <Predicate = true> <Delay = 0.42>
ST_1 : Operation 64 [1/1] (0.42ns)   --->   "%store_ln114 = store i32 %w_3_reload_read, i32 %w_35" [dylan-hls/mine.cpp:114]   --->   Operation 64 'store' 'store_ln114' <Predicate = true> <Delay = 0.42>
ST_1 : Operation 65 [1/1] (0.42ns)   --->   "%store_ln114 = store i32 %w_2_reload_read, i32 %w_34" [dylan-hls/mine.cpp:114]   --->   Operation 65 'store' 'store_ln114' <Predicate = true> <Delay = 0.42>
ST_1 : Operation 66 [1/1] (0.42ns)   --->   "%store_ln114 = store i32 %w_1_reload_read, i32 %w_33" [dylan-hls/mine.cpp:114]   --->   Operation 66 'store' 'store_ln114' <Predicate = true> <Delay = 0.42>
ST_1 : Operation 67 [1/1] (0.42ns)   --->   "%store_ln114 = store i32 %w_reload_read, i32 %w" [dylan-hls/mine.cpp:114]   --->   Operation 67 'store' 'store_ln114' <Predicate = true> <Delay = 0.42>
ST_1 : Operation 68 [1/1] (0.42ns)   --->   "%store_ln133 = store i7 0, i7 %i_1" [dylan-hls/mine.cpp:133]   --->   Operation 68 'store' 'store_ln133' <Predicate = true> <Delay = 0.42>
ST_1 : Operation 69 [1/1] (0.42ns)   --->   "%store_ln126 = store i32 2773480762, i32 %d" [dylan-hls/mine.cpp:126]   --->   Operation 69 'store' 'store_ln126' <Predicate = true> <Delay = 0.42>
ST_1 : Operation 70 [1/1] (0.42ns)   --->   "%store_ln130 = store i32 1541459225, i32 %h" [dylan-hls/mine.cpp:130]   --->   Operation 70 'store' 'store_ln130' <Predicate = true> <Delay = 0.42>
ST_1 : Operation 71 [1/1] (0.00ns)   --->   "%br_ln0 = br void %for.body15"   --->   Operation 71 'br' 'br_ln0' <Predicate = true> <Delay = 0.00>

State 2 <SV = 1> <Delay = 2.66>
ST_2 : Operation 72 [1/1] (0.00ns)   --->   "%i = load i7 %i_1" [dylan-hls/mine.cpp:133]   --->   Operation 72 'load' 'i' <Predicate = true> <Delay = 0.00>
ST_2 : Operation 73 [1/1] (0.77ns)   --->   "%icmp_ln133 = icmp_eq  i7 %i, i7 64" [dylan-hls/mine.cpp:133]   --->   Operation 73 'icmp' 'icmp_ln133' <Predicate = true> <Delay = 0.77> <CoreInst = "Cmp">   --->   Core 9 'Cmp' <Latency = 0> <II = 1> <Delay = 0.77> <FuncUnit> <Opcode : 'seteq' 'setne' 'setle' 'setge' 'setlt' 'setgt'> <InPorts = 2> <OutPorts = 1>
ST_2 : Operation 74 [1/1] (0.77ns)   --->   "%add_ln133 = add i7 %i, i7 1" [dylan-hls/mine.cpp:133]   --->   Operation 74 'add' 'add_ln133' <Predicate = true> <Delay = 0.77> <CoreInst = "Adder">   --->   Core 1 'Adder' <Latency = 0> <II = 1> <Delay = 0.77> <FuncUnit> <Opcode : 'add' 'sub'> <InPorts = 2> <OutPorts = 1>
ST_2 : Operation 75 [1/1] (0.00ns)   --->   "%br_ln133 = br i1 %icmp_ln133, void %for.body15.split, void %for.end72.exitStub" [dylan-hls/mine.cpp:133]   --->   Operation 75 'br' 'br_ln133' <Predicate = true> <Delay = 0.00>
ST_2 : Operation 76 [1/1] (0.00ns)   --->   "%zext_ln133 = zext i7 %i" [dylan-hls/mine.cpp:133]   --->   Operation 76 'zext' 'zext_ln133' <Predicate = (!icmp_ln133)> <Delay = 0.00>
ST_2 : Operation 77 [1/1] (0.00ns)   --->   "%trunc_ln133 = trunc i7 %i" [dylan-hls/mine.cpp:133]   --->   Operation 77 'trunc' 'trunc_ln133' <Predicate = (!icmp_ln133)> <Delay = 0.00>
ST_2 : Operation 78 [1/1] (0.00ns)   --->   "%specpipeline_ln134 = specpipeline void @_ssdm_op_SpecPipeline, i32 1, i32 0, i32 0, i32 0, i32 4294967295, void @empty" [dylan-hls/mine.cpp:134]   --->   Operation 78 'specpipeline' 'specpipeline_ln134' <Predicate = (!icmp_ln133)> <Delay = 0.00>
ST_2 : Operation 79 [1/1] (0.00ns)   --->   "%speclooptripcount_ln114 = speclooptripcount void @_ssdm_op_SpecLoopTripCount, i64 64, i64 64, i64 64" [dylan-hls/mine.cpp:114]   --->   Operation 79 'speclooptripcount' 'speclooptripcount_ln114' <Predicate = (!icmp_ln133)> <Delay = 0.00>
ST_2 : Operation 80 [1/1] (0.00ns)   --->   "%specloopname_ln133 = specloopname void @_ssdm_op_SpecLoopName, void @empty_23" [dylan-hls/mine.cpp:133]   --->   Operation 80 'specloopname' 'specloopname_ln133' <Predicate = (!icmp_ln133)> <Delay = 0.00>
ST_2 : Operation 81 [1/1] (0.00ns)   --->   "%tmp_2 = partselect i3 @_ssdm_op_PartSelect.i3.i7.i32.i32, i7 %i, i32 4, i32 6" [dylan-hls/mine.cpp:138]   --->   Operation 81 'partselect' 'tmp_2' <Predicate = (!icmp_ln133)> <Delay = 0.00>
ST_2 : Operation 82 [1/1] (0.67ns)   --->   "%icmp_ln138 = icmp_eq  i3 %tmp_2, i3 0" [dylan-hls/mine.cpp:138]   --->   Operation 82 'icmp' 'icmp_ln138' <Predicate = (!icmp_ln133)> <Delay = 0.67> <CoreInst = "Cmp">   --->   Core 9 'Cmp' <Latency = 0> <II = 1> <Delay = 0.67> <FuncUnit> <Opcode : 'seteq' 'setne' 'setle' 'setge' 'setlt' 'setgt'> <InPorts = 2> <OutPorts = 1>
ST_2 : Operation 83 [1/1] (0.00ns)   --->   "%w_load = load i32 %w" [dylan-hls/mine.cpp:139]   --->   Operation 83 'load' 'w_load' <Predicate = (!icmp_ln133)> <Delay = 0.00>
ST_2 : Operation 84 [1/1] (0.00ns)   --->   "%w_33_load = load i32 %w_33" [dylan-hls/mine.cpp:139]   --->   Operation 84 'load' 'w_33_load' <Predicate = (!icmp_ln133)> <Delay = 0.00>
ST_2 : Operation 85 [1/1] (0.00ns)   --->   "%w_34_load = load i32 %w_34" [dylan-hls/mine.cpp:139]   --->   Operation 85 'load' 'w_34_load' <Predicate = (!icmp_ln133)> <Delay = 0.00>
ST_2 : Operation 86 [1/1] (0.00ns)   --->   "%w_35_load = load i32 %w_35" [dylan-hls/mine.cpp:139]   --->   Operation 86 'load' 'w_35_load' <Predicate = (!icmp_ln133)> <Delay = 0.00>
ST_2 : Operation 87 [1/1] (0.00ns)   --->   "%w_36_load = load i32 %w_36" [dylan-hls/mine.cpp:139]   --->   Operation 87 'load' 'w_36_load' <Predicate = (!icmp_ln133)> <Delay = 0.00>
ST_2 : Operation 88 [1/1] (0.00ns)   --->   "%w_37_load = load i32 %w_37" [dylan-hls/mine.cpp:139]   --->   Operation 88 'load' 'w_37_load' <Predicate = (!icmp_ln133)> <Delay = 0.00>
ST_2 : Operation 89 [1/1] (0.00ns)   --->   "%w_38_load = load i32 %w_38" [dylan-hls/mine.cpp:139]   --->   Operation 89 'load' 'w_38_load' <Predicate = (!icmp_ln133)> <Delay = 0.00>
ST_2 : Operation 90 [1/1] (0.00ns)   --->   "%w_39_load = load i32 %w_39" [dylan-hls/mine.cpp:139]   --->   Operation 90 'load' 'w_39_load' <Predicate = (!icmp_ln133)> <Delay = 0.00>
ST_2 : Operation 91 [1/1] (0.00ns)   --->   "%w_40_load = load i32 %w_40" [dylan-hls/mine.cpp:139]   --->   Operation 91 'load' 'w_40_load' <Predicate = (!icmp_ln133)> <Delay = 0.00>
ST_2 : Operation 92 [1/1] (0.00ns)   --->   "%w_41_load = load i32 %w_41" [dylan-hls/mine.cpp:139]   --->   Operation 92 'load' 'w_41_load' <Predicate = (!icmp_ln133)> <Delay = 0.00>
ST_2 : Operation 93 [1/1] (0.00ns)   --->   "%w_42_load = load i32 %w_42" [dylan-hls/mine.cpp:139]   --->   Operation 93 'load' 'w_42_load' <Predicate = (!icmp_ln133)> <Delay = 0.00>
ST_2 : Operation 94 [1/1] (0.00ns)   --->   "%w_43_load = load i32 %w_43" [dylan-hls/mine.cpp:139]   --->   Operation 94 'load' 'w_43_load' <Predicate = (!icmp_ln133)> <Delay = 0.00>
ST_2 : Operation 95 [1/1] (0.00ns)   --->   "%w_44_load = load i32 %w_44" [dylan-hls/mine.cpp:139]   --->   Operation 95 'load' 'w_44_load' <Predicate = (!icmp_ln133)> <Delay = 0.00>
ST_2 : Operation 96 [1/1] (0.00ns)   --->   "%w_45_load = load i32 %w_45" [dylan-hls/mine.cpp:139]   --->   Operation 96 'load' 'w_45_load' <Predicate = (!icmp_ln133)> <Delay = 0.00>
ST_2 : Operation 97 [1/1] (0.00ns)   --->   "%w_46_load = load i32 %w_46" [dylan-hls/mine.cpp:139]   --->   Operation 97 'load' 'w_46_load' <Predicate = (!icmp_ln133)> <Delay = 0.00>
ST_2 : Operation 98 [1/1] (0.00ns)   --->   "%w_47_load = load i32 %w_47" [dylan-hls/mine.cpp:139]   --->   Operation 98 'load' 'w_47_load' <Predicate = (!icmp_ln133)> <Delay = 0.00>
ST_2 : Operation 99 [1/1] (0.00ns)   --->   "%br_ln138 = br i1 %icmp_ln138, void %if.else, void %if.then" [dylan-hls/mine.cpp:138]   --->   Operation 99 'br' 'br_ln138' <Predicate = (!icmp_ln133)> <Delay = 0.00>
ST_2 : Operation 100 [1/1] (0.48ns)   --->   "%x15 = sparsemux i32 @_ssdm_op_SparseMux.ap_auto.16i32.i32.i4, i4 15, i32 %w_load, i4 0, i32 %w_33_load, i4 1, i32 %w_34_load, i4 2, i32 %w_35_load, i4 3, i32 %w_36_load, i4 4, i32 %w_37_load, i4 5, i32 %w_38_load, i4 6, i32 %w_39_load, i4 7, i32 %w_40_load, i4 8, i32 %w_41_load, i4 9, i32 %w_42_load, i4 10, i32 %w_43_load, i4 11, i32 %w_44_load, i4 12, i32 %w_45_load, i4 13, i32 %w_46_load, i4 14, i32 %w_47_load, i32 0, i4 %trunc_ln133" [dylan-hls/mine.cpp:143]   --->   Operation 100 'sparsemux' 'x15' <Predicate = (!icmp_ln133 & !icmp_ln138)> <Delay = 0.48> <CoreInst = "BinarySparseMux_DontCare">   --->   Core 149 'BinarySparseMux_DontCare' <Latency = 0> <II = 1> <Delay = 0.48> <FuncUnit> <Opcode : 'sparsemux'> <InPorts = 2> <OutPorts = 1>
ST_2 : Operation 101 [1/1] (0.48ns)   --->   "%x2 = sparsemux i32 @_ssdm_op_SparseMux.ap_auto.16i32.i32.i4, i4 2, i32 %w_load, i4 3, i32 %w_33_load, i4 4, i32 %w_34_load, i4 5, i32 %w_35_load, i4 6, i32 %w_36_load, i4 7, i32 %w_37_load, i4 8, i32 %w_38_load, i4 9, i32 %w_39_load, i4 10, i32 %w_40_load, i4 11, i32 %w_41_load, i4 12, i32 %w_42_load, i4 13, i32 %w_43_load, i4 14, i32 %w_44_load, i4 15, i32 %w_45_load, i4 0, i32 %w_46_load, i4 1, i32 %w_47_load, i32 0, i4 %trunc_ln133" [dylan-hls/mine.cpp:144]   --->   Operation 101 'sparsemux' 'x2' <Predicate = (!icmp_ln133 & !icmp_ln138)> <Delay = 0.48> <CoreInst = "BinarySparseMux_DontCare">   --->   Core 149 'BinarySparseMux_DontCare' <Latency = 0> <II = 1> <Delay = 0.48> <FuncUnit> <Opcode : 'sparsemux'> <InPorts = 2> <OutPorts = 1>
ST_2 : Operation 102 [1/1] (0.00ns) (grouped into LUT with out node add_ln159)   --->   "%lshr_ln = partselect i25 @_ssdm_op_PartSelect.i25.i32.i32.i32, i32 %x15, i32 7, i32 31" [dylan-hls/mine.cpp:33->dylan-hls/mine.cpp:147]   --->   Operation 102 'partselect' 'lshr_ln' <Predicate = (!icmp_ln133 & !icmp_ln138)> <Delay = 0.00>
ST_2 : Operation 103 [1/1] (0.00ns) (grouped into LUT with out node add_ln159)   --->   "%trunc_ln33 = trunc i32 %x15" [dylan-hls/mine.cpp:33->dylan-hls/mine.cpp:147]   --->   Operation 103 'trunc' 'trunc_ln33' <Predicate = (!icmp_ln133 & !icmp_ln138)> <Delay = 0.00>
ST_2 : Operation 104 [1/1] (0.00ns) (grouped into LUT with out node add_ln159)   --->   "%lshr_ln33_1 = partselect i14 @_ssdm_op_PartSelect.i14.i32.i32.i32, i32 %x15, i32 18, i32 31" [dylan-hls/mine.cpp:33->dylan-hls/mine.cpp:148]   --->   Operation 104 'partselect' 'lshr_ln33_1' <Predicate = (!icmp_ln133 & !icmp_ln138)> <Delay = 0.00>
ST_2 : Operation 105 [1/1] (0.00ns) (grouped into LUT with out node add_ln159)   --->   "%trunc_ln33_10 = trunc i32 %x15" [dylan-hls/mine.cpp:33->dylan-hls/mine.cpp:148]   --->   Operation 105 'trunc' 'trunc_ln33_10' <Predicate = (!icmp_ln133 & !icmp_ln138)> <Delay = 0.00>
ST_2 : Operation 106 [1/1] (0.00ns) (grouped into LUT with out node add_ln159)   --->   "%lshr_ln1 = partselect i29 @_ssdm_op_PartSelect.i29.i32.i32.i32, i32 %x15, i32 3, i32 31" [dylan-hls/mine.cpp:149]   --->   Operation 106 'partselect' 'lshr_ln1' <Predicate = (!icmp_ln133 & !icmp_ln138)> <Delay = 0.00>
ST_2 : Operation 107 [1/1] (0.00ns) (grouped into LUT with out node add_ln159)   --->   "%zext_ln149 = zext i29 %lshr_ln1" [dylan-hls/mine.cpp:149]   --->   Operation 107 'zext' 'zext_ln149' <Predicate = (!icmp_ln133 & !icmp_ln138)> <Delay = 0.00>
ST_2 : Operation 108 [1/1] (0.00ns) (grouped into LUT with out node xor_ln159_3)   --->   "%lshr_ln33_2 = partselect i15 @_ssdm_op_PartSelect.i15.i32.i32.i32, i32 %x2, i32 17, i32 31" [dylan-hls/mine.cpp:33->dylan-hls/mine.cpp:152]   --->   Operation 108 'partselect' 'lshr_ln33_2' <Predicate = (!icmp_ln133 & !icmp_ln138)> <Delay = 0.00>
ST_2 : Operation 109 [1/1] (0.00ns) (grouped into LUT with out node xor_ln159_3)   --->   "%trunc_ln33_11 = trunc i32 %x2" [dylan-hls/mine.cpp:33->dylan-hls/mine.cpp:152]   --->   Operation 109 'trunc' 'trunc_ln33_11' <Predicate = (!icmp_ln133 & !icmp_ln138)> <Delay = 0.00>
ST_2 : Operation 110 [1/1] (0.00ns) (grouped into LUT with out node xor_ln159_3)   --->   "%lshr_ln33_3 = partselect i13 @_ssdm_op_PartSelect.i13.i32.i32.i32, i32 %x2, i32 19, i32 31" [dylan-hls/mine.cpp:33->dylan-hls/mine.cpp:153]   --->   Operation 110 'partselect' 'lshr_ln33_3' <Predicate = (!icmp_ln133 & !icmp_ln138)> <Delay = 0.00>
ST_2 : Operation 111 [1/1] (0.00ns) (grouped into LUT with out node xor_ln159_3)   --->   "%trunc_ln33_12 = trunc i32 %x2" [dylan-hls/mine.cpp:33->dylan-hls/mine.cpp:153]   --->   Operation 111 'trunc' 'trunc_ln33_12' <Predicate = (!icmp_ln133 & !icmp_ln138)> <Delay = 0.00>
ST_2 : Operation 112 [1/1] (0.00ns) (grouped into LUT with out node xor_ln159_3)   --->   "%lshr_ln2 = partselect i22 @_ssdm_op_PartSelect.i22.i32.i32.i32, i32 %x2, i32 10, i32 31" [dylan-hls/mine.cpp:154]   --->   Operation 112 'partselect' 'lshr_ln2' <Predicate = (!icmp_ln133 & !icmp_ln138)> <Delay = 0.00>
ST_2 : Operation 113 [1/1] (0.00ns) (grouped into LUT with out node xor_ln159_3)   --->   "%zext_ln154 = zext i22 %lshr_ln2" [dylan-hls/mine.cpp:154]   --->   Operation 113 'zext' 'zext_ln154' <Predicate = (!icmp_ln133 & !icmp_ln138)> <Delay = 0.00>
ST_2 : Operation 114 [1/1] (0.48ns)   --->   "%tmp = sparsemux i32 @_ssdm_op_SparseMux.ap_auto.16i32.i32.i4, i4 0, i32 %w_load, i4 1, i32 %w_33_load, i4 2, i32 %w_34_load, i4 3, i32 %w_35_load, i4 4, i32 %w_36_load, i4 5, i32 %w_37_load, i4 6, i32 %w_38_load, i4 7, i32 %w_39_load, i4 8, i32 %w_40_load, i4 9, i32 %w_41_load, i4 10, i32 %w_42_load, i4 11, i32 %w_43_load, i4 12, i32 %w_44_load, i4 13, i32 %w_45_load, i4 14, i32 %w_46_load, i4 15, i32 %w_47_load, i32 0, i4 %trunc_ln133" [dylan-hls/mine.cpp:157]   --->   Operation 114 'sparsemux' 'tmp' <Predicate = (!icmp_ln133 & !icmp_ln138)> <Delay = 0.48> <CoreInst = "BinarySparseMux_DontCare">   --->   Core 149 'BinarySparseMux_DontCare' <Latency = 0> <II = 1> <Delay = 0.48> <FuncUnit> <Opcode : 'sparsemux'> <InPorts = 2> <OutPorts = 1>
ST_2 : Operation 115 [1/1] (0.48ns)   --->   "%tmp_s = sparsemux i32 @_ssdm_op_SparseMux.ap_auto.16i32.i32.i4, i4 7, i32 %w_load, i4 8, i32 %w_33_load, i4 9, i32 %w_34_load, i4 10, i32 %w_35_load, i4 11, i32 %w_36_load, i4 12, i32 %w_37_load, i4 13, i32 %w_38_load, i4 14, i32 %w_39_load, i4 15, i32 %w_40_load, i4 0, i32 %w_41_load, i4 1, i32 %w_42_load, i4 2, i32 %w_43_load, i4 3, i32 %w_44_load, i4 4, i32 %w_45_load, i4 5, i32 %w_46_load, i4 6, i32 %w_47_load, i32 0, i4 %trunc_ln133" [dylan-hls/mine.cpp:159]   --->   Operation 115 'sparsemux' 'tmp_s' <Predicate = (!icmp_ln133 & !icmp_ln138)> <Delay = 0.48> <CoreInst = "BinarySparseMux_DontCare">   --->   Core 149 'BinarySparseMux_DontCare' <Latency = 0> <II = 1> <Delay = 0.48> <FuncUnit> <Opcode : 'sparsemux'> <InPorts = 2> <OutPorts = 1>
ST_2 : Operation 116 [1/1] (0.00ns) (grouped into LUT with out node add_ln159)   --->   "%or_ln = bitconcatenate i32 @_ssdm_op_BitConcatenate.i32.i18.i14, i18 %trunc_ln33_10, i14 %lshr_ln33_1" [dylan-hls/mine.cpp:159]   --->   Operation 116 'bitconcatenate' 'or_ln' <Predicate = (!icmp_ln133 & !icmp_ln138)> <Delay = 0.00>
ST_2 : Operation 117 [1/1] (0.00ns) (grouped into LUT with out node add_ln159)   --->   "%or_ln159_1 = bitconcatenate i32 @_ssdm_op_BitConcatenate.i32.i7.i25, i7 %trunc_ln33, i25 %lshr_ln" [dylan-hls/mine.cpp:159]   --->   Operation 117 'bitconcatenate' 'or_ln159_1' <Predicate = (!icmp_ln133 & !icmp_ln138)> <Delay = 0.00>
ST_2 : Operation 118 [1/1] (0.00ns) (grouped into LUT with out node xor_ln159_3)   --->   "%or_ln159_2 = bitconcatenate i32 @_ssdm_op_BitConcatenate.i32.i19.i13, i19 %trunc_ln33_12, i13 %lshr_ln33_3" [dylan-hls/mine.cpp:159]   --->   Operation 118 'bitconcatenate' 'or_ln159_2' <Predicate = (!icmp_ln133 & !icmp_ln138)> <Delay = 0.00>
ST_2 : Operation 119 [1/1] (0.00ns) (grouped into LUT with out node add_ln159)   --->   "%xor_ln159 = xor i32 %or_ln159_1, i32 %zext_ln149" [dylan-hls/mine.cpp:159]   --->   Operation 119 'xor' 'xor_ln159' <Predicate = (!icmp_ln133 & !icmp_ln138)> <Delay = 0.00> <CoreInst = "LogicGate">   --->   Core 74 'LogicGate' <Latency = 0> <II = 1> <Delay = 0.35> <FuncUnit> <Opcode : 'and' 'or' 'xor'> <InPorts = 2> <OutPorts = 1>
ST_2 : Operation 120 [1/1] (0.00ns) (grouped into LUT with out node add_ln159)   --->   "%xor_ln159_1 = xor i32 %xor_ln159, i32 %or_ln" [dylan-hls/mine.cpp:159]   --->   Operation 120 'xor' 'xor_ln159_1' <Predicate = (!icmp_ln133 & !icmp_ln138)> <Delay = 0.00> <CoreInst = "LogicGate">   --->   Core 74 'LogicGate' <Latency = 0> <II = 1> <Delay = 0.35> <FuncUnit> <Opcode : 'and' 'or' 'xor'> <InPorts = 2> <OutPorts = 1>
ST_2 : Operation 121 [1/1] (0.00ns) (grouped into LUT with out node xor_ln159_3)   --->   "%or_ln159_3 = bitconcatenate i32 @_ssdm_op_BitConcatenate.i32.i17.i15, i17 %trunc_ln33_11, i15 %lshr_ln33_2" [dylan-hls/mine.cpp:159]   --->   Operation 121 'bitconcatenate' 'or_ln159_3' <Predicate = (!icmp_ln133 & !icmp_ln138)> <Delay = 0.00>
ST_2 : Operation 122 [1/1] (0.00ns) (grouped into LUT with out node xor_ln159_3)   --->   "%xor_ln159_2 = xor i32 %zext_ln154, i32 %or_ln159_3" [dylan-hls/mine.cpp:159]   --->   Operation 122 'xor' 'xor_ln159_2' <Predicate = (!icmp_ln133 & !icmp_ln138)> <Delay = 0.00> <CoreInst = "LogicGate">   --->   Core 74 'LogicGate' <Latency = 0> <II = 1> <Delay = 0.35> <FuncUnit> <Opcode : 'and' 'or' 'xor'> <InPorts = 2> <OutPorts = 1>
ST_2 : Operation 123 [1/1] (0.35ns) (out node of the LUT)   --->   "%xor_ln159_3 = xor i32 %xor_ln159_2, i32 %or_ln159_2" [dylan-hls/mine.cpp:159]   --->   Operation 123 'xor' 'xor_ln159_3' <Predicate = (!icmp_ln133 & !icmp_ln138)> <Delay = 0.35> <CoreInst = "LogicGate">   --->   Core 74 'LogicGate' <Latency = 0> <II = 1> <Delay = 0.35> <FuncUnit> <Opcode : 'and' 'or' 'xor'> <InPorts = 2> <OutPorts = 1>
ST_2 : Operation 124 [1/1] (0.00ns) (grouped into TernaryAdder)   --->   "%add_ln159_1 = add i32 %tmp_s, i32 %xor_ln159_3" [dylan-hls/mine.cpp:159]   --->   Operation 124 'add' 'add_ln159_1' <Predicate = (!icmp_ln133 & !icmp_ln138)> <Delay = 0.00> <CoreInst = "TAddSub">   --->   Core 10 'TAddSub' <Latency = 0> <II = 1> <Delay = 0.36> <IPBlock> <Opcode : 'add' 'sub'> <InPorts = 3> <OutPorts = 1> <Sync> <CReg>
ST_2 : Operation 125 [1/1] (1.01ns) (out node of the LUT)   --->   "%add_ln159 = add i32 %xor_ln159_1, i32 %tmp" [dylan-hls/mine.cpp:159]   --->   Operation 125 'add' 'add_ln159' <Predicate = (!icmp_ln133 & !icmp_ln138)> <Delay = 1.01> <CoreInst = "Adder">   --->   Core 1 'Adder' <Latency = 0> <II = 1> <Delay = 1.01> <FuncUnit> <Opcode : 'add' 'sub'> <InPorts = 2> <OutPorts = 1>
ST_2 : Operation 126 [1/1] (0.73ns) (root node of TernaryAdder)   --->   "%wt_5 = add i32 %add_ln159, i32 %add_ln159_1" [dylan-hls/mine.cpp:159]   --->   Operation 126 'add' 'wt_5' <Predicate = (!icmp_ln133 & !icmp_ln138)> <Delay = 0.73> <CoreInst = "TAddSub">   --->   Core 10 'TAddSub' <Latency = 0> <II = 1> <Delay = 0.36> <IPBlock> <Opcode : 'add' 'sub'> <InPorts = 3> <OutPorts = 1> <Sync> <CReg>
ST_2 : Operation 127 [1/1] (0.79ns)   --->   "%switch_ln162 = switch i4 %trunc_ln133, void %arrayidx34.case.15, i4 0, void %arrayidx34.case.0, i4 1, void %arrayidx34.case.1, i4 2, void %arrayidx34.case.2, i4 3, void %arrayidx34.case.3, i4 4, void %arrayidx34.case.4, i4 5, void %arrayidx34.case.5, i4 6, void %arrayidx34.case.6, i4 7, void %arrayidx34.case.7, i4 8, void %arrayidx34.case.8, i4 9, void %arrayidx34.case.9, i4 10, void %arrayidx34.case.10, i4 11, void %arrayidx34.case.11, i4 12, void %arrayidx34.case.12, i4 13, void %arrayidx34.case.13, i4 14, void %if.else.for.inc70_crit_edge" [dylan-hls/mine.cpp:162]   --->   Operation 127 'switch' 'switch_ln162' <Predicate = (!icmp_ln133 & !icmp_ln138)> <Delay = 0.79>
ST_2 : Operation 128 [1/1] (0.42ns)   --->   "%store_ln114 = store i32 %wt_5, i32 %w_46" [dylan-hls/mine.cpp:114]   --->   Operation 128 'store' 'store_ln114' <Predicate = (!icmp_ln133 & !icmp_ln138 & trunc_ln133 == 14)> <Delay = 0.42>
ST_2 : Operation 129 [1/1] (0.42ns)   --->   "%br_ln162 = br void %for.inc70" [dylan-hls/mine.cpp:162]   --->   Operation 129 'br' 'br_ln162' <Predicate = (!icmp_ln133 & !icmp_ln138 & trunc_ln133 == 14)> <Delay = 0.42>
ST_2 : Operation 130 [1/1] (0.42ns)   --->   "%store_ln114 = store i32 %wt_5, i32 %w_45" [dylan-hls/mine.cpp:114]   --->   Operation 130 'store' 'store_ln114' <Predicate = (!icmp_ln133 & !icmp_ln138 & trunc_ln133 == 13)> <Delay = 0.42>
ST_2 : Operation 131 [1/1] (0.42ns)   --->   "%br_ln162 = br void %for.inc70" [dylan-hls/mine.cpp:162]   --->   Operation 131 'br' 'br_ln162' <Predicate = (!icmp_ln133 & !icmp_ln138 & trunc_ln133 == 13)> <Delay = 0.42>
ST_2 : Operation 132 [1/1] (0.42ns)   --->   "%store_ln114 = store i32 %wt_5, i32 %w_44" [dylan-hls/mine.cpp:114]   --->   Operation 132 'store' 'store_ln114' <Predicate = (!icmp_ln133 & !icmp_ln138 & trunc_ln133 == 12)> <Delay = 0.42>
ST_2 : Operation 133 [1/1] (0.42ns)   --->   "%br_ln162 = br void %for.inc70" [dylan-hls/mine.cpp:162]   --->   Operation 133 'br' 'br_ln162' <Predicate = (!icmp_ln133 & !icmp_ln138 & trunc_ln133 == 12)> <Delay = 0.42>
ST_2 : Operation 134 [1/1] (0.42ns)   --->   "%store_ln114 = store i32 %wt_5, i32 %w_43" [dylan-hls/mine.cpp:114]   --->   Operation 134 'store' 'store_ln114' <Predicate = (!icmp_ln133 & !icmp_ln138 & trunc_ln133 == 11)> <Delay = 0.42>
ST_2 : Operation 135 [1/1] (0.42ns)   --->   "%br_ln162 = br void %for.inc70" [dylan-hls/mine.cpp:162]   --->   Operation 135 'br' 'br_ln162' <Predicate = (!icmp_ln133 & !icmp_ln138 & trunc_ln133 == 11)> <Delay = 0.42>
ST_2 : Operation 136 [1/1] (0.42ns)   --->   "%store_ln114 = store i32 %wt_5, i32 %w_42" [dylan-hls/mine.cpp:114]   --->   Operation 136 'store' 'store_ln114' <Predicate = (!icmp_ln133 & !icmp_ln138 & trunc_ln133 == 10)> <Delay = 0.42>
ST_2 : Operation 137 [1/1] (0.42ns)   --->   "%br_ln162 = br void %for.inc70" [dylan-hls/mine.cpp:162]   --->   Operation 137 'br' 'br_ln162' <Predicate = (!icmp_ln133 & !icmp_ln138 & trunc_ln133 == 10)> <Delay = 0.42>
ST_2 : Operation 138 [1/1] (0.42ns)   --->   "%store_ln114 = store i32 %wt_5, i32 %w_41" [dylan-hls/mine.cpp:114]   --->   Operation 138 'store' 'store_ln114' <Predicate = (!icmp_ln133 & !icmp_ln138 & trunc_ln133 == 9)> <Delay = 0.42>
ST_2 : Operation 139 [1/1] (0.42ns)   --->   "%br_ln162 = br void %for.inc70" [dylan-hls/mine.cpp:162]   --->   Operation 139 'br' 'br_ln162' <Predicate = (!icmp_ln133 & !icmp_ln138 & trunc_ln133 == 9)> <Delay = 0.42>
ST_2 : Operation 140 [1/1] (0.42ns)   --->   "%store_ln114 = store i32 %wt_5, i32 %w_40" [dylan-hls/mine.cpp:114]   --->   Operation 140 'store' 'store_ln114' <Predicate = (!icmp_ln133 & !icmp_ln138 & trunc_ln133 == 8)> <Delay = 0.42>
ST_2 : Operation 141 [1/1] (0.42ns)   --->   "%br_ln162 = br void %for.inc70" [dylan-hls/mine.cpp:162]   --->   Operation 141 'br' 'br_ln162' <Predicate = (!icmp_ln133 & !icmp_ln138 & trunc_ln133 == 8)> <Delay = 0.42>
ST_2 : Operation 142 [1/1] (0.42ns)   --->   "%store_ln114 = store i32 %wt_5, i32 %w_39" [dylan-hls/mine.cpp:114]   --->   Operation 142 'store' 'store_ln114' <Predicate = (!icmp_ln133 & !icmp_ln138 & trunc_ln133 == 7)> <Delay = 0.42>
ST_2 : Operation 143 [1/1] (0.42ns)   --->   "%br_ln162 = br void %for.inc70" [dylan-hls/mine.cpp:162]   --->   Operation 143 'br' 'br_ln162' <Predicate = (!icmp_ln133 & !icmp_ln138 & trunc_ln133 == 7)> <Delay = 0.42>
ST_2 : Operation 144 [1/1] (0.42ns)   --->   "%store_ln114 = store i32 %wt_5, i32 %w_38" [dylan-hls/mine.cpp:114]   --->   Operation 144 'store' 'store_ln114' <Predicate = (!icmp_ln133 & !icmp_ln138 & trunc_ln133 == 6)> <Delay = 0.42>
ST_2 : Operation 145 [1/1] (0.42ns)   --->   "%br_ln162 = br void %for.inc70" [dylan-hls/mine.cpp:162]   --->   Operation 145 'br' 'br_ln162' <Predicate = (!icmp_ln133 & !icmp_ln138 & trunc_ln133 == 6)> <Delay = 0.42>
ST_2 : Operation 146 [1/1] (0.42ns)   --->   "%store_ln114 = store i32 %wt_5, i32 %w_37" [dylan-hls/mine.cpp:114]   --->   Operation 146 'store' 'store_ln114' <Predicate = (!icmp_ln133 & !icmp_ln138 & trunc_ln133 == 5)> <Delay = 0.42>
ST_2 : Operation 147 [1/1] (0.42ns)   --->   "%br_ln162 = br void %for.inc70" [dylan-hls/mine.cpp:162]   --->   Operation 147 'br' 'br_ln162' <Predicate = (!icmp_ln133 & !icmp_ln138 & trunc_ln133 == 5)> <Delay = 0.42>
ST_2 : Operation 148 [1/1] (0.42ns)   --->   "%store_ln114 = store i32 %wt_5, i32 %w_36" [dylan-hls/mine.cpp:114]   --->   Operation 148 'store' 'store_ln114' <Predicate = (!icmp_ln133 & !icmp_ln138 & trunc_ln133 == 4)> <Delay = 0.42>
ST_2 : Operation 149 [1/1] (0.42ns)   --->   "%br_ln162 = br void %for.inc70" [dylan-hls/mine.cpp:162]   --->   Operation 149 'br' 'br_ln162' <Predicate = (!icmp_ln133 & !icmp_ln138 & trunc_ln133 == 4)> <Delay = 0.42>
ST_2 : Operation 150 [1/1] (0.42ns)   --->   "%store_ln114 = store i32 %wt_5, i32 %w_35" [dylan-hls/mine.cpp:114]   --->   Operation 150 'store' 'store_ln114' <Predicate = (!icmp_ln133 & !icmp_ln138 & trunc_ln133 == 3)> <Delay = 0.42>
ST_2 : Operation 151 [1/1] (0.42ns)   --->   "%br_ln162 = br void %for.inc70" [dylan-hls/mine.cpp:162]   --->   Operation 151 'br' 'br_ln162' <Predicate = (!icmp_ln133 & !icmp_ln138 & trunc_ln133 == 3)> <Delay = 0.42>
ST_2 : Operation 152 [1/1] (0.42ns)   --->   "%store_ln114 = store i32 %wt_5, i32 %w_34" [dylan-hls/mine.cpp:114]   --->   Operation 152 'store' 'store_ln114' <Predicate = (!icmp_ln133 & !icmp_ln138 & trunc_ln133 == 2)> <Delay = 0.42>
ST_2 : Operation 153 [1/1] (0.42ns)   --->   "%br_ln162 = br void %for.inc70" [dylan-hls/mine.cpp:162]   --->   Operation 153 'br' 'br_ln162' <Predicate = (!icmp_ln133 & !icmp_ln138 & trunc_ln133 == 2)> <Delay = 0.42>
ST_2 : Operation 154 [1/1] (0.42ns)   --->   "%store_ln114 = store i32 %wt_5, i32 %w_33" [dylan-hls/mine.cpp:114]   --->   Operation 154 'store' 'store_ln114' <Predicate = (!icmp_ln133 & !icmp_ln138 & trunc_ln133 == 1)> <Delay = 0.42>
ST_2 : Operation 155 [1/1] (0.42ns)   --->   "%br_ln162 = br void %for.inc70" [dylan-hls/mine.cpp:162]   --->   Operation 155 'br' 'br_ln162' <Predicate = (!icmp_ln133 & !icmp_ln138 & trunc_ln133 == 1)> <Delay = 0.42>
ST_2 : Operation 156 [1/1] (0.42ns)   --->   "%store_ln114 = store i32 %wt_5, i32 %w" [dylan-hls/mine.cpp:114]   --->   Operation 156 'store' 'store_ln114' <Predicate = (!icmp_ln133 & !icmp_ln138 & trunc_ln133 == 0)> <Delay = 0.42>
ST_2 : Operation 157 [1/1] (0.42ns)   --->   "%br_ln162 = br void %for.inc70" [dylan-hls/mine.cpp:162]   --->   Operation 157 'br' 'br_ln162' <Predicate = (!icmp_ln133 & !icmp_ln138 & trunc_ln133 == 0)> <Delay = 0.42>
ST_2 : Operation 158 [1/1] (0.42ns)   --->   "%store_ln114 = store i32 %wt_5, i32 %w_47" [dylan-hls/mine.cpp:114]   --->   Operation 158 'store' 'store_ln114' <Predicate = (!icmp_ln133 & !icmp_ln138 & trunc_ln133 == 15)> <Delay = 0.42>
ST_2 : Operation 159 [1/1] (0.42ns)   --->   "%br_ln162 = br void %for.inc70" [dylan-hls/mine.cpp:162]   --->   Operation 159 'br' 'br_ln162' <Predicate = (!icmp_ln133 & !icmp_ln138 & trunc_ln133 == 15)> <Delay = 0.42>
ST_2 : Operation 160 [1/1] (0.48ns)   --->   "%wt = sparsemux i32 @_ssdm_op_SparseMux.ap_auto.16i32.i32.i4, i4 0, i32 %w_load, i4 1, i32 %w_33_load, i4 2, i32 %w_34_load, i4 3, i32 %w_35_load, i4 4, i32 %w_36_load, i4 5, i32 %w_37_load, i4 6, i32 %w_38_load, i4 7, i32 %w_39_load, i4 8, i32 %w_40_load, i4 9, i32 %w_41_load, i4 10, i32 %w_42_load, i4 11, i32 %w_43_load, i4 12, i32 %w_44_load, i4 13, i32 %w_45_load, i4 14, i32 %w_46_load, i4 15, i32 %w_47_load, i32 0, i4 %trunc_ln133" [dylan-hls/mine.cpp:139]   --->   Operation 160 'sparsemux' 'wt' <Predicate = (!icmp_ln133 & icmp_ln138)> <Delay = 0.48> <CoreInst = "BinarySparseMux_DontCare">   --->   Core 149 'BinarySparseMux_DontCare' <Latency = 0> <II = 1> <Delay = 0.48> <FuncUnit> <Opcode : 'sparsemux'> <InPorts = 2> <OutPorts = 1>
ST_2 : Operation 161 [1/1] (0.42ns)   --->   "%br_ln140 = br void %for.inc70" [dylan-hls/mine.cpp:140]   --->   Operation 161 'br' 'br_ln140' <Predicate = (!icmp_ln133 & icmp_ln138)> <Delay = 0.42>
ST_2 : Operation 162 [1/1] (0.00ns)   --->   "%K_addr = getelementptr i32 %K, i64 0, i64 %zext_ln133" [dylan-hls/mine.cpp:173]   --->   Operation 162 'getelementptr' 'K_addr' <Predicate = (!icmp_ln133)> <Delay = 0.00>
ST_2 : Operation 163 [2/2] (1.23ns)   --->   "%K_load = load i6 %K_addr" [dylan-hls/mine.cpp:173]   --->   Operation 163 'load' 'K_load' <Predicate = (!icmp_ln133)> <Delay = 1.23> <CoreInst = "ROM">   --->   Core 100 'ROM' <Latency = 1> <II = 1> <Delay = 1.23> <Storage> <Opcode : 'load'> <Ports = 0> <Width = 32> <Depth = 64> <ROM>
ST_2 : Operation 164 [1/1] (0.42ns)   --->   "%store_ln133 = store i7 %add_ln133, i7 %i_1" [dylan-hls/mine.cpp:133]   --->   Operation 164 'store' 'store_ln133' <Predicate = (!icmp_ln133)> <Delay = 0.42>

State 3 <SV = 2> <Delay = 3.41>
ST_3 : Operation 165 [1/1] (0.00ns)   --->   "%h_4 = load i32 %h_3" [dylan-hls/mine.cpp:173]   --->   Operation 165 'load' 'h_4' <Predicate = true> <Delay = 0.00>
ST_3 : Operation 166 [1/1] (0.00ns)   --->   "%g_4 = load i32 %g" [dylan-hls/mine.cpp:173]   --->   Operation 166 'load' 'g_4' <Predicate = true> <Delay = 0.00>
ST_3 : Operation 167 [1/1] (0.00ns)   --->   "%f_4 = load i32 %f" [dylan-hls/mine.cpp:173]   --->   Operation 167 'load' 'f_4' <Predicate = true> <Delay = 0.00>
ST_3 : Operation 168 [1/1] (0.00ns)   --->   "%d_4 = load i32 %d_3" [dylan-hls/mine.cpp:195]   --->   Operation 168 'load' 'd_4' <Predicate = true> <Delay = 0.00>
ST_3 : Operation 169 [1/1] (0.00ns)   --->   "%c_4 = load i32 %c" [dylan-hls/mine.cpp:195]   --->   Operation 169 'load' 'c_4' <Predicate = true> <Delay = 0.00>
ST_3 : Operation 170 [1/1] (0.00ns)   --->   "%b_4 = load i32 %b" [dylan-hls/mine.cpp:195]   --->   Operation 170 'load' 'b_4' <Predicate = true> <Delay = 0.00>
ST_3 : Operation 171 [1/1] (0.00ns)   --->   "%wt_2 = phi i32 %wt, void %if.then, i32 %wt_5, void %arrayidx34.case.15, i32 %wt_5, void %arrayidx34.case.13, i32 %wt_5, void %arrayidx34.case.12, i32 %wt_5, void %arrayidx34.case.11, i32 %wt_5, void %arrayidx34.case.10, i32 %wt_5, void %arrayidx34.case.9, i32 %wt_5, void %arrayidx34.case.8, i32 %wt_5, void %arrayidx34.case.7, i32 %wt_5, void %arrayidx34.case.6, i32 %wt_5, void %arrayidx34.case.5, i32 %wt_5, void %arrayidx34.case.4, i32 %wt_5, void %arrayidx34.case.3, i32 %wt_5, void %arrayidx34.case.2, i32 %wt_5, void %arrayidx34.case.1, i32 %wt_5, void %arrayidx34.case.0, i32 %wt_5, void %if.else.for.inc70_crit_edge"   --->   Operation 171 'phi' 'wt_2' <Predicate = (!icmp_ln133)> <Delay = 0.00>
ST_3 : Operation 172 [1/1] (0.00ns)   --->   "%h_load = load i32 %h" [dylan-hls/mine.cpp:173]   --->   Operation 172 'load' 'h_load' <Predicate = (!icmp_ln133)> <Delay = 0.00>
ST_3 : Operation 173 [1/1] (0.00ns)   --->   "%d_load = load i32 %d" [dylan-hls/mine.cpp:190]   --->   Operation 173 'load' 'd_load' <Predicate = (!icmp_ln133)> <Delay = 0.00>
ST_3 : Operation 174 [1/1] (0.00ns) (grouped into LUT with out node xor_ln173_3)   --->   "%lshr_ln33_4 = partselect i26 @_ssdm_op_PartSelect.i26.i32.i32.i32, i32 %f_4, i32 6, i32 31" [dylan-hls/mine.cpp:33->dylan-hls/mine.cpp:166]   --->   Operation 174 'partselect' 'lshr_ln33_4' <Predicate = (!icmp_ln133)> <Delay = 0.00>
ST_3 : Operation 175 [1/1] (0.00ns) (grouped into LUT with out node xor_ln173_3)   --->   "%trunc_ln33_13 = trunc i32 %f_4" [dylan-hls/mine.cpp:33->dylan-hls/mine.cpp:166]   --->   Operation 175 'trunc' 'trunc_ln33_13' <Predicate = (!icmp_ln133)> <Delay = 0.00>
ST_3 : Operation 176 [1/1] (0.00ns) (grouped into LUT with out node xor_ln173_3)   --->   "%lshr_ln33_5 = partselect i21 @_ssdm_op_PartSelect.i21.i32.i32.i32, i32 %f_4, i32 11, i32 31" [dylan-hls/mine.cpp:33->dylan-hls/mine.cpp:167]   --->   Operation 176 'partselect' 'lshr_ln33_5' <Predicate = (!icmp_ln133)> <Delay = 0.00>
ST_3 : Operation 177 [1/1] (0.00ns) (grouped into LUT with out node xor_ln173_3)   --->   "%trunc_ln33_14 = trunc i32 %f_4" [dylan-hls/mine.cpp:33->dylan-hls/mine.cpp:167]   --->   Operation 177 'trunc' 'trunc_ln33_14' <Predicate = (!icmp_ln133)> <Delay = 0.00>
ST_3 : Operation 178 [1/1] (0.00ns) (grouped into LUT with out node xor_ln173_3)   --->   "%lshr_ln33_6 = partselect i7 @_ssdm_op_PartSelect.i7.i32.i32.i32, i32 %f_4, i32 25, i32 31" [dylan-hls/mine.cpp:33->dylan-hls/mine.cpp:168]   --->   Operation 178 'partselect' 'lshr_ln33_6' <Predicate = (!icmp_ln133)> <Delay = 0.00>
ST_3 : Operation 179 [1/1] (0.00ns) (grouped into LUT with out node xor_ln173_3)   --->   "%trunc_ln33_15 = trunc i32 %f_4" [dylan-hls/mine.cpp:33->dylan-hls/mine.cpp:168]   --->   Operation 179 'trunc' 'trunc_ln33_15' <Predicate = (!icmp_ln133)> <Delay = 0.00>
ST_3 : Operation 180 [1/2] ( I:1.23ns O:1.23ns )   --->   "%K_load = load i6 %K_addr" [dylan-hls/mine.cpp:173]   --->   Operation 180 'load' 'K_load' <Predicate = (!icmp_ln133)> <Delay = 1.23> <CoreInst = "ROM">   --->   Core 100 'ROM' <Latency = 1> <II = 1> <Delay = 1.23> <Storage> <Opcode : 'load'> <Ports = 0> <Width = 32> <Depth = 64> <ROM>
ST_3 : Operation 181 [1/1] (0.00ns) (grouped into LUT with out node xor_ln173_1)   --->   "%xor_ln173 = xor i32 %f_4, i32 4294967295" [dylan-hls/mine.cpp:173]   --->   Operation 181 'xor' 'xor_ln173' <Predicate = (!icmp_ln133)> <Delay = 0.00> <CoreInst = "LogicGate">   --->   Core 74 'LogicGate' <Latency = 0> <II = 1> <Delay = 0.35> <FuncUnit> <Opcode : 'and' 'or' 'xor'> <InPorts = 2> <OutPorts = 1>
ST_3 : Operation 182 [1/1] (0.00ns) (grouped into LUT with out node xor_ln173_1)   --->   "%and_ln173 = and i32 %h_4, i32 %xor_ln173" [dylan-hls/mine.cpp:173]   --->   Operation 182 'and' 'and_ln173' <Predicate = (!icmp_ln133)> <Delay = 0.00> <CoreInst = "LogicGate">   --->   Core 74 'LogicGate' <Latency = 0> <II = 1> <Delay = 0.35> <FuncUnit> <Opcode : 'and' 'or' 'xor'> <InPorts = 2> <OutPorts = 1>
ST_3 : Operation 183 [1/1] (0.00ns) (grouped into LUT with out node xor_ln173_1)   --->   "%and_ln173_1 = and i32 %g_4, i32 %f_4" [dylan-hls/mine.cpp:173]   --->   Operation 183 'and' 'and_ln173_1' <Predicate = (!icmp_ln133)> <Delay = 0.00> <CoreInst = "LogicGate">   --->   Core 74 'LogicGate' <Latency = 0> <II = 1> <Delay = 0.35> <FuncUnit> <Opcode : 'and' 'or' 'xor'> <InPorts = 2> <OutPorts = 1>
ST_3 : Operation 184 [1/1] (0.00ns) (grouped into LUT with out node xor_ln173_3)   --->   "%or_ln1 = bitconcatenate i32 @_ssdm_op_BitConcatenate.i32.i6.i26, i6 %trunc_ln33_13, i26 %lshr_ln33_4" [dylan-hls/mine.cpp:173]   --->   Operation 184 'bitconcatenate' 'or_ln1' <Predicate = (!icmp_ln133)> <Delay = 0.00>
ST_3 : Operation 185 [1/1] (0.00ns) (grouped into LUT with out node xor_ln173_3)   --->   "%or_ln173_1 = bitconcatenate i32 @_ssdm_op_BitConcatenate.i32.i11.i21, i11 %trunc_ln33_14, i21 %lshr_ln33_5" [dylan-hls/mine.cpp:173]   --->   Operation 185 'bitconcatenate' 'or_ln173_1' <Predicate = (!icmp_ln133)> <Delay = 0.00>
ST_3 : Operation 186 [1/1] (0.35ns) (out node of the LUT)   --->   "%xor_ln173_1 = xor i32 %and_ln173, i32 %and_ln173_1" [dylan-hls/mine.cpp:173]   --->   Operation 186 'xor' 'xor_ln173_1' <Predicate = (!icmp_ln133)> <Delay = 0.35> <CoreInst = "LogicGate">   --->   Core 74 'LogicGate' <Latency = 0> <II = 1> <Delay = 0.35> <FuncUnit> <Opcode : 'and' 'or' 'xor'> <InPorts = 2> <OutPorts = 1>
ST_3 : Operation 187 [1/1] (0.00ns) (grouped into LUT with out node xor_ln173_3)   --->   "%or_ln173_2 = bitconcatenate i32 @_ssdm_op_BitConcatenate.i32.i25.i7, i25 %trunc_ln33_15, i7 %lshr_ln33_6" [dylan-hls/mine.cpp:173]   --->   Operation 187 'bitconcatenate' 'or_ln173_2' <Predicate = (!icmp_ln133)> <Delay = 0.00>
ST_3 : Operation 188 [1/1] (0.00ns) (grouped into LUT with out node xor_ln173_3)   --->   "%xor_ln173_2 = xor i32 %or_ln173_1, i32 %or_ln173_2" [dylan-hls/mine.cpp:173]   --->   Operation 188 'xor' 'xor_ln173_2' <Predicate = (!icmp_ln133)> <Delay = 0.00> <CoreInst = "LogicGate">   --->   Core 74 'LogicGate' <Latency = 0> <II = 1> <Delay = 0.35> <FuncUnit> <Opcode : 'and' 'or' 'xor'> <InPorts = 2> <OutPorts = 1>
ST_3 : Operation 189 [1/1] (0.35ns) (out node of the LUT)   --->   "%xor_ln173_3 = xor i32 %xor_ln173_2, i32 %or_ln1" [dylan-hls/mine.cpp:173]   --->   Operation 189 'xor' 'xor_ln173_3' <Predicate = (!icmp_ln133)> <Delay = 0.35> <CoreInst = "LogicGate">   --->   Core 74 'LogicGate' <Latency = 0> <II = 1> <Delay = 0.35> <FuncUnit> <Opcode : 'and' 'or' 'xor'> <InPorts = 2> <OutPorts = 1>
ST_3 : Operation 190 [1/1] (0.00ns) (grouped into TernaryAdder)   --->   "%add_ln173 = add i32 %K_load, i32 %xor_ln173_3" [dylan-hls/mine.cpp:173]   --->   Operation 190 'add' 'add_ln173' <Predicate = (!icmp_ln133)> <Delay = 0.00> <CoreInst = "TAddSub">   --->   Core 10 'TAddSub' <Latency = 0> <II = 1> <Delay = 0.36> <IPBlock> <Opcode : 'add' 'sub'> <InPorts = 3> <OutPorts = 1> <Sync> <CReg>
ST_3 : Operation 191 [1/1] (0.00ns) (grouped into TernaryAdder)   --->   "%add_ln173_1 = add i32 %h_load, i32 %xor_ln173_1" [dylan-hls/mine.cpp:173]   --->   Operation 191 'add' 'add_ln173_1' <Predicate = (!icmp_ln133)> <Delay = 0.00> <CoreInst = "TAddSub">   --->   Core 10 'TAddSub' <Latency = 0> <II = 1> <Delay = 0.36> <IPBlock> <Opcode : 'add' 'sub'> <InPorts = 3> <OutPorts = 1> <Sync> <CReg>
ST_3 : Operation 192 [1/1] (0.73ns) (root node of TernaryAdder)   --->   "%add_ln173_2 = add i32 %wt_2, i32 %add_ln173_1" [dylan-hls/mine.cpp:173]   --->   Operation 192 'add' 'add_ln173_2' <Predicate = (!icmp_ln133)> <Delay = 0.73> <CoreInst = "TAddSub">   --->   Core 10 'TAddSub' <Latency = 0> <II = 1> <Delay = 0.36> <IPBlock> <Opcode : 'add' 'sub'> <InPorts = 3> <OutPorts = 1> <Sync> <CReg>
ST_3 : Operation 193 [1/1] (0.73ns) (root node of TernaryAdder)   --->   "%t1 = add i32 %add_ln173_2, i32 %add_ln173" [dylan-hls/mine.cpp:173]   --->   Operation 193 'add' 't1' <Predicate = (!icmp_ln133)> <Delay = 0.73> <CoreInst = "TAddSub">   --->   Core 10 'TAddSub' <Latency = 0> <II = 1> <Delay = 0.36> <IPBlock> <Opcode : 'add' 'sub'> <InPorts = 3> <OutPorts = 1> <Sync> <CReg>
ST_3 : Operation 194 [1/1] (0.00ns) (grouped into LUT with out node xor_ln195_3)   --->   "%lshr_ln33_7 = partselect i30 @_ssdm_op_PartSelect.i30.i32.i32.i32, i32 %b_4, i32 2, i32 31" [dylan-hls/mine.cpp:33->dylan-hls/mine.cpp:176]   --->   Operation 194 'partselect' 'lshr_ln33_7' <Predicate = (!icmp_ln133)> <Delay = 0.00>
ST_3 : Operation 195 [1/1] (0.00ns) (grouped into LUT with out node xor_ln195_3)   --->   "%trunc_ln33_16 = trunc i32 %b_4" [dylan-hls/mine.cpp:33->dylan-hls/mine.cpp:176]   --->   Operation 195 'trunc' 'trunc_ln33_16' <Predicate = (!icmp_ln133)> <Delay = 0.00>
ST_3 : Operation 196 [1/1] (0.00ns) (grouped into LUT with out node xor_ln195_3)   --->   "%lshr_ln33_8 = partselect i19 @_ssdm_op_PartSelect.i19.i32.i32.i32, i32 %b_4, i32 13, i32 31" [dylan-hls/mine.cpp:33->dylan-hls/mine.cpp:177]   --->   Operation 196 'partselect' 'lshr_ln33_8' <Predicate = (!icmp_ln133)> <Delay = 0.00>
ST_3 : Operation 197 [1/1] (0.00ns) (grouped into LUT with out node xor_ln195_3)   --->   "%trunc_ln33_17 = trunc i32 %b_4" [dylan-hls/mine.cpp:33->dylan-hls/mine.cpp:177]   --->   Operation 197 'trunc' 'trunc_ln33_17' <Predicate = (!icmp_ln133)> <Delay = 0.00>
ST_3 : Operation 198 [1/1] (0.00ns) (grouped into LUT with out node xor_ln195_3)   --->   "%lshr_ln33_9 = partselect i10 @_ssdm_op_PartSelect.i10.i32.i32.i32, i32 %b_4, i32 22, i32 31" [dylan-hls/mine.cpp:33->dylan-hls/mine.cpp:178]   --->   Operation 198 'partselect' 'lshr_ln33_9' <Predicate = (!icmp_ln133)> <Delay = 0.00>
ST_3 : Operation 199 [1/1] (0.00ns) (grouped into LUT with out node xor_ln195_3)   --->   "%trunc_ln33_18 = trunc i32 %b_4" [dylan-hls/mine.cpp:33->dylan-hls/mine.cpp:178]   --->   Operation 199 'trunc' 'trunc_ln33_18' <Predicate = (!icmp_ln133)> <Delay = 0.00>
ST_3 : Operation 200 [1/1] (1.01ns)   --->   "%e = add i32 %t1, i32 %d_load" [dylan-hls/mine.cpp:190]   --->   Operation 200 'add' 'e' <Predicate = (!icmp_ln133)> <Delay = 1.01> <CoreInst = "Adder">   --->   Core 1 'Adder' <Latency = 0> <II = 1> <Delay = 1.01> <FuncUnit> <Opcode : 'add' 'sub'> <InPorts = 2> <OutPorts = 1>
ST_3 : Operation 201 [1/1] (0.00ns) (grouped into LUT with out node xor_ln195_1)   --->   "%xor_ln195 = xor i32 %d_4, i32 %c_4" [dylan-hls/mine.cpp:195]   --->   Operation 201 'xor' 'xor_ln195' <Predicate = (!icmp_ln133)> <Delay = 0.00> <CoreInst = "LogicGate">   --->   Core 74 'LogicGate' <Latency = 0> <II = 1> <Delay = 0.35> <FuncUnit> <Opcode : 'and' 'or' 'xor'> <InPorts = 2> <OutPorts = 1>
ST_3 : Operation 202 [1/1] (0.00ns) (grouped into LUT with out node xor_ln195_1)   --->   "%and_ln195 = and i32 %xor_ln195, i32 %b_4" [dylan-hls/mine.cpp:195]   --->   Operation 202 'and' 'and_ln195' <Predicate = (!icmp_ln133)> <Delay = 0.00> <CoreInst = "LogicGate">   --->   Core 74 'LogicGate' <Latency = 0> <II = 1> <Delay = 0.35> <FuncUnit> <Opcode : 'and' 'or' 'xor'> <InPorts = 2> <OutPorts = 1>
ST_3 : Operation 203 [1/1] (0.00ns) (grouped into LUT with out node xor_ln195_1)   --->   "%and_ln195_1 = and i32 %d_4, i32 %c_4" [dylan-hls/mine.cpp:195]   --->   Operation 203 'and' 'and_ln195_1' <Predicate = (!icmp_ln133)> <Delay = 0.00> <CoreInst = "LogicGate">   --->   Core 74 'LogicGate' <Latency = 0> <II = 1> <Delay = 0.35> <FuncUnit> <Opcode : 'and' 'or' 'xor'> <InPorts = 2> <OutPorts = 1>
ST_3 : Operation 204 [1/1] (0.00ns) (grouped into LUT with out node xor_ln195_3)   --->   "%or_ln2 = bitconcatenate i32 @_ssdm_op_BitConcatenate.i32.i2.i30, i2 %trunc_ln33_16, i30 %lshr_ln33_7" [dylan-hls/mine.cpp:195]   --->   Operation 204 'bitconcatenate' 'or_ln2' <Predicate = (!icmp_ln133)> <Delay = 0.00>
ST_3 : Operation 205 [1/1] (0.00ns) (grouped into LUT with out node xor_ln195_3)   --->   "%or_ln195_1 = bitconcatenate i32 @_ssdm_op_BitConcatenate.i32.i13.i19, i13 %trunc_ln33_17, i19 %lshr_ln33_8" [dylan-hls/mine.cpp:195]   --->   Operation 205 'bitconcatenate' 'or_ln195_1' <Predicate = (!icmp_ln133)> <Delay = 0.00>
ST_3 : Operation 206 [1/1] (0.35ns) (out node of the LUT)   --->   "%xor_ln195_1 = xor i32 %and_ln195, i32 %and_ln195_1" [dylan-hls/mine.cpp:195]   --->   Operation 206 'xor' 'xor_ln195_1' <Predicate = (!icmp_ln133)> <Delay = 0.35> <CoreInst = "LogicGate">   --->   Core 74 'LogicGate' <Latency = 0> <II = 1> <Delay = 0.35> <FuncUnit> <Opcode : 'and' 'or' 'xor'> <InPorts = 2> <OutPorts = 1>
ST_3 : Operation 207 [1/1] (0.00ns) (grouped into LUT with out node xor_ln195_3)   --->   "%or_ln195_2 = bitconcatenate i32 @_ssdm_op_BitConcatenate.i32.i22.i10, i22 %trunc_ln33_18, i10 %lshr_ln33_9" [dylan-hls/mine.cpp:195]   --->   Operation 207 'bitconcatenate' 'or_ln195_2' <Predicate = (!icmp_ln133)> <Delay = 0.00>
ST_3 : Operation 208 [1/1] (0.00ns) (grouped into LUT with out node xor_ln195_3)   --->   "%xor_ln195_2 = xor i32 %or_ln195_1, i32 %or_ln195_2" [dylan-hls/mine.cpp:195]   --->   Operation 208 'xor' 'xor_ln195_2' <Predicate = (!icmp_ln133)> <Delay = 0.00> <CoreInst = "LogicGate">   --->   Core 74 'LogicGate' <Latency = 0> <II = 1> <Delay = 0.35> <FuncUnit> <Opcode : 'and' 'or' 'xor'> <InPorts = 2> <OutPorts = 1>
ST_3 : Operation 209 [1/1] (0.35ns) (out node of the LUT)   --->   "%xor_ln195_3 = xor i32 %xor_ln195_2, i32 %or_ln2" [dylan-hls/mine.cpp:195]   --->   Operation 209 'xor' 'xor_ln195_3' <Predicate = (!icmp_ln133)> <Delay = 0.35> <CoreInst = "LogicGate">   --->   Core 74 'LogicGate' <Latency = 0> <II = 1> <Delay = 0.35> <FuncUnit> <Opcode : 'and' 'or' 'xor'> <InPorts = 2> <OutPorts = 1>
ST_3 : Operation 210 [1/1] (0.00ns) (grouped into TernaryAdder)   --->   "%add_ln195 = add i32 %t1, i32 %xor_ln195_3" [dylan-hls/mine.cpp:195]   --->   Operation 210 'add' 'add_ln195' <Predicate = (!icmp_ln133)> <Delay = 0.00> <CoreInst = "TAddSub">   --->   Core 10 'TAddSub' <Latency = 0> <II = 1> <Delay = 0.36> <IPBlock> <Opcode : 'add' 'sub'> <InPorts = 3> <OutPorts = 1> <Sync> <CReg>
ST_3 : Operation 211 [1/1] (0.73ns) (root node of TernaryAdder)   --->   "%a = add i32 %add_ln195, i32 %xor_ln195_1" [dylan-hls/mine.cpp:195]   --->   Operation 211 'add' 'a' <Predicate = (!icmp_ln133)> <Delay = 0.73> <CoreInst = "TAddSub">   --->   Core 10 'TAddSub' <Latency = 0> <II = 1> <Delay = 0.36> <IPBlock> <Opcode : 'add' 'sub'> <InPorts = 3> <OutPorts = 1> <Sync> <CReg>
ST_3 : Operation 212 [1/1] (0.42ns)   --->   "%store_ln124 = store i32 %a, i32 %b" [dylan-hls/mine.cpp:124]   --->   Operation 212 'store' 'store_ln124' <Predicate = (!icmp_ln133)> <Delay = 0.42>
ST_3 : Operation 213 [1/1] (0.42ns)   --->   "%store_ln125 = store i32 %b_4, i32 %c" [dylan-hls/mine.cpp:125]   --->   Operation 213 'store' 'store_ln125' <Predicate = (!icmp_ln133)> <Delay = 0.42>
ST_3 : Operation 214 [1/1] (0.42ns)   --->   "%store_ln126 = store i32 %c_4, i32 %d_3" [dylan-hls/mine.cpp:126]   --->   Operation 214 'store' 'store_ln126' <Predicate = (!icmp_ln133)> <Delay = 0.42>
ST_3 : Operation 215 [1/1] (0.42ns)   --->   "%store_ln128 = store i32 %e, i32 %f" [dylan-hls/mine.cpp:128]   --->   Operation 215 'store' 'store_ln128' <Predicate = (!icmp_ln133)> <Delay = 0.42>
ST_3 : Operation 216 [1/1] (0.42ns)   --->   "%store_ln129 = store i32 %f_4, i32 %g" [dylan-hls/mine.cpp:129]   --->   Operation 216 'store' 'store_ln129' <Predicate = (!icmp_ln133)> <Delay = 0.42>
ST_3 : Operation 217 [1/1] (0.42ns)   --->   "%store_ln130 = store i32 %g_4, i32 %h_3" [dylan-hls/mine.cpp:130]   --->   Operation 217 'store' 'store_ln130' <Predicate = (!icmp_ln133)> <Delay = 0.42>
ST_3 : Operation 218 [1/1] (0.42ns)   --->   "%store_ln126 = store i32 %d_4, i32 %d" [dylan-hls/mine.cpp:126]   --->   Operation 218 'store' 'store_ln126' <Predicate = (!icmp_ln133)> <Delay = 0.42>
ST_3 : Operation 219 [1/1] (0.42ns)   --->   "%store_ln130 = store i32 %h_4, i32 %h" [dylan-hls/mine.cpp:130]   --->   Operation 219 'store' 'store_ln130' <Predicate = (!icmp_ln133)> <Delay = 0.42>
ST_3 : Operation 220 [1/1] (0.00ns)   --->   "%br_ln133 = br void %for.body15" [dylan-hls/mine.cpp:133]   --->   Operation 220 'br' 'br_ln133' <Predicate = (!icmp_ln133)> <Delay = 0.00>
ST_3 : Operation 221 [1/1] (0.00ns)   --->   "%h_load_2 = load i32 %h"   --->   Operation 221 'load' 'h_load_2' <Predicate = (icmp_ln133)> <Delay = 0.00>
ST_3 : Operation 222 [1/1] (0.00ns)   --->   "%d_load_2 = load i32 %d"   --->   Operation 222 'load' 'd_load_2' <Predicate = (icmp_ln133)> <Delay = 0.00>
ST_3 : Operation 223 [1/1] (0.00ns)   --->   "%write_ln195 = write void @_ssdm_op_Write.ap_auto.i32P0A, i32 %a_2_out, i32 %b_4" [dylan-hls/mine.cpp:195]   --->   Operation 223 'write' 'write_ln195' <Predicate = (icmp_ln133)> <Delay = 0.00>
ST_3 : Operation 224 [1/1] (0.00ns)   --->   "%write_ln195 = write void @_ssdm_op_Write.ap_auto.i32P0A, i32 %b_out, i32 %c_4" [dylan-hls/mine.cpp:195]   --->   Operation 224 'write' 'write_ln195' <Predicate = (icmp_ln133)> <Delay = 0.00>
ST_3 : Operation 225 [1/1] (0.00ns)   --->   "%write_ln195 = write void @_ssdm_op_Write.ap_auto.i32P0A, i32 %c_out, i32 %d_4" [dylan-hls/mine.cpp:195]   --->   Operation 225 'write' 'write_ln195' <Predicate = (icmp_ln133)> <Delay = 0.00>
ST_3 : Operation 226 [1/1] (0.00ns)   --->   "%write_ln0 = write void @_ssdm_op_Write.ap_auto.i32P0A, i32 %d_out, i32 %d_load_2"   --->   Operation 226 'write' 'write_ln0' <Predicate = (icmp_ln133)> <Delay = 0.00>
ST_3 : Operation 227 [1/1] (0.00ns)   --->   "%write_ln173 = write void @_ssdm_op_Write.ap_auto.i32P0A, i32 %e_2_out, i32 %f_4" [dylan-hls/mine.cpp:173]   --->   Operation 227 'write' 'write_ln173' <Predicate = (icmp_ln133)> <Delay = 0.00>
ST_3 : Operation 228 [1/1] (0.00ns)   --->   "%write_ln173 = write void @_ssdm_op_Write.ap_auto.i32P0A, i32 %f_out, i32 %g_4" [dylan-hls/mine.cpp:173]   --->   Operation 228 'write' 'write_ln173' <Predicate = (icmp_ln133)> <Delay = 0.00>
ST_3 : Operation 229 [1/1] (0.00ns)   --->   "%write_ln173 = write void @_ssdm_op_Write.ap_auto.i32P0A, i32 %g_out, i32 %h_4" [dylan-hls/mine.cpp:173]   --->   Operation 229 'write' 'write_ln173' <Predicate = (icmp_ln133)> <Delay = 0.00>
ST_3 : Operation 230 [1/1] (0.00ns)   --->   "%write_ln0 = write void @_ssdm_op_Write.ap_auto.i32P0A, i32 %h_out, i32 %h_load_2"   --->   Operation 230 'write' 'write_ln0' <Predicate = (icmp_ln133)> <Delay = 0.00>
ST_3 : Operation 231 [1/1] (0.42ns)   --->   "%ret_ln0 = ret"   --->   Operation 231 'ret' 'ret_ln0' <Predicate = (icmp_ln133)> <Delay = 0.42>


============================================================
+ Verbose Summary: Timing violations
============================================================
Target clock period: 5.000ns, clock uncertainty: 1.350ns.

 <State 1>: 0.427ns
The critical path consists of the following:
	'alloca' operation 32 bit ('b', dylan-hls/mine.cpp:124) [50]  (0.000 ns)
	'store' operation ('store_ln124', dylan-hls/mine.cpp:124) of constant 1779033703 32 bit on local variable 'b', dylan-hls/mine.cpp:124 [67]  (0.427 ns)

 <State 2>: 2.663ns
The critical path consists of the following:
	'load' operation 7 bit ('i', dylan-hls/mine.cpp:133) on local variable 'i', dylan-hls/mine.cpp:133 [94]  (0.000 ns)
	'sparsemux' operation 32 bit ('tmp', dylan-hls/mine.cpp:157) [144]  (0.489 ns)
	'add' operation 32 bit ('add_ln159', dylan-hls/mine.cpp:159) [155]  (1.016 ns)
	'add' operation 32 bit ('wt', dylan-hls/mine.cpp:159) [156]  (0.731 ns)
	'store' operation ('store_ln114', dylan-hls/mine.cpp:114) of variable 'wt', dylan-hls/mine.cpp:159 32 bit on local variable 'w', dylan-hls/mine.cpp:114 [171]  (0.427 ns)

 <State 3>: 3.411ns
The critical path consists of the following:
	'load' operation 32 bit ('K_load', dylan-hls/mine.cpp:173) on array 'K' [220]  (1.237 ns)
	'add' operation 32 bit ('add_ln173', dylan-hls/mine.cpp:173) [230]  (0.000 ns)
	'add' operation 32 bit ('t1', dylan-hls/mine.cpp:173) [233]  (0.731 ns)
	'add' operation 32 bit ('e', dylan-hls/mine.cpp:190) [240]  (1.016 ns)
	'store' operation ('store_ln128', dylan-hls/mine.cpp:128) of variable 'e', dylan-hls/mine.cpp:190 32 bit on local variable 'f', dylan-hls/mine.cpp:128 [255]  (0.427 ns)


============================================================
+ Verbose Summary: Binding
============================================================
N/A
* FSMD analyzer results:
  - Output states:
 - Input state : 
  - Chain level:
	State 1
	State 2
	State 3


============================================================
+ Verbose Summary: Datapath Resource usage 
============================================================
N/A
