

================================================================
== Vitis HLS Report for 'sha256_compress_words_1_Pipeline_LOAD_INITIAL_WORDS'
================================================================
* Date:           Mon Aug  3 02:09:58 2026

* Version:        2025.2 (Build 6295257 on Nov 14 2025)
* Project:        mine
* Solution:       hls (Vitis Kernel Flow Target)
* Product family: zynquplus
* Target device:  xck26-sfvc784-2LV-c


================================================================
== Performance Estimates
================================================================
+ Timing: 
    * Summary: 
    +--------+---------+----------+------------+
    |  Clock |  Target | Estimated| Uncertainty|
    +--------+---------+----------+------------+
    |ap_clk  |  5.00 ns|  1.643 ns|     1.35 ns|
    +--------+---------+----------+------------+

+ Latency: 
    * Summary: 
    +---------+---------+-----------+-----------+-----+-----+-------------------+
    |  Latency (cycles) |   Latency (absolute)  |  Interval |      Pipeline     |
    |   min   |   max   |    min    |    max    | min | max |        Type       |
    +---------+---------+-----------+-----------+-----+-----+-------------------+
    |       18|       18|  90.000 ns|  90.000 ns|    0|    0|  loop pipeline stp|
    +---------+---------+-----------+-----------+-----+-----+-------------------+

    + Detail: 
        * Instance: 
        N/A

        * Loop: 
        +----------------------+---------+---------+----------+-----------+-----------+------+----------+
        |                      |  Latency (cycles) | Iteration|  Initiation Interval  | Trip |          |
        |       Loop Name      |   min   |   max   |  Latency |  achieved |   target  | Count| Pipelined|
        +----------------------+---------+---------+----------+-----------+-----------+------+----------+
        |- LOAD_INITIAL_WORDS  |       16|       16|         1|          1|          1|    16|       yes|
        +----------------------+---------+---------+----------+-----------+-----------+------+----------+

============================================================
+ Verbose Summary: Synthesis Manager
============================================================
InlineROM: 1
ExposeGlobal: 0
============================================================
+ Verbose Summary: CDFG Model
============================================================
IsTopModel: 0
ResetActiveHigh: 1
IsCombinational: 0
IsDatapathOnly: 0
HasWiredReturn: 1
HasMFsm: 2
HasVarLatency: 1
IsPipeline: 0
IsRtlPipelined: 0
IsInstanceOverlapped: 0
IsDontTouch: 0
HasImplIP: 0
IsGatedGlobalClock: 0

+ Individual pipeline summary: 
  * Pipeline-0: initiation interval (II) = 1, depth = 1


============================================================
+ Verbose Summary: Schedule
============================================================
* Number of FSM states : 1
* Pipeline : 1
  Pipeline-0 : II = 1, D = 1, States = { 1 }
* Dataflow Pipeline: 0

* FSM state transitions: 
1 --> 

* FSM state operations: 

State 1 <SV = 0> <Delay = 1.64>
ST_1 : Operation 4 [1/1] (0.00ns)   --->   "%i = alloca i32 1" [dylan-hls/mine.cpp:118]   --->   Operation 4 'alloca' 'i' <Predicate = true> <Delay = 0.00>
ST_1 : Operation 5 [1/1] (0.00ns)   --->   "%w = alloca i32 1" [dylan-hls/mine.cpp:114]   --->   Operation 5 'alloca' 'w' <Predicate = true> <Delay = 0.00>
ST_1 : Operation 6 [1/1] (0.00ns)   --->   "%w_1 = alloca i32 1" [dylan-hls/mine.cpp:114]   --->   Operation 6 'alloca' 'w_1' <Predicate = true> <Delay = 0.00>
ST_1 : Operation 7 [1/1] (0.00ns)   --->   "%w_2 = alloca i32 1" [dylan-hls/mine.cpp:114]   --->   Operation 7 'alloca' 'w_2' <Predicate = true> <Delay = 0.00>
ST_1 : Operation 8 [1/1] (0.00ns)   --->   "%w_3 = alloca i32 1" [dylan-hls/mine.cpp:114]   --->   Operation 8 'alloca' 'w_3' <Predicate = true> <Delay = 0.00>
ST_1 : Operation 9 [1/1] (0.00ns)   --->   "%w_4 = alloca i32 1" [dylan-hls/mine.cpp:114]   --->   Operation 9 'alloca' 'w_4' <Predicate = true> <Delay = 0.00>
ST_1 : Operation 10 [1/1] (0.00ns)   --->   "%w_5 = alloca i32 1" [dylan-hls/mine.cpp:114]   --->   Operation 10 'alloca' 'w_5' <Predicate = true> <Delay = 0.00>
ST_1 : Operation 11 [1/1] (0.00ns)   --->   "%w_6 = alloca i32 1" [dylan-hls/mine.cpp:114]   --->   Operation 11 'alloca' 'w_6' <Predicate = true> <Delay = 0.00>
ST_1 : Operation 12 [1/1] (0.00ns)   --->   "%w_7 = alloca i32 1" [dylan-hls/mine.cpp:114]   --->   Operation 12 'alloca' 'w_7' <Predicate = true> <Delay = 0.00>
ST_1 : Operation 13 [1/1] (0.00ns)   --->   "%w_8 = alloca i32 1" [dylan-hls/mine.cpp:114]   --->   Operation 13 'alloca' 'w_8' <Predicate = true> <Delay = 0.00>
ST_1 : Operation 14 [1/1] (0.00ns)   --->   "%w_9 = alloca i32 1" [dylan-hls/mine.cpp:114]   --->   Operation 14 'alloca' 'w_9' <Predicate = true> <Delay = 0.00>
ST_1 : Operation 15 [1/1] (0.00ns)   --->   "%w_10 = alloca i32 1" [dylan-hls/mine.cpp:114]   --->   Operation 15 'alloca' 'w_10' <Predicate = true> <Delay = 0.00>
ST_1 : Operation 16 [1/1] (0.00ns)   --->   "%w_11 = alloca i32 1" [dylan-hls/mine.cpp:114]   --->   Operation 16 'alloca' 'w_11' <Predicate = true> <Delay = 0.00>
ST_1 : Operation 17 [1/1] (0.00ns)   --->   "%w_12 = alloca i32 1" [dylan-hls/mine.cpp:114]   --->   Operation 17 'alloca' 'w_12' <Predicate = true> <Delay = 0.00>
ST_1 : Operation 18 [1/1] (0.00ns)   --->   "%w_13 = alloca i32 1" [dylan-hls/mine.cpp:114]   --->   Operation 18 'alloca' 'w_13' <Predicate = true> <Delay = 0.00>
ST_1 : Operation 19 [1/1] (0.00ns)   --->   "%w_14 = alloca i32 1" [dylan-hls/mine.cpp:114]   --->   Operation 19 'alloca' 'w_14' <Predicate = true> <Delay = 0.00>
ST_1 : Operation 20 [1/1] (0.00ns)   --->   "%w_15 = alloca i32 1" [dylan-hls/mine.cpp:114]   --->   Operation 20 'alloca' 'w_15' <Predicate = true> <Delay = 0.00>
ST_1 : Operation 21 [1/1] (0.00ns)   --->   "%block_words_15_val_read = read i32 @_ssdm_op_Read.ap_auto.i32, i32 %block_words_15_val"   --->   Operation 21 'read' 'block_words_15_val_read' <Predicate = true> <Delay = 0.00>
ST_1 : Operation 22 [1/1] (0.00ns)   --->   "%block_words_14_val_read = read i32 @_ssdm_op_Read.ap_auto.i32, i32 %block_words_14_val"   --->   Operation 22 'read' 'block_words_14_val_read' <Predicate = true> <Delay = 0.00>
ST_1 : Operation 23 [1/1] (0.00ns)   --->   "%block_words_13_val_read = read i32 @_ssdm_op_Read.ap_auto.i32, i32 %block_words_13_val"   --->   Operation 23 'read' 'block_words_13_val_read' <Predicate = true> <Delay = 0.00>
ST_1 : Operation 24 [1/1] (0.00ns)   --->   "%block_words_12_val_read = read i32 @_ssdm_op_Read.ap_auto.i32, i32 %block_words_12_val"   --->   Operation 24 'read' 'block_words_12_val_read' <Predicate = true> <Delay = 0.00>
ST_1 : Operation 25 [1/1] (0.00ns)   --->   "%block_words_11_val_read = read i32 @_ssdm_op_Read.ap_auto.i32, i32 %block_words_11_val"   --->   Operation 25 'read' 'block_words_11_val_read' <Predicate = true> <Delay = 0.00>
ST_1 : Operation 26 [1/1] (0.00ns)   --->   "%block_words_10_val_read = read i32 @_ssdm_op_Read.ap_auto.i32, i32 %block_words_10_val"   --->   Operation 26 'read' 'block_words_10_val_read' <Predicate = true> <Delay = 0.00>
ST_1 : Operation 27 [1/1] (0.00ns)   --->   "%block_words_9_val_read = read i32 @_ssdm_op_Read.ap_auto.i32, i32 %block_words_9_val"   --->   Operation 27 'read' 'block_words_9_val_read' <Predicate = true> <Delay = 0.00>
ST_1 : Operation 28 [1/1] (0.00ns)   --->   "%block_words_8_val_read = read i32 @_ssdm_op_Read.ap_auto.i32, i32 %block_words_8_val"   --->   Operation 28 'read' 'block_words_8_val_read' <Predicate = true> <Delay = 0.00>
ST_1 : Operation 29 [1/1] (0.00ns)   --->   "%block_words_7_val_read = read i32 @_ssdm_op_Read.ap_auto.i32, i32 %block_words_7_val"   --->   Operation 29 'read' 'block_words_7_val_read' <Predicate = true> <Delay = 0.00>
ST_1 : Operation 30 [1/1] (0.00ns)   --->   "%block_words_6_val_read = read i32 @_ssdm_op_Read.ap_auto.i32, i32 %block_words_6_val"   --->   Operation 30 'read' 'block_words_6_val_read' <Predicate = true> <Delay = 0.00>
ST_1 : Operation 31 [1/1] (0.00ns)   --->   "%block_words_5_val_read = read i32 @_ssdm_op_Read.ap_auto.i32, i32 %block_words_5_val"   --->   Operation 31 'read' 'block_words_5_val_read' <Predicate = true> <Delay = 0.00>
ST_1 : Operation 32 [1/1] (0.00ns)   --->   "%block_words_4_val_read = read i32 @_ssdm_op_Read.ap_auto.i32, i32 %block_words_4_val"   --->   Operation 32 'read' 'block_words_4_val_read' <Predicate = true> <Delay = 0.00>
ST_1 : Operation 33 [1/1] (0.00ns)   --->   "%block_words_3_val_read = read i32 @_ssdm_op_Read.ap_auto.i32, i32 %block_words_3_val"   --->   Operation 33 'read' 'block_words_3_val_read' <Predicate = true> <Delay = 0.00>
ST_1 : Operation 34 [1/1] (0.00ns)   --->   "%block_words_2_val_read = read i32 @_ssdm_op_Read.ap_auto.i32, i32 %block_words_2_val"   --->   Operation 34 'read' 'block_words_2_val_read' <Predicate = true> <Delay = 0.00>
ST_1 : Operation 35 [1/1] (0.00ns)   --->   "%block_words_1_val_read = read i32 @_ssdm_op_Read.ap_auto.i32, i32 %block_words_1_val"   --->   Operation 35 'read' 'block_words_1_val_read' <Predicate = true> <Delay = 0.00>
ST_1 : Operation 36 [1/1] (0.00ns)   --->   "%block_words_0_val_read = read i32 @_ssdm_op_Read.ap_auto.i32, i32 %block_words_0_val"   --->   Operation 36 'read' 'block_words_0_val_read' <Predicate = true> <Delay = 0.00>
ST_1 : Operation 37 [1/1] (0.42ns)   --->   "%store_ln118 = store i5 0, i5 %i" [dylan-hls/mine.cpp:118]   --->   Operation 37 'store' 'store_ln118' <Predicate = true> <Delay = 0.42>
ST_1 : Operation 38 [1/1] (0.00ns)   --->   "%br_ln0 = br void %for.inc"   --->   Operation 38 'br' 'br_ln0' <Predicate = true> <Delay = 0.00>
ST_1 : Operation 39 [1/1] (0.00ns)   --->   "%i_3 = load i5 %i" [dylan-hls/mine.cpp:118]   --->   Operation 39 'load' 'i_3' <Predicate = true> <Delay = 0.00>
ST_1 : Operation 40 [1/1] (0.78ns)   --->   "%icmp_ln118 = icmp_eq  i5 %i_3, i5 16" [dylan-hls/mine.cpp:118]   --->   Operation 40 'icmp' 'icmp_ln118' <Predicate = true> <Delay = 0.78> <CoreInst = "Cmp">   --->   Core 9 'Cmp' <Latency = 0> <II = 1> <Delay = 0.78> <FuncUnit> <Opcode : 'seteq' 'setne' 'setle' 'setge' 'setlt' 'setgt'> <InPorts = 2> <OutPorts = 1>
ST_1 : Operation 41 [1/1] (0.78ns)   --->   "%add_ln118 = add i5 %i_3, i5 1" [dylan-hls/mine.cpp:118]   --->   Operation 41 'add' 'add_ln118' <Predicate = true> <Delay = 0.78> <CoreInst = "Adder">   --->   Core 1 'Adder' <Latency = 0> <II = 1> <Delay = 0.78> <FuncUnit> <Opcode : 'add' 'sub'> <InPorts = 2> <OutPorts = 1>
ST_1 : Operation 42 [1/1] (0.00ns)   --->   "%br_ln118 = br i1 %icmp_ln118, void %for.inc.split, void %for.body15.preheader.exitStub" [dylan-hls/mine.cpp:118]   --->   Operation 42 'br' 'br_ln118' <Predicate = true> <Delay = 0.00>
ST_1 : Operation 43 [1/1] (0.00ns)   --->   "%trunc_ln118 = trunc i5 %i_3" [dylan-hls/mine.cpp:118]   --->   Operation 43 'trunc' 'trunc_ln118' <Predicate = (!icmp_ln118)> <Delay = 0.00>
ST_1 : Operation 44 [1/1] (0.00ns)   --->   "%specpipeline_ln119 = specpipeline void @_ssdm_op_SpecPipeline, i32 1, i32 0, i32 0, i32 0, i32 4294967295, void @empty" [dylan-hls/mine.cpp:119]   --->   Operation 44 'specpipeline' 'specpipeline_ln119' <Predicate = (!icmp_ln118)> <Delay = 0.00>
ST_1 : Operation 45 [1/1] (0.00ns)   --->   "%speclooptripcount_ln114 = speclooptripcount void @_ssdm_op_SpecLoopTripCount, i64 16, i64 16, i64 16" [dylan-hls/mine.cpp:114]   --->   Operation 45 'speclooptripcount' 'speclooptripcount_ln114' <Predicate = (!icmp_ln118)> <Delay = 0.00>
ST_1 : Operation 46 [1/1] (0.00ns)   --->   "%specloopname_ln118 = specloopname void @_ssdm_op_SpecLoopName, void @empty_24" [dylan-hls/mine.cpp:118]   --->   Operation 46 'specloopname' 'specloopname_ln118' <Predicate = (!icmp_ln118)> <Delay = 0.00>
ST_1 : Operation 47 [1/1] (0.48ns)   --->   "%w_49 = sparsemux i32 @_ssdm_op_SparseMux.ap_auto.16i32.i32.i4, i4 0, i32 %block_words_0_val_read, i4 1, i32 %block_words_1_val_read, i4 2, i32 %block_words_2_val_read, i4 3, i32 %block_words_3_val_read, i4 4, i32 %block_words_4_val_read, i4 5, i32 %block_words_5_val_read, i4 6, i32 %block_words_6_val_read, i4 7, i32 %block_words_7_val_read, i4 8, i32 %block_words_8_val_read, i4 9, i32 %block_words_9_val_read, i4 10, i32 %block_words_10_val_read, i4 11, i32 %block_words_11_val_read, i4 12, i32 %block_words_12_val_read, i4 13, i32 %block_words_13_val_read, i4 14, i32 %block_words_14_val_read, i4 15, i32 %block_words_15_val_read, i32 0, i4 %trunc_ln118" [dylan-hls/mine.cpp:120]   --->   Operation 47 'sparsemux' 'w_49' <Predicate = (!icmp_ln118)> <Delay = 0.48> <CoreInst = "BinarySparseMux_DontCare">   --->   Core 149 'BinarySparseMux_DontCare' <Latency = 0> <II = 1> <Delay = 0.48> <FuncUnit> <Opcode : 'sparsemux'> <InPorts = 2> <OutPorts = 1>
ST_1 : Operation 48 [1/1] (0.79ns)   --->   "%switch_ln120 = switch i4 %trunc_ln118, void %arrayidx2.case.15, i4 0, void %arrayidx2.case.0, i4 1, void %arrayidx2.case.1, i4 2, void %arrayidx2.case.2, i4 3, void %arrayidx2.case.3, i4 4, void %arrayidx2.case.4, i4 5, void %arrayidx2.case.5, i4 6, void %arrayidx2.case.6, i4 7, void %arrayidx2.case.7, i4 8, void %arrayidx2.case.8, i4 9, void %arrayidx2.case.9, i4 10, void %arrayidx2.case.10, i4 11, void %arrayidx2.case.11, i4 12, void %arrayidx2.case.12, i4 13, void %arrayidx2.case.13, i4 14, void %for.inc.split.arrayidx2.exit_crit_edge" [dylan-hls/mine.cpp:120]   --->   Operation 48 'switch' 'switch_ln120' <Predicate = (!icmp_ln118)> <Delay = 0.79>
ST_1 : Operation 49 [1/1] (0.00ns)   --->   "%store_ln114 = store i32 %w_49, i32 %w_14" [dylan-hls/mine.cpp:114]   --->   Operation 49 'store' 'store_ln114' <Predicate = (!icmp_ln118 & trunc_ln118 == 14)> <Delay = 0.00>
ST_1 : Operation 50 [1/1] (0.00ns)   --->   "%br_ln120 = br void %arrayidx2.exit" [dylan-hls/mine.cpp:120]   --->   Operation 50 'br' 'br_ln120' <Predicate = (!icmp_ln118 & trunc_ln118 == 14)> <Delay = 0.00>
ST_1 : Operation 51 [1/1] (0.00ns)   --->   "%store_ln114 = store i32 %w_49, i32 %w_13" [dylan-hls/mine.cpp:114]   --->   Operation 51 'store' 'store_ln114' <Predicate = (!icmp_ln118 & trunc_ln118 == 13)> <Delay = 0.00>
ST_1 : Operation 52 [1/1] (0.00ns)   --->   "%br_ln120 = br void %arrayidx2.exit" [dylan-hls/mine.cpp:120]   --->   Operation 52 'br' 'br_ln120' <Predicate = (!icmp_ln118 & trunc_ln118 == 13)> <Delay = 0.00>
ST_1 : Operation 53 [1/1] (0.00ns)   --->   "%store_ln114 = store i32 %w_49, i32 %w_12" [dylan-hls/mine.cpp:114]   --->   Operation 53 'store' 'store_ln114' <Predicate = (!icmp_ln118 & trunc_ln118 == 12)> <Delay = 0.00>
ST_1 : Operation 54 [1/1] (0.00ns)   --->   "%br_ln120 = br void %arrayidx2.exit" [dylan-hls/mine.cpp:120]   --->   Operation 54 'br' 'br_ln120' <Predicate = (!icmp_ln118 & trunc_ln118 == 12)> <Delay = 0.00>
ST_1 : Operation 55 [1/1] (0.00ns)   --->   "%store_ln114 = store i32 %w_49, i32 %w_11" [dylan-hls/mine.cpp:114]   --->   Operation 55 'store' 'store_ln114' <Predicate = (!icmp_ln118 & trunc_ln118 == 11)> <Delay = 0.00>
ST_1 : Operation 56 [1/1] (0.00ns)   --->   "%br_ln120 = br void %arrayidx2.exit" [dylan-hls/mine.cpp:120]   --->   Operation 56 'br' 'br_ln120' <Predicate = (!icmp_ln118 & trunc_ln118 == 11)> <Delay = 0.00>
ST_1 : Operation 57 [1/1] (0.00ns)   --->   "%store_ln114 = store i32 %w_49, i32 %w_10" [dylan-hls/mine.cpp:114]   --->   Operation 57 'store' 'store_ln114' <Predicate = (!icmp_ln118 & trunc_ln118 == 10)> <Delay = 0.00>
ST_1 : Operation 58 [1/1] (0.00ns)   --->   "%br_ln120 = br void %arrayidx2.exit" [dylan-hls/mine.cpp:120]   --->   Operation 58 'br' 'br_ln120' <Predicate = (!icmp_ln118 & trunc_ln118 == 10)> <Delay = 0.00>
ST_1 : Operation 59 [1/1] (0.00ns)   --->   "%store_ln114 = store i32 %w_49, i32 %w_9" [dylan-hls/mine.cpp:114]   --->   Operation 59 'store' 'store_ln114' <Predicate = (!icmp_ln118 & trunc_ln118 == 9)> <Delay = 0.00>
ST_1 : Operation 60 [1/1] (0.00ns)   --->   "%br_ln120 = br void %arrayidx2.exit" [dylan-hls/mine.cpp:120]   --->   Operation 60 'br' 'br_ln120' <Predicate = (!icmp_ln118 & trunc_ln118 == 9)> <Delay = 0.00>
ST_1 : Operation 61 [1/1] (0.00ns)   --->   "%store_ln114 = store i32 %w_49, i32 %w_8" [dylan-hls/mine.cpp:114]   --->   Operation 61 'store' 'store_ln114' <Predicate = (!icmp_ln118 & trunc_ln118 == 8)> <Delay = 0.00>
ST_1 : Operation 62 [1/1] (0.00ns)   --->   "%br_ln120 = br void %arrayidx2.exit" [dylan-hls/mine.cpp:120]   --->   Operation 62 'br' 'br_ln120' <Predicate = (!icmp_ln118 & trunc_ln118 == 8)> <Delay = 0.00>
ST_1 : Operation 63 [1/1] (0.00ns)   --->   "%store_ln114 = store i32 %w_49, i32 %w_7" [dylan-hls/mine.cpp:114]   --->   Operation 63 'store' 'store_ln114' <Predicate = (!icmp_ln118 & trunc_ln118 == 7)> <Delay = 0.00>
ST_1 : Operation 64 [1/1] (0.00ns)   --->   "%br_ln120 = br void %arrayidx2.exit" [dylan-hls/mine.cpp:120]   --->   Operation 64 'br' 'br_ln120' <Predicate = (!icmp_ln118 & trunc_ln118 == 7)> <Delay = 0.00>
ST_1 : Operation 65 [1/1] (0.00ns)   --->   "%store_ln114 = store i32 %w_49, i32 %w_6" [dylan-hls/mine.cpp:114]   --->   Operation 65 'store' 'store_ln114' <Predicate = (!icmp_ln118 & trunc_ln118 == 6)> <Delay = 0.00>
ST_1 : Operation 66 [1/1] (0.00ns)   --->   "%br_ln120 = br void %arrayidx2.exit" [dylan-hls/mine.cpp:120]   --->   Operation 66 'br' 'br_ln120' <Predicate = (!icmp_ln118 & trunc_ln118 == 6)> <Delay = 0.00>
ST_1 : Operation 67 [1/1] (0.00ns)   --->   "%store_ln114 = store i32 %w_49, i32 %w_5" [dylan-hls/mine.cpp:114]   --->   Operation 67 'store' 'store_ln114' <Predicate = (!icmp_ln118 & trunc_ln118 == 5)> <Delay = 0.00>
ST_1 : Operation 68 [1/1] (0.00ns)   --->   "%br_ln120 = br void %arrayidx2.exit" [dylan-hls/mine.cpp:120]   --->   Operation 68 'br' 'br_ln120' <Predicate = (!icmp_ln118 & trunc_ln118 == 5)> <Delay = 0.00>
ST_1 : Operation 69 [1/1] (0.00ns)   --->   "%store_ln114 = store i32 %w_49, i32 %w_4" [dylan-hls/mine.cpp:114]   --->   Operation 69 'store' 'store_ln114' <Predicate = (!icmp_ln118 & trunc_ln118 == 4)> <Delay = 0.00>
ST_1 : Operation 70 [1/1] (0.00ns)   --->   "%br_ln120 = br void %arrayidx2.exit" [dylan-hls/mine.cpp:120]   --->   Operation 70 'br' 'br_ln120' <Predicate = (!icmp_ln118 & trunc_ln118 == 4)> <Delay = 0.00>
ST_1 : Operation 71 [1/1] (0.00ns)   --->   "%store_ln114 = store i32 %w_49, i32 %w_3" [dylan-hls/mine.cpp:114]   --->   Operation 71 'store' 'store_ln114' <Predicate = (!icmp_ln118 & trunc_ln118 == 3)> <Delay = 0.00>
ST_1 : Operation 72 [1/1] (0.00ns)   --->   "%br_ln120 = br void %arrayidx2.exit" [dylan-hls/mine.cpp:120]   --->   Operation 72 'br' 'br_ln120' <Predicate = (!icmp_ln118 & trunc_ln118 == 3)> <Delay = 0.00>
ST_1 : Operation 73 [1/1] (0.00ns)   --->   "%store_ln114 = store i32 %w_49, i32 %w_2" [dylan-hls/mine.cpp:114]   --->   Operation 73 'store' 'store_ln114' <Predicate = (!icmp_ln118 & trunc_ln118 == 2)> <Delay = 0.00>
ST_1 : Operation 74 [1/1] (0.00ns)   --->   "%br_ln120 = br void %arrayidx2.exit" [dylan-hls/mine.cpp:120]   --->   Operation 74 'br' 'br_ln120' <Predicate = (!icmp_ln118 & trunc_ln118 == 2)> <Delay = 0.00>
ST_1 : Operation 75 [1/1] (0.00ns)   --->   "%store_ln114 = store i32 %w_49, i32 %w_1" [dylan-hls/mine.cpp:114]   --->   Operation 75 'store' 'store_ln114' <Predicate = (!icmp_ln118 & trunc_ln118 == 1)> <Delay = 0.00>
ST_1 : Operation 76 [1/1] (0.00ns)   --->   "%br_ln120 = br void %arrayidx2.exit" [dylan-hls/mine.cpp:120]   --->   Operation 76 'br' 'br_ln120' <Predicate = (!icmp_ln118 & trunc_ln118 == 1)> <Delay = 0.00>
ST_1 : Operation 77 [1/1] (0.00ns)   --->   "%store_ln114 = store i32 %w_49, i32 %w" [dylan-hls/mine.cpp:114]   --->   Operation 77 'store' 'store_ln114' <Predicate = (!icmp_ln118 & trunc_ln118 == 0)> <Delay = 0.00>
ST_1 : Operation 78 [1/1] (0.00ns)   --->   "%br_ln120 = br void %arrayidx2.exit" [dylan-hls/mine.cpp:120]   --->   Operation 78 'br' 'br_ln120' <Predicate = (!icmp_ln118 & trunc_ln118 == 0)> <Delay = 0.00>
ST_1 : Operation 79 [1/1] (0.00ns)   --->   "%store_ln114 = store i32 %w_49, i32 %w_15" [dylan-hls/mine.cpp:114]   --->   Operation 79 'store' 'store_ln114' <Predicate = (!icmp_ln118 & trunc_ln118 == 15)> <Delay = 0.00>
ST_1 : Operation 80 [1/1] (0.00ns)   --->   "%br_ln120 = br void %arrayidx2.exit" [dylan-hls/mine.cpp:120]   --->   Operation 80 'br' 'br_ln120' <Predicate = (!icmp_ln118 & trunc_ln118 == 15)> <Delay = 0.00>
ST_1 : Operation 81 [1/1] (0.42ns)   --->   "%store_ln118 = store i5 %add_ln118, i5 %i" [dylan-hls/mine.cpp:118]   --->   Operation 81 'store' 'store_ln118' <Predicate = (!icmp_ln118)> <Delay = 0.42>
ST_1 : Operation 82 [1/1] (0.00ns)   --->   "%br_ln118 = br void %for.inc" [dylan-hls/mine.cpp:118]   --->   Operation 82 'br' 'br_ln118' <Predicate = (!icmp_ln118)> <Delay = 0.00>
ST_1 : Operation 83 [1/1] (0.00ns)   --->   "%w_load = load i32 %w"   --->   Operation 83 'load' 'w_load' <Predicate = (icmp_ln118)> <Delay = 0.00>
ST_1 : Operation 84 [1/1] (0.00ns)   --->   "%w_1_load = load i32 %w_1"   --->   Operation 84 'load' 'w_1_load' <Predicate = (icmp_ln118)> <Delay = 0.00>
ST_1 : Operation 85 [1/1] (0.00ns)   --->   "%w_2_load = load i32 %w_2"   --->   Operation 85 'load' 'w_2_load' <Predicate = (icmp_ln118)> <Delay = 0.00>
ST_1 : Operation 86 [1/1] (0.00ns)   --->   "%w_3_load = load i32 %w_3"   --->   Operation 86 'load' 'w_3_load' <Predicate = (icmp_ln118)> <Delay = 0.00>
ST_1 : Operation 87 [1/1] (0.00ns)   --->   "%w_4_load = load i32 %w_4"   --->   Operation 87 'load' 'w_4_load' <Predicate = (icmp_ln118)> <Delay = 0.00>
ST_1 : Operation 88 [1/1] (0.00ns)   --->   "%w_5_load = load i32 %w_5"   --->   Operation 88 'load' 'w_5_load' <Predicate = (icmp_ln118)> <Delay = 0.00>
ST_1 : Operation 89 [1/1] (0.00ns)   --->   "%w_6_load = load i32 %w_6"   --->   Operation 89 'load' 'w_6_load' <Predicate = (icmp_ln118)> <Delay = 0.00>
ST_1 : Operation 90 [1/1] (0.00ns)   --->   "%w_7_load = load i32 %w_7"   --->   Operation 90 'load' 'w_7_load' <Predicate = (icmp_ln118)> <Delay = 0.00>
ST_1 : Operation 91 [1/1] (0.00ns)   --->   "%w_8_load = load i32 %w_8"   --->   Operation 91 'load' 'w_8_load' <Predicate = (icmp_ln118)> <Delay = 0.00>
ST_1 : Operation 92 [1/1] (0.00ns)   --->   "%w_9_load = load i32 %w_9"   --->   Operation 92 'load' 'w_9_load' <Predicate = (icmp_ln118)> <Delay = 0.00>
ST_1 : Operation 93 [1/1] (0.00ns)   --->   "%w_10_load = load i32 %w_10"   --->   Operation 93 'load' 'w_10_load' <Predicate = (icmp_ln118)> <Delay = 0.00>
ST_1 : Operation 94 [1/1] (0.00ns)   --->   "%w_11_load = load i32 %w_11"   --->   Operation 94 'load' 'w_11_load' <Predicate = (icmp_ln118)> <Delay = 0.00>
ST_1 : Operation 95 [1/1] (0.00ns)   --->   "%w_12_load = load i32 %w_12"   --->   Operation 95 'load' 'w_12_load' <Predicate = (icmp_ln118)> <Delay = 0.00>
ST_1 : Operation 96 [1/1] (0.00ns)   --->   "%w_13_load = load i32 %w_13"   --->   Operation 96 'load' 'w_13_load' <Predicate = (icmp_ln118)> <Delay = 0.00>
ST_1 : Operation 97 [1/1] (0.00ns)   --->   "%w_14_load = load i32 %w_14"   --->   Operation 97 'load' 'w_14_load' <Predicate = (icmp_ln118)> <Delay = 0.00>
ST_1 : Operation 98 [1/1] (0.00ns)   --->   "%w_15_load = load i32 %w_15"   --->   Operation 98 'load' 'w_15_load' <Predicate = (icmp_ln118)> <Delay = 0.00>
ST_1 : Operation 99 [1/1] (0.00ns)   --->   "%write_ln0 = write void @_ssdm_op_Write.ap_auto.i32P0A, i32 %w_15_out, i32 %w_15_load"   --->   Operation 99 'write' 'write_ln0' <Predicate = (icmp_ln118)> <Delay = 0.00>
ST_1 : Operation 100 [1/1] (0.00ns)   --->   "%write_ln0 = write void @_ssdm_op_Write.ap_auto.i32P0A, i32 %w_14_out, i32 %w_14_load"   --->   Operation 100 'write' 'write_ln0' <Predicate = (icmp_ln118)> <Delay = 0.00>
ST_1 : Operation 101 [1/1] (0.00ns)   --->   "%write_ln0 = write void @_ssdm_op_Write.ap_auto.i32P0A, i32 %w_13_out, i32 %w_13_load"   --->   Operation 101 'write' 'write_ln0' <Predicate = (icmp_ln118)> <Delay = 0.00>
ST_1 : Operation 102 [1/1] (0.00ns)   --->   "%write_ln0 = write void @_ssdm_op_Write.ap_auto.i32P0A, i32 %w_12_out, i32 %w_12_load"   --->   Operation 102 'write' 'write_ln0' <Predicate = (icmp_ln118)> <Delay = 0.00>
ST_1 : Operation 103 [1/1] (0.00ns)   --->   "%write_ln0 = write void @_ssdm_op_Write.ap_auto.i32P0A, i32 %w_11_out, i32 %w_11_load"   --->   Operation 103 'write' 'write_ln0' <Predicate = (icmp_ln118)> <Delay = 0.00>
ST_1 : Operation 104 [1/1] (0.00ns)   --->   "%write_ln0 = write void @_ssdm_op_Write.ap_auto.i32P0A, i32 %w_10_out, i32 %w_10_load"   --->   Operation 104 'write' 'write_ln0' <Predicate = (icmp_ln118)> <Delay = 0.00>
ST_1 : Operation 105 [1/1] (0.00ns)   --->   "%write_ln0 = write void @_ssdm_op_Write.ap_auto.i32P0A, i32 %w_9_out, i32 %w_9_load"   --->   Operation 105 'write' 'write_ln0' <Predicate = (icmp_ln118)> <Delay = 0.00>
ST_1 : Operation 106 [1/1] (0.00ns)   --->   "%write_ln0 = write void @_ssdm_op_Write.ap_auto.i32P0A, i32 %w_8_out, i32 %w_8_load"   --->   Operation 106 'write' 'write_ln0' <Predicate = (icmp_ln118)> <Delay = 0.00>
ST_1 : Operation 107 [1/1] (0.00ns)   --->   "%write_ln0 = write void @_ssdm_op_Write.ap_auto.i32P0A, i32 %w_7_out, i32 %w_7_load"   --->   Operation 107 'write' 'write_ln0' <Predicate = (icmp_ln118)> <Delay = 0.00>
ST_1 : Operation 108 [1/1] (0.00ns)   --->   "%write_ln0 = write void @_ssdm_op_Write.ap_auto.i32P0A, i32 %w_6_out, i32 %w_6_load"   --->   Operation 108 'write' 'write_ln0' <Predicate = (icmp_ln118)> <Delay = 0.00>
ST_1 : Operation 109 [1/1] (0.00ns)   --->   "%write_ln0 = write void @_ssdm_op_Write.ap_auto.i32P0A, i32 %w_5_out, i32 %w_5_load"   --->   Operation 109 'write' 'write_ln0' <Predicate = (icmp_ln118)> <Delay = 0.00>
ST_1 : Operation 110 [1/1] (0.00ns)   --->   "%write_ln0 = write void @_ssdm_op_Write.ap_auto.i32P0A, i32 %w_4_out, i32 %w_4_load"   --->   Operation 110 'write' 'write_ln0' <Predicate = (icmp_ln118)> <Delay = 0.00>
ST_1 : Operation 111 [1/1] (0.00ns)   --->   "%write_ln0 = write void @_ssdm_op_Write.ap_auto.i32P0A, i32 %w_3_out, i32 %w_3_load"   --->   Operation 111 'write' 'write_ln0' <Predicate = (icmp_ln118)> <Delay = 0.00>
ST_1 : Operation 112 [1/1] (0.00ns)   --->   "%write_ln0 = write void @_ssdm_op_Write.ap_auto.i32P0A, i32 %w_2_out, i32 %w_2_load"   --->   Operation 112 'write' 'write_ln0' <Predicate = (icmp_ln118)> <Delay = 0.00>
ST_1 : Operation 113 [1/1] (0.00ns)   --->   "%write_ln0 = write void @_ssdm_op_Write.ap_auto.i32P0A, i32 %w_1_out, i32 %w_1_load"   --->   Operation 113 'write' 'write_ln0' <Predicate = (icmp_ln118)> <Delay = 0.00>
ST_1 : Operation 114 [1/1] (0.00ns)   --->   "%write_ln0 = write void @_ssdm_op_Write.ap_auto.i32P0A, i32 %w_out, i32 %w_load"   --->   Operation 114 'write' 'write_ln0' <Predicate = (icmp_ln118)> <Delay = 0.00>
ST_1 : Operation 115 [1/1] (0.42ns)   --->   "%ret_ln0 = ret"   --->   Operation 115 'ret' 'ret_ln0' <Predicate = (icmp_ln118)> <Delay = 0.42>


============================================================
+ Verbose Summary: Timing violations
============================================================
Target clock period: 5.000ns, clock uncertainty: 1.350ns.

 <State 1>: 1.643ns
The critical path consists of the following:
	'store' operation ('store_ln118', dylan-hls/mine.cpp:118) of constant 0 5 bit on local variable 'i', dylan-hls/mine.cpp:118 [66]  (0.427 ns)
	'load' operation 5 bit ('i', dylan-hls/mine.cpp:118) on local variable 'i', dylan-hls/mine.cpp:118 [69]  (0.000 ns)
	'icmp' operation 1 bit ('icmp_ln118', dylan-hls/mine.cpp:118) [70]  (0.789 ns)
	'store' operation ('store_ln118', dylan-hls/mine.cpp:118) of variable 'add_ln118', dylan-hls/mine.cpp:118 5 bit on local variable 'i', dylan-hls/mine.cpp:118 [129]  (0.427 ns)


============================================================
+ Verbose Summary: Binding
============================================================
N/A
* FSMD analyzer results:
  - Output states:
 - Input state : 
  - Chain level:
	State 1


============================================================
+ Verbose Summary: Datapath Resource usage 
============================================================
N/A
