================================================================
== Design Size Report
================================================================

* Total Instructions per Compilation Phase
+---------------+----------------------------+--------------+----------------------------------------------------------------------------------------+
| Phase         | Step                       | Instructions | Description                                                                            |
+---------------+----------------------------+--------------+----------------------------------------------------------------------------------------+
| Compile/Link  |                            |   988        | After all functions are compiled and linked into a single design                       |
|               |                            |              |                                                                                        |
| Unroll/Inline |                            |              | After user unroll and inline pragmas are applied                                       |
|               | (1) unroll                 | 1,150        | user unroll pragmas are applied                                                        |
|               | (2) simplification         |   901        | simplification of applied user unroll pragmas                                          |
|               | (3) inline                 |   820        | user inline pragmas are applied                                                        |
|               | (4) simplification         |   809        | simplification of applied user inline pragmas                                          |
|               |                            |              |                                                                                        |
| Array/Struct  |                            |              | After user array partition and struct aggregate/disaggregate pragmas are applied       |
|               | (1) array partition        | 1,427        | user array partition pragmas are applied                                               |
|               | (2) simplification         | 1,163        | simplification of applied user array partition & struct aggregate/disaggregate pragmas |
|               | (3) aggregate/disaggregate | 1,163        | user struct aggregate/disaggregate pragmas are applied                                 |
|               | (4) array reshape          | 1,163        | apply array reshape pragmas                                                            |
|               | (5) access patterns        | 1,316        | array access pattern optmizations                                                      |
|               |                            |              |                                                                                        |
| Performance   |                            |              | After transformations are applied to meet performance pragma targets                   |
|               | (1) loop simplification    | 1,203        | loop and instruction simplification                                                    |
|               | (2) parallelization        | 1,113        | loops are unrolled or pipelined to meet performance targets                            |
|               | (3) array partition        | 1,116        | arrays are partitioned to meet performance targets                                     |
|               | (4) simplification         | 1,116        | simplification of design after performance transformations                             |
|               |                            |              |                                                                                        |
| HW Transforms |                            |              | After hardware transfomations                                                          |
|               | (1) lowering               | 1,128        | initial conversion to HW specific instructions                                         |
|               | (2) optimizations          | 1,144        | high level synthesis optimizations                                                     |
+---------------+----------------------------+--------------+----------------------------------------------------------------------------------------+

* Instructions per Function for each Compilation Phase
+---------------------------+--------------+----------------+---------------+----------------+----------------+----------------+
| Function                  | Location     | Compile/Link   | Unroll/Inline | Array/Struct   | Performance    | HW Transforms  |
+---------------------------+--------------+----------------+---------------+----------------+----------------+----------------+
| + mine                    | mine.cpp:435 | 988            | 809           | 1,316          | 1,116          | 1,144          |
|  + compute_midstate       | mine.cpp:220 | 261            |               |                |                |                |
|     bswap32               | mine.cpp:208 |  12            |               |                |                |                |
|   + sha256_compress_words | mine.cpp:108 | 209            |               |                |                |                |
|      rotr                 | mine.cpp:32  |  50 (10 calls) |               |                |                |                |
|  + sha256d_from_midstate  | mine.cpp:246 | 590            | 531           |  752           |  696           |  715           |
|     bswap32               | mine.cpp:208 |  12            |               |                |                |                |
|   + sha256_compress_words | mine.cpp:108 | 418 (2 calls)  | 290 (2 calls) |  512 (2 calls) |  464 (2 calls) |  482 (2 calls) |
|      rotr                 | mine.cpp:32  | 100 (20 calls) |               |                |                |                |
|    hash_below_target      | mine.cpp:406 |  43            |               |                |                |                |
|    sha256_compress_words  | mine.cpp:108 |                | 145           |  264           |  216           |  225           |
+---------------------------+--------------+----------------+---------------+----------------+----------------+----------------+

* Design Size Message Settings
+---------------------------------------------+--------+------------------------------------------------------------------+
| Message Setting                             | Value  | Description                                                      |
+---------------------------------------------+--------+------------------------------------------------------------------+
| config_compile -design_size_maximum_warning | 100000 | Show a warning when total design instructions exceeds this value |
+---------------------------------------------+--------+------------------------------------------------------------------+


