

================================================================
== Synthesis Summary Report of 'mine'
================================================================
+ General Information: 
    * Date:           Mon Aug  3 02:10:00 2026
    * Version:        2025.2 (Build 6295257 on Nov 14 2025)
    * Project:        mine
    * Solution:       hls (Vitis Kernel Flow Target)
    * Product family: zynquplus
    * Target device:  xck26-sfvc784-2LV-c
    

* Performance & Resource Estimates: 
+---------------------------------------------------------+------+---------------------+----------+---------+------+----------+---------+---------+------+---------+----+------------+-----------+-----+
|                         Modules                         | Issue|                     | Iteration|         | Trip |          |      Latency      |      |         |    |            |           |     |
|                         & Loops                         | Type |    Violation Type   |  Latency | Interval| Count| Pipelined| (cycles)|   (ns)  | Slack|  BRAM   | DSP|     FF     |    LUT    | URAM|
+---------------------------------------------------------+------+---------------------+----------+---------+------+----------+---------+---------+------+---------+----+------------+-----------+-----+
|+ mine                                                   |     -|                    -|         -|        -|     -|        no|        -|        -|  0.00|  25 (8%)|   -|   8721 (3%)|  9679 (8%)|    -|
| + mine_Pipeline_VITIS_LOOP_448_1                        |     -|                    -|         -|        -|     -|       yes|       23|  115.000|  0.00|        -|   -|   248 (~0%)|  109 (~0%)|    -|
|  o VITIS_LOOP_448_1                                     |     -|                    -|         3|        1|    20|       yes|       21|  105.000|  3.65|        -|   -|           -|          -|    -|
| + mine_Pipeline_VITIS_LOOP_453_2                        |     -|                    -|         -|        -|     -|       yes|       10|   50.000|  2.18|        -|   -|   263 (~0%)|   62 (~0%)|    -|
|  o VITIS_LOOP_453_2                                     |     -|                    -|         1|        1|     8|       yes|        8|   40.000|  3.65|        -|   -|           -|          -|    -|
| + mine_Pipeline_BUILD_FIRST_BLOCK                       |     -|                    -|         -|        -|     -|       yes|       18|   90.000|  2.01|        -|   -|   524 (~0%)|   63 (~0%)|    -|
|  o BUILD_FIRST_BLOCK                                    |     -|                    -|         2|        1|    16|       yes|       16|   80.000|  3.65|        -|   -|           -|          -|    -|
| + sha256_compress_words_1                               |     -|                    -|         -|       89|     -|        no|       89|  445.000|  0.24|  1 (~0%)|   -|  1371 (~0%)|  1905 (1%)|    -|
|  + sha256_compress_words_1_Pipeline_LOAD_INITIAL_WORDS  |     -|                    -|         -|        -|     -|       yes|       18|   90.000|  2.01|        -|   -|   519 (~0%)|  117 (~0%)|    -|
|   o LOAD_INITIAL_WORDS                                  |     -|                    -|         1|        1|    16|       yes|       16|   80.000|  3.65|        -|   -|           -|          -|    -|
|  + sha256_compress_words_1_Pipeline_SHA256_ROUNDS       |     -|                    -|         -|        -|     -|       yes|       67|  335.000|  0.24|  1 (~0%)|   -|   845 (~0%)|  1445 (1%)|    -|
|   o SHA256_ROUNDS                                       |     -|                    -|         2|        1|    64|       yes|       65|  325.000|  3.65|        -|   -|           -|          -|    -|
| o VITIS_LOOP_468_3                                      |     -|                    -|       272|        -|     -|        no|        -|        -|  3.65|        -|   -|           -|          -|    -|
|  + sha256d_from_midstate                                |     -|                    -|         -|      199|     -|        no|      199|  995.000|  0.24|  1 (~0%)|   -|  2090 (~0%)|  2615 (2%)|    -|
|   + sha256_compress_words                               |     -|                    -|         -|       90|     -|        no|       90|  450.000|  0.24|  1 (~0%)|   -|  1381 (~0%)|  1905 (1%)|    -|
|    + sha256_compress_words_Pipeline_LOAD_INITIAL_WORDS  |     -|                    -|         -|        -|     -|       yes|       18|   90.000|  2.01|        -|   -|   519 (~0%)|  117 (~0%)|    -|
|     o LOAD_INITIAL_WORDS                                |     -|                    -|         1|        1|    16|       yes|       16|   80.000|  3.65|        -|   -|           -|          -|    -|
|    + sha256_compress_words_Pipeline_SHA256_ROUNDS       |     -|                    -|         -|        -|     -|       yes|       67|  335.000|  0.24|  1 (~0%)|   -|   845 (~0%)|  1445 (1%)|    -|
|     o SHA256_ROUNDS                                     |     -|                    -|         2|        1|    64|       yes|       65|  325.000|  3.65|        -|   -|           -|          -|    -|
|  + mine_Pipeline_COMPARE_HASH                           |     -|                    -|         -|        -|     -|       yes|       67|  335.000|  0.39|        -|   -|    20 (~0%)|  199 (~0%)|    -|
|   o COMPARE_HASH                                        |    II|  Resource Limitation|         2|        2|    32|       yes|       65|  325.000|  3.65|        -|   -|           -|          -|    -|
+---------------------------------------------------------+------+---------------------+----------+---------+------+----------+---------+---------+------+---------+----+------------+-----------+-----+
    II Violation Information: docs.amd.com/access/sources/dita/topic?Doc_Version=2025.2%20English&url=ug1448-hls-guidance&resourceid=200-880.html
    Name Prefix: '+' for module, 'o' for loop, '*' for dataflow


================================================================
== HW Interfaces
================================================================
* M_AXI
+-------------+------------+------------+---------------+---------+--------+----------+-----------+--------------+--------------+-------------+-------------+-------------------+
| Interface   | Read/Write | Data Width | Address Width | Latency | Offset | Register | Max Widen | Max Read     | Max Write    | Num Read    | Num Write   | Resource Estimate |
|             |            | (SW->HW)   |               |         |        |          | Bitwidth  | Burst Length | Burst Length | Outstanding | Outstanding |                   |
+-------------+------------+------------+---------------+---------+--------+----------+-----------+--------------+--------------+-------------+-------------+-------------------+
| m_axi_gmem0 | READ_ONLY  | 32 -> 128  | 64            | 64      | slave  | 0        | 512       | 16           | 16           | 16          | 16          | BRAM=8            |
| m_axi_gmem1 | READ_ONLY  | 32 -> 256  | 64            | 64      | slave  | 0        | 512       | 16           | 16           | 16          | 16          | BRAM=15           |
| m_axi_gmem2 | WRITE_ONLY | 32 -> 32   | 64            | 64      | slave  | 0        | 512       | 16           | 16           | 16          | 16          |                   |
+-------------+------------+------------+---------------+---------+--------+----------+-----------+--------------+--------------+-------------+-------------+-------------------+

* S_AXILITE Interfaces
+---------------+------------+---------------+--------+----------+
| Interface     | Data Width | Address Width | Offset | Register |
+---------------+------------+---------------+--------+----------+
| s_axi_control | 32         | 7             | 16     | 0        |
+---------------+------------+---------------+--------+----------+

* S_AXILITE Registers
+---------------+---------------+--------+-------+--------+----------------------------------+------------------------------------------------------------------------------------+
| Interface     | Register      | Offset | Width | Access | Description                      | Bit Fields                                                                         |
+---------------+---------------+--------+-------+--------+----------------------------------+------------------------------------------------------------------------------------+
| s_axi_control | CTRL          | 0x00   | 32    | RW     | Control signals                  | 0=AP_START 1=AP_DONE 2=AP_IDLE 3=AP_READY 4=AP_CONTINUE 7=AUTO_RESTART 9=INTERRUPT |
| s_axi_control | GIER          | 0x04   | 32    | RW     | Global Interrupt Enable Register | 0=Enable                                                                           |
| s_axi_control | IP_IER        | 0x08   | 32    | RW     | IP Interrupt Enable Register     | 0=CHAN0_INT_EN 1=CHAN1_INT_EN                                                      |
| s_axi_control | IP_ISR        | 0x0c   | 32    | RW     | IP Interrupt Status Register     | 0=CHAN0_INT_ST 1=CHAN1_INT_ST                                                      |
| s_axi_control | header_1      | 0x10   | 32    | W      | Data signal of header            |                                                                                    |
| s_axi_control | header_2      | 0x14   | 32    | W      | Data signal of header            |                                                                                    |
| s_axi_control | target_1      | 0x1c   | 32    | W      | Data signal of target            |                                                                                    |
| s_axi_control | target_2      | 0x20   | 32    | W      | Data signal of target            |                                                                                    |
| s_axi_control | nonce_start   | 0x28   | 32    | W      | Data signal of nonce_start       |                                                                                    |
| s_axi_control | nonce_count   | 0x30   | 32    | W      | Data signal of nonce_count       |                                                                                    |
| s_axi_control | found_nonce_1 | 0x38   | 32    | W      | Data signal of found_nonce       |                                                                                    |
| s_axi_control | found_nonce_2 | 0x3c   | 32    | W      | Data signal of found_nonce       |                                                                                    |
| s_axi_control | found_1       | 0x44   | 32    | W      | Data signal of found             |                                                                                    |
| s_axi_control | found_2       | 0x48   | 32    | W      | Data signal of found             |                                                                                    |
+---------------+---------------+--------+-------+--------+----------------------------------+------------------------------------------------------------------------------------+

* TOP LEVEL CONTROL
+-----------+---------------+-----------+
| Interface | Type          | Ports     |
+-----------+---------------+-----------+
| ap_clk    | clock         | ap_clk    |
| ap_rst_n  | reset         | ap_rst_n  |
| interrupt | interrupt     | interrupt |
| ap_ctrl   | ap_ctrl_chain |           |
+-----------+---------------+-----------+


================================================================
== SW I/O Information
================================================================
* Top Function Arguments
+-------------+-----------+----------------------+
| Argument    | Direction | Datatype             |
+-------------+-----------+----------------------+
| header      | in        | unsigned int const * |
| target      | in        | unsigned int const * |
| nonce_start | in        | unsigned int         |
| nonce_count | in        | unsigned int         |
| found_nonce | out       | unsigned int*        |
| found       | out       | int*                 |
+-------------+-----------+----------------------+

* SW-to-HW Mapping
+-------------+---------------+-----------+----------+-----------------------------------------+
| Argument    | HW Interface  | HW Type   | HW Usage | HW Info                                 |
+-------------+---------------+-----------+----------+-----------------------------------------+
| header      | m_axi_gmem0   | interface |          | channel=0                               |
| header      | s_axi_control | register  | offset   | name=header_1 offset=0x10 range=32      |
| header      | s_axi_control | register  | offset   | name=header_2 offset=0x14 range=32      |
| target      | m_axi_gmem1   | interface |          | channel=0                               |
| target      | s_axi_control | register  | offset   | name=target_1 offset=0x1c range=32      |
| target      | s_axi_control | register  | offset   | name=target_2 offset=0x20 range=32      |
| nonce_start | s_axi_control | register  |          | name=nonce_start offset=0x28 range=32   |
| nonce_count | s_axi_control | register  |          | name=nonce_count offset=0x30 range=32   |
| found_nonce | m_axi_gmem2   | interface |          | channel=0                               |
| found_nonce | s_axi_control | register  | offset   | name=found_nonce_1 offset=0x38 range=32 |
| found_nonce | s_axi_control | register  | offset   | name=found_nonce_2 offset=0x3c range=32 |
| found       | m_axi_gmem2   | interface |          | channel=0                               |
| found       | s_axi_control | register  | offset   | name=found_1 offset=0x44 range=32       |
| found       | s_axi_control | register  | offset   | name=found_2 offset=0x48 range=32       |
+-------------+---------------+-----------+----------+-----------------------------------------+


================================================================
== M_AXI Burst Information
================================================================
 Note: All burst requests might be further partitioned into multiple requests during RTL generation based on max_read_burst_length or max_write_burst_length settings.

* Inferred Burst Summary
+--------------+-----------+--------+-------+
| HW Interface | Direction | Length | Width |
+--------------+-----------+--------+-------+
| m_axi_gmem0  | read      | 5      | 128   |
+--------------+-----------+--------+-------+

* All M_AXI Variable Accesses
+--------------+----------+---------------------------+-----------+--------------+--------+------------------+---------------------------+
| HW Interface | Variable | Access Location           | Direction | Burst Status | Length | Loop             | Loop Location             |
+--------------+----------+---------------------------+-----------+--------------+--------+------------------+---------------------------+
| m_axi_gmem0  | header   | dylan-hls/mine.cpp:450:18 | read      | Widened      | 5      | VITIS_LOOP_448_1 | dylan-hls/mine.cpp:448:23 |
| m_axi_gmem0  | header   | dylan-hls/mine.cpp:450:18 | read      | Inferred     | 20     | VITIS_LOOP_448_1 | dylan-hls/mine.cpp:448:23 |
| m_axi_gmem1  | target   | dylan-hls/mine.cpp:455:18 | read      | Widened      | 1      | VITIS_LOOP_453_2 | dylan-hls/mine.cpp:453:23 |
| m_axi_gmem1  | target   | dylan-hls/mine.cpp:455:18 | read      | Inferred     | 8      | VITIS_LOOP_453_2 | dylan-hls/mine.cpp:453:23 |
+--------------+----------+---------------------------+-----------+--------------+--------+------------------+---------------------------+


================================================================
== Bind Op Report
================================================================
+---------------------------------------------------------+-----+--------+----------------+-----------+--------------------------+---------+
| Name                                                    | DSP | Pragma | Variable       | Op        | Impl                     | Latency |
+---------------------------------------------------------+-----+--------+----------------+-----------+--------------------------+---------+
| + mine                                                  | 0   |        |                |           |                          |         |
|   icmp_ln468_fu_558_p2                                  |     |        | icmp_ln468     | seteq     | auto                     | 0       |
|   n_fu_582_p2                                           |     |        | n              | add       | fabric                   | 0       |
|   k_3_fu_588_p2                                         |     |        | k_3            | add       | fabric                   | 0       |
|   spec_select_fu_611_p2                                 |     |        | spec_select    | and       | auto                     | 0       |
|   result_found_4_fu_617_p3                              |     |        | result_found_4 | select    | auto_sel                 | 0       |
|   result_nonce_5_fu_625_p3                              |     |        | result_nonce_5 | select    | auto_sel                 | 0       |
|   xor_ln481_fu_632_p2                                   |     |        | xor_ln481      | xor       | auto                     | 0       |
|   icmp_ln468_1_fu_594_p2                                |     |        | icmp_ln468_1   | setlt     | auto                     | 0       |
|   or_cond_fu_638_p2                                     |     |        | or_cond        | and       | auto                     | 0       |
|  + mine_Pipeline_VITIS_LOOP_448_1                       | 0   |        |                |           |                          |         |
|    icmp_ln448_fu_120_p2                                 |     |        | icmp_ln448     | seteq     | auto                     | 0       |
|    add_ln448_fu_126_p2                                  |     |        | add_ln448      | add       | fabric                   | 0       |
|    icmp_ln450_fu_136_p2                                 |     |        | icmp_ln450     | seteq     | auto                     | 0       |
|  + mine_Pipeline_VITIS_LOOP_453_2                       | 0   |        |                |           |                          |         |
|    icmp_ln453_fu_78_p2                                  |     |        | icmp_ln453     | seteq     | auto                     | 0       |
|    add_ln453_fu_84_p2                                   |     |        | add_ln453      | add       | fabric                   | 0       |
|  + mine_Pipeline_BUILD_FIRST_BLOCK                      | 0   |        |                |           |                          |         |
|    icmp_ln234_fu_309_p2                                 |     |        | icmp_ln234     | seteq     | auto                     | 0       |
|    add_ln234_fu_315_p2                                  |     |        | add_ln234      | add       | fabric                   | 0       |
|  + sha256_compress_words_1                              | 0   |        |                |           |                          |         |
|    add_ln198_fu_422_p2                                  |     |        | add_ln198      | add       | fabric                   | 0       |
|    add_ln199_fu_428_p2                                  |     |        | add_ln199      | add       | fabric                   | 0       |
|    add_ln200_fu_434_p2                                  |     |        | add_ln200      | add       | fabric                   | 0       |
|    add_ln201_fu_440_p2                                  |     |        | add_ln201      | add       | fabric                   | 0       |
|    add_ln202_fu_446_p2                                  |     |        | add_ln202      | add       | fabric                   | 0       |
|    add_ln203_fu_452_p2                                  |     |        | add_ln203      | add       | fabric                   | 0       |
|    add_ln204_fu_458_p2                                  |     |        | add_ln204      | add       | fabric                   | 0       |
|    add_ln205_fu_464_p2                                  |     |        | add_ln205      | add       | fabric                   | 0       |
|   + sha256_compress_words_1_Pipeline_LOAD_INITIAL_WORDS | 0   |        |                |           |                          |         |
|     icmp_ln118_fu_412_p2                                |     |        | icmp_ln118     | seteq     | auto                     | 0       |
|     add_ln118_fu_418_p2                                 |     |        | add_ln118      | add       | fabric                   | 0       |
|     sparsemux_33_4_32_1_1_U23                           |     |        | w_49           | sparsemux | compactencoding_dontcare | 0       |
|   + sha256_compress_words_1_Pipeline_SHA256_ROUNDS      | 0   |        |                |           |                          |         |
|     icmp_ln133_fu_695_p2                                |     |        | icmp_ln133     | seteq     | auto                     | 0       |
|     add_ln133_fu_701_p2                                 |     |        | add_ln133      | add       | fabric                   | 0       |
|     icmp_ln138_fu_727_p2                                |     |        | icmp_ln138     | seteq     | auto                     | 0       |
|     sparsemux_33_4_32_1_1_x_U58                         |     |        | x15            | sparsemux | compactencoding_dontcare | 0       |
|     sparsemux_33_4_32_1_1_x_U59                         |     |        | x2             | sparsemux | compactencoding_dontcare | 0       |
|     sparsemux_33_4_32_1_1_U57                           |     |        | tmp            | sparsemux | compactencoding_dontcare | 0       |
|     sparsemux_33_4_32_1_1_x_U60                         |     |        | tmp_s          | sparsemux | compactencoding_dontcare | 0       |
|     xor_ln159_fu_1121_p2                                |     |        | xor_ln159      | xor       | auto                     | 0       |
|     xor_ln159_1_fu_1127_p2                              |     |        | xor_ln159_1    | xor       | auto                     | 0       |
|     xor_ln159_2_fu_1141_p2                              |     |        | xor_ln159_2    | xor       | auto                     | 0       |
|     xor_ln159_3_fu_1147_p2                              |     |        | xor_ln159_3    | xor       | auto                     | 0       |
|     add_ln159_fu_1159_p2                                |     |        | add_ln159      | add       | fabric                   | 0       |
|     sparsemux_33_4_32_1_1_U57                           |     |        | wt             | sparsemux | compactencoding_dontcare | 0       |
|     xor_ln173_fu_1362_p2                                |     |        | xor_ln173      | xor       | auto                     | 0       |
|     and_ln173_fu_1368_p2                                |     |        | and_ln173      | and       | auto                     | 0       |
|     and_ln173_1_fu_1374_p2                              |     |        | and_ln173_1    | and       | auto                     | 0       |
|     xor_ln173_1_fu_1396_p2                              |     |        | xor_ln173_1    | xor       | auto                     | 0       |
|     xor_ln173_2_fu_1410_p2                              |     |        | xor_ln173_2    | xor       | auto                     | 0       |
|     xor_ln173_3_fu_1416_p2                              |     |        | xor_ln173_3    | xor       | auto                     | 0       |
|     e_fu_1488_p2                                        |     |        | e              | add       | fabric                   | 0       |
|     xor_ln195_fu_1494_p2                                |     |        | xor_ln195      | xor       | auto                     | 0       |
|     and_ln195_fu_1500_p2                                |     |        | and_ln195      | and       | auto                     | 0       |
|     and_ln195_1_fu_1506_p2                              |     |        | and_ln195_1    | and       | auto                     | 0       |
|     xor_ln195_1_fu_1528_p2                              |     |        | xor_ln195_1    | xor       | auto                     | 0       |
|     xor_ln195_2_fu_1542_p2                              |     |        | xor_ln195_2    | xor       | auto                     | 0       |
|     xor_ln195_3_fu_1548_p2                              |     |        | xor_ln195_3    | xor       | auto                     | 0       |
|  + sha256d_from_midstate                                | 0   |        |                |           |                          |         |
|   + sha256_compress_words                               | 0   |        |                |           |                          |         |
|     add_ln198_fu_430_p2                                 |     |        | add_ln198      | add       | fabric                   | 0       |
|     add_ln199_fu_435_p2                                 |     |        | add_ln199      | add       | fabric                   | 0       |
|     add_ln200_fu_440_p2                                 |     |        | add_ln200      | add       | fabric                   | 0       |
|     add_ln201_fu_445_p2                                 |     |        | add_ln201      | add       | fabric                   | 0       |
|     add_ln202_fu_450_p2                                 |     |        | add_ln202      | add       | fabric                   | 0       |
|     add_ln203_fu_455_p2                                 |     |        | add_ln203      | add       | fabric                   | 0       |
|     add_ln204_fu_460_p2                                 |     |        | add_ln204      | add       | fabric                   | 0       |
|     add_ln205_fu_465_p2                                 |     |        | add_ln205      | add       | fabric                   | 0       |
|    + sha256_compress_words_Pipeline_LOAD_INITIAL_WORDS  | 0   |        |                |           |                          |         |
|      icmp_ln118_fu_370_p2                               |     |        | icmp_ln118     | seteq     | auto                     | 0       |
|      add_ln118_fu_376_p2                                |     |        | add_ln118      | add       | fabric                   | 0       |
|      sparsemux_33_4_32_1_1_U105                         |     |        | w_32           | sparsemux | compactencoding_dontcare | 0       |
|    + sha256_compress_words_Pipeline_SHA256_ROUNDS       | 0   |        |                |           |                          |         |
|      icmp_ln133_fu_743_p2                               |     |        | icmp_ln133     | seteq     | auto                     | 0       |
|      add_ln133_fu_749_p2                                |     |        | add_ln133      | add       | fabric                   | 0       |
|      icmp_ln138_fu_775_p2                               |     |        | icmp_ln138     | seteq     | auto                     | 0       |
|      sparsemux_33_4_32_1_1_x_U133                       |     |        | x15            | sparsemux | compactencoding_dontcare | 0       |
|      sparsemux_33_4_32_1_1_x_U134                       |     |        | x2             | sparsemux | compactencoding_dontcare | 0       |
|      sparsemux_33_4_32_1_1_U132                         |     |        | tmp            | sparsemux | compactencoding_dontcare | 0       |
|      sparsemux_33_4_32_1_1_x_U135                       |     |        | tmp_s          | sparsemux | compactencoding_dontcare | 0       |
|      xor_ln159_fu_1169_p2                               |     |        | xor_ln159      | xor       | auto                     | 0       |
|      xor_ln159_1_fu_1175_p2                             |     |        | xor_ln159_1    | xor       | auto                     | 0       |
|      xor_ln159_2_fu_1189_p2                             |     |        | xor_ln159_2    | xor       | auto                     | 0       |
|      xor_ln159_3_fu_1195_p2                             |     |        | xor_ln159_3    | xor       | auto                     | 0       |
|      add_ln159_fu_1207_p2                               |     |        | add_ln159      | add       | fabric                   | 0       |
|      sparsemux_33_4_32_1_1_U132                         |     |        | wt             | sparsemux | compactencoding_dontcare | 0       |
|      xor_ln173_fu_1410_p2                               |     |        | xor_ln173      | xor       | auto                     | 0       |
|      and_ln173_fu_1416_p2                               |     |        | and_ln173      | and       | auto                     | 0       |
|      and_ln173_1_fu_1422_p2                             |     |        | and_ln173_1    | and       | auto                     | 0       |
|      xor_ln173_1_fu_1444_p2                             |     |        | xor_ln173_1    | xor       | auto                     | 0       |
|      xor_ln173_2_fu_1458_p2                             |     |        | xor_ln173_2    | xor       | auto                     | 0       |
|      xor_ln173_3_fu_1464_p2                             |     |        | xor_ln173_3    | xor       | auto                     | 0       |
|      e_fu_1536_p2                                       |     |        | e              | add       | fabric                   | 0       |
|      xor_ln195_fu_1542_p2                               |     |        | xor_ln195      | xor       | auto                     | 0       |
|      and_ln195_fu_1548_p2                               |     |        | and_ln195      | and       | auto                     | 0       |
|      and_ln195_1_fu_1554_p2                             |     |        | and_ln195_1    | and       | auto                     | 0       |
|      xor_ln195_1_fu_1576_p2                             |     |        | xor_ln195_1    | xor       | auto                     | 0       |
|      xor_ln195_2_fu_1590_p2                             |     |        | xor_ln195_2    | xor       | auto                     | 0       |
|      xor_ln195_3_fu_1596_p2                             |     |        | xor_ln195_3    | xor       | auto                     | 0       |
|  + mine_Pipeline_COMPARE_HASH                           | 0   |        |                |           |                          |         |
|    icmp_ln410_fu_140_p2                                 |     |        | icmp_ln410     | seteq     | auto                     | 0       |
|    add_ln410_fu_146_p2                                  |     |        | add_ln410      | add       | fabric                   | 0       |
|    xor_ln411_fu_156_p2                                  |     |        | xor_ln411      | xor       | auto                     | 0       |
|    lshr_ln417_fu_197_p2                                 |     |        | lshr_ln417     | lshr      | auto_pipe                | 0       |
|    icmp_ln420_fu_207_p2                                 |     |        | icmp_ln420     | setlt     | auto                     | 0       |
|    icmp_ln424_fu_213_p2                                 |     |        | icmp_ln424     | setgt     | auto                     | 0       |
+---------------------------------------------------------+-----+--------+----------------+-----------+--------------------------+---------+


================================================================
== Storage Report
================================================================
+----------------------------------------------------+---------------+-----------+------+------+--------+----------+------+---------+------------------+
| Name                                               | Usage         | Type      | BRAM | URAM | Pragma | Variable | Impl | Latency | Bitwidth, Depth, |
|                                                    |               |           |      |      |        |          |      |         | Banks            |
+----------------------------------------------------+---------------+-----------+------+------+--------+----------+------+---------+------------------+
| + mine                                             |               |           | 25   | 0    |        |          |      |         |                  |
|   control_s_axi_U                                  | interface     | s_axilite |      |      |        |          |      |         |                  |
|   gmem0_m_axi_U                                    | interface     | m_axi     | 8    |      |        |          |      |         |                  |
|   gmem1_m_axi_U                                    | interface     | m_axi     | 15   |      |        |          |      |         |                  |
|   gmem2_m_axi_U                                    | interface     | m_axi     |      |      |        |          |      |         |                  |
|   hdr_U                                            | ram_2p array  |           |      |      |        | hdr      | auto | 1       | 32, 20, 1        |
|   tgt_U                                            | ram_1p array  |           |      |      |        | tgt      | auto | 1       | 32, 8, 1         |
|   h_U                                              | ram_t2p array |           |      |      |        | h        | auto | 1       | 8, 32, 1         |
|  + sha256_compress_words_1                         |               |           | 1    | 0    |        |          |      |         |                  |
|   + sha256_compress_words_1_Pipeline_SHA256_ROUNDS |               |           | 1    | 0    |        |          |      |         |                  |
|     K_U                                            | rom_1p        |           | 1    |      |        | K        | auto | 1       | 32, 64, 1        |
|  + sha256d_from_midstate                           |               |           | 1    | 0    |        |          |      |         |                  |
|   + sha256_compress_words                          |               |           | 1    | 0    |        |          |      |         |                  |
|    + sha256_compress_words_Pipeline_SHA256_ROUNDS  |               |           | 1    | 0    |        |          |      |         |                  |
|      K_U                                           | rom_1p        |           | 1    |      |        | K        | auto | 1       | 32, 64, 1        |
+----------------------------------------------------+---------------+-----------+------+------+--------+----------+------+---------+------------------+


================================================================
== Pragma Report
================================================================
* Inferred Pragmas
+----------+---------+-------------------------------------------------------------------------------+-------------------------------+
| Type     | Options | Location                                                                      | Inferred From                 |
+----------+---------+-------------------------------------------------------------------------------+-------------------------------+
| PIPELINE |         | loop COMPARE_HASH (dylan-hls/mine.cpp:410:9) in mine (dylan-hls/mine.cpp:410) | syn.compile.pipeline_loops=64 |
+----------+---------+-------------------------------------------------------------------------------+-------------------------------+

* Valid Pragma Syntax
+-----------------+--------------------------------------------------+----------------------------------------------------------+
| Type            | Options                                          | Location                                                 |
+-----------------+--------------------------------------------------+----------------------------------------------------------+
| ARRAY_PARTITION | variable=w complete                              | in sha256_compress_compact (../../dylan-hls/mine.cpp:41) |
| PIPELINE        | ii=1                                             | in sha256_compress_compact (../../dylan-hls/mine.cpp:45) |
| PIPELINE        | ii=1                                             | in sha256_compress_compact (../../dylan-hls/mine.cpp:63) |
| INLINE          | off                                              | in sha256_compress_words (../../dylan-hls/mine.cpp:112)  |
| ARRAY_PARTITION | variable=w complete                              | in sha256_compress_words (../../dylan-hls/mine.cpp:115)  |
| PIPELINE        | ii=1                                             | in sha256_compress_words (../../dylan-hls/mine.cpp:119)  |
| PIPELINE        | ii=1                                             | in sha256_compress_words (../../dylan-hls/mine.cpp:134)  |
| INLINE          |                                                  | in bswap32 (../../dylan-hls/mine.cpp:209)                |
| ARRAY_PARTITION | variable=block_words complete                    | in compute_midstate (../../dylan-hls/mine.cpp:225)       |
| UNROLL          |                                                  | in compute_midstate (../../dylan-hls/mine.cpp:229)       |
| PIPELINE        | ii=1                                             | in compute_midstate (../../dylan-hls/mine.cpp:235)       |
| INLINE          | off                                              | in sha256d_from_midstate (../../dylan-hls/mine.cpp:251)  |
| ALLOCATION      | function instances=sha256_compress_words limit=1 | in sha256d_from_midstate (../../dylan-hls/mine.cpp:252)  |
| ARRAY_PARTITION | variable=block_words complete                    | in sha256d_from_midstate (../../dylan-hls/mine.cpp:255)  |
| ARRAY_PARTITION | variable=s complete                              | in sha256d_from_midstate (../../dylan-hls/mine.cpp:258)  |
| UNROLL          |                                                  | in sha256d_from_midstate (../../dylan-hls/mine.cpp:262)  |
| UNROLL          |                                                  | in sha256d_from_midstate (../../dylan-hls/mine.cpp:269)  |
| UNROLL          |                                                  | in sha256d_from_midstate (../../dylan-hls/mine.cpp:277)  |
| UNROLL          |                                                  | in sha256d_from_midstate (../../dylan-hls/mine.cpp:294)  |
| UNROLL          |                                                  | in sha256d_from_midstate (../../dylan-hls/mine.cpp:302)  |
| UNROLL          |                                                  | in sha256d_from_midstate (../../dylan-hls/mine.cpp:311)  |
| UNROLL          |                                                  | in sha256d_from_midstate (../../dylan-hls/mine.cpp:319)  |
| ARRAY_PARTITION | variable=block_words complete                    | in sha256d_80 (../../dylan-hls/mine.cpp:332)             |
| ARRAY_PARTITION | variable=s complete                              | in sha256d_80 (../../dylan-hls/mine.cpp:335)             |
| UNROLL          |                                                  | in sha256d_80 (../../dylan-hls/mine.cpp:339)             |
| PIPELINE        | ii=1                                             | in sha256d_80 (../../dylan-hls/mine.cpp:345)             |
| UNROLL          |                                                  | in sha256d_80 (../../dylan-hls/mine.cpp:353)             |
| UNROLL          |                                                  | in sha256d_80 (../../dylan-hls/mine.cpp:361)             |
| UNROLL          |                                                  | in sha256d_80 (../../dylan-hls/mine.cpp:371)             |
| UNROLL          |                                                  | in sha256d_80 (../../dylan-hls/mine.cpp:379)             |
| UNROLL          |                                                  | in sha256d_80 (../../dylan-hls/mine.cpp:387)             |
| UNROLL          |                                                  | in sha256d_80 (../../dylan-hls/mine.cpp:395)             |
| INLINE          |                                                  | in hash_below_target (../../dylan-hls/mine.cpp:407)      |
| INTERFACE       | m_axi port=header bundle=gmem0 depth=20          | in mine (../../dylan-hls/mine.cpp:438)                   |
| INTERFACE       | m_axi port=target bundle=gmem1 depth=8           | in mine (../../dylan-hls/mine.cpp:439)                   |
| INTERFACE       | m_axi port=found_nonce bundle=gmem2 depth=1      | in mine (../../dylan-hls/mine.cpp:440)                   |
| INTERFACE       | m_axi port=found bundle=gmem2 depth=1            | in mine (../../dylan-hls/mine.cpp:441)                   |
| INTERFACE       | s_axilite port=nonce_start                       | in mine (../../dylan-hls/mine.cpp:442)                   |
| INTERFACE       | s_axilite port=nonce_count                       | in mine (../../dylan-hls/mine.cpp:443)                   |
| INTERFACE       | s_axilite port=return                            | in mine (../../dylan-hls/mine.cpp:444)                   |
| PIPELINE        | ii=1                                             | in mine (../../dylan-hls/mine.cpp:449)                   |
| PIPELINE        | ii=1                                             | in mine (../../dylan-hls/mine.cpp:454)                   |
+-----------------+--------------------------------------------------+----------------------------------------------------------+


