

================================================================
== Vitis HLS Report for 'mine_Pipeline_COMPARE_HASH'
================================================================
* Date:           Mon Aug  3 02:09:59 2026

* Version:        2025.2 (Build 6295257 on Nov 14 2025)
* Project:        mine
* Solution:       hls (Vitis Kernel Flow Target)
* Product family: zynquplus
* Target device:  xck26-sfvc784-2LV-c


================================================================
== Performance Estimates
================================================================
+ Timing: 
    * Summary: 
    +--------+---------+----------+------------+
    |  Clock |  Target | Estimated| Uncertainty|
    +--------+---------+----------+------------+
    |ap_clk  |  5.00 ns|  3.257 ns|     1.35 ns|
    +--------+---------+----------+------------+

+ Latency: 
    * Summary: 
    +---------+---------+-----------+----------+-----+-----+-------------------+
    |  Latency (cycles) |  Latency (absolute)  |  Interval |      Pipeline     |
    |   min   |   max   |    min    |    max   | min | max |        Type       |
    +---------+---------+-----------+----------+-----+-----+-------------------+
    |        3|       67|  15.000 ns|  0.335 us|    0|    0|  loop pipeline stp|
    +---------+---------+-----------+----------+-----+-----+-------------------+

    + Detail: 
        * Instance: 
        N/A

        * Loop: 
        +----------------+---------+---------+----------+-----------+-----------+--------+----------+
        |                |  Latency (cycles) | Iteration|  Initiation Interval  |  Trip  |          |
        |    Loop Name   |   min   |   max   |  Latency |  achieved |   target  |  Count | Pipelined|
        +----------------+---------+---------+----------+-----------+-----------+--------+----------+
        |- COMPARE_HASH  |        1|       65|         2|          2|          1|  0 ~ 32|       yes|
        +----------------+---------+---------+----------+-----------+-----------+--------+----------+



================================================================
== Utilization Estimates
================================================================
* Summary: 
+-----------------+---------+------+--------+--------+-----+
|       Name      | BRAM_18K|  DSP |   FF   |   LUT  | URAM|
+-----------------+---------+------+--------+--------+-----+
|DSP              |        -|     -|       -|       -|    -|
|Expression       |        -|     -|       0|     158|    -|
|FIFO             |        -|     -|       -|       -|    -|
|Instance         |        -|     -|       -|       -|    -|
|Memory           |        -|     -|       -|       -|    -|
|Multiplexer      |        -|     -|       0|      41|    -|
|Register         |        -|     -|      20|       -|    -|
+-----------------+---------+------+--------+--------+-----+
|Total            |        0|     0|      20|     199|    0|
+-----------------+---------+------+--------+--------+-----+
|Available        |      288|  1248|  234240|  117120|   64|
+-----------------+---------+------+--------+--------+-----+
|Utilization (%)  |        0|     0|      ~0|      ~0|    0|
+-----------------+---------+------+--------+--------+-----+

+ Detail: 
    * Instance: 
    N/A

    * DSP: 
    N/A

    * Memory: 
    N/A

    * FIFO: 
    N/A

    * Expression: 
    +----------------------+----------+----+---+----+------------+------------+
    |     Variable Name    | Operation| DSP| FF| LUT| Bitwidth P0| Bitwidth P1|
    +----------------------+----------+----+---+----+------------+------------+
    |add_ln410_fu_146_p2   |         +|   0|  0|  13|           6|           1|
    |icmp_ln410_fu_140_p2  |      icmp|   0|  0|  14|           6|           7|
    |icmp_ln420_fu_207_p2  |      icmp|   0|  0|  15|           8|           8|
    |icmp_ln424_fu_213_p2  |      icmp|   0|  0|  15|           8|           8|
    |lshr_ln417_fu_197_p2  |      lshr|   0|  0|  96|          32|          32|
    |xor_ln411_fu_156_p2   |       xor|   0|  0|   5|           5|           2|
    +----------------------+----------+----+---+----+------------+------------+
    |Total                 |          |   0|  0| 158|          65|          58|
    +----------------------+----------+----+---+----+------------+------------+

    * Multiplexer: 
    +----------------------+----+-----------+-----+-----------+
    |         Name         | LUT| Input Size| Bits| Total Bits|
    +----------------------+----+-----------+-----+-----------+
    |ap_NS_fsm             |  14|          3|    1|          3|
    |ap_done_int           |   9|          2|    1|          2|
    |ap_sig_allocacmp_i_5  |   9|          2|    6|         12|
    |i_fu_56               |   9|          2|    6|         12|
    +----------------------+----+-----------+-----+-----------+
    |Total                 |  41|          9|   14|         29|
    +----------------------+----+-----------+-----+-----------+

    * Register: 
    +----------------------------------+---+----+-----+-----------+
    |               Name               | FF| LUT| Bits| Const Bits|
    +----------------------------------+---+----+-----+-----------+
    |add_ln410_reg_234                 |  6|   0|    6|          0|
    |ap_CS_fsm                         |  2|   0|    2|          0|
    |ap_done_reg                       |  1|   0|    1|          0|
    |cleanup_dest_slot_1_i_ce_reg_116  |  1|   0|    1|          0|
    |i_fu_56                           |  6|   0|    6|          0|
    |icmp_ln410_reg_230                |  1|   0|    1|          0|
    |retval_1_i35_ce_reg_100           |  1|   0|    1|          0|
    |trunc_ln417_reg_249               |  2|   0|    2|          0|
    +----------------------------------+---+----+-----+-----------+
    |Total                             | 20|   0|   20|          0|
    +----------------------------------+---+----+-----+-----------+



================================================================
== Interface
================================================================
* Summary: 
+-------------------------------------+-----+-----+------------+------------------------------+--------------+
|              RTL Ports              | Dir | Bits|  Protocol  |         Source Object        |    C Type    |
+-------------------------------------+-----+-----+------------+------------------------------+--------------+
|ap_clk                               |   in|    1|  ap_ctrl_hs|    mine_Pipeline_COMPARE_HASH|  return value|
|ap_rst                               |   in|    1|  ap_ctrl_hs|    mine_Pipeline_COMPARE_HASH|  return value|
|ap_start                             |   in|    1|  ap_ctrl_hs|    mine_Pipeline_COMPARE_HASH|  return value|
|ap_done                              |  out|    1|  ap_ctrl_hs|    mine_Pipeline_COMPARE_HASH|  return value|
|ap_idle                              |  out|    1|  ap_ctrl_hs|    mine_Pipeline_COMPARE_HASH|  return value|
|ap_ready                             |  out|    1|  ap_ctrl_hs|    mine_Pipeline_COMPARE_HASH|  return value|
|h_address0                           |  out|    5|   ap_memory|                             h|         array|
|h_ce0                                |  out|    1|   ap_memory|                             h|         array|
|h_q0                                 |   in|    8|   ap_memory|                             h|         array|
|tgt_address0                         |  out|    3|   ap_memory|                           tgt|         array|
|tgt_ce0                              |  out|    1|   ap_memory|                           tgt|         array|
|tgt_q0                               |   in|   32|   ap_memory|                           tgt|         array|
|retval_1_i35_ce_out                  |  out|    1|      ap_vld|           retval_1_i35_ce_out|       pointer|
|retval_1_i35_ce_out_ap_vld           |  out|    1|      ap_vld|           retval_1_i35_ce_out|       pointer|
|cleanup_dest_slot_1_i_ce_out         |  out|    1|      ap_vld|  cleanup_dest_slot_1_i_ce_out|       pointer|
|cleanup_dest_slot_1_i_ce_out_ap_vld  |  out|    1|      ap_vld|  cleanup_dest_slot_1_i_ce_out|       pointer|
+-------------------------------------+-----+-----+------------+------------------------------+--------------+

