

================================================================
== Vitis HLS Report for 'mine_Pipeline_VITIS_LOOP_453_2'
================================================================
* Date:           Mon Aug  3 02:09:59 2026

* Version:        2025.2 (Build 6295257 on Nov 14 2025)
* Project:        mine
* Solution:       hls (Vitis Kernel Flow Target)
* Product family: zynquplus
* Target device:  xck26-sfvc784-2LV-c


================================================================
== Performance Estimates
================================================================
+ Timing: 
    * Summary: 
    +--------+---------+----------+------------+
    |  Clock |  Target | Estimated| Uncertainty|
    +--------+---------+----------+------------+
    |ap_clk  |  5.00 ns|  1.474 ns|     1.35 ns|
    +--------+---------+----------+------------+

+ Latency: 
    * Summary: 
    +---------+---------+-----------+-----------+-----+-----+-------------------+
    |  Latency (cycles) |   Latency (absolute)  |  Interval |      Pipeline     |
    |   min   |   max   |    min    |    max    | min | max |        Type       |
    +---------+---------+-----------+-----------+-----+-----+-------------------+
    |       10|       10|  50.000 ns|  50.000 ns|    0|    0|  loop pipeline stp|
    +---------+---------+-----------+-----------+-----+-----+-------------------+

    + Detail: 
        * Instance: 
        N/A

        * Loop: 
        +--------------------+---------+---------+----------+-----------+-----------+------+----------+
        |                    |  Latency (cycles) | Iteration|  Initiation Interval  | Trip |          |
        |      Loop Name     |   min   |   max   |  Latency |  achieved |   target  | Count| Pipelined|
        +--------------------+---------+---------+----------+-----------+-----------+------+----------+
        |- VITIS_LOOP_453_2  |        8|        8|         1|          1|          1|     8|       yes|
        +--------------------+---------+---------+----------+-----------+-----------+------+----------+



================================================================
== Utilization Estimates
================================================================
* Summary: 
+-----------------+---------+------+--------+--------+-----+
|       Name      | BRAM_18K|  DSP |   FF   |   LUT  | URAM|
+-----------------+---------+------+--------+--------+-----+
|DSP              |        -|     -|       -|       -|    -|
|Expression       |        -|     -|       0|      26|    -|
|FIFO             |        -|     -|       -|       -|    -|
|Instance         |        -|     -|       -|       -|    -|
|Memory           |        -|     -|       -|       -|    -|
|Multiplexer      |        -|     -|       0|      36|    -|
|Register         |        -|     -|     263|       -|    -|
+-----------------+---------+------+--------+--------+-----+
|Total            |        0|     0|     263|      62|    0|
+-----------------+---------+------+--------+--------+-----+
|Available        |      288|  1248|  234240|  117120|   64|
+-----------------+---------+------+--------+--------+-----+
|Utilization (%)  |        0|     0|      ~0|      ~0|    0|
+-----------------+---------+------+--------+--------+-----+

+ Detail: 
    * Instance: 
    N/A

    * DSP: 
    N/A

    * Memory: 
    N/A

    * FIFO: 
    N/A

    * Expression: 
    +---------------------+----------+----+---+----+------------+------------+
    |    Variable Name    | Operation| DSP| FF| LUT| Bitwidth P0| Bitwidth P1|
    +---------------------+----------+----+---+----+------------+------------+
    |add_ln453_fu_84_p2   |         +|   0|  0|  12|           4|           1|
    |icmp_ln453_fu_78_p2  |      icmp|   0|  0|  12|           4|           5|
    |ap_enable_pp0        |       xor|   0|  0|   2|           1|           2|
    +---------------------+----------+----+---+----+------------+------------+
    |Total                |          |   0|  0|  26|           9|           8|
    +---------------------+----------+----+---+----+------------+------------+

    * Multiplexer: 
    +-------------------------+----+-----------+-----+-----------+
    |           Name          | LUT| Input Size| Bits| Total Bits|
    +-------------------------+----+-----------+-----+-----------+
    |ap_done_int              |   9|          2|    1|          2|
    |ap_enable_reg_pp0_iter1  |   9|          2|    1|          2|
    |i_3_fu_42                |   9|          2|    4|          8|
    |shiftreg_fu_38           |   9|          2|  256|        512|
    +-------------------------+----+-----------+-----+-----------+
    |Total                    |  36|          8|  262|        524|
    +-------------------------+----+-----------+-----+-----------+

    * Register: 
    +-------------------------+-----+----+-----+-----------+
    |           Name          |  FF | LUT| Bits| Const Bits|
    +-------------------------+-----+----+-----+-----------+
    |ap_CS_fsm                |    1|   0|    1|          0|
    |ap_done_reg              |    1|   0|    1|          0|
    |ap_enable_reg_pp0_iter1  |    1|   0|    1|          0|
    |i_3_fu_42                |    4|   0|    4|          0|
    |shiftreg_fu_38           |  256|   0|  256|          0|
    +-------------------------+-----+----+-----+-----------+
    |Total                    |  263|   0|  263|          0|
    +-------------------------+-----+----+-----+-----------+



================================================================
== Interface
================================================================
* Summary: 
+--------------+-----+-----+------------+--------------------------------+--------------+
|   RTL Ports  | Dir | Bits|  Protocol  |          Source Object         |    C Type    |
+--------------+-----+-----+------------+--------------------------------+--------------+
|ap_clk        |   in|    1|  ap_ctrl_hs|  mine_Pipeline_VITIS_LOOP_453_2|  return value|
|ap_rst        |   in|    1|  ap_ctrl_hs|  mine_Pipeline_VITIS_LOOP_453_2|  return value|
|ap_start      |   in|    1|  ap_ctrl_hs|  mine_Pipeline_VITIS_LOOP_453_2|  return value|
|ap_done       |  out|    1|  ap_ctrl_hs|  mine_Pipeline_VITIS_LOOP_453_2|  return value|
|ap_idle       |  out|    1|  ap_ctrl_hs|  mine_Pipeline_VITIS_LOOP_453_2|  return value|
|ap_ready      |  out|    1|  ap_ctrl_hs|  mine_Pipeline_VITIS_LOOP_453_2|  return value|
|gmem1_load    |   in|  256|     ap_none|                      gmem1_load|        scalar|
|tgt_address0  |  out|    3|   ap_memory|                             tgt|         array|
|tgt_ce0       |  out|    1|   ap_memory|                             tgt|         array|
|tgt_we0       |  out|    1|   ap_memory|                             tgt|         array|
|tgt_d0        |  out|   32|   ap_memory|                             tgt|         array|
+--------------+-----+-----+------------+--------------------------------+--------------+

