

================================================================
== Vitis HLS Report for 'sha256_compress_words_1'
================================================================
* Date:           Mon Aug  3 02:09:59 2026

* Version:        2025.2 (Build 6295257 on Nov 14 2025)
* Project:        mine
* Solution:       hls (Vitis Kernel Flow Target)
* Product family: zynquplus
* Target device:  xck26-sfvc784-2LV-c


================================================================
== Performance Estimates
================================================================
+ Timing: 
    * Summary: 
    +--------+---------+----------+------------+
    |  Clock |  Target | Estimated| Uncertainty|
    +--------+---------+----------+------------+
    |ap_clk  |  5.00 ns|  3.411 ns|     1.35 ns|
    +--------+---------+----------+------------+

+ Latency: 
    * Summary: 
    +---------+---------+----------+----------+-----+-----+---------+
    |  Latency (cycles) |  Latency (absolute) |  Interval | Pipeline|
    |   min   |   max   |    min   |    max   | min | max |   Type  |
    +---------+---------+----------+----------+-----+-----+---------+
    |       89|       89|  0.445 us|  0.445 us|   89|   89|       no|
    +---------+---------+----------+----------+-----+-----+---------+

    + Detail: 
        * Instance: 
        +----------------------------------------------------------------+-----------------------------------------------------+---------+---------+-----------+-----------+-----+-----+-------------------+
        |                                                                |                                                     |  Latency (cycles) |   Latency (absolute)  |  Interval |      Pipeline     |
        |                            Instance                            |                        Module                       |   min   |   max   |    min    |    max    | min | max |        Type       |
        +----------------------------------------------------------------+-----------------------------------------------------+---------+---------+-----------+-----------+-----+-----+-------------------+
        |grp_sha256_compress_words_1_Pipeline_LOAD_INITIAL_WORDS_fu_252  |sha256_compress_words_1_Pipeline_LOAD_INITIAL_WORDS  |       18|       18|  90.000 ns|  90.000 ns|    0|    0|  loop pipeline stp|
        |grp_sha256_compress_words_1_Pipeline_SHA256_ROUNDS_fu_304       |sha256_compress_words_1_Pipeline_SHA256_ROUNDS       |       67|       67|   0.335 us|   0.335 us|    0|    0|  loop pipeline stp|
        +----------------------------------------------------------------+-----------------------------------------------------+---------+---------+-----------+-----------+-----+-----+-------------------+

        * Loop: 
        N/A



================================================================
== Utilization Estimates
================================================================
* Summary: 
+-----------------+---------+------+--------+--------+-----+
|       Name      | BRAM_18K|  DSP |   FF   |   LUT  | URAM|
+-----------------+---------+------+--------+--------+-----+
|DSP              |        -|     -|       -|       -|    -|
|Expression       |        -|     -|       0|     312|    -|
|FIFO             |        -|     -|       -|       -|    -|
|Instance         |        1|     -|    1364|    1562|    -|
|Memory           |        -|     -|       -|       -|    -|
|Multiplexer      |        -|     -|       0|      31|    -|
|Register         |        -|     -|       7|       -|    -|
+-----------------+---------+------+--------+--------+-----+
|Total            |        1|     0|    1371|    1905|    0|
+-----------------+---------+------+--------+--------+-----+
|Available        |      288|  1248|  234240|  117120|   64|
+-----------------+---------+------+--------+--------+-----+
|Utilization (%)  |       ~0|     0|      ~0|       1|    0|
+-----------------+---------+------+--------+--------+-----+

+ Detail: 
    * Instance: 
    +----------------------------------------------------------------+-----------------------------------------------------+---------+----+-----+------+-----+
    |                            Instance                            |                        Module                       | BRAM_18K| DSP|  FF |  LUT | URAM|
    +----------------------------------------------------------------+-----------------------------------------------------+---------+----+-----+------+-----+
    |grp_sha256_compress_words_1_Pipeline_LOAD_INITIAL_WORDS_fu_252  |sha256_compress_words_1_Pipeline_LOAD_INITIAL_WORDS  |        0|   0|  519|   117|    0|
    |grp_sha256_compress_words_1_Pipeline_SHA256_ROUNDS_fu_304       |sha256_compress_words_1_Pipeline_SHA256_ROUNDS       |        1|   0|  845|  1445|    0|
    +----------------------------------------------------------------+-----------------------------------------------------+---------+----+-----+------+-----+
    |Total                                                           |                                                     |        1|   0| 1364|  1562|    0|
    +----------------------------------------------------------------+-----------------------------------------------------+---------+----+-----+------+-----+

    * DSP: 
    N/A

    * Memory: 
    N/A

    * FIFO: 
    N/A

    * Expression: 
    +---------------------+----------+----+---+----+------------+------------+
    |    Variable Name    | Operation| DSP| FF| LUT| Bitwidth P0| Bitwidth P1|
    +---------------------+----------+----+---+----+------------+------------+
    |add_ln198_fu_422_p2  |         +|   0|  0|  39|          32|          31|
    |add_ln199_fu_428_p2  |         +|   0|  0|  39|          32|          32|
    |add_ln200_fu_434_p2  |         +|   0|  0|  39|          32|          30|
    |add_ln201_fu_440_p2  |         +|   0|  0|  39|          32|          32|
    |add_ln202_fu_446_p2  |         +|   0|  0|  39|          32|          31|
    |add_ln203_fu_452_p2  |         +|   0|  0|  39|          32|          32|
    |add_ln204_fu_458_p2  |         +|   0|  0|  39|          32|          29|
    |add_ln205_fu_464_p2  |         +|   0|  0|  39|          32|          31|
    +---------------------+----------+----+---+----+------------+------------+
    |Total                |          |   0|  0| 312|         256|         248|
    +---------------------+----------+----+---+----+------------+------------+

    * Multiplexer: 
    +-----------+----+-----------+-----+-----------+
    |    Name   | LUT| Input Size| Bits| Total Bits|
    +-----------+----+-----------+-----+-----------+
    |ap_NS_fsm  |  31|          6|    1|          6|
    +-----------+----+-----------+-----+-----------+
    |Total      |  31|          6|    1|          6|
    +-----------+----+-----------+-----+-----------+

    * Register: 
    +-----------------------------------------------------------------------------+---+----+-----+-----------+
    |                                     Name                                    | FF| LUT| Bits| Const Bits|
    +-----------------------------------------------------------------------------+---+----+-----+-----------+
    |ap_CS_fsm                                                                    |  5|   0|    5|          0|
    |grp_sha256_compress_words_1_Pipeline_LOAD_INITIAL_WORDS_fu_252_ap_start_reg  |  1|   0|    1|          0|
    |grp_sha256_compress_words_1_Pipeline_SHA256_ROUNDS_fu_304_ap_start_reg       |  1|   0|    1|          0|
    +-----------------------------------------------------------------------------+---+----+-----+-----------+
    |Total                                                                        |  7|   0|    7|          0|
    +-----------------------------------------------------------------------------+---+----+-----+-----------+



================================================================
== Interface
================================================================
* Summary: 
+--------------------+-----+-----+------------+-------------------------+--------------+
|      RTL Ports     | Dir | Bits|  Protocol  |      Source Object      |    C Type    |
+--------------------+-----+-----+------------+-------------------------+--------------+
|ap_clk              |   in|    1|  ap_ctrl_hs|  sha256_compress_words.1|  return value|
|ap_rst              |   in|    1|  ap_ctrl_hs|  sha256_compress_words.1|  return value|
|ap_start            |   in|    1|  ap_ctrl_hs|  sha256_compress_words.1|  return value|
|ap_done             |  out|    1|  ap_ctrl_hs|  sha256_compress_words.1|  return value|
|ap_idle             |  out|    1|  ap_ctrl_hs|  sha256_compress_words.1|  return value|
|ap_ready            |  out|    1|  ap_ctrl_hs|  sha256_compress_words.1|  return value|
|ap_return_0         |  out|   32|  ap_ctrl_hs|  sha256_compress_words.1|  return value|
|ap_return_1         |  out|   32|  ap_ctrl_hs|  sha256_compress_words.1|  return value|
|ap_return_2         |  out|   32|  ap_ctrl_hs|  sha256_compress_words.1|  return value|
|ap_return_3         |  out|   32|  ap_ctrl_hs|  sha256_compress_words.1|  return value|
|ap_return_4         |  out|   32|  ap_ctrl_hs|  sha256_compress_words.1|  return value|
|ap_return_5         |  out|   32|  ap_ctrl_hs|  sha256_compress_words.1|  return value|
|ap_return_6         |  out|   32|  ap_ctrl_hs|  sha256_compress_words.1|  return value|
|ap_return_7         |  out|   32|  ap_ctrl_hs|  sha256_compress_words.1|  return value|
|block_words_0_val   |   in|   32|     ap_none|        block_words_0_val|        scalar|
|block_words_1_val   |   in|   32|     ap_none|        block_words_1_val|        scalar|
|block_words_2_val   |   in|   32|     ap_none|        block_words_2_val|        scalar|
|block_words_3_val   |   in|   32|     ap_none|        block_words_3_val|        scalar|
|block_words_4_val   |   in|   32|     ap_none|        block_words_4_val|        scalar|
|block_words_5_val   |   in|   32|     ap_none|        block_words_5_val|        scalar|
|block_words_6_val   |   in|   32|     ap_none|        block_words_6_val|        scalar|
|block_words_7_val   |   in|   32|     ap_none|        block_words_7_val|        scalar|
|block_words_8_val   |   in|   32|     ap_none|        block_words_8_val|        scalar|
|block_words_9_val   |   in|   32|     ap_none|        block_words_9_val|        scalar|
|block_words_10_val  |   in|   32|     ap_none|       block_words_10_val|        scalar|
|block_words_11_val  |   in|   32|     ap_none|       block_words_11_val|        scalar|
|block_words_12_val  |   in|   32|     ap_none|       block_words_12_val|        scalar|
|block_words_13_val  |   in|   32|     ap_none|       block_words_13_val|        scalar|
|block_words_14_val  |   in|   32|     ap_none|       block_words_14_val|        scalar|
|block_words_15_val  |   in|   32|     ap_none|       block_words_15_val|        scalar|
+--------------------+-----+-----+------------+-------------------------+--------------+

