

================================================================
== Vitis HLS Report for 'sha256_compress_words_1_Pipeline_SHA256_ROUNDS'
================================================================
* Date:           Mon Aug  3 02:09:59 2026

* Version:        2025.2 (Build 6295257 on Nov 14 2025)
* Project:        mine
* Solution:       hls (Vitis Kernel Flow Target)
* Product family: zynquplus
* Target device:  xck26-sfvc784-2LV-c


================================================================
== Performance Estimates
================================================================
+ Timing: 
    * Summary: 
    +--------+---------+----------+------------+
    |  Clock |  Target | Estimated| Uncertainty|
    +--------+---------+----------+------------+
    |ap_clk  |  5.00 ns|  3.411 ns|     1.35 ns|
    +--------+---------+----------+------------+

+ Latency: 
    * Summary: 
    +---------+---------+----------+----------+-----+-----+-------------------+
    |  Latency (cycles) |  Latency (absolute) |  Interval |      Pipeline     |
    |   min   |   max   |    min   |    max   | min | max |        Type       |
    +---------+---------+----------+----------+-----+-----+-------------------+
    |       67|       67|  0.335 us|  0.335 us|    0|    0|  loop pipeline stp|
    +---------+---------+----------+----------+-----+-----+-------------------+

    + Detail: 
        * Instance: 
        N/A

        * Loop: 
        +-----------------+---------+---------+----------+-----------+-----------+------+----------+
        |                 |  Latency (cycles) | Iteration|  Initiation Interval  | Trip |          |
        |    Loop Name    |   min   |   max   |  Latency |  achieved |   target  | Count| Pipelined|
        +-----------------+---------+---------+----------+-----------+-----------+------+----------+
        |- SHA256_ROUNDS  |       65|       65|         2|          1|          1|    64|       yes|
        +-----------------+---------+---------+----------+-----------+-----------+------+----------+



================================================================
== Utilization Estimates
================================================================
* Summary: 
+-----------------+---------+------+--------+--------+-----+
|       Name      | BRAM_18K|  DSP |   FF   |   LUT  | URAM|
+-----------------+---------+------+--------+--------+-----+
|DSP              |        -|     -|       -|       -|    -|
|Expression       |        -|     -|       0|     919|    -|
|FIFO             |        -|     -|       -|       -|    -|
|Instance         |        -|     -|       0|     260|    -|
|Memory           |        1|     -|       0|       0|    -|
|Multiplexer      |        -|     -|       0|     266|    -|
|Register         |        -|     -|     845|       -|    -|
+-----------------+---------+------+--------+--------+-----+
|Total            |        1|     0|     845|    1445|    0|
+-----------------+---------+------+--------+--------+-----+
|Available        |      288|  1248|  234240|  117120|   64|
+-----------------+---------+------+--------+--------+-----+
|Utilization (%)  |       ~0|     0|      ~0|       1|    0|
+-----------------+---------+------+--------+--------+-----+

+ Detail: 
    * Instance: 
    +-----------------------------+-------------------------+---------+----+---+----+-----+
    |           Instance          |          Module         | BRAM_18K| DSP| FF| LUT| URAM|
    +-----------------------------+-------------------------+---------+----+---+----+-----+
    |sparsemux_33_4_32_1_1_U57    |sparsemux_33_4_32_1_1    |        0|   0|  0|  65|    0|
    |sparsemux_33_4_32_1_1_x_U58  |sparsemux_33_4_32_1_1_x  |        0|   0|  0|  65|    0|
    |sparsemux_33_4_32_1_1_x_U59  |sparsemux_33_4_32_1_1_x  |        0|   0|  0|  65|    0|
    |sparsemux_33_4_32_1_1_x_U60  |sparsemux_33_4_32_1_1_x  |        0|   0|  0|  65|    0|
    +-----------------------------+-------------------------+---------+----+---+----+-----+
    |Total                        |                         |        0|   0|  0| 260|    0|
    +-----------------------------+-------------------------+---------+----+---+----+-----+

    * DSP: 
    N/A

    * Memory: 
    +-------+--------------------------------------------------------------+---------+---+----+-----+------+-----+------+-------------+
    | Memory|                            Module                            | BRAM_18K| FF| LUT| URAM| Words| Bits| Banks| W*Bits*Banks|
    +-------+--------------------------------------------------------------+---------+---+----+-----+------+-----+------+-------------+
    |K_U    |sha256_compress_words_1_Pipeline_SHA256_ROUNDS_K_ROM_AUTO_1R  |        1|  0|   0|    0|    64|   32|     1|         2048|
    +-------+--------------------------------------------------------------+---------+---+----+-----+------+-----+------+-------------+
    |Total  |                                                              |        1|  0|   0|    0|    64|   32|     1|         2048|
    +-------+--------------------------------------------------------------+---------+---+----+-----+------+-----+------+-------------+

    * FIFO: 
    N/A

    * Expression: 
    +------------------------+----------+----+---+----+------------+------------+
    |      Variable Name     | Operation| DSP| FF| LUT| Bitwidth P0| Bitwidth P1|
    +------------------------+----------+----+---+----+------------+------------+
    |a_fu_1560_p2            |         +|   0|  0|  32|          32|          32|
    |add_ln133_fu_701_p2     |         +|   0|  0|  14|           7|           1|
    |add_ln159_1_fu_1153_p2  |         +|   0|  0|  32|          32|          32|
    |add_ln159_fu_1159_p2    |         +|   0|  0|  39|          32|          32|
    |add_ln173_1_fu_1428_p2  |         +|   0|  0|  32|          32|          32|
    |add_ln173_2_fu_1434_p2  |         +|   0|  0|  32|          32|          32|
    |add_ln173_fu_1422_p2    |         +|   0|  0|  32|          32|          32|
    |add_ln195_fu_1554_p2    |         +|   0|  0|  32|          32|          32|
    |e_fu_1488_p2            |         +|   0|  0|  39|          32|          32|
    |t1_fu_1440_p2           |         +|   0|  0|  32|          32|          32|
    |wt_5_fu_1165_p2         |         +|   0|  0|  32|          32|          32|
    |and_ln173_1_fu_1374_p2  |       and|   0|  0|  32|          32|          32|
    |and_ln173_fu_1368_p2    |       and|   0|  0|  32|          32|          32|
    |and_ln195_1_fu_1506_p2  |       and|   0|  0|  32|          32|          32|
    |and_ln195_fu_1500_p2    |       and|   0|  0|  32|          32|          32|
    |ap_condition_819        |       and|   0|  0|   2|           1|           1|
    |ap_condition_822        |       and|   0|  0|   2|           1|           1|
    |ap_condition_825        |       and|   0|  0|   2|           1|           1|
    |ap_condition_828        |       and|   0|  0|   2|           1|           1|
    |ap_condition_831        |       and|   0|  0|   2|           1|           1|
    |ap_condition_834        |       and|   0|  0|   2|           1|           1|
    |ap_condition_837        |       and|   0|  0|   2|           1|           1|
    |ap_condition_840        |       and|   0|  0|   2|           1|           1|
    |ap_condition_843        |       and|   0|  0|   2|           1|           1|
    |ap_condition_846        |       and|   0|  0|   2|           1|           1|
    |ap_condition_849        |       and|   0|  0|   2|           1|           1|
    |ap_condition_852        |       and|   0|  0|   2|           1|           1|
    |ap_condition_855        |       and|   0|  0|   2|           1|           1|
    |ap_condition_858        |       and|   0|  0|   2|           1|           1|
    |ap_condition_861        |       and|   0|  0|   2|           1|           1|
    |ap_condition_864        |       and|   0|  0|   2|           1|           1|
    |icmp_ln133_fu_695_p2    |      icmp|   0|  0|  15|           7|           8|
    |icmp_ln138_fu_727_p2    |      icmp|   0|  0|  10|           3|           1|
    |ap_enable_pp0           |       xor|   0|  0|   2|           1|           2|
    |xor_ln159_1_fu_1127_p2  |       xor|   0|  0|  32|          32|          32|
    |xor_ln159_2_fu_1141_p2  |       xor|   0|  0|  32|          32|          32|
    |xor_ln159_3_fu_1147_p2  |       xor|   0|  0|  32|          32|          32|
    |xor_ln159_fu_1121_p2    |       xor|   0|  0|  32|          32|          32|
    |xor_ln173_1_fu_1396_p2  |       xor|   0|  0|  32|          32|          32|
    |xor_ln173_2_fu_1410_p2  |       xor|   0|  0|  32|          32|          32|
    |xor_ln173_3_fu_1416_p2  |       xor|   0|  0|  32|          32|          32|
    |xor_ln173_fu_1362_p2    |       xor|   0|  0|  32|          32|           2|
    |xor_ln195_1_fu_1528_p2  |       xor|   0|  0|  32|          32|          32|
    |xor_ln195_2_fu_1542_p2  |       xor|   0|  0|  32|          32|          32|
    |xor_ln195_3_fu_1548_p2  |       xor|   0|  0|  32|          32|          32|
    |xor_ln195_fu_1494_p2    |       xor|   0|  0|  32|          32|          32|
    +------------------------+----------+----+---+----+------------+------------+
    |Total                   |          |   0|  0| 919|         866|         830|
    +------------------------+----------+----+---+----+------------+------------+

    * Multiplexer: 
    +-----------------------------------+----+-----------+-----+-----------+
    |                Name               | LUT| Input Size| Bits| Total Bits|
    +-----------------------------------+----+-----------+-----+-----------+
    |ap_done_int                        |   9|          2|    1|          2|
    |ap_enable_reg_pp0_iter1            |   9|          2|    1|          2|
    |ap_loop_exit_ready_pp0_iter2_reg   |   9|          2|    1|          2|
    |ap_phi_reg_pp0_iter2_wt_2_reg_473  |  14|          3|   32|         96|
    |b_fu_304                           |   9|          2|   32|         64|
    |c_fu_300                           |   9|          2|   32|         64|
    |d_3_fu_296                         |   9|          2|   32|         64|
    |d_fu_212                           |   9|          2|   32|         64|
    |f_fu_292                           |   9|          2|   32|         64|
    |g_fu_288                           |   9|          2|   32|         64|
    |h_3_fu_284                         |   9|          2|   32|         64|
    |h_fu_208                           |   9|          2|   32|         64|
    |i_1_fu_216                         |   9|          2|    7|         14|
    |w_33_fu_224                        |   9|          2|   32|         64|
    |w_34_fu_228                        |   9|          2|   32|         64|
    |w_35_fu_232                        |   9|          2|   32|         64|
    |w_36_fu_236                        |   9|          2|   32|         64|
    |w_37_fu_240                        |   9|          2|   32|         64|
    |w_38_fu_244                        |   9|          2|   32|         64|
    |w_39_fu_248                        |   9|          2|   32|         64|
    |w_40_fu_252                        |   9|          2|   32|         64|
    |w_41_fu_256                        |   9|          2|   32|         64|
    |w_42_fu_260                        |   9|          2|   32|         64|
    |w_43_fu_264                        |   9|          2|   32|         64|
    |w_44_fu_268                        |   9|          2|   32|         64|
    |w_45_fu_272                        |   9|          2|   32|         64|
    |w_46_fu_276                        |   9|          2|   32|         64|
    |w_47_fu_280                        |   9|          2|   32|         64|
    |w_fu_220                           |   9|          2|   32|         64|
    +-----------------------------------+----+-----------+-----+-----------+
    |Total                              | 266|         59|  810|       1652|
    +-----------------------------------+----+-----------+-----+-----------+

    * Register: 
    +-----------------------------------+----+----+-----+-----------+
    |                Name               | FF | LUT| Bits| Const Bits|
    +-----------------------------------+----+----+-----+-----------+
    |ap_CS_fsm                          |   1|   0|    1|          0|
    |ap_done_reg                        |   1|   0|    1|          0|
    |ap_enable_reg_pp0_iter1            |   1|   0|    1|          0|
    |ap_enable_reg_pp0_iter2            |   1|   0|    1|          0|
    |ap_loop_exit_ready_pp0_iter2_reg   |   1|   0|    1|          0|
    |ap_phi_reg_pp0_iter1_wt_2_reg_473  |  32|   0|   32|          0|
    |ap_phi_reg_pp0_iter2_wt_2_reg_473  |  32|   0|   32|          0|
    |b_fu_304                           |  32|   0|   32|          0|
    |c_fu_300                           |  32|   0|   32|          0|
    |d_3_fu_296                         |  32|   0|   32|          0|
    |d_fu_212                           |  32|   0|   32|          0|
    |f_fu_292                           |  32|   0|   32|          0|
    |g_fu_288                           |  32|   0|   32|          0|
    |h_3_fu_284                         |  32|   0|   32|          0|
    |h_fu_208                           |  32|   0|   32|          0|
    |i_1_fu_216                         |   7|   0|    7|          0|
    |icmp_ln133_reg_1791                |   1|   0|    1|          0|
    |w_33_fu_224                        |  32|   0|   32|          0|
    |w_34_fu_228                        |  32|   0|   32|          0|
    |w_35_fu_232                        |  32|   0|   32|          0|
    |w_36_fu_236                        |  32|   0|   32|          0|
    |w_37_fu_240                        |  32|   0|   32|          0|
    |w_38_fu_244                        |  32|   0|   32|          0|
    |w_39_fu_248                        |  32|   0|   32|          0|
    |w_40_fu_252                        |  32|   0|   32|          0|
    |w_41_fu_256                        |  32|   0|   32|          0|
    |w_42_fu_260                        |  32|   0|   32|          0|
    |w_43_fu_264                        |  32|   0|   32|          0|
    |w_44_fu_268                        |  32|   0|   32|          0|
    |w_45_fu_272                        |  32|   0|   32|          0|
    |w_46_fu_276                        |  32|   0|   32|          0|
    |w_47_fu_280                        |  32|   0|   32|          0|
    |w_fu_220                           |  32|   0|   32|          0|
    +-----------------------------------+----+----+-----+-----------+
    |Total                              | 845|   0|  845|          0|
    +-----------------------------------+----+----+-----+-----------+



================================================================
== Interface
================================================================
* Summary: 
+----------------+-----+-----+------------+------------------------------------------------+--------------+
|    RTL Ports   | Dir | Bits|  Protocol  |                  Source Object                 |    C Type    |
+----------------+-----+-----+------------+------------------------------------------------+--------------+
|ap_clk          |   in|    1|  ap_ctrl_hs|  sha256_compress_words.1_Pipeline_SHA256_ROUNDS|  return value|
|ap_rst          |   in|    1|  ap_ctrl_hs|  sha256_compress_words.1_Pipeline_SHA256_ROUNDS|  return value|
|ap_start        |   in|    1|  ap_ctrl_hs|  sha256_compress_words.1_Pipeline_SHA256_ROUNDS|  return value|
|ap_done         |  out|    1|  ap_ctrl_hs|  sha256_compress_words.1_Pipeline_SHA256_ROUNDS|  return value|
|ap_idle         |  out|    1|  ap_ctrl_hs|  sha256_compress_words.1_Pipeline_SHA256_ROUNDS|  return value|
|ap_ready        |  out|    1|  ap_ctrl_hs|  sha256_compress_words.1_Pipeline_SHA256_ROUNDS|  return value|
|w_15_reload     |   in|   32|     ap_none|                                     w_15_reload|        scalar|
|w_14_reload     |   in|   32|     ap_none|                                     w_14_reload|        scalar|
|w_13_reload     |   in|   32|     ap_none|                                     w_13_reload|        scalar|
|w_12_reload     |   in|   32|     ap_none|                                     w_12_reload|        scalar|
|w_11_reload     |   in|   32|     ap_none|                                     w_11_reload|        scalar|
|w_10_reload     |   in|   32|     ap_none|                                     w_10_reload|        scalar|
|w_9_reload      |   in|   32|     ap_none|                                      w_9_reload|        scalar|
|w_8_reload      |   in|   32|     ap_none|                                      w_8_reload|        scalar|
|w_7_reload      |   in|   32|     ap_none|                                      w_7_reload|        scalar|
|w_6_reload      |   in|   32|     ap_none|                                      w_6_reload|        scalar|
|w_5_reload      |   in|   32|     ap_none|                                      w_5_reload|        scalar|
|w_4_reload      |   in|   32|     ap_none|                                      w_4_reload|        scalar|
|w_3_reload      |   in|   32|     ap_none|                                      w_3_reload|        scalar|
|w_2_reload      |   in|   32|     ap_none|                                      w_2_reload|        scalar|
|w_1_reload      |   in|   32|     ap_none|                                      w_1_reload|        scalar|
|w_reload        |   in|   32|     ap_none|                                        w_reload|        scalar|
|a_2_out         |  out|   32|      ap_vld|                                         a_2_out|       pointer|
|a_2_out_ap_vld  |  out|    1|      ap_vld|                                         a_2_out|       pointer|
|b_out           |  out|   32|      ap_vld|                                           b_out|       pointer|
|b_out_ap_vld    |  out|    1|      ap_vld|                                           b_out|       pointer|
|c_out           |  out|   32|      ap_vld|                                           c_out|       pointer|
|c_out_ap_vld    |  out|    1|      ap_vld|                                           c_out|       pointer|
|d_out           |  out|   32|      ap_vld|                                           d_out|       pointer|
|d_out_ap_vld    |  out|    1|      ap_vld|                                           d_out|       pointer|
|e_2_out         |  out|   32|      ap_vld|                                         e_2_out|       pointer|
|e_2_out_ap_vld  |  out|    1|      ap_vld|                                         e_2_out|       pointer|
|f_out           |  out|   32|      ap_vld|                                           f_out|       pointer|
|f_out_ap_vld    |  out|    1|      ap_vld|                                           f_out|       pointer|
|g_out           |  out|   32|      ap_vld|                                           g_out|       pointer|
|g_out_ap_vld    |  out|    1|      ap_vld|                                           g_out|       pointer|
|h_out           |  out|   32|      ap_vld|                                           h_out|       pointer|
|h_out_ap_vld    |  out|    1|      ap_vld|                                           h_out|       pointer|
+----------------+-----+-----+------------+------------------------------------------------+--------------+

